******************************************************************************
            TI ARM Clang Linker Unix v3.2.0                    
******************************************************************************
>> Linked Wed Dec 13 09:23:34 2023

OUTPUT FILE NAME:   <sbl_uart.release.out>
ENTRY POINT SYMBOL: "_vectors_sbl"  address: 43c00040


MEMORY CONFIGURATION

         name            origin    length      used     unused   attr    fill
----------------------  --------  ---------  --------  --------  ----  --------
  HSM_RAM_VECS          43c00000   00000100  00000080  00000080  RWIX
  HSM_RAM               43c00100   0003c700  0002d848  0000eeb8  RWIX
  DDR                   84000000   40000000  40000000  00000000  RWIX


SEGMENT ALLOCATION MAP

run origin  load origin   length   init length attrs members
----------  ----------- ---------- ----------- ----- -------
43c00000    43c00000    00000080   00000080    r-x
  43c00000    43c00000    00000080   00000080    r-x .vectors
43c00100    43c00100    00014968   00014968    r-x
  43c00100    43c00100    00012240   00012240    r-x .text
  43c12340    43c12340    00001870   00001870    r-- .const
  43c13bb0    43c13bb0    00000718   00000718    r-x .text.hwi
  43c142c8    43c142c8    00000430   00000430    r-x .text.cache
  43c146f8    43c146f8    00000248   00000248    r-x .text.mpu
  43c14940    43c14940    00000128   00000128    r-x .text.boot
43c14a68    43c14a68    00004288   00004288    rw-
  43c14a68    43c14a68    00004288   00004288    rw- .data
43c18cf0    43c18cf0    00003ca8   00003ca8    r--
  43c18cf0    43c18cf0    00003ca8   00003ca8    r-- .rodata
43c1ca00    43c1ca00    00000f80   00000f80    r--
  43c1ca00    43c1ca00    00000f80   00000f80    r-- .boardcfg_data
43c1d980    43c1d980    0000ebc8   00000000    rw-
  43c1d980    43c1d980    00008000   00000000    rw- .sysmem
  43c25980    43c25980    00004000   00000000    rw- .stack
  43c29980    43c29980    00002bc8   00000000    rw- .bss
43c2c548    43c2c548    00001400   00000000    r--
  43c2c548    43c2c548    00001000   00000000    r-- .irqstack
  43c2d548    43c2d548    00000100   00000000    r-- .fiqstack
  43c2d648    43c2d648    00000100   00000000    r-- .svcstack
  43c2d748    43c2d748    00000100   00000000    r-- .abortstack
  43c2d848    43c2d848    00000100   00000000    r-- .undefinedstack


SECTION ALLOCATION MAP

 output                                  attributes/
section   page    origin      length       input sections
--------  ----  ----------  ----------   ----------------
.vectors   0    43c00000    00000080     
                  43c00000    00000040     nortos.am62ax.r5f.ti-arm-clang.release.lib : HwiP_armv7r_vectors_nortos_asm.obj (.vectors)
                  43c00040    00000040                                                : HwiP_armv7r_vectors_nortos_sbl_asm.obj (.vectors)

.text      0    43c00100    00012240     
                  43c00100    00000740     rm_pm_hal_sbl.am62ax.r5f.ti-arm-clang.release.lib : pll.obj (.text.pll_calc)
                  43c00840    0000062c                                                       : rm_udmap.obj (.text.rm_udmap_tx_ch_cfg)
                  43c00e6c    000005c4                                                       : rm_udmap.obj (.text.rm_udmap_rx_ch_cfg)
                  43c01430    00000598     nortos.am62ax.r5f.ti-arm-clang.release.lib : printf.obj (.text._vsnprintf)
                  43c019c8    000004f4     drivers.am62ax.dm-r5f.ti-arm-clang.release.lib : ddr.obj (.text.DDR_init)
                  43c01ebc    000004f2                                                    : uart_v0.obj (.text.UART_open)
                  43c023ae    00000002     ti_board_config.obj (.text.Board_deinit)
                  43c023b0    0000043c     rm_pm_hal_sbl.am62ax.r5f.ti-arm-clang.release.lib : rm_ra.obj (.text.rm_ra_cfg)
                  43c027ec    00000004     ti_board_open_close.obj (.text.Board_driversOpen)
                  43c027f0    00000398     nortos.am62ax.r5f.ti-arm-clang.release.lib : printf.obj (.text._ftoa)
                  43c02b88    00000018     drivers.am62ax.dm-r5f.ti-arm-clang.release.lib : bootloader_soc.obj (.text.Bootloader_socAuthImage)
                  43c02ba0    00000390     libc.a : strcmp32.S.obj (.text:strcmp)
                  43c02f30    00000388     rm_pm_hal_sbl.am62ax.r5f.ti-arm-clang.release.lib : psc.obj (.text.lpsc_module_sync_state)
                  43c032b8    0000031c     sciclient_direct_sbl.am62ax.r5f.ti-arm-clang.release.lib : sciclient.obj (.text.Sciclient_serviceSecureProxy)
                  43c035d4    00000004     drivers.am62ax.dm-r5f.ti-arm-clang.release.lib : bootloader_soc.obj (.text.Bootloader_socWaitForFWBoot)
                  43c035d8    00000310     nortos.am62ax.r5f.ti-arm-clang.release.lib : printf.obj (.text._etoa)
                  43c038e8    000002e8     rm_pm_hal_sbl.am62ax.r5f.ti-arm-clang.release.lib : rm_udmap.obj (.text.rm_udmap_flow_cfg)
                  43c03bd0    00000292     drivers.am62ax.dm-r5f.ti-arm-clang.release.lib : bootloader_soc.obj (.text.Bootloader_socCpuResetRelease)
                  43c03e62    00000292     rm_pm_hal_sbl.am62ax.r5f.ti-arm-clang.release.lib : pll.obj (.text.pll_consider)
                  43c040f4    00000290     drivers.am62ax.dm-r5f.ti-arm-clang.release.lib : uart_v0.obj (.text.UART_read)
                  43c04384    00000280     rm_pm_hal_sbl.am62ax.r5f.ti-arm-clang.release.lib : clk_div.obj (.text.clk_div_set_freq)
                  43c04604    0000027c                                                       : clk_pll_16fft.obj (.text.clk_pll_16fft_hsdiv_set_freq)
                  43c04880    00000260                                                       : clk_pll_16fft.obj (.text.clk_pll_16fft_init)
                  43c04ae0    0000024a     drivers.am62ax.dm-r5f.ti-arm-clang.release.lib : bootloader.obj (.text.Bootloader_verifyMulticoreImage)
                  43c04d2a    00000002     ti_board_config.obj (.text.Board_init)
                  43c04d2c    00000248     rm_pm_hal_sbl.am62ax.r5f.ti-arm-clang.release.lib : device_clk.obj (.text.dev_clk_set_freq)
                  43c04f74    00000224                                                       : rm_irq.obj (.text.rm_irq_release)
                  43c05198    00000220     drivers.am62ax.dm-r5f.ti-arm-clang.release.lib : uart_v0.obj (.text.UART_masterIsr)
                  43c053b8    00000206                                                    : xmodem.obj (.text.xmodemReceive)
                  43c055be    00000200     main.obj (.text.App_loadImages)
                  43c057be    00000002     drivers.am62ax.dm-r5f.ti-arm-clang.release.lib : ddr_soc.obj (.text.DDR_socEnableVttRegulator)
                  43c057c0    00000200     rm_pm_hal_sbl.am62ax.r5f.ti-arm-clang.release.lib : device.obj (.text.devices_init)
                  43c059c0    000001fe     drivers.am62ax.dm-r5f.ti-arm-clang.release.lib : uart_v0.obj (.text.UART_write)
                  43c05bbe    00000002                                                    : bootloader_mem.obj (.text.Mem_imgClose)
                  43c05bc0    000001fc     rm_pm_hal_sbl.am62ax.r5f.ti-arm-clang.release.lib : rm_irq.obj (.text.rm_irq_set)
                  43c05dbc    000001f0     drivers.am62ax.dm-r5f.ti-arm-clang.release.lib : xmodem.obj (.text.xmodemTransmit)
                  43c05fac    000001e0     rm_pm_hal_sbl.am62ax.r5f.ti-arm-clang.release.lib : clk_pll_16fft.obj (.text.clk_pll_16fft_program_freq)
                  43c0618c    000001d6     drivers.am62ax.dm-r5f.ti-arm-clang.release.lib : bootloader_soc.obj (.text.Bootloader_socCpuPowerOnResetR5f)
                  43c06362    00000002     nortos.am62ax.r5f.ti-arm-clang.release.lib : SemaphoreP_nortos.obj (.text.SemaphoreP_destruct)
                  43c06364    000001d4     sciclient_direct_sbl.am62ax.r5f.ti-arm-clang.release.lib : sciclient_direct.obj (.text.Sciclient_service)
                  43c06538    000001d0                                                              : sciclient.obj (.text.Sciclient_init)
                  43c06708    000001c0     nortos.am62ax.r5f.ti-arm-clang.release.lib : TimerP.obj (.text.TimerP_setup)
                  43c068c8    000001b4     libc.a : memory.c.obj (.text.aligned_alloc)
                  43c06a7c    000001b0            : memory.c.obj (.text.free)
                  43c06c2c    000001b0     rm_pm_hal_sbl.am62ax.r5f.ti-arm-clang.release.lib : psc.obj (.text.psc_pre_init)
                  43c06ddc    000001a2     drivers.am62ax.dm-r5f.ti-arm-clang.release.lib : ddr_soc.obj (.text.DDR_programPLL)
                  43c06f7e    00000002     nortos.am62ax.r5f.ti-arm-clang.release.lib : TaskP_nortos.obj (.text.TaskP_yield)
                  43c06f80    00000164     rm_pm_hal_sbl.am62ax.r5f.ti-arm-clang.release.lib : rm_udmap.obj (.text.rm_udmap_gcfg_cfg)
                  43c070e4    0000015c                                                       : device_process.obj (.text.set_device_handler)
                  43c07240    00000158                                                       : rm_ir.obj (.text.rm_ir_configure)
                  43c07398    00000152     nortos.am62ax.r5f.ti-arm-clang.release.lib : printf.obj (.text._ntoa_format)
                  43c074ea    00000002                                                : printf.obj (.text._out_null)
                  43c074ec    0000014c     sciclient_direct_sbl.am62ax.r5f.ti-arm-clang.release.lib : uart_print.obj (.text.UART_printf)
                  43c07638    00000148     rm_pm_hal_sbl.am62ax.r5f.ti-arm-clang.release.lib : clk.obj (.text.clk_init)
                  43c07780    00000146     sciclient_direct_sbl.am62ax.r5f.ti-arm-clang.release.lib : sciclient_direct.obj (.text.Sciclient_ProcessPmMessage)
                  43c078c6    00000146     drivers.am62ax.dm-r5f.ti-arm-clang.release.lib : uart_v0.obj (.text.UART_close)
                  43c07a0c    00000144     libc.a : setvbuf.c.obj (.text.setvbuf)
                  43c07b50    00000134     drivers.am62ax.dm-r5f.ti-arm-clang.release.lib : bootloader.obj (.text.Bootloader_parseMultiCoreAppImage)
                  43c07c84    00000134     rm_pm_hal_sbl.am62ax.r5f.ti-arm-clang.release.lib : rm_ra.obj (.text.ra_get_ring_evt)
                  43c07db8    00000134                                                       : rm_ra.obj (.text.ra_set_ring_evt)
                  43c07eec    00000132     drivers.am62ax.dm-r5f.ti-arm-clang.release.lib : soc.obj (.text.SOC_moduleSetClockFrequency)
                  43c0801e    00000002     rm_pm_hal_sbl.am62ax.r5f.ti-arm-clang.release.lib : ioremap.obj (.text.ioremap_internal)
                  43c08020    0000012c                                                       : psc.obj (.text.psc_uninit)
                  43c0814c    00000128     drivers.am62ax.dm-r5f.ti-arm-clang.release.lib : ddr.obj (.text.DDR_isr)
                  43c08274    00000124     rm_pm_hal_sbl.am62ax.r5f.ti-arm-clang.release.lib : clk_pll_16fft.obj (.text.clk_pll_16fft_get_freq)
                  43c08398    00000122                                                       : rm_udmap.obj (.text.udmap_oes_index_validate)
                  43c084ba    00000120     drivers.am62ax.dm-r5f.ti-arm-clang.release.lib : lpddr4_am6x.obj (.text.LPDDR4_CheckCtlInterrupt)
                  43c085da    00000002     rm_pm_hal_sbl.am62ax.r5f.ti-arm-clang.release.lib : mmr_lock.obj (.text.mmr_lock_all)
                  43c085dc    00000120                                                       : rm_udmap.obj (.text.udmap_get_ch_evt)
                  43c086fc    0000011e     drivers.am62ax.dm-r5f.ti-arm-clang.release.lib : bootloader_dma.obj (.text.BootloaderDma_submitTR)
                  43c0881a    00000002     rm_pm_hal_sbl.am62ax.r5f.ti-arm-clang.release.lib : map.obj (.text.u32_get_bytes)
                  43c0881c    0000011c                                                       : clk_pll_16fft.obj (.text.clk_pll_16fft_internal_set_freq)
                  43c08938    00000118     libclang_rt.builtins.a : udivmoddi4.S.obj (.text)
                  43c08a50    00000116     drivers.am62ax.dm-r5f.ti-arm-clang.release.lib : bootloader_soc.obj (.text.Bootloader_socCpuPowerOnResetHSMM4f)
                  43c08b66    00000112                                                    : bootloader.obj (.text.Bootloader_rprcImageLoad)
                  43c08c78    00000112                                                    : lpddr4_am6x.obj (.text.LPDDR4_AckCtlInterrupt)
                  43c08d8a    0000010c     main.obj (.text.main)
                  43c08e96    00000002     --HOLE-- [fill = 0]
                  43c08e98    0000010c     rm_pm_hal_sbl.am62ax.r5f.ti-arm-clang.release.lib : rm_core.obj (.text.rm_core_get_resource_range)
                  43c08fa4    0000010c                                                       : rm_ia.obj (.text.rm_ia_vint_map)
                  43c090b0    00000104                                                       : device_clk.obj (.text.device_clk_get_parent)
                  43c091b4    00000100     sciclient_direct_sbl.am62ax.r5f.ti-arm-clang.release.lib : sciclient_direct.obj (.text.Sciclient_ProcessRmMessage)
                  43c092b4    000000fc     nortos.am62ax.r5f.ti-arm-clang.release.lib : ClockP_nortos_r5.obj (.text.ClockP_init)
                  43c093b0    000000f8     rm_pm_hal_sbl.am62ax.r5f.ti-arm-clang.release.lib : rm_udmap.obj (.text.udmap_set_ch_evt)
                  43c094a8    000000f4     libc.a : fputc.c.obj (.text.fputc)
                  43c0959c    000000f4     rm_pm_hal_sbl.am62ax.r5f.ti-arm-clang.release.lib : rm_ia.obj (.text.rm_ia_init)
                  43c09690    000000f2                                                       : rm_ia.obj (.text.rm_ia_vint_unmap)
                  43c09782    000000f0     drivers.am62ax.dm-r5f.ti-arm-clang.release.lib : bootloader_dma.obj (.text.Bootloader_dmaCopy)
                  43c09872    00000002     --HOLE-- [fill = 0]
                  43c09874    000000ec     rm_pm_hal_sbl.am62ax.r5f.ti-arm-clang.release.lib : clk_div.obj (.text.clk_div_notify_freq)
                  43c09960    000000ec                                                       : psc.obj (.text.psc_pd_get)
                  43c09a4c    000000e8                                                       : rm_udmap.obj (.text.rm_udmap_is_managed_resasg_utype)
                  43c09b34    000000e6                                                       : rm_ia.obj (.text.ia_validate_evt)
                  43c09c1a    00000002     --HOLE-- [fill = 0]
                  43c09c1c    000000e0                                                       : clk.obj (.text.clk_set_freq)
                  43c09cfc    000000e0                                                       : device_clk.obj (.text.device_clk_set_gated)
                  43c09ddc    000000e0                                                       : psc.obj (.text.lpsc_module_wait)
                  43c09ebc    000000dc                                                       : rm_ra.obj (.text.rm_ra_mon_cfg)
                  43c09f98    000000d0                                                       : rm_ia.obj (.text.ia_set_oes_evt)
                  43c0a068    000000d0                                                       : psc.obj (.text.lpsc_module_put_internal)
                  43c0a138    000000d0                                                       : psc.obj (.text.psc_pd_put)
                  43c0a208    000000d0                                                       : rm_udmap.obj (.text.rm_udmap_flow_delegate)
                  43c0a2d8    000000ca                                                       : rm_ia.obj (.text.ia_get_oes_evt)
                  43c0a3a2    00000002     --HOLE-- [fill = 0]
                  43c0a3a4    000000c8     libc.a : getdevice.c.obj (.text.getdevice)
                  43c0a46c    000000c4     rm_pm_hal_sbl.am62ax.r5f.ti-arm-clang.release.lib : clk_div.obj (.text.clk_div_set_freq_static_parent)
                  43c0a530    000000c4                                                       : device_clk.obj (.text.device_clk_set_parent)
                  43c0a5f4    000000c0                                                       : clk_pll_16fft.obj (.text.clk_pll_16fft_wait_for_lock)
                  43c0a6b4    000000c0                                                       : clk_mux.obj (.text.clk_set_parent)
                  43c0a774    000000c0                                                       : clock.obj (.text.get_clock_handler)
                  43c0a834    000000c0                                                       : psc.obj (.text.psc_post_init)
                  43c0a8f4    000000c0                                                       : clock.obj (.text.set_clock_handler)
                  43c0a9b4    000000bc     sciclient_direct_sbl.am62ax.r5f.ti-arm-clang.release.lib : sciclient_pm.obj (.text.Sciclient_pmQueryModuleClkFreq)
                  43c0aa70    000000bc     rm_pm_hal_sbl.am62ax.r5f.ti-arm-clang.release.lib : rm_core.obj (.text.rm_core_resasg_validate_resource)
                  43c0ab2c    000000bc                                                       : clock.obj (.text.set_freq_handler)
                  43c0abe8    000000bc                                                       : device_psc.obj (.text.soc_device_init)
                  43c0aca4    000000b8     sciclient_direct_sbl.am62ax.r5f.ti-arm-clang.release.lib : sciclient_direct.obj (.text.Sciclient_boardCfgParseHeader)
                  43c0ad5c    000000b8     drivers.am62ax.dm-r5f.ti-arm-clang.release.lib : uart_v0.obj (.text.UART_divisorLatchWrite)
                  43c0ae14    000000b8                                                    : uart_v0.obj (.text.UART_flushTxFifo)
                  43c0aecc    000000b8     rm_pm_hal_sbl.am62ax.r5f.ti-arm-clang.release.lib : clock.obj (.text.query_freq_handler)
                  43c0af84    000000b6                                                       : map.obj (.text.map_add)
                  43c0b03a    000000b6                                                       : div64.obj (.text.pm_div64)
                  43c0b0f0    000000b4     libc.a : fclose.c.obj (.text.__TI_closefile)
                  43c0b1a4    000000b4     rm_pm_hal_sbl.am62ax.r5f.ti-arm-clang.release.lib : clk_div.obj (.text.clk_div_reg_go_set_div)
                  43c0b258    000000b4     libc.a : fseek.c.obj (.text.fseeko)
                  43c0b30c    000000b4     rm_pm_hal_sbl.am62ax.r5f.ti-arm-clang.release.lib : init.obj (.text.pm_init)
                  43c0b3c0    000000b0     nortos.am62ax.r5f.ti-arm-clang.release.lib : printf.obj (.text._ntoa_long_long)
                  43c0b470    000000b0     rm_pm_hal_sbl.am62ax.r5f.ti-arm-clang.release.lib : rm_ra.obj (.text.rm_ra_init)
                  43c0b520    000000ae     sciclient_direct_sbl.am62ax.r5f.ti-arm-clang.release.lib : sciclient_direct.obj (.text.boardcfgRmFindCertSize)
                  43c0b5ce    00000002     --HOLE-- [fill = 0]
                  43c0b5d0    000000ac     rm_pm_hal_sbl.am62ax.r5f.ti-arm-clang.release.lib : psc.obj (.text.lpsc_module_get_internal)
                  43c0b67c    000000ac                                                       : rm_udmap.obj (.text.rm_udmap_init)
                  43c0b728    000000aa     sciclient_direct_sbl.am62ax.r5f.ti-arm-clang.release.lib : sciclient_pm.obj (.text.Sciclient_pmSetModuleClkFreq)
                  43c0b7d2    000000aa     drivers.am62ax.dm-r5f.ti-arm-clang.release.lib : uart_v0.obj (.text.UART_procLineStatusErr)
                  43c0b87c    000000a8     rm_pm_hal_sbl.am62ax.r5f.ti-arm-clang.release.lib : rm_udmap.obj (.text.udmap_check_index_range)
                  43c0b924    000000a6     nortos.am62ax.r5f.ti-arm-clang.release.lib : printf.obj (.text._out_rev)
                  43c0b9ca    00000002     --HOLE-- [fill = 0]
                  43c0b9cc    000000a4     rm_pm_hal_sbl.am62ax.r5f.ti-arm-clang.release.lib : boardcfg-user.obj (.text.boardcfg_rm_receive_and_validate)
                  43c0ba70    000000a4     libc.a : memory.c.obj (.text.split)
                  43c0bb14    000000a0     libsysbm.a : hostrename.c.obj (.text.HOSTrename)
                  43c0bbb4    000000a0     rm_pm_hal_sbl.am62ax.r5f.ti-arm-clang.release.lib : device_prepare.obj (.text.device_prepare)
                  43c0bc54    000000a0                                                       : device_process.obj (.text.get_device_handler)
                  43c0bcf4    000000a0                                                       : rm_core.obj (.text.rm_core_init)
                  43c0bd94    000000a0                                                       : rm_ra.obj (.text.rm_ra_validate_ring_index)
                  43c0be34    0000009e                                                       : rm_udmap.obj (.text.udmap_check_flow_index)
                  43c0bed2    00000002     --HOLE-- [fill = 0]
                  43c0bed4    0000009c     libc.a : _io_perm.c.obj (.text.__TI_wrt_ok)
                  43c0bf70    0000009c     rm_pm_hal_sbl.am62ax.r5f.ti-arm-clang.release.lib : clk.obj (.text.clk_generic_set_freq_parent)
                  43c0c00c    0000009c                                                       : clk_pll_16fft.obj (.text.clk_pll_16fft_set_freq)
                  43c0c0a8    0000009c                                                       : rm_ir.obj (.text.rm_ir_clear)
                  43c0c144    00000098     libsysbm.a : hostlseek.c.obj (.text.HOSTlseek)
                  43c0c1dc    00000098     sciclient_direct_sbl.am62ax.r5f.ti-arm-clang.release.lib : sciclient.obj (.text.Sciclient_serviceGetThreadIds)
                  43c0c274    00000096     nortos.am62ax.r5f.ti-arm-clang.release.lib : SemaphoreP_nortos.obj (.text.SemaphoreP_pend)
                  43c0c30a    00000094     drivers.am62ax.dm-r5f.ti-arm-clang.release.lib : bootloader.obj (.text.Bootloader_getMsgLen)
                  43c0c39e    00000002     --HOLE-- [fill = 0]
                  43c0c3a0    00000094     libsysbm.a : hostopen.c.obj (.text.HOSTopen)
                  43c0c434    00000094     drivers.am62ax.dm-r5f.ti-arm-clang.release.lib : uart_v0.obj (.text.UART_init)
                  43c0c4c8    00000094     rm_pm_hal_sbl.am62ax.r5f.ti-arm-clang.release.lib : rm_irq.obj (.text.irq_trace_remaining_params)
                  43c0c55c    00000090     drivers.am62ax.dm-r5f.ti-arm-clang.release.lib : bootloader.obj (.text.Bootloader_loadSelfCpu)
                  43c0c5ec    00000090     rm_pm_hal_sbl.am62ax.r5f.ti-arm-clang.release.lib : device_pm.obj (.text.device_set_state)
                  43c0c67c    00000090                                                       : rm_ir.obj (.text.ir_clear_rom_mapping)
                  43c0c70c    00000090                                                       : psc.obj (.text.lpsc_module_set_local_reset)
                  43c0c79c    0000008e     drivers.am62ax.dm-r5f.ti-arm-clang.release.lib : uart_v0.obj (.text.UART_readCancelNoCB)
                  43c0c82a    00000002     --HOLE-- [fill = 0]
                  43c0c82c    0000008c     sciclient_direct_sbl.am62ax.r5f.ti-arm-clang.release.lib : uart_print.obj (.text.UART_convertVal)
                  43c0c8b8    0000008c     libc.a : fflush.c.obj (.text.__TI_doflush)
                  43c0c944    0000008c     nortos.am62ax.r5f.ti-arm-clang.release.lib : printf.obj (.text._ntoa_long)
                  43c0c9d0    0000008c     rm_pm_hal_sbl.am62ax.r5f.ti-arm-clang.release.lib : clk_mux.obj (.text.clk_mux_set_parent)
                  43c0ca5c    0000008c     libsysbm.a : close.c.obj (.text.close)
                  43c0cae8    0000008c     rm_pm_hal_sbl.am62ax.r5f.ti-arm-clang.release.lib : psc.obj (.text.psc_pd_wait)
                  43c0cb74    0000008a                                                       : rm_ra.obj (.text.ra_check_index_range)
                  43c0cbfe    00000088     drivers.am62ax.dm-r5f.ti-arm-clang.release.lib : bootloader_soc.obj (.text.Bootloader_socCpuPowerOnResetC7x)
                  43c0cc86    00000088                                                    : ddr.obj (.text.DDR_primeMem)
                  43c0cd0e    00000002     --HOLE-- [fill = 0]
                  43c0cd10    00000088     rm_pm_hal_sbl.am62ax.r5f.ti-arm-clang.release.lib : psc.obj (.text.lpsc_module_set_module_reset)
                  43c0cd98    00000086     drivers.am62ax.dm-r5f.ti-arm-clang.release.lib : bootloader_soc.obj (.text.Bootloader_socCpuSetClock)
                  43c0ce1e    00000086     sciclient_direct_sbl.am62ax.r5f.ti-arm-clang.release.lib : sciclient_pm.obj (.text.Sciclient_pmGetModuleClkNumParent)
                  43c0cea4    00000086                                                              : sciclient_pm.obj (.text.Sciclient_pmGetModuleClkParent)
                  43c0cf2a    00000002     --HOLE-- [fill = 0]
                  43c0cf2c    00000084     libsysbm.a : hostread.c.obj (.text.HOSTread)
                  43c0cfb0    00000084                : hostwrite.c.obj (.text.HOSTwrite)
                  43c0d034    00000084     sciclient_direct_sbl.am62ax.r5f.ti-arm-clang.release.lib : sciclient_boardcfg.obj (.text.Sciclient_boardCfgPm)
                  43c0d0b8    00000084                                                              : sciclient_boardcfg.obj (.text.Sciclient_boardCfgRm)
                  43c0d13c    00000084                                                              : sciclient_pm.obj (.text.Sciclient_pmGetModuleClkFreq)
                  43c0d1c0    00000084                                                              : sciclient_pm.obj (.text.Sciclient_pmModuleGetClkStatus)
                  43c0d244    00000082                                                              : sciclient_pm.obj (.text.Sciclient_pmGetModuleState)
                  43c0d2c6    00000002     --HOLE-- [fill = 0]
                  43c0d2c8    00000080                                                              : sciclient.obj (.text.Sciclient_ISR)
                  43c0d348    00000080                                                              : sciclient_secureproxy.obj (.text.Sciclient_sendMessage)
                  43c0d3c8    00000080     rm_pm_hal_sbl.am62ax.r5f.ti-arm-clang.release.lib : clk_div.obj (.text.clk_div_reg_set_div)
                  43c0d448    00000080                                                       : clk_pll_16fft.obj (.text.clk_pll_16fft_postdiv_set_freq)
                  43c0d4c8    00000080                                                       : clock.obj (.text.set_clock_parent_handler)
                  43c0d548    0000007e     sciclient_direct_sbl.am62ax.r5f.ti-arm-clang.release.lib : sciclient_pm.obj (.text.Sciclient_pmModuleClkRequest)
                  43c0d5c6    0000007e                                                              : sciclient_pm.obj (.text.Sciclient_pmSetModuleClkParent)
                  43c0d644    0000007c     rm_pm_hal_sbl.am62ax.r5f.ti-arm-clang.release.lib : clk.obj (.text.clk_notify_sibling_freq)
                  43c0d6c0    0000007c                                                       : clk_pll_16fft.obj (.text.clk_pll_16fft_postdiv_set_div)
                  43c0d73c    0000007c                                                       : clock.obj (.text.get_clock_parent_handler)
                  43c0d7b8    0000007c                                                       : clock.obj (.text.get_num_clock_parents_handler)
                  43c0d834    0000007c                                                       : rm_ra.obj (.text.rm_ra_is_managed_resasg_utype)
                  43c0d8b0    0000007a                                                       : rm_udmap.obj (.text.udmap_clear_rom_oes)
                  43c0d92a    00000002     --HOLE-- [fill = 0]
                  43c0d92c    00000078     sciclient_direct_sbl.am62ax.r5f.ti-arm-clang.release.lib : sciclient.obj (.text.Sciclient_servicePrepareHeader)
                  43c0d9a4    00000078     rm_pm_hal_sbl.am62ax.r5f.ti-arm-clang.release.lib : psc.obj (.text.psc_drop_pwr_up_ref)
                  43c0da1c    00000074                                                       : clk_dev.obj (.text.clk_from_device_get_state)
                  43c0da90    00000074                                                       : clk.obj (.text.clk_get)
                  43c0db04    00000074                                                       : device_process.obj (.text.set_device_resets_handler)
                  43c0db78    00000072     drivers.am62ax.dm-r5f.ti-arm-clang.release.lib : bootloader_soc.obj (.text.Bootloader_socCpuPowerOnResetA53)
                  43c0dbea    00000002     --HOLE-- [fill = 0]
                  43c0dbec    00000070     sciclient_direct_sbl.am62ax.r5f.ti-arm-clang.release.lib : sciclient.obj (.text.Sciclient_configPrmsInit)
                  43c0dc5c    0000006e     drivers.am62ax.dm-r5f.ti-arm-clang.release.lib : ddr_soc.obj (.text.DDR_programHSDIV)
                  43c0dcca    0000006e                                                    : lpddr4.obj (.text.LPDDR4_Start)
                  43c0dd38    0000006e                                                    : soc.obj (.text.SOC_moduleClockEnable)
                  43c0dda6    0000006e     rm_pm_hal_sbl.am62ax.r5f.ti-arm-clang.release.lib : rm_core.obj (.text.core_resasg_get_range)
                  43c0de14    0000006c     libsysbm.a : hostunlink.c.obj (.text.HOSTunlink)
                  43c0de80    0000006c     rm_pm_hal_sbl.am62ax.r5f.ti-arm-clang.release.lib : device_clk.obj (.text.device_clk_init)
                  43c0deec    0000006c                                                       : device_clk.obj (.text.get_dev_clk)
                  43c0df58    0000006c                                                       : psc.obj (.text.lpsc_module_set_reset_iso)
                  43c0dfc4    0000006a     drivers.am62ax.dm-r5f.ti-arm-clang.release.lib : bootloader_soc.obj (.text.Bootloader_socMemInitCpu)
                  43c0e02e    0000006a     rm_pm_hal_sbl.am62ax.r5f.ti-arm-clang.release.lib : rm_ia.obj (.text.ia_unmap_clear_rom_mapping)
                  43c0e098    00000068     nortos.am62ax.r5f.ti-arm-clang.release.lib : AddrTranslateP.obj (.text.AddrTranslateP_getLocalAddr)
                  43c0e100    00000068     drivers.am62ax.dm-r5f.ti-arm-clang.release.lib : bootloader_soc.obj (.text.Bootloader_socCpuGetClock)
                  43c0e168    00000068                                                    : bootloader_soc.obj (.text.Bootloader_socCpuRelease)
                  43c0e1d0    00000068                                                    : uart_v0.obj (.text.UART_writeCancelNoCB)
                  43c0e238    00000068     rm_pm_hal_sbl.am62ax.r5f.ti-arm-clang.release.lib : clk_mux.obj (.text.clk_mux_get_parent)
                  43c0e2a0    00000068                                                       : rm_core.obj (.text.rm_core_validate_devgrp)
                  43c0e308    00000068                                                       : rm_ir.obj (.text.rm_ir_get_outp)
                  43c0e370    00000066     drivers.am62ax.dm-r5f.ti-arm-clang.release.lib : bootloader_soc.obj (.text.Bootloader_socCpuRequest)
                  43c0e3d6    00000064                                                    : csl_emif.obj (.text.CSL_emifConfig)
                  43c0e43a    00000064     sciclient_direct_sbl.am62ax.r5f.ti-arm-clang.release.lib : sciclient_procboot.obj (.text.Sciclient_procBootSetSequenceCtrl)
                  43c0e49e    00000002     --HOLE-- [fill = 0]
                  43c0e4a0    00000064     rm_pm_hal_sbl.am62ax.r5f.ti-arm-clang.release.lib : clk_div.obj (.text.clk_div_reg_get_div)
                  43c0e504    00000064                                                       : clk_pll_16fft.obj (.text.clk_pll_16fft_get_state)
                  43c0e568    00000064                                                       : psc.obj (.text.lpsc_module_clk_put)
                  43c0e5cc    00000064                                                       : resource.obj (.text.resource_get)
                  43c0e630    00000064                                                       : rm_core.obj (.text.rm_core_resasg_get_utype_index)
                  43c0e694    00000062     sciclient_direct_sbl.am62ax.r5f.ti-arm-clang.release.lib : sciclient.obj (.text.Sciclient_setDebugConfig)
                  43c0e6f6    00000062     drivers.am62ax.dm-r5f.ti-arm-clang.release.lib : udma_ring_common.obj (.text.Udma_ringQueueRaw)
                  43c0e758    00000062                                                    : utils.obj (.text.Utils_memcpyWord)
                  43c0e7ba    00000002     --HOLE-- [fill = 0]
                  43c0e7bc    00000060     libsysbm.a : hostclose.c.obj (.text.HOSTclose)
                  43c0e81c    00000060     sciclient_direct_sbl.am62ax.r5f.ti-arm-clang.release.lib : sciclient_direct_wrapper.obj (.text.Sciclient_direct_init)
                  43c0e87c    00000060                                                              : sciclient_pm.obj (.text.Sciclient_pmSetModuleState)
                  43c0e8dc    00000060     rm_pm_hal_sbl.am62ax.r5f.ti-arm-clang.release.lib : clk.obj (.text.clk_notify_freq)
                  43c0e93c    00000060                                                       : device_psc.obj (.text.soc_device_get_state)
                  43c0e99c    0000005e     drivers.am62ax.dm-r5f.ti-arm-clang.release.lib : bootloader.obj (.text.Bootloader_runCpu)
                  43c0e9fa    0000005e     nortos.am62ax.r5f.ti-arm-clang.release.lib : ClockP_nortos.obj (.text.ClockP_timerTickIsr)
                  43c0ea58    0000005e     sciclient_direct_sbl.am62ax.r5f.ti-arm-clang.release.lib : sciclient_procboot.obj (.text.Sciclient_procBootAuthAndStart)
                  43c0eab6    0000005c                                                              : sciclient_procboot.obj (.text.Sciclient_procBootReleaseProcessor)
                  43c0eb12    0000005c     nortos.am62ax.r5f.ti-arm-clang.release.lib : DebugP_log.obj (.text._DebugP_assert)
                  43c0eb6e    00000002     --HOLE-- [fill = 0]
                  43c0eb70    0000005c     rm_pm_hal_sbl.am62ax.r5f.ti-arm-clang.release.lib : clk_div.obj (.text.clk_div_reg_go_get_div)
                  43c0ebcc    0000005c                                                       : clk_pllctrl.obj (.text.clk_pllctrl_mux_get_parent)
                  43c0ec28    0000005c                                                       : device_clk.obj (.text.device_clk_get_hw_ready)
                  43c0ec84    0000005c                                                       : clock.obj (.text.get_freq_handler)
                  43c0ece0    0000005c                                                       : rm_ra.obj (.text.ra_check_monitor_index_range)
                  43c0ed3c    0000005c                                                       : device_psc.obj (.text.soc_device_disable)
                  43c0ed98    0000005a     drivers.am62ax.dm-r5f.ti-arm-clang.release.lib : soc.obj (.text.SOC_controlModuleLockMMR)
                  43c0edf2    0000005a                                                    : udma_ring_common.obj (.text.Udma_ringDequeueRaw)
                  43c0ee4c    00000058     sciclient_direct_sbl.am62ax.r5f.ti-arm-clang.release.lib : sciclient_procboot.obj (.text.Sciclient_procBootGetProcessorState)
                  43c0eea4    00000058     libc.a : fopen.c.obj (.text.__TI_cleanup)
                  43c0eefc    00000058     libsysbm.a : trgmsg.c.obj (.text.__TI_readmsg)
                  43c0ef54    00000058                : trgmsg.c.obj (.text.__TI_writemsg)
                  43c0efac    00000058     rm_pm_hal_sbl.am62ax.r5f.ti-arm-clang.release.lib : device_clk.obj (.text.device_clk_set_freq_change)
                  43c0f004    00000058                                                       : device_clk.obj (.text.device_clk_set_ssc)
                  43c0f05c    00000058                                                       : rm_irq.obj (.text.irq_validate_global_event)
                  43c0f0b4    00000058                                                       : itoa.obj (.text.lib_itoa)
                  43c0f10c    00000058                                                       : mmr_lock.obj (.text.mmr_unlock_all)
                  43c0f164    00000058                                                       : pll.obj (.text.pll_init)
                  43c0f1bc    00000058                                                       : rm_udmap.obj (.text.udmap_get_inst)
                  43c0f214    00000058     libc.a : autoinit.c.obj (.text:__TI_auto_init_nobinit_nopinit)
                  43c0f26c    00000056     main.obj (.text.App_runCpus)
                  43c0f2c2    00000056     ti_drivers_open_close.obj (.text.Drivers_uartOpen)
                  43c0f318    00000056     drivers.am62ax.dm-r5f.ti-arm-clang.release.lib : uart_dma.obj (.text.UART_dmaDisableChannel)
                  43c0f36e    00000054     sciclient_direct_sbl.am62ax.r5f.ti-arm-clang.release.lib : sciclient_pm.obj (.text.Sciclient_pmSetModuleRst)
                  43c0f3c2    00000054                                                              : sciclient_procboot.obj (.text.Sciclient_procBootRequestProcessor)
                  43c0f416    00000054     drivers.am62ax.dm-r5f.ti-arm-clang.release.lib : uart_dma.obj (.text.UART_dmaClose)
                  43c0f46a    00000002     --HOLE-- [fill = 0]
                  43c0f46c    00000054     rm_pm_hal_sbl.am62ax.r5f.ti-arm-clang.release.lib : clk_div.obj (.text.clk_div_init)
                  43c0f4c0    00000054     libc.a : exit.c.obj (.text.exit)
                  43c0f514    00000054            : getdevice.c.obj (.text.finddevice)
                  43c0f568    00000054     rm_pm_hal_sbl.am62ax.r5f.ti-arm-clang.release.lib : psc.obj (.text.lpsc_module_get_local_reset)
                  43c0f5bc    00000054                                                       : rm_ia.obj (.text.rm_ia_is_managed_resasg_utype)
                  43c0f610    00000054                                                       : rm_irq.obj (.text.rm_irq_oes_src_register)
                  43c0f664    00000054                                                       : device_psc.obj (.text.soc_device_enable)
                  43c0f6b8    00000052                                                       : rm_ra.obj (.text.ra_clear_rom_oes)
                  43c0f70a    00000050     drivers.am62ax.dm-r5f.ti-arm-clang.release.lib : bootloader.obj (.text.Bootloader_loadCpu)
                  43c0f75a    00000050                                                    : bootloader.obj (.text.Bootloader_rprcImageParseEntryPoint)
                  43c0f7aa    00000050     nortos.am62ax.r5f.ti-arm-clang.release.lib : ClockP_nortos.obj (.text.ClockP_addToList)
                  43c0f7fa    00000050                                                : ClockP_nortos.obj (.text.ClockP_construct)
                  43c0f84a    00000050     sciclient_direct_sbl.am62ax.r5f.ti-arm-clang.release.lib : sciclient.obj (.text.Sciclient_abiCheck)
                  43c0f89a    00000050                                                              : sciclient_firewall.obj (.text.Sciclient_firewallSetRegion)
                  43c0f8ea    00000002     --HOLE-- [fill = 0]
                  43c0f8ec    00000050                                                              : sciclient.obj (.text.Sciclient_getCurrentContext)
                  43c0f93c    00000050     rm_pm_hal_sbl.am62ax.r5f.ti-arm-clang.release.lib : clk_pll_16fft.obj (.text.clk_pll_16fft_postdiv_get_div)
                  43c0f98c    00000050                                                       : device_psc.obj (.text.soc_device_get_context_loss_count)
                  43c0f9dc    00000050                                                       : device_psc.obj (.text.soc_device_set_resets)
                  43c0fa2c    0000004e     drivers.am62ax.dm-r5f.ti-arm-clang.release.lib : bootloader.obj (.text.Bootloader_findSeq)
                  43c0fa7a    0000004e                                                    : lpddr4.obj (.text.LPDDR4_ReadReg)
                  43c0fac8    0000004e     rm_pm_hal_sbl.am62ax.r5f.ti-arm-clang.release.lib : device_psc.obj (.text.soc_device_verify_mapping)
                  43c0fb16    00000002     --HOLE-- [fill = 0]
                  43c0fb18    0000004c     sciclient_direct_sbl.am62ax.r5f.ti-arm-clang.release.lib : sciclient.obj (.text.Sciclient_deinit)
                  43c0fb64    0000004c                                                              : sciclient_boardcfg.obj (.text.Sciclient_getDefaultBoardCfgInfo)
                  43c0fbb0    0000004c                                                              : sciclient_procboot.obj (.text.Sciclient_procBootSetProcessorCfg)
                  43c0fbfc    0000004c     rm_pm_hal_sbl.am62ax.r5f.ti-arm-clang.release.lib : clk_pll_16fft.obj (.text.clk_pll_16fft_cal_option4)
                  43c0fc48    0000004c                                                       : psc.obj (.text.lpsc_module_get_reset_iso)
                  43c0fc94    0000004c                                                       : rm_ra.obj (.text.ra_get_inst)
                  43c0fce0    0000004c                                                       : device_psc.obj (.text.soc_device_get_resets)
                  43c0fd2c    0000004c                                                       : device_psc.obj (.text.soc_device_ret_disable)
                  43c0fd78    0000004c                                                       : device_psc.obj (.text.soc_device_ret_enable)
                  43c0fdc4    0000004a     drivers.am62ax.dm-r5f.ti-arm-clang.release.lib : lpddr4.obj (.text.LPDDR4_WritePhyIndepConfig)
                  43c0fe0e    0000004a                                                    : pinmux.obj (.text.Pinmux_unlockMMR)
                  43c0fe58    0000004a                                                    : soc.obj (.text.SOC_controlModuleUnlockMMR)
                  43c0fea2    00000002     --HOLE-- [fill = 0]
                  43c0fea4    00000048     rm_pm_hal_sbl.am62ax.r5f.ti-arm-clang.release.lib : clk_pll_16fft.obj (.text.clk_pll_16fft_bypass)
                  43c0feec    00000048                                                       : clk.obj (.text.clk_put)
                  43c0ff34    00000048                                                       : device_clk.obj (.text.get_dev_clk_data)
                  43c0ff7c    00000048     libsysbm.a : unlink.c.obj (.text.unlink)
                  43c0ffc4    00000046     nortos.am62ax.r5f.ti-arm-clang.release.lib : ClockP_nortos.obj (.text.ClockP_getTimeUsec)
                  43c1000a    00000046     drivers.am62ax.dm-r5f.ti-arm-clang.release.lib : lpddr4.obj (.text.LPDDR4_WritePhyConfig)
                  43c10050    00000046                                                    : lpddr4.obj (.text.LPDDR4_WriteReg)
                  43c10096    00000046                                                    : pinmux.obj (.text.Pinmux_config)
                  43c100dc    00000046                                                    : bootloader_xmodem.obj (.text._inbyte)
                  43c10122    00000046     rm_pm_hal_sbl.am62ax.r5f.ti-arm-clang.release.lib : rm_irq.obj (.text.irq_cfg_is_ia_cfg)
                  43c10168    00000046                                                       : rm_irq.obj (.text.irq_cfg_is_ir_cfg)
                  43c101ae    00000046                                                       : rm_irq.obj (.text.irq_cfg_is_oes_only)
                  43c101f4    00000044     sciclient_direct_sbl.am62ax.r5f.ti-arm-clang.release.lib : sciclient_direct_wrapper.obj (.text.Sciclient_waitForBootNotification)
                  43c10238    00000044     rm_pm_hal_sbl.am62ax.r5f.ti-arm-clang.release.lib : dmsc.obj (.text.am62a_sys_reset_handler)
                  43c1027c    00000044                                                       : clk.obj (.text.clk_get_state)
                  43c102c0    00000042     drivers.am62ax.dm-r5f.ti-arm-clang.release.lib : bootloader_mem.obj (.text.Mem_imgRead)
                  43c10302    00000042     rm_pm_hal_sbl.am62ax.r5f.ti-arm-clang.release.lib : device_clk.obj (.text.device_clk_disable)
                  43c10344    00000042                                                       : device_clk.obj (.text.device_clk_enable)
                  43c10386    00000040     nortos.am62ax.r5f.ti-arm-clang.release.lib : ClockP_nortos.obj (.text.ClockP_stop)
                  43c103c6    00000040     drivers.am62ax.dm-r5f.ti-arm-clang.release.lib : ddr.obj (.text.DDR_setFreq)
                  43c10406    00000040                                                    : lpddr4.obj (.text.LPDDR4_WriteCtlConfig)
                  43c10446    00000040     nortos.am62ax.r5f.ti-arm-clang.release.lib : SemaphoreP_nortos.obj (.text.SemaphoreP_constructBinary)
                  43c10486    00000002     --HOLE-- [fill = 0]
                  43c10488    00000040     rm_pm_hal_sbl.am62ax.r5f.ti-arm-clang.release.lib : clk_mux.obj (.text.clk_get_parent)
                  43c104c8    00000040     libc.a : memory.c.obj (.text.free_list_insert)
                  43c10508    00000040     rm_pm_hal_sbl.am62ax.r5f.ti-arm-clang.release.lib : psc.obj (.text.psc_lookup_lpsc)
                  43c10548    00000040                                                       : device_psc.obj (.text.soc_device_set_reset_iso)
                  43c10588    00000040                                                       : trace.obj (.text.trace_debug_internal)
                  43c105c8    0000003e     nortos.am62ax.r5f.ti-arm-clang.release.lib : SemaphoreP_nortos.obj (.text.SemaphoreP_constructMutex)
                  43c10606    0000003e     rm_pm_hal_sbl.am62ax.r5f.ti-arm-clang.release.lib : device_clk.obj (.text.device_clk_get_num_parents)
                  43c10644    0000003e                                                       : device_psc.obj (.text.soc_device_ret_enable_internal)
                  43c10682    0000003e                                                       : rm_udmap.obj (.text.udmap_validate_chan_type)
                  43c106c0    0000003c     drivers.am62ax.dm-r5f.ti-arm-clang.release.lib : bootloader_soc.obj (.text.Bootloader_socTranslateSectionAddr)
                  43c106fc    0000003c     nortos.am62ax.r5f.ti-arm-clang.release.lib : ClockP_nortos.obj (.text.ClockP_usleep)
                  43c10738    0000003c     rm_pm_hal_sbl.am62ax.r5f.ti-arm-clang.release.lib : device_pm.obj (.text.device_disable)
                  43c10774    0000003c                                                       : rm_ia.obj (.text.ia_get_inst)
                  43c107b0    0000003c                                                       : rm_ir.obj (.text.ir_get_inst)
                  43c107ec    0000003c                                                       : psc.obj (.text.lpsc_module_clk_get)
                  43c10828    0000003c                                                       : mmr_lock.obj (.text.mmr_unlock)
                  43c10864    0000003c                                                       : device_psc.obj (.text.soc_device_get_reset_iso)
                  43c108a0    0000003c                                                       : device_psc.obj (.text.soc_device_ret_disable_internal)
                  43c108dc    0000003a     drivers.am62ax.dm-r5f.ti-arm-clang.release.lib : bootloader.obj (.text.Bootloader_open)
                  43c10916    0000003a     nortos.am62ax.r5f.ti-arm-clang.release.lib : ClockP_nortos.obj (.text.ClockP_destruct)
                  43c10950    0000003a     ti_dpl_config.obj (.text.Dpl_init)
                  43c1098a    0000003a     drivers.am62ax.dm-r5f.ti-arm-clang.release.lib : uart_dma.obj (.text.UART_dmaOpen)
                  43c109c4    0000003a     rm_pm_hal_sbl.am62ax.r5f.ti-arm-clang.release.lib : boardcfg-user.obj (.text.boardcfg_pm_receive_and_validate)
                  43c109fe    00000002     --HOLE-- [fill = 0]
                  43c10a00    00000038     drivers.am62ax.dm-r5f.ti-arm-clang.release.lib : bootloader_soc.obj (.text.Bootloader_socCpuPowerOnReset)
                  43c10a38    00000038     nortos.am62ax.r5f.ti-arm-clang.release.lib : DebugP_nortos.obj (.text._DebugP_logZone)
                  43c10a70    00000038     rm_pm_hal_sbl.am62ax.r5f.ti-arm-clang.release.lib : clk.obj (.text.clk_drop_pwr_up_en)
                  43c10aa8    00000038                                                       : clk_pll_16fft.obj (.text.clk_pll_16fft_cal_option3)
                  43c10ae0    00000038                                                       : clk.obj (.text.clk_value_set_freq)
                  43c10b18    00000038                                                       : device_clk.obj (.text.device_clk_get_freq)
                  43c10b50    00000038                                                       : rm_ir.obj (.text.rm_ir_init)
                  43c10b88    00000038                                                       : rm_irq.obj (.text.rm_irq_is_managed_resasg_utype)
                  43c10bc0    00000036     ti_power_clock_config.obj (.text.Module_clockSetFrequency)
                  43c10bf6    00000036     drivers.am62ax.dm-r5f.ti-arm-clang.release.lib : bootloader_xmodem.obj (.text._outbyte)
                  43c10c2c    00000034                                                    : bootloader.obj (.text.Bootloader_BootImageInfo_init)
                  43c10c60    00000034                                                    : bootloader_soc.obj (.text.Bootloader_socOpenFirewalls)
                  43c10c94    00000034     nortos.am62ax.r5f.ti-arm-clang.release.lib : ClockP_nortos.obj (.text.ClockP_start)
                  43c10cc8    00000034     drivers.am62ax.dm-r5f.ti-arm-clang.release.lib : lpddr4_am6x.obj (.text.LPDDR4_EnablePIInitiator)
                  43c10cfc    00000034                                                    : lpddr4.obj (.text.LPDDR4_PollCtlIrq)
                  43c10d30    00000034     ti_drivers_config.obj (.text.System_init)
                  43c10d64    00000034     sciclient_direct_sbl.am62ax.r5f.ti-arm-clang.release.lib : uart_print.obj (.text.UART_dataWrite)
                  43c10d98    00000034     rm_pm_hal_sbl.am62ax.r5f.ti-arm-clang.release.lib : clk.obj (.text.clk_set_state)
                  43c10dcc    00000034                                                       : device.obj (.text.devices_init_rw)
                  43c10e00    00000034     libc.a : memory.c.obj (.text.free_list_remove)
                  43c10e34    00000034     libsysbm.a : lseek.c.obj (.text.lseek)
                  43c10e68    00000034     rm_pm_hal_sbl.am62ax.r5f.ti-arm-clang.release.lib : psc.obj (.text.psc_lookup)
                  43c10e9c    00000034                                                       : psc.obj (.text.psc_lookup_pd)
                  43c10ed0    00000034                                                       : rm.obj (.text.rm_init)
                  43c10f04    00000034     libsysbm.a : write.c.obj (.text.write)
                  43c10f38    00000032     drivers.am62ax.dm-r5f.ti-arm-clang.release.lib : bootloader_xmodem.obj (.text.Bootloader_xmodemReceive)
                  43c10f6a    00000032                                                    : bootloader_xmodem.obj (.text.Bootloader_xmodemTransmit)
                  43c10f9c    00000032     nortos.am62ax.r5f.ti-arm-clang.release.lib : SemaphoreP_nortos.obj (.text.SemaphoreP_post)
                  43c10fce    00000032     drivers.am62ax.dm-r5f.ti-arm-clang.release.lib : uart_v0.obj (.text.UART_getHandle)
                  43c11000    00000032     rm_pm_hal_sbl.am62ax.r5f.ti-arm-clang.release.lib : device_pm.obj (.text.device_set_retention)
                  43c11032    00000002     --HOLE-- [fill = 0]
                  43c11034    00000030                                                       : clk_fixed.obj (.text.clk_fixed_get_freq)
                  43c11064    00000030                                                       : clk.obj (.text.clk_get_freq)
                  43c11094    00000030                                                       : clk.obj (.text.clk_get_parent_freq)
                  43c110c4    00000030                                                       : trace-uart.obj (.text.trace_debug_uart)
                  43c110f4    0000002e     ti_power_clock_config.obj (.text.Module_clockDisable)
                  43c11122    0000002e     ti_power_clock_config.obj (.text.Module_clockEnable)
                  43c11150    0000002e     rm_pm_hal_sbl.am62ax.r5f.ti-arm-clang.release.lib : clk_pll_16fft.obj (.text.clk_pll_16fft_set_state)
                  43c1117e    00000002     --HOLE-- [fill = 0]
                  43c11180    0000002c     sciclient_direct_sbl.am62ax.r5f.ti-arm-clang.release.lib : sciclient_secureproxy.obj (.text.Sciclient_flush)
                  43c111ac    0000002c     rm_pm_hal_sbl.am62ax.r5f.ti-arm-clang.release.lib : boardcfg-user.obj (.text.boardcfg_memcpy_rm)
                  43c111d8    0000002c                                                       : clk_div.obj (.text.clk_get_div)
                  43c11204    0000002c                                                       : clk.obj (.text.clk_lookup)
                  43c11230    0000002c                                                       : clk_div.obj (.text.clk_lookup)
                  43c1125c    0000002c                                                       : clk_mux.obj (.text.clk_lookup)
                  43c11288    0000002c                                                       : clk_pll_16fft.obj (.text.clk_lookup)
                  43c112b4    0000002c                                                       : device_clk.obj (.text.clk_lookup)
                  43c112e0    0000002c                                                       : psc.obj (.text.clk_lookup)
                  43c1130c    0000002c     drivers.am62ax.dm-r5f.ti-arm-clang.release.lib : crc16.obj (.text.crc16_ccitt)
                  43c11338    0000002c     rm_pm_hal_sbl.am62ax.r5f.ti-arm-clang.release.lib : psc.obj (.text.device_lookup)
                  43c11364    0000002c                                                       : rm_irq.obj (.text.irq_is_evt_src)
                  43c11390    0000002c                                                       : psc.obj (.text.lpsc_module_get_state)
                  43c113bc    0000002c                                                       : fw_caps.obj (.text.query_fw_caps_handler)
                  43c113e8    0000002a                                                       : rm_ir.obj (.text.ir_clear_outp)
                  43c11412    0000002a                                                       : device_psc.obj (.text.soc_device_get_state_internal)
                  43c1143c    00000028     drivers.am62ax.dm-r5f.ti-arm-clang.release.lib : bootloader_soc.obj (.text.Bootloader_socRprcToCslCoreId)
                  43c11464    00000028     nortos.am62ax.r5f.ti-arm-clang.release.lib : ClockP_nortos.obj (.text.ClockP_sleepTicks)
                  43c1148c    00000028     drivers.am62ax.dm-r5f.ti-arm-clang.release.lib : uart_v0.obj (.text.UART_statusIsDataReady)
                  43c114b4    00000028                                                    : udma_ch.obj (.text.Udma_chGetCqRingHandle)
                  43c114dc    00000028                                                    : udma_ch.obj (.text.Udma_chGetFqRingHandle)
                  43c11504    00000028     libclang_rt.builtins.a : ashldi3.S.obj (.text.__ashldi3)
                  43c1152c    00000028                            : lshrdi3.S.obj (.text.__lshrdi3)
                  43c11554    00000028     rm_pm_hal_sbl.am62ax.r5f.ti-arm-clang.release.lib : clk.obj (.text.clk_value_get_freq)
                  43c1157c    00000028                                                       : psc.obj (.text.lpsc_module_idx)
                  43c115a4    00000028                                                       : psc.obj (.text.pd_initiate)
                  43c115cc    00000028                                                       : rm_ia.obj (.text.rm_ia_validate_vint)
                  43c115f4    00000028                                                       : rm_ir.obj (.text.rm_ir_is_managed_resasg_utype)
                  43c1161c    00000028                                                       : rm_ir.obj (.text.rm_ir_validate_output)
                  43c11644    00000028                                                       : device_psc.obj (.text.soc_device_disable_internal)
                  43c1166c    00000028                                                       : device_psc.obj (.text.soc_device_enable_internal)
                  43c11694    00000026     drivers.am62ax.dm-r5f.ti-arm-clang.release.lib : bootloader_soc.obj (.text.Bootloader_socIsMCUResetIsoEnabled)
                  43c116ba    00000026     nortos.am62ax.r5f.ti-arm-clang.release.lib : ClockP_nortos.obj (.text.ClockP_sleep)
                  43c116e0    00000026     rm_pm_hal_sbl.am62ax.r5f.ti-arm-clang.release.lib : rm_udmap.obj (.text.udmap_validate_ch_fetch_size)
                  43c11706    00000026                                                       : rm_udmap.obj (.text.udmap_validate_ch_pause_on_err)
                  43c1172c    00000026                                                       : rm_udmap.obj (.text.udmap_validate_orderid)
                  43c11752    00000026                                                       : rm_udmap.obj (.text.udmap_validate_priority)
                  43c11778    00000026                                                       : rm_udmap.obj (.text.udmap_validate_qos)
                  43c1179e    00000024     drivers.am62ax.dm-r5f.ti-arm-clang.release.lib : gtc_soc.obj (.text.GTC_setFID)
                  43c117c2    00000002     --HOLE-- [fill = 0]
                  43c117c4    00000024     sciclient_direct_sbl.am62ax.r5f.ti-arm-clang.release.lib : sciclient_secureproxy.obj (.text.Sciclient_waitThread)
                  43c117e8    00000024     libclang_rt.builtins.a : aeabi_uldivmod.S.obj (.text.__aeabi_uldivmod)
                  43c1180c    00000024     rm_pm_hal_sbl.am62ax.r5f.ti-arm-clang.release.lib : boardcfg-user.obj (.text.boardcfg_get_rm_devgrp)
                  43c11830    00000024                                                       : clk_soc_hfosc0.obj (.text.clk_soc_hfosc0_get_freq)
                  43c11854    00000024                                                       : map.obj (.text.closest)
                  43c11878    00000024                                                       : device_prepare.obj (.text.device_prepare_exclusive)
                  43c1189c    00000024                                                       : device_pm.obj (.text.device_suspend)
                  43c118c0    00000024                                                       : dmsc.obj (.text.dmsc_init)
                  43c118e4    00000024                                                       : psc.obj (.text.psc_pd_idx)
                  43c11908    00000024                                                       : rm_ia.obj (.text.rm_ia_vint_get_info)
                  43c1192c    00000024                                                       : rm_irq.obj (.text.rm_irq_init)
                  43c11950    00000024                                                       : rm_udmap.obj (.text.udmap_validate_atype)
                  43c11974    00000024                                                       : rm_udmap.obj (.text.udmap_validate_sched_priority)
                  43c11998    00000024     nortos.am62ax.r5f.ti-arm-clang.release.lib : printf.obj (.text.vprintf_)
                  43c119bc    00000022                                                : ClockP_nortos.obj (.text.ClockP_deinit)
                  43c119de    00000022     ti_pinmux_config.obj (.text.Pinmux_init)
                  43c11a00    00000022     rm_pm_hal_sbl.am62ax.r5f.ti-arm-clang.release.lib : clk.obj (.text.clk_ssc_allow)
                  43c11a22    00000022                                                       : device_clk.obj (.text.device_clk_set_input_term)
                  43c11a44    00000022                                                       : rm_ir.obj (.text.ir_get_inp)
                  43c11a66    00000022                                                       : osal_glue.obj (.text.osal_delay)
                  43c11a88    00000022                                                       : clk_div.obj (.text.pm_writel_verified)
                  43c11aaa    00000022                                                       : clk_pll_16fft.obj (.text.pm_writel_verified)
                  43c11acc    00000020     drivers.am62ax.dm-r5f.ti-arm-clang.release.lib : bootloader_soc.obj (.text.Bootloader_socGetCoreName)
                  43c11aec    00000020     nortos.am62ax.r5f.ti-arm-clang.release.lib : DebugP_log.obj (.text.DebugP_logZoneEnable)
                  43c11b0c    00000020     sciclient_direct_sbl.am62ax.r5f.ti-arm-clang.release.lib : sciclient_direct.obj (.text.Sciclient_query_fw_caps_handler)
                  43c11b2c    00000020     ti_drivers_config.obj (.text.System_deinit)
                  43c11b4c    00000020     nortos.am62ax.r5f.ti-arm-clang.release.lib : TimerP.obj (.text.TimerP_Params_init)
                  43c11b6c    00000020     rm_pm_hal_sbl.am62ax.r5f.ti-arm-clang.release.lib : clk.obj (.text.clk_ssc_block)
                  43c11b8c    00000020                                                       : clk_pll_16fft.obj (.text.pll_16fft_pllm_valid)
                  43c11bac    00000020                                                       : device_psc.obj (.text.soc_device_get_context_loss_count_internal)
                  43c11bcc    0000001e     ti_drivers_open_close.obj (.text.Drivers_close)
                  43c11bea    0000001e     rm_pm_hal_sbl.am62ax.r5f.ti-arm-clang.release.lib : resource.obj (.text.device_resource_mem)
                  43c11c08    0000001e                                                       : psc.obj (.text.psc_pd_clk_put)
                  43c11c26    0000001e                                                       : core.obj (.text.sys_reset_handler)
                  43c11c44    0000001e                                                       : map.obj (.text.u32map_get)
                  43c11c62    0000001c     drivers.am62ax.dm-r5f.ti-arm-clang.release.lib : bootloader.obj (.text.Bootloader_JumpSelfCpu)
                  43c11c7e    0000001c                                                    : bootloader_soc.obj (.text.Bootloader_socCpuGetClkDefault)
                  43c11c9a    0000001c                                                    : bootloader_soc.obj (.text.Bootloader_socIsAuthRequired)
                  43c11cb6    0000001c                                                    : bootloader_mem.obj (.text.Mem_imgOpen)
                  43c11cd2    00000002     --HOLE-- [fill = 0]
                  43c11cd4    0000001c     sciclient_direct_sbl.am62ax.r5f.ti-arm-clang.release.lib : sciclient_secureproxy.obj (.text.Sciclient_readThread32)
                  43c11cf0    0000001c     nortos.am62ax.r5f.ti-arm-clang.release.lib : boot_armv7r.obj (.text._system_pre_init)
                  43c11d0c    0000001c     rm_pm_hal_sbl.am62ax.r5f.ti-arm-clang.release.lib : rm_irq.obj (.text.irq_oes_src_lookup)
                  43c11d28    0000001c                                                       : notifier.obj (.text.notifier_call)
                  43c11d44    0000001c                                                       : psc.obj (.text.psc_read)
                  43c11d60    0000001c                                                       : sleep.obj (.text.sleep_modes_register)
                  43c11d7c    0000001c     libsysbm.a : hostrename.c.obj (.text.strlen)
                  43c11d98    0000001c     libc.a : memcpy32.S.obj (.text:TI_memcpy_small)
                  43c11db4    0000001a     drivers.am62ax.dm-r5f.ti-arm-clang.release.lib : uart_v0.obj (.text.UART_deinit)
                  43c11dce    0000001a                                                    : uart_dma.obj (.text.UART_readInterruptDma)
                  43c11de8    0000001a                                                    : uart_dma.obj (.text.UART_writeInterruptDma)
                  43c11e02    0000001a     rm_pm_hal_sbl.am62ax.r5f.ti-arm-clang.release.lib : psc.obj (.text.psc_write)
                  43c11e1c    00000018     drivers.am62ax.dm-r5f.ti-arm-clang.release.lib : lpddr4.obj (.text.LPDDR4_Init)
                  43c11e34    00000018     rm_pm_hal_sbl.am62ax.r5f.ti-arm-clang.release.lib : boardcfg-user.obj (.text.boardcfg_get_rm_resasg_size)
                  43c11e4c    00000018                                                       : clk_pll_16fft.obj (.text.clk_pll_16fft_postdiv_valid_div)
                  43c11e64    00000018                                                       : clk_soc_lfosc0.obj (.text.clk_soc_lfosc0_get_freq)
                  43c11e7c    00000018                                                       : device_clk.obj (.text.dev_get_clk)
                  43c11e94    00000018                                                       : clk_pll_16fft.obj (.text.pll_16fft_clkod_valid)
                  43c11eac    00000018     libc.a : memset32.S.obj (.text:TI_memset_small)
                  43c11ec4    00000016     rm_pm_hal_sbl.am62ax.r5f.ti-arm-clang.release.lib : clk_div.obj (.text.clk_div_get_freq)
                  43c11eda    00000016                                                       : clk_pll_16fft.obj (.text.clk_pll_16fft_check_lock)
                  43c11ef0    00000016                                                       : device_clk.obj (.text.device_clk_set_freq)
                  43c11f06    00000002     --HOLE-- [fill = 0]
                  43c11f08    00000014     sciclient_direct_sbl.am62ax.r5f.ti-arm-clang.release.lib : sciclient_secureproxy.obj (.text.Sciclient_readThreadCount)
                  43c11f1c    00000014                                                              : sciclient_secureproxy.obj (.text.Sciclient_verifyThread)
                  43c11f30    00000014     rm_pm_hal_sbl.am62ax.r5f.ti-arm-clang.release.lib : boardcfg-user.obj (.text.boardcfg_get_rm_resasg)
                  43c11f44    00000014                                                       : clk_pll_16fft.obj (.text.clk_pll_16fft_is_bypass)
                  43c11f58    00000014                                                       : device_clk.obj (.text.device_clk_get_freq_change)
                  43c11f6c    00000014                                                       : device_clk.obj (.text.device_clk_get_input_term)
                  43c11f80    00000014                                                       : device_clk.obj (.text.device_clk_get_ssc)
                  43c11f94    00000014                                                       : device_clk.obj (.text.device_clk_get_sw_gated)
                  43c11fa8    00000014                                                       : rm_core.obj (.text.rm_core_unmap_region)
                  43c11fbc    00000014     libsysbm.a : hostrename.c.obj (.text.strcpy)
                  43c11fd0    00000014     rm_pm_hal_sbl.am62ax.r5f.ti-arm-clang.release.lib : sys-reset.obj (.text.system_reset)
                  43c11fe4    00000012     drivers.am62ax.dm-r5f.ti-arm-clang.release.lib : csl_emif.obj (.text.CSL_emifClearECCInterruptStatus)
                  43c11ff6    00000012                                                    : csl_emif.obj (.text.CSL_emifEnableECCInterrupts)
                  43c12008    00000012                                                    : gtc.obj (.text.GTC_init)
                  43c1201a    00000012     nortos.am62ax.r5f.ti-arm-clang.release.lib : TimerP.obj (.text.TimerP_clearOverflowInt)
                  43c1202c    00000010     drivers.am62ax.dm-r5f.ti-arm-clang.release.lib : bootloader.obj (.text.Bootloader_close)
                  43c1203c    00000010                                                    : bootloader.obj (.text.Bootloader_isCorePresent)
                  43c1204c    00000010     nortos.am62ax.r5f.ti-arm-clang.release.lib : ClockP_nortos.obj (.text.ClockP_ticksToUsec)
                  43c1205c    00000010     drivers.am62ax.dm-r5f.ti-arm-clang.release.lib : lpddr4.obj (.text.LPDDR4_Probe)
                  43c1206c    00000010     sciclient_direct_sbl.am62ax.r5f.ti-arm-clang.release.lib : sciclient_secureproxy.obj (.text.Sciclient_threadStatusReg)
                  43c1207c    00000010                                                              : sciclient.obj (.text.Sciclient_utilByteCopy)
                  43c1208c    00000010     libclang_rt.builtins.a : aeabi_memset.S.obj (.text.__aeabi_memset)
                  43c1209c    00000010     rm_pm_hal_sbl.am62ax.r5f.ti-arm-clang.release.lib : device_clk.obj (.text.device_clk_query_freq)
                  43c120ac    00000010                                                       : device_pm.obj (.text.device_notify)
                  43c120bc    00000010                                                       : device.obj (.text.pm_devgroup_is_enabled)
                  43c120cc    00000010                                                       : device.obj (.text.pm_devgroup_set_enabled)
                  43c120dc    00000010     libc.a : fputc.c.obj (.text.putchar)
                  43c120ec    00000010     rm_pm_hal_sbl.am62ax.r5f.ti-arm-clang.release.lib : rm_core.obj (.text.rm_core_map_region)
                  43c120fc    0000000e     drivers.am62ax.dm-r5f.ti-arm-clang.release.lib : bootloader_soc.obj (.text.Bootloader_socCpuSetEntryPoint)
                  43c1210a    0000000e     ti_dpl_config.obj (.text.Dpl_deinit)
                  43c12118    0000000e     drivers.am62ax.dm-r5f.ti-arm-clang.release.lib : gtc_soc.obj (.text.GTC_enable)
                  43c12126    0000000e     ti_power_clock_config.obj (.text.PowerClock_init)
                  43c12134    0000000c     drivers.am62ax.dm-r5f.ti-arm-clang.release.lib : bootloader.obj (.text.Bootloader_Params_init)
                  43c12140    0000000c                                                    : bootloader_soc.obj (.text.Bootloader_socSelfCPUjump)
                  43c1214c    0000000c     nortos.am62ax.r5f.ti-arm-clang.release.lib : ClockP_nortos.obj (.text.ClockP_getTicks)
                  43c12158    0000000c     drivers.am62ax.dm-r5f.ti-arm-clang.release.lib : ddr_soc.obj (.text.DDR_ResetDDR_PLL)
                  43c12164    0000000c     libclang_rt.builtins.a : aeabi_memset.S.obj (.text.__aeabi_memclr)
                  43c12170    0000000c     rm_pm_hal_sbl.am62ax.r5f.ti-arm-clang.release.lib : device_prepare.obj (.text.device_prepare_nonexclusive)
                  43c1217c    0000000c     libc.a : memory.c.obj (.text.malloc)
                  43c12188    0000000c     rm_pm_hal_sbl.am62ax.r5f.ti-arm-clang.release.lib : sys-reset.obj (.text.sys_reset_handler_register)
                  43c12194    0000000c                                                       : trace.obj (.text.trace_reconfigure)
                  43c121a0    0000000c     libc.a : strcmp32.S.obj (.text)
                  43c121ac    0000000a     drivers.am62ax.dm-r5f.ti-arm-clang.release.lib : bootloader_soc.obj (.text.Bootloader_socGetSBLMem)
                  43c121b6    0000000a                                                    : bootloader_soc.obj (.text.Bootloader_socIsSmpEnable)
                  43c121c0    0000000a                                                    : csl_sec_proxy.obj (.text.CSL_secProxyGetDataAddr)
                  43c121ca    0000000a     nortos.am62ax.r5f.ti-arm-clang.release.lib : ClockP_nortos.obj (.text.ClockP_Params_init)
                  43c121d4    0000000a                                                : ClockP_nortos.obj (.text.ClockP_isActive)
                  43c121de    0000000a                                                : TimerP.obj (.text.TimerP_start)
                  43c121e8    0000000a                                                : TimerP.obj (.text.TimerP_stop)
                  43c121f2    0000000a     rm_pm_hal_sbl.am62ax.r5f.ti-arm-clang.release.lib : clk.obj (.text.clk_notify_children_freq)
                  43c121fc    0000000a                                                       : clk_div.obj (.text.readl)
                  43c12206    0000000a                                                       : clk_mux.obj (.text.readl)
                  43c12210    0000000a                                                       : clk_pll_16fft.obj (.text.readl)
                  43c1221a    0000000a                                                       : clk_pllctrl.obj (.text.readl)
                  43c12224    0000000a                                                       : dmsc.obj (.text.readl)
                  43c1222e    0000000a                                                       : mmr_lock.obj (.text.readl)
                  43c12238    00000008     drivers.am62ax.dm-r5f.ti-arm-clang.release.lib : soc.obj (.text.SOC_moduleGetClockFrequency)
                  43c12240    00000008     nortos.am62ax.r5f.ti-arm-clang.release.lib : printf.obj (.text._out_char)
                  43c12248    00000008     rm_pm_hal_sbl.am62ax.r5f.ti-arm-clang.release.lib : clk.obj (.text.clk_freq_change_allow)
                  43c12250    00000008                                                       : clk.obj (.text.clk_freq_change_block)
                  43c12258    00000008                                                       : psc.obj (.text.lpsc_module_get)
                  43c12260    00000008                                                       : psc.obj (.text.lpsc_module_get_module_reset)
                  43c12268    00000008                                                       : psc.obj (.text.lpsc_module_put)
                  43c12270    00000008                                                       : psc.obj (.text.lpsc_module_ret_get)
                  43c12278    00000008                                                       : psc.obj (.text.lpsc_module_ret_put)
                  43c12280    00000008                                                       : rm_core.obj (.text.rm_core_param_is_valid)
                  43c12288    00000008     libc.a : exit.c.obj (.text:abort)
                  43c12290    00000006     rm_pm_hal_sbl.am62ax.r5f.ti-arm-clang.release.lib : clk_pll_16fft.obj (.text.pll_16fft_bin)
                  43c12296    00000004     drivers.am62ax.dm-r5f.ti-arm-clang.release.lib : lpddr4.obj (.text.CPS_UncachedRead32)
                  43c1229a    00000004                                                    : lpddr4.obj (.text.CPS_UncachedWrite32)
                  43c1229e    00000004     nortos.am62ax.r5f.ti-arm-clang.release.lib : ClockP_nortos_r5.obj (.text.ClockP_getTimerCount)
                  43c122a2    00000004                                                : ClockP_nortos_r5.obj (.text.ClockP_timerClearOverflowInt)
                  43c122a6    00000004     ti_drivers_open_close.obj (.text.Drivers_open)
                  43c122aa    00000004     drivers.am62ax.dm-r5f.ti-arm-clang.release.lib : bootloader_mem.obj (.text.Mem_imgGetCurOffset)
                  43c122ae    00000004                                                    : bootloader_mem.obj (.text.Mem_imgSeek)
                  43c122b2    00000004     ti_power_clock_config.obj (.text.PowerClock_deinit)
                  43c122b6    00000004     nortos.am62ax.r5f.ti-arm-clang.release.lib : TimerP.obj (.text.TimerP_getCount)
                  43c122ba    00000004                                                : TimerP.obj (.text.TimerP_getReloadCount)
                  43c122be    00000004     drivers.am62ax.dm-r5f.ti-arm-clang.release.lib : udma_utils.obj (.text.Udma_defaultVirtToPhyFxn)
                  43c122c2    00000002     --HOLE-- [fill = 0]
                  43c122c4    00000004     libclang_rt.builtins.a : aeabi_memcpy.S.obj (.text.__aeabi_memcpy)
                  43c122c8    00000004     libc.a : _lock.c.obj (.text._nop)
                  43c122cc    00000004     rm_pm_hal_sbl.am62ax.r5f.ti-arm-clang.release.lib : clk_fixed.obj (.text.clk_fixed_get_state)
                  43c122d0    00000004     libclang_rt.builtins.a : aeabi_div0.c.obj (.text.__aeabi_ldiv0)
                  43c122d4    00000004     rm_pm_hal_sbl.am62ax.r5f.ti-arm-clang.release.lib : clk_dev.obj (.text.clk_from_device_notify_freq)
                  43c122d8    00000004                                                       : clk_dev.obj (.text.clk_from_device_set_state)
                  43c122dc    00000004                                                       : clk_soc_hfosc0.obj (.text.clk_soc_hfosc0_get_state)
                  43c122e0    00000004                                                       : clk_soc_lfosc0.obj (.text.clk_soc_lfosc0_get_state)
                  43c122e4    00000004                                                       : device_clk.obj (.text.device_clk_get_hw_ssc)
                  43c122e8    00000004     libc.a : fseek.c.obj (.text.fseek)
                  43c122ec    00000004     rm_pm_hal_sbl.am62ax.r5f.ti-arm-clang.release.lib : clk_pll_16fft.obj (.text.pll_16fft_vco_fitness)
                  43c122f0    00000004     ti_dpl_config.obj (.text.putchar_)
                  43c122f4    00000004     libsysbm.a : remove.c.obj (.text.remove)
                  43c122f8    00000004     rm_pm_hal_sbl.am62ax.r5f.ti-arm-clang.release.lib : rm_udmap.obj (.text.rm_udmap_flow_size_thresh_cfg)
                  43c122fc    00000004                                                       : device_psc.obj (.text.soc_device_init_complete)
                  43c12300    00000004                                                       : trace.obj (.text.trace_debug)
                  43c12304    00000008     libc.a : fputc.c.obj (.tramp.putchar.1)
                  43c1230c    00000008     nortos.am62ax.r5f.ti-arm-clang.release.lib : HwiP_armv7r_asm.obj (.tramp.HwiP_disable.1)
                  43c12314    00000008                                                : HwiP_armv7r_asm.obj (.tramp.HwiP_enable.1)
                  43c1231c    00000008                                                : HwiP_armv7r_asm.obj (.tramp.HwiP_restore.1)
                  43c12324    00000008     libclang_rt.builtins.a : aeabi_memcpy.S.obj (.tramp.__aeabi_memcpy.1)
                  43c1232c    00000014     --HOLE-- [fill = 0]

.const     0    43c12340    00001870     
                  43c12340    00001498     rm_pm_hal_sbl.am62ax.r5f.ti-arm-clang.release.lib : devices.obj (.const.devgroup.MAIN)
                  43c137d8    000003cc                                                       : devices.obj (.const.devgroup.MCU_WAKEUP)
[...]
43c0f89b  Sciclient_firewallSetRegion          
43c0f8ed  Sciclient_getCurrentContext          
43c0f98d  soc_device_get_context_loss_count    
43c0f9dd  soc_device_set_resets                
43c0fa2d  Bootloader_findSeq                   
43c0fa7b  LPDDR4_ReadReg                       
43c0fb19  Sciclient_deinit                     
43c0fb65  Sciclient_getDefaultBoardCfgInfo     
43c0fbb1  Sciclient_procBootSetProcessorCfg    
43c0fc49  lpsc_module_get_reset_iso            
43c0fce1  soc_device_get_resets                
43c0fd2d  soc_device_ret_disable               
43c0fd79  soc_device_ret_enable                
43c0fdc5  LPDDR4_WritePhyIndepConfig           
43c0fe0f  Pinmux_unlockMMR                     
43c0fe59  SOC_controlModuleUnlockMMR           
43c0feed  clk_put                              
43c0ff35  get_dev_clk_data                     
43c0ff7c  unlink                               
43c0ffc5  ClockP_getTimeUsec                   
43c1000b  LPDDR4_WritePhyConfig                
43c10051  LPDDR4_WriteReg                      
43c10097  Pinmux_config                        
43c100dd  _inbyte                              
43c101f5  Sciclient_waitForBootNotification    
43c1027d  clk_get_state                        
43c10303  device_clk_disable                   
43c10345  device_clk_enable                    
43c10387  ClockP_stop                          
43c10407  LPDDR4_WriteCtlConfig                
43c10447  SemaphoreP_constructBinary           
43c10489  clk_get_parent                       
43c10509  psc_lookup_lpsc                      
43c10549  soc_device_set_reset_iso             
43c105c9  SemaphoreP_constructMutex            
43c10607  device_clk_get_num_parents           
43c106c1  Bootloader_socTranslateSectionAddr   
43c106fd  ClockP_usleep                        
43c10739  device_disable                       
43c10829  mmr_unlock                           
43c10865  soc_device_get_reset_iso             
43c108dd  Bootloader_open                      
43c10917  ClockP_destruct                      
43c10951  Dpl_init                             
43c1098b  UART_dmaOpen                         
43c109c5  boardcfg_pm_receive_and_validate     
43c10a01  Bootloader_socCpuPowerOnReset        
43c10a39  _DebugP_logZone                      
43c10a71  clk_drop_pwr_up_en                   
43c10ae1  clk_value_set_freq                   
43c10b19  device_clk_get_freq                  
43c10b51  rm_ir_init                           
43c10b89  rm_irq_is_managed_resasg_utype       
43c10bc1  Module_clockSetFrequency             
43c10bf7  _outbyte                             
43c10c2d  Bootloader_BootImageInfo_init        
43c10c61  Bootloader_socOpenFirewalls          
43c10c95  ClockP_start                         
43c10cc9  LPDDR4_EnablePIInitiator             
43c10cfd  LPDDR4_PollCtlIrq                    
43c10d31  System_init                          
43c10d99  clk_set_state                        
43c10dcd  devices_init_rw                      
43c10e34  lseek                                
43c10e69  psc_lookup                           
43c10e9d  psc_lookup_pd                        
43c10ed1  rm_init                              
43c10f04  write                                
43c10f39  Bootloader_xmodemReceive             
43c10f6b  Bootloader_xmodemTransmit            
43c10f9d  SemaphoreP_post                      
43c10fcf  UART_getHandle                       
43c11001  device_set_retention                 
43c11065  clk_get_freq                         
43c11095  clk_get_parent_freq                  
43c110c5  trace_debug_uart                     
43c110f5  Module_clockDisable                  
43c11123  Module_clockEnable                   
43c11181  Sciclient_flush                      
43c111ad  boardcfg_memcpy_rm                   
43c111d9  clk_get_div                          
43c1130d  crc16_ccitt                          
43c11391  lpsc_module_get_state                
43c113bd  query_fw_caps_handler                
43c1143d  Bootloader_socRprcToCslCoreId        
43c114b5  Udma_chGetCqRingHandle               
43c114dd  Udma_chGetFqRingHandle               
43c11504  __aeabi_llsl                         
43c11504  __ashldi3                            
43c1152c  __aeabi_llsr                         
43c1152c  __lshrdi3                            
43c11555  clk_value_get_freq                   
43c1157d  lpsc_module_idx                      
43c115cd  rm_ia_validate_vint                  
43c115f5  rm_ir_is_managed_resasg_utype        
43c1161d  rm_ir_validate_output                
43c11695  Bootloader_socIsMCUResetIsoEnabled   
43c116bb  ClockP_sleep                         
43c1179f  GTC_setFID                           
43c117c5  Sciclient_waitThread                 
43c117e8  __aeabi_uldivmod                     
43c1180d  boardcfg_get_rm_devgrp               
43c11879  device_prepare_exclusive             
43c1189d  device_suspend                       
43c118c1  dmsc_init                            
43c118e5  psc_pd_idx                           
43c11909  rm_ia_vint_get_info                  
43c1192d  rm_irq_init                          
43c11999  vprintf_                             
43c119bd  ClockP_deinit                        
43c119df  Pinmux_init                          
43c11a01  clk_ssc_allow                        
43c11a23  device_clk_set_input_term            
43c11a67  osal_delay                           
43c11acd  Bootloader_socGetCoreName            
43c11aed  DebugP_logZoneEnable                 
43c11b0d  Sciclient_query_fw_caps_handler      
43c11b2d  System_deinit                        
43c11b4d  TimerP_Params_init                   
43c11b6d  clk_ssc_block                        
43c11bcd  Drivers_close                        
43c11beb  device_resource_mem                  
43c11c27  sys_reset_handler                    
43c11c45  u32map_get                           
43c11c63  Bootloader_JumpSelfCpu               
43c11c7f  Bootloader_socCpuGetClkDefault       
43c11c9b  Bootloader_socIsAuthRequired         
43c11cd5  Sciclient_readThread32               
43c11cf1  _system_pre_init                     
43c11d29  notifier_call                        
43c11d61  sleep_modes_register                 
43c11d98  TI_memcpy_small                      
43c11db5  UART_deinit                          
43c11dcf  UART_readInterruptDma                
43c11de9  UART_writeInterruptDma               
43c11e1d  LPDDR4_Init                          
43c11e35  boardcfg_get_rm_resasg_size          
43c11e7d  dev_get_clk                          
43c11eac  TI_memset_small                      
43c11ec5  clk_div_get_freq                     
43c11ef1  device_clk_set_freq                  
43c11f09  Sciclient_readThreadCount            
43c11f1d  Sciclient_verifyThread               
43c11f31  boardcfg_get_rm_resasg               
43c11f59  device_clk_get_freq_change           
43c11f6d  device_clk_get_input_term            
43c11f81  device_clk_get_ssc                   
43c11f95  device_clk_get_sw_gated              
43c11fa9  rm_core_unmap_region                 
43c11fd1  system_reset                         
43c11fe5  CSL_emifClearECCInterruptStatus      
43c11ff7  CSL_emifEnableECCInterrupts          
43c12009  GTC_init                             
43c1201b  TimerP_clearOverflowInt              
43c1202d  Bootloader_close                     
43c1203d  Bootloader_isCorePresent             
43c1204d  ClockP_ticksToUsec                   
43c1205d  LPDDR4_Probe                         
43c1206d  Sciclient_threadStatusReg            
43c1208c  __aeabi_memset                       
43c1208c  __aeabi_memset4                      
43c1208c  __aeabi_memset8                      
43c1209d  device_clk_query_freq                
43c120bd  pm_devgroup_is_enabled               
43c120cd  pm_devgroup_set_enabled              
43c120dc  putchar                              
43c120ed  rm_core_map_region                   
43c120fd  Bootloader_socCpuSetEntryPoint       
43c1210b  Dpl_deinit                           
43c12119  GTC_enable                           
43c12127  PowerClock_init                      
43c12135  Bootloader_Params_init               
43c12141  Bootloader_socSelfCPUjump            
43c1214d  ClockP_getTicks                      
43c12159  DDR_ResetDDR_PLL                     
43c12164  __aeabi_memclr                       
43c12164  __aeabi_memclr4                      
43c12164  __aeabi_memclr8                      
43c12171  device_prepare_nonexclusive          
43c1217c  malloc                               
43c12189  sys_reset_handler_register           
43c12195  trace_reconfigure                    
43c121ad  Bootloader_socGetSBLMem              
43c121b7  Bootloader_socIsSmpEnable            
43c121c1  CSL_secProxyGetDataAddr              
43c121cb  ClockP_Params_init                   
43c121d5  ClockP_isActive                      
43c121df  TimerP_start                         
43c121e9  TimerP_stop                          
43c121f3  clk_notify_children_freq             
43c12239  SOC_moduleGetClockFrequency          
43c12249  clk_freq_change_allow                
43c12251  clk_freq_change_block                
43c12259  lpsc_module_get                      
43c12261  lpsc_module_get_module_reset         
43c12269  lpsc_module_put                      
43c12271  lpsc_module_ret_get                  
43c12279  lpsc_module_ret_put                  
43c12281  rm_core_param_is_valid               
43c12288  C$$EXIT                              
43c12288  abort                                
43c12297  CPS_UncachedRead32                   
43c1229b  CPS_UncachedWrite32                  
43c1229f  ClockP_getTimerCount                 
43c122a3  ClockP_timerClearOverflowInt         
43c122a7  Drivers_open                         
43c122b3  PowerClock_deinit                    
43c122b7  TimerP_getCount                      
43c122bb  TimerP_getReloadCount                
43c122bf  Udma_defaultVirtToPhyFxn             
43c122c4  __aeabi_memcpy                       
43c122c4  __aeabi_memcpy4                      
43c122c4  __aeabi_memcpy8                      
43c122c8  _nop                                 
43c122d0  __aeabi_ldiv0                        
43c122e5  device_clk_get_hw_ssc                
43c122e8  fseek                                
43c122f1  putchar_                             
43c122f4  remove                               
43c122f9  rm_udmap_flow_size_thresh_cfg        
43c122fd  soc_device_init_complete             
43c12301  trace_debug                          
43c13bb1  HwiP_enableInt                       
43c13bd9  HwiP_disableInt                      
43c13c0b  HwiP_restoreInt                      
43c13c61  HwiP_clearInt                        
43c13c81  HwiP_post                            
43c13ca9  HwiP_Params_init                     
43c13cbb  HwiP_construct                       
43c13e05  HwiP_destruct                        
43c13ed7  HwiP_init                            
43c13fa7  HwiP_inISR                           
43c13fb9  HwiP_irq_handler_c                   
43c1403f  HwiP_fiq_handler                     
43c140f3  HwiP_reserved_handler                
43c14121  HwiP_undefined_handler               
43c1414f  HwiP_svc_handler                     
43c1417d  HwiP_prefetch_abort_handler          
43c141ab  HwiP_data_abort_handler              
43c141d8  HwiP_irq_handler                     
43c14250  HwiP_disable                         
43c14260  HwiP_disableFIQ                      
43c14270  HwiP_enable                          
43c14280  HwiP_enableFIQ                       
43c14290  HwiP_restore                         
43c14298  HwiP_enableVIC                       
43c142a8  HwiP_disableVIC                      
43c142b8  HwiP_getCPSR                         
43c142c8  CacheP_disableL1d                    
43c142f0  CacheP_disableL1p                    
43c14308  CacheP_enableL1d                     
43c14320  CacheP_enableL1p                     
43c14338  CacheP_invL1d                        
43c14370  CacheP_invL1p                        
43c143ac  CacheP_invL1dAll                     
43c143b4  CacheP_invL1pAll                     
43c143bc  CacheP_wb                            
43c143f8  CacheP_wbInv                         
43c14434  CacheP_wbAll                         
43c144dc  CacheP_wbInvAll                      
43c144f4  CacheP_wbInvAllAsm                   
43c14594  CacheP_getEnabled                    
43c145cc  CacheP_getCacheLevelInfo             
43c145d8  CacheP_configForceWrThru             
43c145f8  CacheP_setDLFO                       
43c14609  CacheP_init                          
43c14661  CacheP_disable                       
43c1469b  CacheP_enable                        
43c146bb  CacheP_inv                           
43c146f9  MpuP_RegionAttrs_init                
43c14707  MpuP_setRegion                       
43c147b5  MpuP_isEnable                        
43c147b9  MpuP_disable                         
43c147eb  MpuP_enable                          
43c14829  MpuP_resetRegion                     
43c14833  MpuP_init                            
43c148b0  MpuP_disableAsm                      
43c148c8  MpuP_disableBRAsm                    
43c148d8  MpuP_enableAsm                       
43c148f0  MpuP_enableBRAsm                     
43c14900  MpuP_isEnableAsm                     
43c14914  MpuP_setRegionAsm                    
43c14940  _c_int00_sbl                         
43c14964  _c_int00                             
43c14a3d  _DebugP_assertNoLog                  
43c14a5b  __mpu_init                           
43c14a68  DDRSS_phyReg                         
43c14a68  gUartDmaConfig                       
43c163e0  DDRSS_ctlReg                         
43c16aac  DDRSS_phyIndepReg                    
43c1714c  DDRSS_phyRegNum                      
43c177c2  DDRSS_ctlRegNum                      
43c17b28  DDRSS_phyIndepRegNum                 
43c17e78  resasg_indexer                       
43c180b4  ra_inst                              
43c18254  udmap_inst                           
43c183bc  _ftable                              
43c184ac  gAddrTranslateInfo                   
43c1858c  gCoreBootInfo                        
43c1864c  ia_inst                              
43c187a0  gMpuRegionConfig                     
43c18830  _device                              
43c188a8  ir_inst                              
43c1891c  gSciclientHandle                     
43c18978  gUartParams                          
43c189cc  _stream                              
43c18a64  __TI_ft_end                          
43c18aa0  gBootloaderConfig                    
43c18ac0  gBootloaderUdmaArgs                  
43c18ae0  gMemBootloaderConfig                 
43c18b00  gSciclientRomSecProxyCfg             
43c18b20  gSciclient_secProxyCfg               
43c18b40  gBootloaderMemFxns                   
43c18b58  gClockConfig                         
43c18b88  gSocModulesClockFrequency            
43c18bb8  gResMemSection                       
43c18bdc  gBootloader0Args                     
43c18bec  gMemBootloaderArgs                   
43c18bfc  gSocModules                          
43c18c0c  _lock                                
43c18c10  gAddrTranslateConfig                 
43c18c1c  gMpuConfig                           
43c18c28  gUartConfig                          
43c18c34  __TI_cleanup_ptr                     
43c18c38  __TI_dtors_ptr                       
43c18c4c  gCacheConfig                         
43c18c54  _unlock                              
43c18c98  socCpuCores                          
43c18ca0  gBootloaderConfigNum                 
43c18ca4  gDebugLogZone                        
43c18ca8  gEndOfFilesTransferWord              
43c18cac  gHwiConfig                           
43c18cb0  gUartConfigNum                       
43c18cb4  gUartDmaConfigNum                    
43c18cb8  operatingMode                        
43c18cbc  pSciclient_secProxyCfg               
43c18ccc  selfcoreEntry                        
43c18cf0  soc_clock_data                       
43c19d30  soc_device_data_arr                  
43c1a2c4  soc_pll_table                        
43c1a5a6  soc_host_indexes                     
43c1a6a4  gSciclientMap                        
43c1a810  soc_clock_freq_defaults              
43c1a955  soc_host_indexes_sz                  
43c1aa58  gSOC_r5fVectors                      
43c1aaa0  soc_devgroups                        
43c1abf4  ia_soc_pe_init_list                  
43c1ac68  irq_global_event_types               
43c1b244  soc_clock_ranges                     
43c1b2bc  clk_drv_div_pll_16fft_hsdiv          
43c1b2e0  clk_drv_div_pll_16fft_postdiv        
43c1b304  clk_drv_div_reg                      
43c1b328  clk_drv_div_reg_go                   
43c1b4a0  clk_drv_mux_reg                      
43c1b4c0  clk_drv_pllctrl_mux_reg_ro           
43c1b500  soc_fw_caps                          
43c1b760  clk_drv_fixed                        
43c1b778  clk_drv_from_device                  
43c1b790  clk_drv_pll_16fft                    
43c1b7a8  clk_drv_soc_hfosc0                   
43c1b7c0  clk_drv_soc_lfosc0                   
43c1c2d0  psc_drv                              
43c1c6c4  gcSciclientDirectExtBootX509MagicWord
43c1c6d4  evt_rt_srcs                          
43c1c940  evt_rt_srcs_count                    
43c1c944  gCacheL1dCacheLineSize               
43c1c948  gCacheL1pCacheLineSize               
43c1c970  ra_inst_count                        
43c1c974  soc_clock_count                      
43c1c978  soc_devgroup_count                   
43c1c97c  soc_device_count                     
43c1c980  soc_psc_multiple_domains             
43c1c990  udmap_inst_count                     
43c1ca00  gSciclient_boardCfgLow               
43c1ca80  gSciclient_boardCfgLow_rm            
43c1d780  gSciclient_boardCfgLow_sec           
43c1d900  gSciclient_boardCfgLow_pm            
43c1d980  _sys_memory                          
43c25980  __stack                              
43c29980  __BSS_START                          
43c29980  __STACK_END                          
43c29980  gHwiCtrl                             
43c2b430  soc_clocks                           
43c2b840  soc_devices                          
43c2be54  soc_clock_values                     
43c2c158  _CIOBUF_                             
43c2c158  __CIOBUF_                            
43c2c330  __TI_tmpnams                         
43c2c3d0  bootCpuInfo                          
43c2c470  _freertosresetvectors                
43c2c4b0  gClockCtrl                           
43c2c50c  parmbuf                              
43c2c538  bootHandle                           
43c2c53c  gUartHandle                          
43c2c548  __BSS_END                            
43c2c548  __IRQ_STACK_START                    
43c2d548  __FIQ_STACK_START                    
43c2d548  __IRQ_STACK_END                      
43c2d648  __FIQ_STACK_END                      
43c2d648  __SVC_STACK_START                    
43c2d748  __ABORT_STACK_START                  
43c2d748  __SVC_STACK_END                      
43c2d848  __ABORT_STACK_END                    
43c2d848  __UNDEFINED_STACK_START              
43c2d948  __UNDEFINED_STACK_END                
84000000  gAppImageBuf                         
ffffffff  __TI_pprof_out_hndl                  
ffffffff  __TI_prof_data_size                  
ffffffff  __TI_prof_data_start                 
ffffffff  __binit__                            
ffffffff  binit                                
UNDEFED   __TI_CINIT_Base                      
UNDEFED   __TI_CINIT_Limit                     
UNDEFED   __TI_Handler_Table_Base              
UNDEFED   __TI_Handler_Table_Limit             
UNDEFED   _system_post_cinit                   

[646 symbols]
