******************************************************************************
            TI ARM Clang Linker Unix v3.2.2                    
******************************************************************************
>> Linked Thu Mar 28 04:40:16 2024

OUTPUT FILE NAME:   <sbl_uart.release.out>
ENTRY POINT SYMBOL: "_vectors_sbl"  address: 43c00040


MEMORY CONFIGURATION

         name            origin    length      used     unused   attr    fill
----------------------  --------  ---------  --------  --------  ----  --------
  HSM_RAM_VECS          43c00000   00000100  00000080  00000080  RWIX
  HSM_RAM               43c00100   0003c700  0002db48  0000ebb8  RWIX
  DDR                   84000000   40000000  40000000  00000000  RWIX


SEGMENT ALLOCATION MAP

run origin  load origin   length   init length attrs members
----------  ----------- ---------- ----------- ----- -------
43c00000    43c00000    00000080   00000080    r-x
  43c00000    43c00000    00000080   00000080    r-x .vectors
43c00100    43c00100    00014c40   00014c40    r-x
  43c00100    43c00100    000124c0   000124c0    r-x .text
  43c125c0    43c125c0    00001870   00001870    r-- .const
  43c13e30    43c13e30    00000718   00000718    r-x .text.hwi
  43c14548    43c14548    00000488   00000488    r-x .text.cache
  43c149d0    43c149d0    00000248   00000248    r-x .text.mpu
  43c14c18    43c14c18    00000128   00000128    r-x .text.boot
43c14d40    43c14d40    000042b8   000042b8    rw-
  43c14d40    43c14d40    000042b8   000042b8    rw- .data
43c18ff8    43c18ff8    00003cb0   00003cb0    r--
  43c18ff8    43c18ff8    00003cb0   00003cb0    r-- .rodata
43c1cd00    43c1cd00    00000f80   00000f80    r--
  43c1cd00    43c1cd00    00000f80   00000f80    r-- .boardcfg_data
43c1dc80    43c1dc80    0000ebc8   00000000    rw-
  43c1dc80    43c1dc80    00008000   00000000    rw- .sysmem
  43c25c80    43c25c80    00004000   00000000    rw- .stack
  43c29c80    43c29c80    00002bc8   00000000    rw- .bss
43c2c848    43c2c848    00001400   00000000    r--
  43c2c848    43c2c848    00001000   00000000    r-- .irqstack
  43c2d848    43c2d848    00000100   00000000    r-- .fiqstack
  43c2d948    43c2d948    00000100   00000000    r-- .svcstack
  43c2da48    43c2da48    00000100   00000000    r-- .abortstack
  43c2db48    43c2db48    00000100   00000000    r-- .undefinedstack


SECTION ALLOCATION MAP

 output                                  attributes/
section   page    origin      length       input sections
--------  ----  ----------  ----------   ----------------
.vectors   0    43c00000    00000080     
                  43c00000    00000040     nortos.am62ax.r5f.ti-arm-clang.release.lib : HwiP_armv7r_vectors_nortos_asm.obj (.vectors)
                  43c00040    00000040                                                : HwiP_armv7r_vectors_nortos_sbl_asm.obj (.vectors)

.text      0    43c00100    000124c0     
                  43c00100    00000740     rm_pm_hal_sbl.am62ax.r5f.ti-arm-clang.release.lib : pll.obj (.text.pll_calc)
                  43c00840    0000062c                                                       : rm_udmap.obj (.text.rm_udmap_tx_ch_cfg)
                  43c00e6c    000005c4                                                       : rm_udmap.obj (.text.rm_udmap_rx_ch_cfg)
                  43c01430    00000598     nortos.am62ax.r5f.ti-arm-clang.release.lib : printf.obj (.text._vsnprintf)
                  43c019c8    00000502     drivers.am62ax.dm-r5f.ti-arm-clang.release.lib : ddr.obj (.text.DDR_init)
                  43c01eca    000004f2                                                    : uart_v0.obj (.text.UART_open)
                  43c023bc    0000043c     rm_pm_hal_sbl.am62ax.r5f.ti-arm-clang.release.lib : rm_ra.obj (.text.rm_ra_cfg)
                  43c027f8    00000398     nortos.am62ax.r5f.ti-arm-clang.release.lib : printf.obj (.text._ftoa)
                  43c02b90    00000010     drivers.am62ax.dm-r5f.ti-arm-clang.release.lib : bootloader.obj (.text.Bootloader_close)
                  43c02ba0    00000390     libc.a : strcmp32.S.obj (.text:strcmp)
                  43c02f30    00000388     rm_pm_hal_sbl.am62ax.r5f.ti-arm-clang.release.lib : psc.obj (.text.lpsc_module_sync_state)
                  43c032b8    0000031c     sciclient_direct_sbl.am62ax.r5f.ti-arm-clang.release.lib : sciclient.obj (.text.Sciclient_serviceSecureProxy)
                  43c035d4    00000004     ti_board_open_close.obj (.text.Board_driversOpen)
                  43c035d8    00000310     nortos.am62ax.r5f.ti-arm-clang.release.lib : printf.obj (.text._etoa)
                  43c038e8    000002e8     rm_pm_hal_sbl.am62ax.r5f.ti-arm-clang.release.lib : rm_udmap.obj (.text.rm_udmap_flow_cfg)
                  43c03bd0    00000298                                                       : clk_pll_16fft.obj (.text.clk_pll_16fft_init)
                  43c03e68    00000292     drivers.am62ax.dm-r5f.ti-arm-clang.release.lib : bootloader_soc.obj (.text.Bootloader_socCpuResetRelease)
                  43c040fa    00000292     rm_pm_hal_sbl.am62ax.r5f.ti-arm-clang.release.lib : pll.obj (.text.pll_consider)
                  43c0438c    00000290     drivers.am62ax.dm-r5f.ti-arm-clang.release.lib : uart_v0.obj (.text.UART_read)
                  43c0461c    00000280     rm_pm_hal_sbl.am62ax.r5f.ti-arm-clang.release.lib : clk_div.obj (.text.clk_div_set_freq)
                  43c0489c    0000027c                                                       : clk_pll_16fft.obj (.text.clk_pll_16fft_hsdiv_set_freq)
                  43c04b18    00000268     drivers.am62ax.dm-r5f.ti-arm-clang.release.lib : uart_v0.obj (.text.UART_masterIsr)
                  43c04d80    0000024a                                                    : bootloader.obj (.text.Bootloader_verifyMulticoreImage)
                  43c04fca    00000002     ti_board_config.obj (.text.Board_deinit)
                  43c04fcc    00000248     rm_pm_hal_sbl.am62ax.r5f.ti-arm-clang.release.lib : device_clk.obj (.text.dev_clk_set_freq)
                  43c05214    00000224                                                       : rm_irq.obj (.text.rm_irq_release)
                  43c05438    00000206     drivers.am62ax.dm-r5f.ti-arm-clang.release.lib : xmodem.obj (.text.xmodemReceive)
                  43c0563e    00000200     main.obj (.text.App_loadImages)
                  43c0583e    00000002     ti_board_config.obj (.text.Board_init)
                  43c05840    00000200     rm_pm_hal_sbl.am62ax.r5f.ti-arm-clang.release.lib : device.obj (.text.devices_init)
                  43c05a40    000001fe     drivers.am62ax.dm-r5f.ti-arm-clang.release.lib : uart_v0.obj (.text.UART_write)
                  43c05c3e    00000002                                                    : ddr_soc.obj (.text.DDR_socEnableVttRegulator)
                  43c05c40    000001fc     rm_pm_hal_sbl.am62ax.r5f.ti-arm-clang.release.lib : rm_irq.obj (.text.rm_irq_set)
                  43c05e3c    000001f0     sciclient_direct_sbl.am62ax.r5f.ti-arm-clang.release.lib : sciclient_direct.obj (.text.Sciclient_service)
                  43c0602c    000001f0     drivers.am62ax.dm-r5f.ti-arm-clang.release.lib : xmodem.obj (.text.xmodemTransmit)
                  43c0621c    000001d6                                                    : bootloader_soc.obj (.text.Bootloader_socCpuPowerOnResetR5f)
                  43c063f2    00000002                                                    : bootloader_mem.obj (.text.Mem_imgClose)
                  43c063f4    000001d0     sciclient_direct_sbl.am62ax.r5f.ti-arm-clang.release.lib : sciclient.obj (.text.Sciclient_init)
                  43c065c4    000001c0     nortos.am62ax.r5f.ti-arm-clang.release.lib : TimerP.obj (.text.TimerP_setup)
                  43c06784    000001b4     libc.a : memory.c.obj (.text.aligned_alloc)
                  43c06938    000001b0            : memory.c.obj (.text.free)
                  43c06ae8    000001b0     rm_pm_hal_sbl.am62ax.r5f.ti-arm-clang.release.lib : psc.obj (.text.psc_pre_init)
                  43c06c98    000001a8                                                       : clk_pll_16fft.obj (.text.clk_pll_16fft_program_freq)
                  43c06e40    000001a2     drivers.am62ax.dm-r5f.ti-arm-clang.release.lib : ddr_soc.obj (.text.DDR_programPLL)
                  43c06fe2    00000002     nortos.am62ax.r5f.ti-arm-clang.release.lib : SemaphoreP_nortos.obj (.text.SemaphoreP_destruct)
                  43c06fe4    00000164     rm_pm_hal_sbl.am62ax.r5f.ti-arm-clang.release.lib : rm_udmap.obj (.text.rm_udmap_gcfg_cfg)
                  43c07148    0000015c                                                       : device_process.obj (.text.set_device_handler)
                  43c072a4    0000015a                                                       : rm_ir.obj (.text.rm_ir_configure)
                  43c073fe    00000152     nortos.am62ax.r5f.ti-arm-clang.release.lib : printf.obj (.text._ntoa_format)
                  43c07550    0000014c     sciclient_direct_sbl.am62ax.r5f.ti-arm-clang.release.lib : uart_print.obj (.text.UART_printf)
                  43c0769c    00000148     rm_pm_hal_sbl.am62ax.r5f.ti-arm-clang.release.lib : clk.obj (.text.clk_init)
                  43c077e4    00000146     sciclient_direct_sbl.am62ax.r5f.ti-arm-clang.release.lib : sciclient_direct.obj (.text.Sciclient_ProcessPmMessage)
                  43c0792a    00000146     drivers.am62ax.dm-r5f.ti-arm-clang.release.lib : uart_v0.obj (.text.UART_close)
                  43c07a70    00000144     libc.a : setvbuf.c.obj (.text.setvbuf)
                  43c07bb4    00000134     drivers.am62ax.dm-r5f.ti-arm-clang.release.lib : bootloader.obj (.text.Bootloader_parseMultiCoreAppImage)
                  43c07ce8    00000134     rm_pm_hal_sbl.am62ax.r5f.ti-arm-clang.release.lib : rm_ra.obj (.text.ra_get_ring_evt)
                  43c07e1c    00000134                                                       : rm_ra.obj (.text.ra_set_ring_evt)
                  43c07f50    00000132     drivers.am62ax.dm-r5f.ti-arm-clang.release.lib : soc.obj (.text.SOC_moduleSetClockFrequency)
                  43c08082    00000002     nortos.am62ax.r5f.ti-arm-clang.release.lib : TaskP_nortos.obj (.text.TaskP_yield)
                  43c08084    0000012c     rm_pm_hal_sbl.am62ax.r5f.ti-arm-clang.release.lib : psc.obj (.text.psc_uninit)
                  43c081b0    00000126     drivers.am62ax.dm-r5f.ti-arm-clang.release.lib : ddr.obj (.text.DDR_isr)
                  43c082d6    00000002     nortos.am62ax.r5f.ti-arm-clang.release.lib : printf.obj (.text._out_null)
                  43c082d8    00000124     rm_pm_hal_sbl.am62ax.r5f.ti-arm-clang.release.lib : clk_pll_16fft.obj (.text.clk_pll_16fft_get_freq)
                  43c083fc    00000122                                                       : rm_udmap.obj (.text.udmap_oes_index_validate)
                  43c0851e    00000120     drivers.am62ax.dm-r5f.ti-arm-clang.release.lib : lpddr4_am6x.obj (.text.LPDDR4_CheckCtlInterrupt)
                  43c0863e    00000002     rm_pm_hal_sbl.am62ax.r5f.ti-arm-clang.release.lib : ioremap.obj (.text.ioremap_internal)
                  43c08640    00000120                                                       : rm_udmap.obj (.text.udmap_get_ch_evt)
                  43c08760    0000011e     drivers.am62ax.dm-r5f.ti-arm-clang.release.lib : bootloader_dma.obj (.text.BootloaderDma_submitTR)
                  43c0887e    00000002     rm_pm_hal_sbl.am62ax.r5f.ti-arm-clang.release.lib : mmr_lock.obj (.text.mmr_lock_all)
                  43c08880    0000011c                                                       : clk_pll_16fft.obj (.text.clk_pll_16fft_internal_set_freq)
                  43c0899c    00000118     libclang_rt.builtins.a : udivmoddi4.S.obj (.text)
                  43c08ab4    00000116     drivers.am62ax.dm-r5f.ti-arm-clang.release.lib : bootloader_soc.obj (.text.Bootloader_socCpuPowerOnResetHSMM4f)
                  43c08bca    00000112                                                    : bootloader.obj (.text.Bootloader_rprcImageLoad)
                  43c08cdc    00000112                                                    : lpddr4_am6x.obj (.text.LPDDR4_AckCtlInterrupt)
                  43c08dee    0000010e                                                    : bootloader_dma.obj (.text.Bootloader_dmaCopy)
                  43c08efc    0000010c     main.obj (.text.main)
                  43c09008    0000010c     rm_pm_hal_sbl.am62ax.r5f.ti-arm-clang.release.lib : rm_core.obj (.text.rm_core_get_resource_range)
                  43c09114    0000010c                                                       : rm_ia.obj (.text.rm_ia_vint_map)
                  43c09220    00000104                                                       : device_clk.obj (.text.device_clk_get_parent)
                  43c09324    00000100     sciclient_direct_sbl.am62ax.r5f.ti-arm-clang.release.lib : sciclient_direct.obj (.text.Sciclient_ProcessRmMessage)
                  43c09424    000000fc     nortos.am62ax.r5f.ti-arm-clang.release.lib : ClockP_nortos_r5.obj (.text.ClockP_init)
                  43c09520    000000f8     rm_pm_hal_sbl.am62ax.r5f.ti-arm-clang.release.lib : rm_udmap.obj (.text.udmap_set_ch_evt)
                  43c09618    000000f4     libc.a : fputc.c.obj (.text.fputc)
                  43c0970c    000000f4     rm_pm_hal_sbl.am62ax.r5f.ti-arm-clang.release.lib : rm_ia.obj (.text.rm_ia_init)
                  43c09800    000000f2                                                       : rm_ia.obj (.text.rm_ia_vint_unmap)
                  43c098f2    00000002                                                       : map.obj (.text.u32_get_bytes)
                  43c098f4    000000ec                                                       : clk_div.obj (.text.clk_div_notify_freq)
                  43c099e0    000000ec                                                       : psc.obj (.text.psc_pd_get)
                  43c09acc    000000e8                                                       : rm_udmap.obj (.text.rm_udmap_is_managed_resasg_utype)
                  43c09bb4    000000e6                                                       : rm_ia.obj (.text.ia_validate_evt)
                  43c09c9a    00000002     --HOLE-- [fill = 0]
                  43c09c9c    000000e0                                                       : clk.obj (.text.clk_set_freq)
                  43c09d7c    000000e0                                                       : device_clk.obj (.text.device_clk_set_gated)
                  43c09e5c    000000e0                                                       : psc.obj (.text.lpsc_module_wait)
                  43c09f3c    000000dc                                                       : rm_ra.obj (.text.rm_ra_mon_cfg)
                  43c0a018    000000d0                                                       : rm_ia.obj (.text.ia_set_oes_evt)
                  43c0a0e8    000000d0                                                       : psc.obj (.text.lpsc_module_put_internal)
                  43c0a1b8    000000d0                                                       : psc.obj (.text.psc_pd_put)
                  43c0a288    000000d0                                                       : rm_udmap.obj (.text.rm_udmap_flow_delegate)
                  43c0a358    000000cc     drivers.am62ax.dm-r5f.ti-arm-clang.release.lib : bootloader_soc.obj (.text.Bootloader_socCpuPowerOnResetC7x)
                  43c0a424    000000cc     rm_pm_hal_sbl.am62ax.r5f.ti-arm-clang.release.lib : clk_pll_16fft.obj (.text.clk_pll_16fft_wait_for_lock)
                  43c0a4f0    000000cc                                                       : clock.obj (.text.get_clock_handler)
                  43c0a5bc    000000ca                                                       : rm_ia.obj (.text.ia_get_oes_evt)
                  43c0a686    00000002     --HOLE-- [fill = 0]
                  43c0a688    000000c8     libc.a : getdevice.c.obj (.text.getdevice)
                  43c0a750    000000c8     rm_pm_hal_sbl.am62ax.r5f.ti-arm-clang.release.lib : clock.obj (.text.query_freq_handler)
                  43c0a818    000000c4                                                       : clk_div.obj (.text.clk_div_set_freq_static_parent)
                  43c0a8dc    000000c4                                                       : device_clk.obj (.text.device_clk_set_parent)
                  43c0a9a0    000000c0                                                       : clk_mux.obj (.text.clk_set_parent)
                  43c0aa60    000000c0                                                       : psc.obj (.text.psc_post_init)
                  43c0ab20    000000c0                                                       : clock.obj (.text.set_clock_handler)
                  43c0abe0    000000bc     sciclient_direct_sbl.am62ax.r5f.ti-arm-clang.release.lib : sciclient_pm.obj (.text.Sciclient_pmQueryModuleClkFreq)
                  43c0ac9c    000000bc     rm_pm_hal_sbl.am62ax.r5f.ti-arm-clang.release.lib : rm_core.obj (.text.rm_core_resasg_validate_resource)
                  43c0ad58    000000bc                                                       : clock.obj (.text.set_freq_handler)
                  43c0ae14    000000bc                                                       : device_psc.obj (.text.soc_device_init)
                  43c0aed0    000000b8     drivers.am62ax.dm-r5f.ti-arm-clang.release.lib : bootloader_soc.obj (.text.Bootloader_socOpenFirewalls)
                  43c0af88    000000b8     sciclient_direct_sbl.am62ax.r5f.ti-arm-clang.release.lib : sciclient_direct.obj (.text.Sciclient_boardCfgParseHeader)
                  43c0b040    000000b8     drivers.am62ax.dm-r5f.ti-arm-clang.release.lib : uart_v0.obj (.text.UART_divisorLatchWrite)
                  43c0b0f8    000000b8                                                    : uart_v0.obj (.text.UART_flushTxFifo)
                  43c0b1b0    000000b6     rm_pm_hal_sbl.am62ax.r5f.ti-arm-clang.release.lib : map.obj (.text.map_add)
                  43c0b266    000000b6                                                       : div64.obj (.text.pm_div64)
                  43c0b31c    000000b4     libc.a : fclose.c.obj (.text.__TI_closefile)
                  43c0b3d0    000000b4     rm_pm_hal_sbl.am62ax.r5f.ti-arm-clang.release.lib : clk_div.obj (.text.clk_div_reg_go_set_div)
                  43c0b484    000000b4     libc.a : fseek.c.obj (.text.fseeko)
                  43c0b538    000000b4     rm_pm_hal_sbl.am62ax.r5f.ti-arm-clang.release.lib : init.obj (.text.pm_init)
                  43c0b5ec    000000b0     nortos.am62ax.r5f.ti-arm-clang.release.lib : printf.obj (.text._ntoa_long_long)
                  43c0b69c    000000b0     rm_pm_hal_sbl.am62ax.r5f.ti-arm-clang.release.lib : rm_ra.obj (.text.rm_ra_init)
                  43c0b74c    00000004     drivers.am62ax.dm-r5f.ti-arm-clang.release.lib : bootloader_soc.obj (.text.Bootloader_socWaitForFWBoot)
                  43c0b750    000000ae     sciclient_direct_sbl.am62ax.r5f.ti-arm-clang.release.lib : sciclient_direct.obj (.text.boardcfgRmFindCertSize)
                  43c0b7fe    00000002     --HOLE-- [fill = 0]
                  43c0b800    000000ac     rm_pm_hal_sbl.am62ax.r5f.ti-arm-clang.release.lib : psc.obj (.text.lpsc_module_get_internal)
                  43c0b8ac    000000ac                                                       : rm_udmap.obj (.text.rm_udmap_init)
                  43c0b958    000000aa     sciclient_direct_sbl.am62ax.r5f.ti-arm-clang.release.lib : sciclient_pm.obj (.text.Sciclient_pmSetModuleClkFreq)
                  43c0ba02    000000aa     drivers.am62ax.dm-r5f.ti-arm-clang.release.lib : uart_v0.obj (.text.UART_procLineStatusErr)
                  43c0baac    000000a8     rm_pm_hal_sbl.am62ax.r5f.ti-arm-clang.release.lib : rm_udmap.obj (.text.udmap_check_index_range)
                  43c0bb54    000000a6     nortos.am62ax.r5f.ti-arm-clang.release.lib : printf.obj (.text._out_rev)
                  43c0bbfa    00000002     --HOLE-- [fill = 0]
                  43c0bbfc    000000a4     rm_pm_hal_sbl.am62ax.r5f.ti-arm-clang.release.lib : boardcfg-user.obj (.text.boardcfg_rm_receive_and_validate)
                  43c0bca0    000000a4     libc.a : memory.c.obj (.text.split)
                  43c0bd44    000000a0     libsysbm.a : hostrename.c.obj (.text.HOSTrename)
                  43c0bde4    000000a0     rm_pm_hal_sbl.am62ax.r5f.ti-arm-clang.release.lib : device_prepare.obj (.text.device_prepare)
                  43c0be84    000000a0                                                       : device_process.obj (.text.get_device_handler)
                  43c0bf24    000000a0                                                       : rm_core.obj (.text.rm_core_init)
                  43c0bfc4    000000a0                                                       : rm_ra.obj (.text.rm_ra_validate_ring_index)
                  43c0c064    0000009e                                                       : rm_udmap.obj (.text.udmap_check_flow_index)
                  43c0c102    00000002     --HOLE-- [fill = 0]
                  43c0c104    0000009c     libc.a : _io_perm.c.obj (.text.__TI_wrt_ok)
                  43c0c1a0    0000009c     rm_pm_hal_sbl.am62ax.r5f.ti-arm-clang.release.lib : clk.obj (.text.clk_generic_set_freq_parent)
                  43c0c23c    0000009c                                                       : clk_pll_16fft.obj (.text.clk_pll_16fft_set_freq)
                  43c0c2d8    0000009c                                                       : rm_ir.obj (.text.rm_ir_clear)
                  43c0c374    0000009a     drivers.am62ax.dm-r5f.ti-arm-clang.release.lib : ddr.obj (.text.DDR_primeMem)
                  43c0c40e    00000002     --HOLE-- [fill = 0]
                  43c0c410    00000098     libsysbm.a : hostlseek.c.obj (.text.HOSTlseek)
                  43c0c4a8    00000098     sciclient_direct_sbl.am62ax.r5f.ti-arm-clang.release.lib : sciclient.obj (.text.Sciclient_serviceGetThreadIds)
                  43c0c540    00000096     nortos.am62ax.r5f.ti-arm-clang.release.lib : SemaphoreP_nortos.obj (.text.SemaphoreP_pend)
                  43c0c5d6    00000094     drivers.am62ax.dm-r5f.ti-arm-clang.release.lib : bootloader.obj (.text.Bootloader_getMsgLen)
                  43c0c66a    00000094                                                    : csl_emif.obj (.text.CSL_emifConfig)
                  43c0c6fe    00000002     --HOLE-- [fill = 0]
                  43c0c700    00000094     libsysbm.a : hostopen.c.obj (.text.HOSTopen)
                  43c0c794    00000094     drivers.am62ax.dm-r5f.ti-arm-clang.release.lib : uart_v0.obj (.text.UART_init)
                  43c0c828    00000094     rm_pm_hal_sbl.am62ax.r5f.ti-arm-clang.release.lib : rm_irq.obj (.text.irq_trace_remaining_params)
                  43c0c8bc    00000090     drivers.am62ax.dm-r5f.ti-arm-clang.release.lib : bootloader.obj (.text.Bootloader_loadSelfCpu)
                  43c0c94c    00000090     rm_pm_hal_sbl.am62ax.r5f.ti-arm-clang.release.lib : rm_ir.obj (.text.ir_clear_rom_mapping)
                  43c0c9dc    00000090                                                       : psc.obj (.text.lpsc_module_set_local_reset)
                  43c0ca6c    0000008e     drivers.am62ax.dm-r5f.ti-arm-clang.release.lib : uart_v0.obj (.text.UART_readCancelNoCB)
                  43c0cafa    00000002     --HOLE-- [fill = 0]
                  43c0cafc    0000008c     sciclient_direct_sbl.am62ax.r5f.ti-arm-clang.release.lib : uart_print.obj (.text.UART_convertVal)
                  43c0cb88    0000008c     libc.a : fflush.c.obj (.text.__TI_doflush)
                  43c0cc14    0000008c     nortos.am62ax.r5f.ti-arm-clang.release.lib : printf.obj (.text._ntoa_long)
                  43c0cca0    0000008c     rm_pm_hal_sbl.am62ax.r5f.ti-arm-clang.release.lib : clk_mux.obj (.text.clk_mux_set_parent)
                  43c0cd2c    0000008c     libsysbm.a : close.c.obj (.text.close)
                  43c0cdb8    0000008c     rm_pm_hal_sbl.am62ax.r5f.ti-arm-clang.release.lib : psc.obj (.text.psc_pd_wait)
                  43c0ce44    0000008a                                                       : rm_ra.obj (.text.ra_check_index_range)
                  43c0cece    00000002     --HOLE-- [fill = 0]
                  43c0ced0    00000088                                                       : psc.obj (.text.lpsc_module_set_module_reset)
                  43c0cf58    00000086     drivers.am62ax.dm-r5f.ti-arm-clang.release.lib : bootloader_soc.obj (.text.Bootloader_socCpuSetClock)
                  43c0cfde    00000086     sciclient_direct_sbl.am62ax.r5f.ti-arm-clang.release.lib : sciclient_pm.obj (.text.Sciclient_pmGetModuleClkNumParent)
                  43c0d064    00000086                                                              : sciclient_pm.obj (.text.Sciclient_pmGetModuleClkParent)
                  43c0d0ea    00000002     --HOLE-- [fill = 0]
                  43c0d0ec    00000084     libsysbm.a : hostread.c.obj (.text.HOSTread)
                  43c0d170    00000084                : hostwrite.c.obj (.text.HOSTwrite)
                  43c0d1f4    00000084     sciclient_direct_sbl.am62ax.r5f.ti-arm-clang.release.lib : sciclient_boardcfg.obj (.text.Sciclient_boardCfgPm)
                  43c0d278    00000084                                                              : sciclient_boardcfg.obj (.text.Sciclient_boardCfgRm)
                  43c0d2fc    00000084                                                              : sciclient_pm.obj (.text.Sciclient_pmGetModuleClkFreq)
                  43c0d380    00000084                                                              : sciclient_pm.obj (.text.Sciclient_pmModuleGetClkStatus)
                  43c0d404    00000082                                                              : sciclient_pm.obj (.text.Sciclient_pmGetModuleState)
                  43c0d486    00000002     --HOLE-- [fill = 0]
                  43c0d488    00000080                                                              : sciclient.obj (.text.Sciclient_ISR)
                  43c0d508    00000080                                                              : sciclient_secureproxy.obj (.text.Sciclient_sendMessage)
                  43c0d588    00000080     rm_pm_hal_sbl.am62ax.r5f.ti-arm-clang.release.lib : clk_div.obj (.text.clk_div_reg_set_div)
                  43c0d608    00000080                                                       : clk_pll_16fft.obj (.text.clk_pll_16fft_postdiv_set_freq)
                  43c0d688    00000080                                                       : clock.obj (.text.set_clock_parent_handler)
                  43c0d708    0000007e     sciclient_direct_sbl.am62ax.r5f.ti-arm-clang.release.lib : sciclient_pm.obj (.text.Sciclient_pmModuleClkRequest)
                  43c0d786    0000007e                                                              : sciclient_pm.obj (.text.Sciclient_pmSetModuleClkParent)
                  43c0d804    0000007c     rm_pm_hal_sbl.am62ax.r5f.ti-arm-clang.release.lib : clk.obj (.text.clk_notify_sibling_freq)
                  43c0d880    0000007c                                                       : clk_pll_16fft.obj (.text.clk_pll_16fft_postdiv_set_div)
                  43c0d8fc    0000007c                                                       : clock.obj (.text.get_clock_parent_handler)
                  43c0d978    0000007c                                                       : clock.obj (.text.get_num_clock_parents_handler)
                  43c0d9f4    0000007c                                                       : rm_ra.obj (.text.rm_ra_is_managed_resasg_utype)
                  43c0da70    0000007a                                                       : rm_udmap.obj (.text.udmap_clear_rom_oes)
                  43c0daea    00000002     --HOLE-- [fill = 0]
                  43c0daec    00000078     sciclient_direct_sbl.am62ax.r5f.ti-arm-clang.release.lib : sciclient.obj (.text.Sciclient_servicePrepareHeader)
                  43c0db64    00000078     rm_pm_hal_sbl.am62ax.r5f.ti-arm-clang.release.lib : psc.obj (.text.psc_drop_pwr_up_ref)
                  43c0dbdc    00000074                                                       : clk_dev.obj (.text.clk_from_device_get_state)
                  43c0dc50    00000074                                                       : clk.obj (.text.clk_get)
                  43c0dcc4    00000074                                                       : device_process.obj (.text.set_device_resets_handler)
                  43c0dd38    00000072     drivers.am62ax.dm-r5f.ti-arm-clang.release.lib : bootloader_soc.obj (.text.Bootloader_socCpuPowerOnResetA53)
                  43c0ddaa    00000002     --HOLE-- [fill = 0]
                  43c0ddac    00000070     sciclient_direct_sbl.am62ax.r5f.ti-arm-clang.release.lib : sciclient.obj (.text.Sciclient_configPrmsInit)
                  43c0de1c    00000070     rm_pm_hal_sbl.am62ax.r5f.ti-arm-clang.release.lib : clock.obj (.text.get_freq_handler)
                  43c0de8c    0000006e     drivers.am62ax.dm-r5f.ti-arm-clang.release.lib : ddr_soc.obj (.text.DDR_programHSDIV)
                  43c0defa    0000006e                                                    : lpddr4.obj (.text.LPDDR4_Start)
                  43c0df68    0000006e                                                    : soc.obj (.text.SOC_moduleClockEnable)
                  43c0dfd6    0000006e     rm_pm_hal_sbl.am62ax.r5f.ti-arm-clang.release.lib : rm_core.obj (.text.core_resasg_get_range)
                  43c0e044    0000006c     libsysbm.a : hostunlink.c.obj (.text.HOSTunlink)
                  43c0e0b0    0000006c     rm_pm_hal_sbl.am62ax.r5f.ti-arm-clang.release.lib : device_clk.obj (.text.device_clk_init)
                  43c0e11c    0000006c                                                       : device_clk.obj (.text.get_dev_clk)
                  43c0e188    0000006c                                                       : psc.obj (.text.lpsc_module_set_reset_iso)
                  43c0e1f4    0000006a     drivers.am62ax.dm-r5f.ti-arm-clang.release.lib : bootloader_soc.obj (.text.Bootloader_socMemInitCpu)
                  43c0e25e    0000006a     rm_pm_hal_sbl.am62ax.r5f.ti-arm-clang.release.lib : rm_ia.obj (.text.ia_unmap_clear_rom_mapping)
                  43c0e2c8    00000068     nortos.am62ax.r5f.ti-arm-clang.release.lib : AddrTranslateP.obj (.text.AddrTranslateP_getLocalAddr)
                  43c0e330    00000068     drivers.am62ax.dm-r5f.ti-arm-clang.release.lib : bootloader_soc.obj (.text.Bootloader_socCpuGetClock)
                  43c0e398    00000068                                                    : bootloader_soc.obj (.text.Bootloader_socCpuRelease)
                  43c0e400    00000068                                                    : uart_v0.obj (.text.UART_writeCancelNoCB)
                  43c0e468    00000068     rm_pm_hal_sbl.am62ax.r5f.ti-arm-clang.release.lib : clk_mux.obj (.text.clk_mux_get_parent)
                  43c0e4d0    00000068                                                       : rm_core.obj (.text.rm_core_validate_devgrp)
                  43c0e538    00000068                                                       : rm_ir.obj (.text.rm_ir_get_outp)
                  43c0e5a0    00000066     drivers.am62ax.dm-r5f.ti-arm-clang.release.lib : bootloader_soc.obj (.text.Bootloader_socCpuRequest)
                  43c0e606    00000002     --HOLE-- [fill = 0]
                  43c0e608    00000064     sciclient_direct_sbl.am62ax.r5f.ti-arm-clang.release.lib : sciclient.obj (.text.Sciclient_getCurrentContext)
                  43c0e66c    00000064                                                              : sciclient_procboot.obj (.text.Sciclient_procBootSetSequenceCtrl)
                  43c0e6d0    00000064     rm_pm_hal_sbl.am62ax.r5f.ti-arm-clang.release.lib : clk_div.obj (.text.clk_div_reg_get_div)
                  43c0e734    00000064                                                       : clk_pll_16fft.obj (.text.clk_pll_16fft_get_state)
                  43c0e798    00000064                                                       : psc.obj (.text.lpsc_module_clk_put)
                  43c0e7fc    00000064                                                       : resource.obj (.text.resource_get)
                  43c0e860    00000064                                                       : rm_core.obj (.text.rm_core_resasg_get_utype_index)
                  43c0e8c4    00000062     sciclient_direct_sbl.am62ax.r5f.ti-arm-clang.release.lib : sciclient.obj (.text.Sciclient_setDebugConfig)
                  43c0e926    00000062     drivers.am62ax.dm-r5f.ti-arm-clang.release.lib : udma_ring_common.obj (.text.Udma_ringQueueRaw)
                  43c0e988    00000062                                                    : utils.obj (.text.Utils_memcpyWord)
                  43c0e9ea    00000002     --HOLE-- [fill = 0]
                  43c0e9ec    00000060     libsysbm.a : hostclose.c.obj (.text.HOSTclose)
                  43c0ea4c    00000060     sciclient_direct_sbl.am62ax.r5f.ti-arm-clang.release.lib : sciclient_direct_wrapper.obj (.text.Sciclient_direct_init)
                  43c0eaac    00000060                                                              : sciclient_pm.obj (.text.Sciclient_pmSetModuleState)
                  43c0eb0c    00000060     rm_pm_hal_sbl.am62ax.r5f.ti-arm-clang.release.lib : clk.obj (.text.clk_notify_freq)
                  43c0eb6c    00000060                                                       : clk_pll_16fft.obj (.text.clk_pll_16fft_cal_option3)
                  43c0ebcc    00000060                                                       : device_psc.obj (.text.soc_device_get_state)
                  43c0ec2c    0000005e     drivers.am62ax.dm-r5f.ti-arm-clang.release.lib : bootloader.obj (.text.Bootloader_runCpu)
                  43c0ec8a    0000005e     nortos.am62ax.r5f.ti-arm-clang.release.lib : ClockP_nortos.obj (.text.ClockP_timerTickIsr)
                  43c0ece8    0000005e     sciclient_direct_sbl.am62ax.r5f.ti-arm-clang.release.lib : sciclient_procboot.obj (.text.Sciclient_procBootAuthAndStart)
                  43c0ed46    0000005c                                                              : sciclient_procboot.obj (.text.Sciclient_procBootReleaseProcessor)
                  43c0eda2    0000005c     nortos.am62ax.r5f.ti-arm-clang.release.lib : DebugP_log.obj (.text._DebugP_assert)
                  43c0edfe    00000002     --HOLE-- [fill = 0]
                  43c0ee00    0000005c     rm_pm_hal_sbl.am62ax.r5f.ti-arm-clang.release.lib : clk_div.obj (.text.clk_div_reg_go_get_div)
                  43c0ee5c    0000005c                                                       : clk_pllctrl.obj (.text.clk_pllctrl_mux_get_parent)
                  43c0eeb8    0000005c                                                       : device_clk.obj (.text.device_clk_get_hw_ready)
                  43c0ef14    0000005c                                                       : device_pm.obj (.text.device_set_state)
                  43c0ef70    0000005c                                                       : rm_ra.obj (.text.ra_check_monitor_index_range)
                  43c0efcc    0000005c                                                       : device_psc.obj (.text.soc_device_disable)
                  43c0f028    0000005a     drivers.am62ax.dm-r5f.ti-arm-clang.release.lib : soc.obj (.text.SOC_controlModuleLockMMR)
                  43c0f082    0000005a                                                    : udma_ring_common.obj (.text.Udma_ringDequeueRaw)
                  43c0f0dc    00000058     sciclient_direct_sbl.am62ax.r5f.ti-arm-clang.release.lib : sciclient_procboot.obj (.text.Sciclient_procBootGetProcessorState)
                  43c0f134    00000058     libc.a : fopen.c.obj (.text.__TI_cleanup)
                  43c0f18c    00000058     libsysbm.a : trgmsg.c.obj (.text.__TI_readmsg)
                  43c0f1e4    00000058                : trgmsg.c.obj (.text.__TI_writemsg)
                  43c0f23c    00000058     rm_pm_hal_sbl.am62ax.r5f.ti-arm-clang.release.lib : device_clk.obj (.text.device_clk_set_freq_change)
                  43c0f294    00000058                                                       : device_clk.obj (.text.device_clk_set_ssc)
                  43c0f2ec    00000058                                                       : rm_irq.obj (.text.irq_validate_global_event)
                  43c0f344    00000058                                                       : itoa.obj (.text.lib_itoa)
                  43c0f39c    00000058                                                       : mmr_lock.obj (.text.mmr_unlock_all)
                  43c0f3f4    00000058                                                       : pll.obj (.text.pll_init)
                  43c0f44c    00000058                                                       : rm_udmap.obj (.text.udmap_get_inst)
                  43c0f4a4    00000058     libc.a : autoinit.c.obj (.text:__TI_auto_init_nobinit_nopinit)
                  43c0f4fc    00000056     main.obj (.text.App_runCpus)
                  43c0f552    00000056     ti_drivers_open_close.obj (.text.Drivers_uartOpen)
                  43c0f5a8    00000056     drivers.am62ax.dm-r5f.ti-arm-clang.release.lib : uart_dma.obj (.text.UART_dmaDisableChannel)
                  43c0f5fe    00000054     sciclient_direct_sbl.am62ax.r5f.ti-arm-clang.release.lib : sciclient_pm.obj (.text.Sciclient_pmSetModuleRst)
                  43c0f652    00000054                                                              : sciclient_procboot.obj (.text.Sciclient_procBootRequestProcessor)
                  43c0f6a6    00000054     drivers.am62ax.dm-r5f.ti-arm-clang.release.lib : uart_dma.obj (.text.UART_dmaClose)
                  43c0f6fa    00000002     --HOLE-- [fill = 0]
                  43c0f6fc    00000054     rm_pm_hal_sbl.am62ax.r5f.ti-arm-clang.release.lib : clk_div.obj (.text.clk_div_init)
                  43c0f750    00000054     libc.a : exit.c.obj (.text.exit)
                  43c0f7a4    00000054            : getdevice.c.obj (.text.finddevice)
                  43c0f7f8    00000054     rm_pm_hal_sbl.am62ax.r5f.ti-arm-clang.release.lib : psc.obj (.text.lpsc_module_get_local_reset)
                  43c0f84c    00000054                                                       : rm_ia.obj (.text.rm_ia_is_managed_resasg_utype)
                  43c0f8a0    00000054                                                       : rm_irq.obj (.text.rm_irq_oes_src_register)
                  43c0f8f4    00000054                                                       : device_psc.obj (.text.soc_device_enable)
                  43c0f948    00000052                                                       : rm_ra.obj (.text.ra_clear_rom_oes)
                  43c0f99a    00000050     drivers.am62ax.dm-r5f.ti-arm-clang.release.lib : bootloader.obj (.text.Bootloader_loadCpu)
                  43c0f9ea    00000050                                                    : bootloader.obj (.text.Bootloader_rprcImageParseEntryPoint)
                  43c0fa3a    00000050     nortos.am62ax.r5f.ti-arm-clang.release.lib : ClockP_nortos.obj (.text.ClockP_addToList)
                  43c0fa8a    00000050                                                : ClockP_nortos.obj (.text.ClockP_construct)
                  43c0fada    00000050     sciclient_direct_sbl.am62ax.r5f.ti-arm-clang.release.lib : sciclient.obj (.text.Sciclient_abiCheck)
                  43c0fb2a    00000050                                                              : sciclient_firewall.obj (.text.Sciclient_firewallSetRegion)
                  43c0fb7a    00000002     --HOLE-- [fill = 0]
                  43c0fb7c    00000050     rm_pm_hal_sbl.am62ax.r5f.ti-arm-clang.release.lib : clk_pll_16fft.obj (.text.clk_pll_16fft_postdiv_get_div)
                  43c0fbcc    00000050                                                       : device_psc.obj (.text.soc_device_get_context_loss_count)
                  43c0fc1c    00000050                                                       : device_psc.obj (.text.soc_device_set_resets)
                  43c0fc6c    0000004e     drivers.am62ax.dm-r5f.ti-arm-clang.release.lib : bootloader.obj (.text.Bootloader_findSeq)
                  43c0fcba    0000004e                                                    : lpddr4.obj (.text.LPDDR4_ReadReg)
                  43c0fd08    0000004e     rm_pm_hal_sbl.am62ax.r5f.ti-arm-clang.release.lib : device_psc.obj (.text.soc_device_verify_mapping)
                  43c0fd56    00000002     --HOLE-- [fill = 0]
                  43c0fd58    0000004c     sciclient_direct_sbl.am62ax.r5f.ti-arm-clang.release.lib : sciclient.obj (.text.Sciclient_deinit)
                  43c0fda4    0000004c                                                              : sciclient_boardcfg.obj (.text.Sciclient_getDefaultBoardCfgInfo)
                  43c0fdf0    0000004c                                                              : sciclient_procboot.obj (.text.Sciclient_procBootSetProcessorCfg)
                  43c0fe3c    0000004c     rm_pm_hal_sbl.am62ax.r5f.ti-arm-clang.release.lib : dmsc.obj (.text.am62a_sys_reset_handler)
                  43c0fe88    0000004c                                                       : psc.obj (.text.lpsc_module_get_reset_iso)
                  43c0fed4    0000004c                                                       : rm_ra.obj (.text.ra_get_inst)
                  43c0ff20    0000004c                                                       : device_psc.obj (.text.soc_device_get_resets)
                  43c0ff6c    0000004c                                                       : device_psc.obj (.text.soc_device_ret_disable)
                  43c0ffb8    0000004c                                                       : device_psc.obj (.text.soc_device_ret_enable)
                  43c10004    0000004a     drivers.am62ax.dm-r5f.ti-arm-clang.release.lib : lpddr4.obj (.text.LPDDR4_WritePhyIndepConfig)
                  43c1004e    0000004a                                                    : pinmux.obj (.text.Pinmux_unlockMMR)
                  43c10098    0000004a                                                    : soc.obj (.text.SOC_controlModuleUnlockMMR)
                  43c100e2    00000002     --HOLE-- [fill = 0]
                  43c100e4    00000048     rm_pm_hal_sbl.am62ax.r5f.ti-arm-clang.release.lib : clk_pll_16fft.obj (.text.clk_pll_16fft_bypass)
                  43c1012c    00000048                                                       : clk.obj (.text.clk_put)
                  43c10174    00000048                                                       : device_clk.obj (.text.get_dev_clk_data)
                  43c101bc    00000048     libsysbm.a : unlink.c.obj (.text.unlink)
                  43c10204    00000046     nortos.am62ax.r5f.ti-arm-clang.release.lib : ClockP_nortos.obj (.text.ClockP_getTimeUsec)
                  43c1024a    00000046     drivers.am62ax.dm-r5f.ti-arm-clang.release.lib : lpddr4.obj (.text.LPDDR4_WritePhyConfig)
                  43c10290    00000046                                                    : lpddr4.obj (.text.LPDDR4_WriteReg)
                  43c102d6    00000046                                                    : pinmux.obj (.text.Pinmux_config)
                  43c1031c    00000046                                                    : bootloader_xmodem.obj (.text._inbyte)
                  43c10362    00000046     rm_pm_hal_sbl.am62ax.r5f.ti-arm-clang.release.lib : rm_irq.obj (.text.irq_cfg_is_ia_cfg)
                  43c103a8    00000046                                                       : rm_irq.obj (.text.irq_cfg_is_ir_cfg)
                  43c103ee    00000046                                                       : rm_irq.obj (.text.irq_cfg_is_oes_only)
                  43c10434    00000044     sciclient_direct_sbl.am62ax.r5f.ti-arm-clang.release.lib : sciclient_direct_wrapper.obj (.text.Sciclient_waitForBootNotification)
                  43c10478    00000044     rm_pm_hal_sbl.am62ax.r5f.ti-arm-clang.release.lib : clk.obj (.text.clk_get_state)
                  43c104bc    00000042     drivers.am62ax.dm-r5f.ti-arm-clang.release.lib : bootloader_mem.obj (.text.Mem_imgRead)
                  43c104fe    00000042     rm_pm_hal_sbl.am62ax.r5f.ti-arm-clang.release.lib : device_clk.obj (.text.device_clk_disable)
                  43c10540    00000042                                                       : device_clk.obj (.text.device_clk_enable)
                  43c10582    00000040     nortos.am62ax.r5f.ti-arm-clang.release.lib : ClockP_nortos.obj (.text.ClockP_stop)
                  43c105c2    00000040     drivers.am62ax.dm-r5f.ti-arm-clang.release.lib : ddr.obj (.text.DDR_setFreq)
                  43c10602    00000040                                                    : lpddr4.obj (.text.LPDDR4_WriteCtlConfig)
                  43c10642    00000040     nortos.am62ax.r5f.ti-arm-clang.release.lib : SemaphoreP_nortos.obj (.text.SemaphoreP_constructBinary)
                  43c10682    00000002     --HOLE-- [fill = 0]
                  43c10684    00000040     rm_pm_hal_sbl.am62ax.r5f.ti-arm-clang.release.lib : clk_mux.obj (.text.clk_get_parent)
                  43c106c4    00000040     libc.a : memory.c.obj (.text.free_list_insert)
                  43c10704    00000040     rm_pm_hal_sbl.am62ax.r5f.ti-arm-clang.release.lib : psc.obj (.text.psc_lookup_lpsc)
                  43c10744    00000040                                                       : device_psc.obj (.text.soc_device_set_reset_iso)
                  43c10784    00000040                                                       : trace.obj (.text.trace_debug_internal)
                  43c107c4    0000003e     nortos.am62ax.r5f.ti-arm-clang.release.lib : SemaphoreP_nortos.obj (.text.SemaphoreP_constructMutex)
                  43c10802    0000003e     rm_pm_hal_sbl.am62ax.r5f.ti-arm-clang.release.lib : clk_pll_16fft.obj (.text.clk_pll_16fft_disable_pll)
                  43c10840    0000003e                                                       : clk_pll_16fft.obj (.text.clk_pll_16fft_enable_pll)
                  43c1087e    0000003e                                                       : device_clk.obj (.text.device_clk_get_num_parents)
                  43c108bc    0000003e                                                       : device_psc.obj (.text.soc_device_ret_enable_internal)
                  43c108fa    0000003e                                                       : rm_udmap.obj (.text.udmap_validate_chan_type)
                  43c10938    0000003c     drivers.am62ax.dm-r5f.ti-arm-clang.release.lib : bootloader_soc.obj (.text.Bootloader_socTranslateSectionAddr)
                  43c10974    0000003c     nortos.am62ax.r5f.ti-arm-clang.release.lib : ClockP_nortos.obj (.text.ClockP_usleep)
                  43c109b0    0000003c     rm_pm_hal_sbl.am62ax.r5f.ti-arm-clang.release.lib : clk_pll_16fft.obj (.text.clk_pll_16fft_disable_cal)
                  43c109ec    0000003c                                                       : device_pm.obj (.text.device_disable)
                  43c10a28    0000003c                                                       : device_pm.obj (.text.device_enable)
                  43c10a64    0000003c                                                       : rm_ia.obj (.text.ia_get_inst)
                  43c10aa0    0000003c                                                       : rm_ir.obj (.text.ir_get_inst)
                  43c10adc    0000003c                                                       : psc.obj (.text.lpsc_module_clk_get)
                  43c10b18    0000003c                                                       : mmr_lock.obj (.text.mmr_unlock)
                  43c10b54    0000003c                                                       : device_psc.obj (.text.soc_device_get_reset_iso)
                  43c10b90    0000003c                                                       : device_psc.obj (.text.soc_device_ret_disable_internal)
                  43c10bcc    0000003a     drivers.am62ax.dm-r5f.ti-arm-clang.release.lib : bootloader.obj (.text.Bootloader_open)
                  43c10c06    0000003a     nortos.am62ax.r5f.ti-arm-clang.release.lib : ClockP_nortos.obj (.text.ClockP_destruct)
                  43c10c40    0000003a     ti_dpl_config.obj (.text.Dpl_init)
                  43c10c7a    0000003a     drivers.am62ax.dm-r5f.ti-arm-clang.release.lib : uart_dma.obj (.text.UART_dmaOpen)
                  43c10cb4    0000003a     rm_pm_hal_sbl.am62ax.r5f.ti-arm-clang.release.lib : boardcfg-user.obj (.text.boardcfg_pm_receive_and_validate)
                  43c10cee    00000002     --HOLE-- [fill = 0]
                  43c10cf0    00000038     drivers.am62ax.dm-r5f.ti-arm-clang.release.lib : bootloader_soc.obj (.text.Bootloader_socCpuPowerOnReset)
                  43c10d28    00000038     nortos.am62ax.r5f.ti-arm-clang.release.lib : DebugP_nortos.obj (.text._DebugP_logZone)
                  43c10d60    00000038     rm_pm_hal_sbl.am62ax.r5f.ti-arm-clang.release.lib : clk.obj (.text.clk_drop_pwr_up_en)
                  43c10d98    00000038                                                       : clk.obj (.text.clk_value_set_freq)
                  43c10dd0    00000038                                                       : device_clk.obj (.text.device_clk_get_freq)
                  43c10e08    00000038                                                       : rm_ir.obj (.text.rm_ir_init)
                  43c10e40    00000038                                                       : rm_irq.obj (.text.rm_irq_is_managed_resasg_utype)
                  43c10e78    00000036     ti_power_clock_config.obj (.text.Module_clockSetFrequency)
                  43c10eae    00000036     drivers.am62ax.dm-r5f.ti-arm-clang.release.lib : bootloader_xmodem.obj (.text._outbyte)
                  43c10ee4    00000034                                                    : bootloader.obj (.text.Bootloader_BootImageInfo_init)
                  43c10f18    00000034     nortos.am62ax.r5f.ti-arm-clang.release.lib : ClockP_nortos.obj (.text.ClockP_start)
                  43c10f4c    00000034     drivers.am62ax.dm-r5f.ti-arm-clang.release.lib : lpddr4_am6x.obj (.text.LPDDR4_EnablePIInitiator)
                  43c10f80    00000034                                                    : lpddr4.obj (.text.LPDDR4_PollCtlIrq)
                  43c10fb4    00000034     ti_drivers_config.obj (.text.System_init)
                  43c10fe8    00000034     sciclient_direct_sbl.am62ax.r5f.ti-arm-clang.release.lib : uart_print.obj (.text.UART_dataWrite)
                  43c1101c    00000034     rm_pm_hal_sbl.am62ax.r5f.ti-arm-clang.release.lib : clk.obj (.text.clk_set_state)
                  43c11050    00000034                                                       : device.obj (.text.devices_init_rw)
                  43c11084    00000034     libc.a : memory.c.obj (.text.free_list_remove)
                  43c110b8    00000034     libsysbm.a : lseek.c.obj (.text.lseek)
                  43c110ec    00000034     rm_pm_hal_sbl.am62ax.r5f.ti-arm-clang.release.lib : psc.obj (.text.psc_lookup)
                  43c11120    00000034                                                       : psc.obj (.text.psc_lookup_pd)
                  43c11154    00000034                                                       : rm.obj (.text.rm_init)
                  43c11188    00000034     libsysbm.a : write.c.obj (.text.write)
                  43c111bc    00000032     drivers.am62ax.dm-r5f.ti-arm-clang.release.lib : bootloader_xmodem.obj (.text.Bootloader_xmodemReceive)
                  43c111ee    00000032                                                    : bootloader_xmodem.obj (.text.Bootloader_xmodemTransmit)
                  43c11220    00000032     nortos.am62ax.r5f.ti-arm-clang.release.lib : SemaphoreP_nortos.obj (.text.SemaphoreP_post)
                  43c11252    00000032     drivers.am62ax.dm-r5f.ti-arm-clang.release.lib : uart_v0.obj (.text.UART_getHandle)
                  43c11284    00000032     rm_pm_hal_sbl.am62ax.r5f.ti-arm-clang.release.lib : device_pm.obj (.text.device_set_retention)
                  43c112b6    00000002     --HOLE-- [fill = 0]
                  43c112b8    00000030                                                       : clk_fixed.obj (.text.clk_fixed_get_freq)
                  43c112e8    00000030                                                       : clk.obj (.text.clk_get_freq)
                  43c11318    00000030                                                       : clk.obj (.text.clk_get_parent_freq)
                  43c11348    00000030                                                       : trace-uart.obj (.text.trace_debug_uart)
                  43c11378    0000002e     ti_power_clock_config.obj (.text.Module_clockDisable)
                  43c113a6    0000002e     ti_power_clock_config.obj (.text.Module_clockEnable)
                  43c113d4    0000002e     rm_pm_hal_sbl.am62ax.r5f.ti-arm-clang.release.lib : clk_pll_16fft.obj (.text.clk_pll_16fft_set_state)
                  43c11402    00000002     --HOLE-- [fill = 0]
                  43c11404    0000002c     sciclient_direct_sbl.am62ax.r5f.ti-arm-clang.release.lib : sciclient_secureproxy.obj (.text.Sciclient_flush)
                  43c11430    0000002c     rm_pm_hal_sbl.am62ax.r5f.ti-arm-clang.release.lib : boardcfg-user.obj (.text.boardcfg_memcpy_rm)
                  43c1145c    0000002c                                                       : clk_div.obj (.text.clk_get_div)
                  43c11488    0000002c                                                       : clk.obj (.text.clk_lookup)
                  43c114b4    0000002c                                                       : clk_div.obj (.text.clk_lookup)
                  43c114e0    0000002c                                                       : clk_mux.obj (.text.clk_lookup)
                  43c1150c    0000002c                                                       : clk_pll_16fft.obj (.text.clk_lookup)
                  43c11538    0000002c                                                       : device_clk.obj (.text.clk_lookup)
                  43c11564    0000002c                                                       : psc.obj (.text.clk_lookup)
                  43c11590    0000002c     drivers.am62ax.dm-r5f.ti-arm-clang.release.lib : crc16.obj (.text.crc16_ccitt)
                  43c115bc    0000002c     rm_pm_hal_sbl.am62ax.r5f.ti-arm-clang.release.lib : psc.obj (.text.device_lookup)
                  43c115e8    0000002c                                                       : rm_irq.obj (.text.irq_is_evt_src)
                  43c11614    0000002c                                                       : psc.obj (.text.lpsc_module_get_state)
                  43c11640    0000002c                                                       : fw_caps.obj (.text.query_fw_caps_handler)
                  43c1166c    0000002a                                                       : rm_ir.obj (.text.ir_clear_outp)
                  43c11696    0000002a                                                       : device_psc.obj (.text.soc_device_get_state_internal)
                  43c116c0    00000028     drivers.am62ax.dm-r5f.ti-arm-clang.release.lib : bootloader_soc.obj (.text.Bootloader_socRprcToCslCoreId)
                  43c116e8    00000028     nortos.am62ax.r5f.ti-arm-clang.release.lib : ClockP_nortos.obj (.text.ClockP_sleepTicks)
                  43c11710    00000028     drivers.am62ax.dm-r5f.ti-arm-clang.release.lib : uart_v0.obj (.text.UART_statusIsDataReady)
                  43c11738    00000028                                                    : udma_ch.obj (.text.Udma_chGetCqRingHandle)
                  43c11760    00000028                                                    : udma_ch.obj (.text.Udma_chGetFqRingHandle)
                  43c11788    00000028     libclang_rt.builtins.a : ashldi3.S.obj (.text.__ashldi3)
                  43c117b0    00000028                            : lshrdi3.S.obj (.text.__lshrdi3)
                  43c117d8    00000028     rm_pm_hal_sbl.am62ax.r5f.ti-arm-clang.release.lib : clk.obj (.text.clk_value_get_freq)
                  43c11800    00000028                                                       : psc.obj (.text.lpsc_module_idx)
                  43c11828    00000028                                                       : psc.obj (.text.pd_initiate)
                  43c11850    00000028                                                       : rm_ia.obj (.text.rm_ia_validate_vint)
                  43c11878    00000028                                                       : rm_ir.obj (.text.rm_ir_is_managed_resasg_utype)
                  43c118a0    00000028                                                       : rm_ir.obj (.text.rm_ir_validate_output)
                  43c118c8    00000028                                                       : device_psc.obj (.text.soc_device_disable_internal)
                  43c118f0    00000028                                                       : device_psc.obj (.text.soc_device_enable_internal)
                  43c11918    00000026     drivers.am62ax.dm-r5f.ti-arm-clang.release.lib : bootloader_soc.obj (.text.Bootloader_socIsMCUResetIsoEnabled)
                  43c1193e    00000026     nortos.am62ax.r5f.ti-arm-clang.release.lib : ClockP_nortos.obj (.text.ClockP_sleep)
                  43c11964    00000026     rm_pm_hal_sbl.am62ax.r5f.ti-arm-clang.release.lib : rm_udmap.obj (.text.udmap_validate_ch_fetch_size)
                  43c1198a    00000026                                                       : rm_udmap.obj (.text.udmap_validate_ch_pause_on_err)
                  43c119b0    00000026                                                       : rm_udmap.obj (.text.udmap_validate_orderid)
                  43c119d6    00000026                                                       : rm_udmap.obj (.text.udmap_validate_priority)
                  43c119fc    00000026                                                       : rm_udmap.obj (.text.udmap_validate_qos)
                  43c11a22    00000024     drivers.am62ax.dm-r5f.ti-arm-clang.release.lib : gtc_soc.obj (.text.GTC_setFID)
                  43c11a46    00000002     --HOLE-- [fill = 0]
                  43c11a48    00000024     sciclient_direct_sbl.am62ax.r5f.ti-arm-clang.release.lib : sciclient_secureproxy.obj (.text.Sciclient_waitThread)
                  43c11a6c    00000024     libclang_rt.builtins.a : aeabi_uldivmod.S.obj (.text.__aeabi_uldivmod)
                  43c11a90    00000024     rm_pm_hal_sbl.am62ax.r5f.ti-arm-clang.release.lib : boardcfg-user.obj (.text.boardcfg_get_rm_devgrp)
                  43c11ab4    00000024                                                       : clk_soc_hfosc0.obj (.text.clk_soc_hfosc0_get_freq)
                  43c11ad8    00000024                                                       : map.obj (.text.closest)
                  43c11afc    00000024                                                       : device_prepare.obj (.text.device_prepare_exclusive)
                  43c11b20    00000024                                                       : device_pm.obj (.text.device_suspend)
                  43c11b44    00000024                                                       : dmsc.obj (.text.dmsc_init)
                  43c11b68    00000024                                                       : psc.obj (.text.psc_pd_idx)
                  43c11b8c    00000024                                                       : rm_ia.obj (.text.rm_ia_vint_get_info)
                  43c11bb0    00000024                                                       : rm_irq.obj (.text.rm_irq_init)
                  43c11bd4    00000024                                                       : rm_udmap.obj (.text.udmap_validate_atype)
                  43c11bf8    00000024                                                       : rm_udmap.obj (.text.udmap_validate_sched_priority)
                  43c11c1c    00000024     nortos.am62ax.r5f.ti-arm-clang.release.lib : printf.obj (.text.vprintf_)
                  43c11c40    00000022                                                : ClockP_nortos.obj (.text.ClockP_deinit)
                  43c11c62    00000022     ti_pinmux_config.obj (.text.Pinmux_init)
                  43c11c84    00000022     rm_pm_hal_sbl.am62ax.r5f.ti-arm-clang.release.lib : clk.obj (.text.clk_ssc_allow)
                  43c11ca6    00000022                                                       : device_clk.obj (.text.device_clk_set_input_term)
                  43c11cc8    00000022                                                       : rm_ir.obj (.text.ir_get_inp)
                  43c11cea    00000022                                                       : osal_glue.obj (.text.osal_delay)
                  43c11d0c    00000022                                                       : clk_div.obj (.text.pm_writel_verified)
                  43c11d2e    00000022                                                       : clk_pll_16fft.obj (.text.pm_writel_verified)
                  43c11d50    00000020     drivers.am62ax.dm-r5f.ti-arm-clang.release.lib : bootloader_soc.obj (.text.Bootloader_socGetCoreName)
                  43c11d70    00000020     nortos.am62ax.r5f.ti-arm-clang.release.lib : DebugP_log.obj (.text.DebugP_logZoneEnable)
                  43c11d90    00000020     sciclient_direct_sbl.am62ax.r5f.ti-arm-clang.release.lib : sciclient_direct.obj (.text.Sciclient_query_fw_caps_handler)
                  43c11db0    00000020     ti_drivers_config.obj (.text.System_deinit)
                  43c11dd0    00000020     nortos.am62ax.r5f.ti-arm-clang.release.lib : TimerP.obj (.text.TimerP_Params_init)
                  43c11df0    00000020     rm_pm_hal_sbl.am62ax.r5f.ti-arm-clang.release.lib : clk.obj (.text.clk_ssc_block)
                  43c11e10    00000020                                                       : clk_pll_16fft.obj (.text.pll_16fft_pllm_valid)
                  43c11e30    00000020                                                       : device_psc.obj (.text.soc_device_get_context_loss_count_internal)
                  43c11e50    0000001e     ti_drivers_open_close.obj (.text.Drivers_close)
                  43c11e6e    0000001e     rm_pm_hal_sbl.am62ax.r5f.ti-arm-clang.release.lib : resource.obj (.text.device_resource_mem)
                  43c11e8c    0000001e                                                       : psc.obj (.text.psc_pd_clk_put)
                  43c11eaa    0000001e                                                       : core.obj (.text.sys_reset_handler)
                  43c11ec8    0000001e                                                       : map.obj (.text.u32map_get)
                  43c11ee6    0000001c     drivers.am62ax.dm-r5f.ti-arm-clang.release.lib : bootloader.obj (.text.Bootloader_JumpSelfCpu)
                  43c11f02    0000001c                                                    : bootloader_soc.obj (.text.Bootloader_socCpuGetClkDefault)
                  43c11f1e    0000001c                                                    : bootloader_soc.obj (.text.Bootloader_socIsAuthRequired)
                  43c11f3a    0000001c                                                    : bootloader_mem.obj (.text.Mem_imgOpen)
                  43c11f56    00000002     --HOLE-- [fill = 0]
                  43c11f58    0000001c     sciclient_direct_sbl.am62ax.r5f.ti-arm-clang.release.lib : sciclient_secureproxy.obj (.text.Sciclient_readThread32)
                  43c11f74    0000001c     nortos.am62ax.r5f.ti-arm-clang.release.lib : boot_armv7r.obj (.text._system_pre_init)
                  43c11f90    0000001c     rm_pm_hal_sbl.am62ax.r5f.ti-arm-clang.release.lib : rm_irq.obj (.text.irq_oes_src_lookup)
                  43c11fac    0000001c                                                       : notifier.obj (.text.notifier_call)
                  43c11fc8    0000001c                                                       : psc.obj (.text.psc_read)
                  43c11fe4    0000001c                                                       : sleep.obj (.text.sleep_modes_register)
                  43c12000    0000001c     libsysbm.a : hostrename.c.obj (.text.strlen)
                  43c1201c    0000001c     libc.a : memcpy32.S.obj (.text:TI_memcpy_small)
                  43c12038    0000001a     drivers.am62ax.dm-r5f.ti-arm-clang.release.lib : uart_v0.obj (.text.UART_deinit)
                  43c12052    0000001a                                                    : uart_dma.obj (.text.UART_readInterruptDma)
                  43c1206c    0000001a                                                    : uart_dma.obj (.text.UART_writeInterruptDma)
                  43c12086    0000001a     rm_pm_hal_sbl.am62ax.r5f.ti-arm-clang.release.lib : psc.obj (.text.psc_write)
                  43c120a0    00000018     drivers.am62ax.dm-r5f.ti-arm-clang.release.lib : bootloader_soc.obj (.text.Bootloader_socAuthImage)
                  43c120b8    00000018                                                    : lpddr4.obj (.text.LPDDR4_Init)
                  43c120d0    00000018     rm_pm_hal_sbl.am62ax.r5f.ti-arm-clang.release.lib : boardcfg-user.obj (.text.boardcfg_get_rm_resasg_size)
                  43c120e8    00000018                                                       : clk_pll_16fft.obj (.text.clk_pll_16fft_postdiv_valid_div)
                  43c12100    00000018                                                       : clk_soc_lfosc0.obj (.text.clk_soc_lfosc0_get_freq)
                  43c12118    00000018                                                       : device_clk.obj (.text.dev_get_clk)
                  43c12130    00000018                                                       : clk_pll_16fft.obj (.text.pll_16fft_clkod_valid)
                  43c12148    00000018     libc.a : memset32.S.obj (.text:TI_memset_small)
                  43c12160    00000016     rm_pm_hal_sbl.am62ax.r5f.ti-arm-clang.release.lib : clk_div.obj (.text.clk_div_get_freq)
                  43c12176    00000016                                                       : clk_pll_16fft.obj (.text.clk_pll_16fft_check_lock)
                  43c1218c    00000016                                                       : device_clk.obj (.text.device_clk_set_freq)
                  43c121a2    00000002     --HOLE-- [fill = 0]
                  43c121a4    00000014     sciclient_direct_sbl.am62ax.r5f.ti-arm-clang.release.lib : sciclient_secureproxy.obj (.text.Sciclient_readThreadCount)
                  43c121b8    00000014                                                              : sciclient_secureproxy.obj (.text.Sciclient_verifyThread)
                  43c121cc    00000014     rm_pm_hal_sbl.am62ax.r5f.ti-arm-clang.release.lib : boardcfg-user.obj (.text.boardcfg_get_rm_resasg)
                  43c121e0    00000014                                                       : clk_pll_16fft.obj (.text.clk_pll_16fft_is_bypass)
                  43c121f4    00000014                                                       : device_clk.obj (.text.device_clk_get_freq_change)
                  43c12208    00000014                                                       : device_clk.obj (.text.device_clk_get_input_term)
                  43c1221c    00000014                                                       : device_clk.obj (.text.device_clk_get_ssc)
                  43c12230    00000014                                                       : device_clk.obj (.text.device_clk_get_sw_gated)
                  43c12244    00000014                                                       : rm_core.obj (.text.rm_core_unmap_region)
                  43c12258    00000014     libsysbm.a : hostrename.c.obj (.text.strcpy)
                  43c1226c    00000014     rm_pm_hal_sbl.am62ax.r5f.ti-arm-clang.release.lib : sys-reset.obj (.text.system_reset)
                  43c12280    00000012     drivers.am62ax.dm-r5f.ti-arm-clang.release.lib : csl_emif.obj (.text.CSL_emifClearECCInterruptStatus)
                  43c12292    00000012                                                    : csl_emif.obj (.text.CSL_emifEnableECCInterrupts)
                  43c122a4    00000012                                                    : gtc.obj (.text.GTC_init)
                  43c122b6    00000012     nortos.am62ax.r5f.ti-arm-clang.release.lib : TimerP.obj (.text.TimerP_clearOverflowInt)
                  43c122c8    00000010     drivers.am62ax.dm-r5f.ti-arm-clang.release.lib : bootloader.obj (.text.Bootloader_isCorePresent)
                  43c122d8    00000010     nortos.am62ax.r5f.ti-arm-clang.release.lib : ClockP_nortos.obj (.text.ClockP_ticksToUsec)
                  43c122e8    00000010     drivers.am62ax.dm-r5f.ti-arm-clang.release.lib : lpddr4.obj (.text.LPDDR4_Probe)
                  43c122f8    00000010     sciclient_direct_sbl.am62ax.r5f.ti-arm-clang.release.lib : sciclient_secureproxy.obj (.text.Sciclient_threadStatusReg)
                  43c12308    00000010                                                              : sciclient.obj (.text.Sciclient_utilByteCopy)
                  43c12318    00000010     libclang_rt.builtins.a : aeabi_memset.S.obj (.text.__aeabi_memset)
                  43c12328    00000010     rm_pm_hal_sbl.am62ax.r5f.ti-arm-clang.release.lib : device_clk.obj (.text.device_clk_query_freq)
                  43c12338    00000010                                                       : device_pm.obj (.text.device_notify)
                  43c12348    00000010                                                       : device.obj (.text.pm_devgroup_is_enabled)
                  43c12358    00000010                                                       : device.obj (.text.pm_devgroup_set_enabled)
                  43c12368    00000010     libc.a : fputc.c.obj (.text.putchar)
                  43c12378    00000010     rm_pm_hal_sbl.am62ax.r5f.ti-arm-clang.release.lib : rm_core.obj (.text.rm_core_map_region)
                  43c12388    0000000e     drivers.am62ax.dm-r5f.ti-arm-clang.release.lib : bootloader_soc.obj (.text.Bootloader_socCpuSetEntryPoint)
                  43c12396    0000000e     ti_dpl_config.obj (.text.Dpl_deinit)
                  43c123a4    0000000e     drivers.am62ax.dm-r5f.ti-arm-clang.release.lib : gtc_soc.obj (.text.GTC_enable)
                  43c123b2    0000000e     ti_power_clock_config.obj (.text.PowerClock_init)
                  43c123c0    0000000c     drivers.am62ax.dm-r5f.ti-arm-clang.release.lib : bootloader.obj (.text.Bootloader_Params_init)
                  43c123cc    0000000c                                                    : bootloader_soc.obj (.text.Bootloader_socSelfCPUjump)
                  43c123d8    0000000c     nortos.am62ax.r5f.ti-arm-clang.release.lib : ClockP_nortos.obj (.text.ClockP_getTicks)
                  43c123e4    0000000c     drivers.am62ax.dm-r5f.ti-arm-clang.release.lib : ddr_soc.obj (.text.DDR_ResetDDR_PLL)
                  43c123f0    0000000c     libclang_rt.builtins.a : aeabi_memset.S.obj (.text.__aeabi_memclr)
                  43c123fc    0000000c     rm_pm_hal_sbl.am62ax.r5f.ti-arm-clang.release.lib : device_prepare.obj (.text.device_prepare_nonexclusive)
                  43c12408    0000000c     libc.a : memory.c.obj (.text.malloc)
                  43c12414    0000000c     rm_pm_hal_sbl.am62ax.r5f.ti-arm-clang.release.lib : sys-reset.obj (.text.sys_reset_handler_register)
                  43c12420    0000000c                                                       : trace.obj (.text.trace_reconfigure)
                  43c1242c    0000000a     drivers.am62ax.dm-r5f.ti-arm-clang.release.lib : bootloader_soc.obj (.text.Bootloader_socGetSBLMem)
                  43c12436    0000000a                                                    : bootloader_soc.obj (.text.Bootloader_socIsSmpEnable)
                  43c12440    0000000c     libc.a : strcmp32.S.obj (.text)
                  43c1244c    0000000a     drivers.am62ax.dm-r5f.ti-arm-clang.release.lib : csl_sec_proxy.obj (.text.CSL_secProxyGetDataAddr)
                  43c12456    0000000a     nortos.am62ax.r5f.ti-arm-clang.release.lib : ClockP_nortos.obj (.text.ClockP_Params_init)
                  43c12460    0000000a                                                : ClockP_nortos.obj (.text.ClockP_isActive)
                  43c1246a    0000000a                                                : TimerP.obj (.text.TimerP_start)
                  43c12474    0000000a                                                : TimerP.obj (.text.TimerP_stop)
                  43c1247e    0000000a     rm_pm_hal_sbl.am62ax.r5f.ti-arm-clang.release.lib : clk.obj (.text.clk_notify_children_freq)
                  43c12488    0000000a                                                       : clk_div.obj (.text.readl)
                  43c12492    0000000a                                                       : clk_mux.obj (.text.readl)
                  43c1249c    0000000a                                                       : clk_pll_16fft.obj (.text.readl)
                  43c124a6    0000000a                                                       : clk_pllctrl.obj (.text.readl)
                  43c124b0    0000000a                                                       : dmsc.obj (.text.readl)
                  43c124ba    0000000a                                                       : mmr_lock.obj (.text.readl)
                  43c124c4    00000008     drivers.am62ax.dm-r5f.ti-arm-clang.release.lib : soc.obj (.text.SOC_moduleGetClockFrequency)
                  43c124cc    00000008     nortos.am62ax.r5f.ti-arm-clang.release.lib : printf.obj (.text._out_char)
                  43c124d4    00000008     rm_pm_hal_sbl.am62ax.r5f.ti-arm-clang.release.lib : clk.obj (.text.clk_freq_change_allow)
                  43c124dc    00000008                                                       : clk.obj (.text.clk_freq_change_block)
                  43c124e4    00000008                                                       : psc.obj (.text.lpsc_module_get)
                  43c124ec    00000008                                                       : psc.obj (.text.lpsc_module_get_module_reset)
                  43c124f4    00000008                                                       : psc.obj (.text.lpsc_module_put)
                  43c124fc    00000008                                                       : psc.obj (.text.lpsc_module_ret_get)
                  43c12504    00000008                                                       : psc.obj (.text.lpsc_module_ret_put)
                  43c1250c    00000008                                                       : rm_core.obj (.text.rm_core_param_is_valid)
                  43c12514    00000008     libc.a : exit.c.obj (.text:abort)
                  43c1251c    00000006     rm_pm_hal_sbl.am62ax.r5f.ti-arm-clang.release.lib : clk_pll_16fft.obj (.text.pll_16fft_bin)
                  43c12522    00000004     drivers.am62ax.dm-r5f.ti-arm-clang.release.lib : lpddr4.obj (.text.CPS_UncachedRead32)
                  43c12526    00000004                                                    : lpddr4.obj (.text.CPS_UncachedWrite32)
                  43c1252a    00000004     nortos.am62ax.r5f.ti-arm-clang.release.lib : ClockP_nortos_r5.obj (.text.ClockP_getTimerCount)
                  43c1252e    00000004                                                : ClockP_nortos_r5.obj (.text.ClockP_timerClearOverflowInt)
                  43c12532    00000004     ti_drivers_open_close.obj (.text.Drivers_open)
                  43c12536    00000004     drivers.am62ax.dm-r5f.ti-arm-clang.release.lib : bootloader_mem.obj (.text.Mem_imgGetCurOffset)
                  43c1253a    00000004                                                    : bootloader_mem.obj (.text.Mem_imgSeek)
                  43c1253e    00000004     ti_power_clock_config.obj (.text.PowerClock_deinit)
                  43c12542    00000004     nortos.am62ax.r5f.ti-arm-clang.release.lib : TimerP.obj (.text.TimerP_getCount)
                  43c12546    00000004                                                : TimerP.obj (.text.TimerP_getReloadCount)
                  43c1254a    00000004     drivers.am62ax.dm-r5f.ti-arm-clang.release.lib : udma_utils.obj (.text.Udma_defaultVirtToPhyFxn)
                  43c1254e    00000002     --HOLE-- [fill = 0]
                  43c12550    00000004     libclang_rt.builtins.a : aeabi_div0.c.obj (.text.__aeabi_ldiv0)
                  43c12554    00000004                            : aeabi_memcpy.S.obj (.text.__aeabi_memcpy)
                  43c12558    00000004     libc.a : _lock.c.obj (.text._nop)
                  43c1255c    00000004     rm_pm_hal_sbl.am62ax.r5f.ti-arm-clang.release.lib : clk_fixed.obj (.text.clk_fixed_get_state)
                  43c12560    00000004                                                       : clk_dev.obj (.text.clk_from_device_notify_freq)
                  43c12564    00000004                                                       : clk_dev.obj (.text.clk_from_device_set_state)
                  43c12568    00000004                                                       : clk_soc_hfosc0.obj (.text.clk_soc_hfosc0_get_state)
                  43c1256c    00000004                                                       : clk_soc_lfosc0.obj (.text.clk_soc_lfosc0_get_state)
                  43c12570    00000004                                                       : device_clk.obj (.text.device_clk_get_hw_ssc)
                  43c12574    00000004     libc.a : fseek.c.obj (.text.fseek)
                  43c12578    00000004     rm_pm_hal_sbl.am62ax.r5f.ti-arm-clang.release.lib : clk_pll_16fft.obj (.text.pll_16fft_vco_fitness)
                  43c1257c    00000004     ti_dpl_config.obj (.text.putchar_)
                  43c12580    00000004     libsysbm.a : remove.c.obj (.text.remove)
                  43c12584    00000004     rm_pm_hal_sbl.am62ax.r5f.ti-arm-clang.release.lib : rm_udmap.obj (.text.rm_udmap_flow_size_thresh_cfg)
                  43c12588    00000004                                                       : device_psc.obj (.text.soc_device_init_complete)
                  43c1258c    00000004                                                       : trace.obj (.text.trace_debug)
                  43c12590    00000008     libc.a : fputc.c.obj (.tramp.putchar.1)
                  43c12598    00000008     nortos.am62ax.r5f.ti-arm-clang.release.lib : HwiP_armv7r_asm.obj (.tramp.HwiP_disable.1)
                  43c125a0    00000008                                                : HwiP_armv7r_asm.obj (.tramp.HwiP_enable.1)
                  43c125a8    00000008                                                : HwiP_armv7r_asm.obj (.tramp.HwiP_restore.1)
                  43c125b0    00000008     libclang_rt.builtins.a : aeabi_memcpy.S.obj (.tramp.__aeabi_memcpy.1)
[...]
43c0fc1d  soc_device_set_resets                
43c0fc6d  Bootloader_findSeq                   
43c0fcbb  LPDDR4_ReadReg                       
43c0fd59  Sciclient_deinit                     
43c0fda5  Sciclient_getDefaultBoardCfgInfo     
43c0fdf1  Sciclient_procBootSetProcessorCfg    
43c0fe89  lpsc_module_get_reset_iso            
43c0ff21  soc_device_get_resets                
43c0ff6d  soc_device_ret_disable               
43c0ffb9  soc_device_ret_enable                
43c10005  LPDDR4_WritePhyIndepConfig           
43c1004f  Pinmux_unlockMMR                     
43c10099  SOC_controlModuleUnlockMMR           
43c1012d  clk_put                              
43c10175  get_dev_clk_data                     
43c101bc  unlink                               
43c10205  ClockP_getTimeUsec                   
43c1024b  LPDDR4_WritePhyConfig                
43c10291  LPDDR4_WriteReg                      
43c102d7  Pinmux_config                        
43c1031d  _inbyte                              
43c10435  Sciclient_waitForBootNotification    
43c10479  clk_get_state                        
43c104ff  device_clk_disable                   
43c10541  device_clk_enable                    
43c10583  ClockP_stop                          
43c10603  LPDDR4_WriteCtlConfig                
43c10643  SemaphoreP_constructBinary           
43c10685  clk_get_parent                       
43c10705  psc_lookup_lpsc                      
43c10745  soc_device_set_reset_iso             
43c107c5  SemaphoreP_constructMutex            
43c1087f  device_clk_get_num_parents           
43c10939  Bootloader_socTranslateSectionAddr   
43c10975  ClockP_usleep                        
43c109ed  device_disable                       
43c10a29  device_enable                        
43c10b19  mmr_unlock                           
43c10b55  soc_device_get_reset_iso             
43c10bcd  Bootloader_open                      
43c10c07  ClockP_destruct                      
43c10c41  Dpl_init                             
43c10c7b  UART_dmaOpen                         
43c10cb5  boardcfg_pm_receive_and_validate     
43c10cf1  Bootloader_socCpuPowerOnReset        
43c10d29  _DebugP_logZone                      
43c10d61  clk_drop_pwr_up_en                   
43c10d99  clk_value_set_freq                   
43c10dd1  device_clk_get_freq                  
43c10e09  rm_ir_init                           
43c10e41  rm_irq_is_managed_resasg_utype       
43c10e79  Module_clockSetFrequency             
43c10eaf  _outbyte                             
43c10ee5  Bootloader_BootImageInfo_init        
43c10f19  ClockP_start                         
43c10f4d  LPDDR4_EnablePIInitiator             
43c10f81  LPDDR4_PollCtlIrq                    
43c10fb5  System_init                          
43c1101d  clk_set_state                        
43c11051  devices_init_rw                      
43c110b8  lseek                                
43c110ed  psc_lookup                           
43c11121  psc_lookup_pd                        
43c11155  rm_init                              
43c11188  write                                
43c111bd  Bootloader_xmodemReceive             
43c111ef  Bootloader_xmodemTransmit            
43c11221  SemaphoreP_post                      
43c11253  UART_getHandle                       
43c11285  device_set_retention                 
43c112e9  clk_get_freq                         
43c11319  clk_get_parent_freq                  
43c11349  trace_debug_uart                     
43c11379  Module_clockDisable                  
43c113a7  Module_clockEnable                   
43c11405  Sciclient_flush                      
43c11431  boardcfg_memcpy_rm                   
43c1145d  clk_get_div                          
43c11591  crc16_ccitt                          
43c11615  lpsc_module_get_state                
43c11641  query_fw_caps_handler                
43c116c1  Bootloader_socRprcToCslCoreId        
43c11739  Udma_chGetCqRingHandle               
43c11761  Udma_chGetFqRingHandle               
43c11788  __aeabi_llsl                         
43c11788  __ashldi3                            
43c117b0  __aeabi_llsr                         
43c117b0  __lshrdi3                            
43c117d9  clk_value_get_freq                   
43c11801  lpsc_module_idx                      
43c11851  rm_ia_validate_vint                  
43c11879  rm_ir_is_managed_resasg_utype        
43c118a1  rm_ir_validate_output                
43c11919  Bootloader_socIsMCUResetIsoEnabled   
43c1193f  ClockP_sleep                         
43c11a23  GTC_setFID                           
43c11a49  Sciclient_waitThread                 
43c11a6c  __aeabi_uldivmod                     
43c11a91  boardcfg_get_rm_devgrp               
43c11afd  device_prepare_exclusive             
43c11b21  device_suspend                       
43c11b45  dmsc_init                            
43c11b69  psc_pd_idx                           
43c11b8d  rm_ia_vint_get_info                  
43c11bb1  rm_irq_init                          
43c11c1d  vprintf_                             
43c11c41  ClockP_deinit                        
43c11c63  Pinmux_init                          
43c11c85  clk_ssc_allow                        
43c11ca7  device_clk_set_input_term            
43c11ceb  osal_delay                           
43c11d51  Bootloader_socGetCoreName            
43c11d71  DebugP_logZoneEnable                 
43c11d91  Sciclient_query_fw_caps_handler      
43c11db1  System_deinit                        
43c11dd1  TimerP_Params_init                   
43c11df1  clk_ssc_block                        
43c11e51  Drivers_close                        
43c11e6f  device_resource_mem                  
43c11eab  sys_reset_handler                    
43c11ec9  u32map_get                           
43c11ee7  Bootloader_JumpSelfCpu               
43c11f03  Bootloader_socCpuGetClkDefault       
43c11f1f  Bootloader_socIsAuthRequired         
43c11f59  Sciclient_readThread32               
43c11f75  _system_pre_init                     
43c11fad  notifier_call                        
43c11fe5  sleep_modes_register                 
43c1201c  TI_memcpy_small                      
43c12039  UART_deinit                          
43c12053  UART_readInterruptDma                
43c1206d  UART_writeInterruptDma               
43c120a1  Bootloader_socAuthImage              
43c120b9  LPDDR4_Init                          
43c120d1  boardcfg_get_rm_resasg_size          
43c12119  dev_get_clk                          
43c12148  TI_memset_small                      
43c12161  clk_div_get_freq                     
43c1218d  device_clk_set_freq                  
43c121a5  Sciclient_readThreadCount            
43c121b9  Sciclient_verifyThread               
43c121cd  boardcfg_get_rm_resasg               
43c121f5  device_clk_get_freq_change           
43c12209  device_clk_get_input_term            
43c1221d  device_clk_get_ssc                   
43c12231  device_clk_get_sw_gated              
43c12245  rm_core_unmap_region                 
43c1226d  system_reset                         
43c12281  CSL_emifClearECCInterruptStatus      
43c12293  CSL_emifEnableECCInterrupts          
43c122a5  GTC_init                             
43c122b7  TimerP_clearOverflowInt              
43c122c9  Bootloader_isCorePresent             
43c122d9  ClockP_ticksToUsec                   
43c122e9  LPDDR4_Probe                         
43c122f9  Sciclient_threadStatusReg            
43c12318  __aeabi_memset                       
43c12318  __aeabi_memset4                      
43c12318  __aeabi_memset8                      
43c12329  device_clk_query_freq                
43c12349  pm_devgroup_is_enabled               
43c12359  pm_devgroup_set_enabled              
43c12368  putchar                              
43c12379  rm_core_map_region                   
43c12389  Bootloader_socCpuSetEntryPoint       
43c12397  Dpl_deinit                           
43c123a5  GTC_enable                           
43c123b3  PowerClock_init                      
43c123c1  Bootloader_Params_init               
43c123cd  Bootloader_socSelfCPUjump            
43c123d9  ClockP_getTicks                      
43c123e5  DDR_ResetDDR_PLL                     
43c123f0  __aeabi_memclr                       
43c123f0  __aeabi_memclr4                      
43c123f0  __aeabi_memclr8                      
43c123fd  device_prepare_nonexclusive          
43c12408  malloc                               
43c12415  sys_reset_handler_register           
43c12421  trace_reconfigure                    
43c1242d  Bootloader_socGetSBLMem              
43c12437  Bootloader_socIsSmpEnable            
43c1244d  CSL_secProxyGetDataAddr              
43c12457  ClockP_Params_init                   
43c12461  ClockP_isActive                      
43c1246b  TimerP_start                         
43c12475  TimerP_stop                          
43c1247f  clk_notify_children_freq             
43c124c5  SOC_moduleGetClockFrequency          
43c124d5  clk_freq_change_allow                
43c124dd  clk_freq_change_block                
43c124e5  lpsc_module_get                      
43c124ed  lpsc_module_get_module_reset         
43c124f5  lpsc_module_put                      
43c124fd  lpsc_module_ret_get                  
43c12505  lpsc_module_ret_put                  
43c1250d  rm_core_param_is_valid               
43c12514  C$$EXIT                              
43c12514  abort                                
43c12523  CPS_UncachedRead32                   
43c12527  CPS_UncachedWrite32                  
43c1252b  ClockP_getTimerCount                 
43c1252f  ClockP_timerClearOverflowInt         
43c12533  Drivers_open                         
43c1253f  PowerClock_deinit                    
43c12543  TimerP_getCount                      
43c12547  TimerP_getReloadCount                
43c1254b  Udma_defaultVirtToPhyFxn             
43c12550  __aeabi_ldiv0                        
43c12554  __aeabi_memcpy                       
43c12554  __aeabi_memcpy4                      
43c12554  __aeabi_memcpy8                      
43c12558  _nop                                 
43c12571  device_clk_get_hw_ssc                
43c12574  fseek                                
43c1257d  putchar_                             
43c12580  remove                               
43c12585  rm_udmap_flow_size_thresh_cfg        
43c12589  soc_device_init_complete             
43c1258d  trace_debug                          
43c13e31  HwiP_enableInt                       
43c13e59  HwiP_disableInt                      
43c13e8b  HwiP_restoreInt                      
43c13ee1  HwiP_clearInt                        
43c13f01  HwiP_post                            
43c13f29  HwiP_Params_init                     
43c13f3b  HwiP_construct                       
43c14085  HwiP_destruct                        
43c14157  HwiP_init                            
43c14227  HwiP_inISR                           
43c14239  HwiP_irq_handler_c                   
43c142bf  HwiP_fiq_handler                     
43c14373  HwiP_reserved_handler                
43c143a1  HwiP_undefined_handler               
43c143cf  HwiP_svc_handler                     
43c143fd  HwiP_prefetch_abort_handler          
43c1442b  HwiP_data_abort_handler              
43c14458  HwiP_irq_handler                     
43c144d0  HwiP_disable                         
43c144e0  HwiP_disableFIQ                      
43c144f0  HwiP_enable                          
43c14500  HwiP_enableFIQ                       
43c14510  HwiP_restore                         
43c14518  HwiP_enableVIC                       
43c14528  HwiP_disableVIC                      
43c14538  HwiP_getCPSR                         
43c14548  CacheP_disableL1d                    
43c14570  CacheP_disableL1p                    
43c14588  CacheP_enableL1d                     
43c145a0  CacheP_enableL1p                     
43c145b8  CacheP_invL1d                        
43c145f0  CacheP_invL1p                        
43c1462c  CacheP_invL1dAll                     
43c14634  CacheP_invL1pAll                     
43c1463c  CacheP_wb                            
43c14678  CacheP_wbInv                         
43c146b4  CacheP_wbAll                         
43c1475c  CacheP_wbInvAll                      
43c14774  CacheP_wbInvAllAsm                   
43c14814  CacheP_getEnabled                    
43c1484c  CacheP_getCacheLevelInfo             
43c14858  CacheP_configForceWrThru             
43c14878  CacheP_setDLFO                       
43c14888  CacheP_GetNumSets                    
43c148a0  CacheP_GetNumWays                    
43c148b8  CacheP_CleanInvalidateDcacheSetWay   
43c148dd  CacheP_init                          
43c14935  CacheP_disable                       
43c1496f  CacheP_enable                        
43c1498f  CacheP_inv                           
43c149d1  MpuP_RegionAttrs_init                
43c149df  MpuP_setRegion                       
43c14a8d  MpuP_isEnable                        
43c14a91  MpuP_disable                         
43c14ac3  MpuP_enable                          
43c14b01  MpuP_resetRegion                     
43c14b0b  MpuP_init                            
43c14b88  MpuP_disableAsm                      
43c14ba0  MpuP_disableBRAsm                    
43c14bb0  MpuP_enableAsm                       
43c14bc8  MpuP_enableBRAsm                     
43c14bd8  MpuP_isEnableAsm                     
43c14bec  MpuP_setRegionAsm                    
43c14c18  _c_int00_sbl                         
43c14c3c  _c_int00                             
43c14d15  _DebugP_assertNoLog                  
43c14d33  __mpu_init                           
43c14d40  DDRSS_phyReg                         
43c14d40  gUartDmaConfig                       
43c166b8  DDRSS_ctlReg                         
43c16d84  DDRSS_phyIndepReg                    
43c17424  DDRSS_phyRegNum                      
43c17a9a  DDRSS_ctlRegNum                      
43c17e00  DDRSS_phyIndepRegNum                 
43c18150  resasg_indexer                       
43c1838c  ra_inst                              
43c1852c  udmap_inst                           
43c18694  _ftable                              
43c18784  gAddrTranslateInfo                   
43c18864  gCoreBootInfo                        
43c18924  ia_inst                              
43c18a78  gMpuRegionConfig                     
43c18b08  _device                              
43c18b80  ir_inst                              
43c18bf4  gSciclientHandle                     
43c18c50  gUartParams                          
43c18ca4  _stream                              
43c18d3c  __TI_ft_end                          
43c18db0  gSocModulesClockFrequency            
43c18dd4  gBootloaderConfig                    
43c18df4  gBootloaderUdmaArgs                  
43c18e14  gMemBootloaderConfig                 
43c18e34  _lock                                
43c18e38  gSciclientRomSecProxyCfg             
43c18e58  gSciclient_secProxyCfg               
43c18e78  gBootloaderMemFxns                   
43c18e90  gClockConfig                         
43c18ec0  gResMemSection                       
43c18ed4  gSocModules                          
43c18ef8  gBootloader0Args                     
43c18f08  gMemBootloaderArgs                   
43c18f18  gAddrTranslateConfig                 
43c18f24  gMpuConfig                           
43c18f30  gUartConfig                          
43c18f3c  __TI_cleanup_ptr                     
43c18f40  __TI_dtors_ptr                       
43c18f54  gCacheConfig                         
43c18f5c  _unlock                              
43c18fa0  socCpuCores                          
43c18fa8  gBootloaderConfigNum                 
43c18fac  gDebugLogZone                        
43c18fb0  gEndOfFilesTransferWord              
43c18fb4  gHwiConfig                           
43c18fb8  gUartConfigNum                       
43c18fbc  gUartDmaConfigNum                    
43c18fc0  operatingMode                        
43c18fc4  pSciclient_secProxyCfg               
43c18fd4  selfcoreEntry                        
43c18ff8  soc_clock_data                       
43c1a038  soc_device_data_arr                  
43c1a5cc  soc_pll_table                        
43c1a8ae  soc_host_indexes                     
43c1a9ac  gSciclientMap                        
43c1ab18  soc_clock_freq_defaults              
43c1ac5d  soc_host_indexes_sz                  
43c1ad60  gSOC_r5fVectors                      
43c1ada8  soc_devgroups                        
43c1ae7e  ia_soc_pe_init_list                  
43c1af74  irq_global_event_types               
43c1b550  soc_clock_ranges                     
43c1b5c8  clk_drv_div_pll_16fft_hsdiv          
43c1b5ec  clk_drv_div_pll_16fft_postdiv        
43c1b610  clk_drv_div_reg                      
43c1b634  clk_drv_div_reg_go                   
43c1b7ac  clk_drv_mux_reg                      
43c1b7cc  clk_drv_pllctrl_mux_reg_ro           
43c1b810  soc_fw_caps                          
43c1ba70  clk_drv_fixed                        
43c1ba88  clk_drv_from_device                  
43c1baa0  clk_drv_pll_16fft                    
43c1bab8  clk_drv_soc_hfosc0                   
43c1bad0  clk_drv_soc_lfosc0                   
43c1c5e0  psc_drv                              
43c1c9d4  gcSciclientDirectExtBootX509MagicWord
43c1c9e4  evt_rt_srcs                          
43c1cc4c  evt_rt_srcs_count                    
43c1cc50  gCacheL1dCacheLineSize               
43c1cc54  gCacheL1pCacheLineSize               
43c1cc7c  ra_inst_count                        
43c1cc80  soc_clock_count                      
43c1cc84  soc_devgroup_count                   
43c1cc88  soc_device_count                     
43c1cc8c  soc_psc_multiple_domains             
43c1cc9c  udmap_inst_count                     
43c1cd00  gSciclient_boardCfgLow               
43c1cd80  gSciclient_boardCfgLow_rm            
43c1da80  gSciclient_boardCfgLow_sec           
43c1dc00  gSciclient_boardCfgLow_pm            
43c1dc80  _sys_memory                          
43c25c80  __stack                              
43c29c80  __BSS_START                          
43c29c80  __STACK_END                          
43c29c80  gHwiCtrl                             
43c2b730  soc_clocks                           
43c2bb40  soc_devices                          
43c2c154  soc_clock_values                     
43c2c458  _CIOBUF_                             
43c2c458  __CIOBUF_                            
43c2c630  __TI_tmpnams                         
43c2c6d0  bootCpuInfo                          
43c2c770  _freertosresetvectors                
43c2c7b0  gClockCtrl                           
43c2c80c  parmbuf                              
43c2c838  bootHandle                           
43c2c83c  gUartHandle                          
43c2c848  __BSS_END                            
43c2c848  __IRQ_STACK_START                    
43c2d848  __FIQ_STACK_START                    
43c2d848  __IRQ_STACK_END                      
43c2d948  __FIQ_STACK_END                      
43c2d948  __SVC_STACK_START                    
43c2da48  __ABORT_STACK_START                  
43c2da48  __SVC_STACK_END                      
43c2db48  __ABORT_STACK_END                    
43c2db48  __UNDEFINED_STACK_START              
43c2dc48  __UNDEFINED_STACK_END                
84000000  gAppImageBuf                         
ffffffff  __TI_pprof_out_hndl                  
ffffffff  __TI_prof_data_size                  
ffffffff  __TI_prof_data_start                 
ffffffff  __binit__                            
ffffffff  binit                                
UNDEFED   __TI_CINIT_Base                      
UNDEFED   __TI_CINIT_Limit                     
UNDEFED   __TI_Handler_Table_Base              
UNDEFED   __TI_Handler_Table_Limit             
UNDEFED   _system_post_cinit                   

[650 symbols]
