******************************************************************************
            TI ARM Clang Linker Unix v3.2.0                    
******************************************************************************
>> Linked Wed Dec 13 15:05:32 2023

OUTPUT FILE NAME:   <sbl_dfu.release.out>
ENTRY POINT SYMBOL: "_vectors_sbl"  address: 70000000


MEMORY CONFIGURATION

         name            origin    length      used     unused   attr    fill
----------------------  --------  ---------  --------  --------  ----  --------
  R5F_VECS              00000000   00000040  00000000  00000040  RWIX
  R5F_TCMA              00000040   00007fc0  00000000  00007fc0  RWIX
  R5F_TCMB0             41010000   00008000  00000000  00008000  RWIX
  MSRAM_VECS            70000000   00000100  00000040  000000c0  RWIX
  MSRAM_0               70000100   0004ff00  00011600  0003e900  RWIX
  NON_CACHE_MEM         70050000   00008000  00007590  00000a70  RWIX
  MSRAM_1               70058000   00028000  0000761c  000209e4  RWIX
  MSRAM_2               70180000   00060000  00060000  00000000  RWIX


SEGMENT ALLOCATION MAP

run origin  load origin   length   init length attrs members
----------  ----------- ---------- ----------- ----- -------
70000000    70000000    00000040   00000040    r-x
  70000000    70000000    00000040   00000040    r-x .vectors
70000100    70000100    0000f6e0   0000f6e0    r-x
  70000100    70000100    0000e810   0000e810    r-x .text
  7000e910    7000e910    00000760   00000760    r-x .text.hwi
  7000f070    7000f070    00000430   00000430    r-x .text.cache
  7000f4a0    7000f4a0    00000218   00000218    r-x .text.mpu
  7000f6b8    7000f6b8    00000128   00000128    r-x .text.boot
7000f7e0    7000f7e0    000006e0   000006e0    rw-
  7000f7e0    7000f7e0    000006e0   000006e0    rw- .data
7000fec0    7000fec0    00001840   00001840    r--
  7000fec0    7000fec0    00001840   00001840    r-- .rodata
70058000    70058000    0000621c   00000000    rw-
  70058000    70058000    00004000   00000000    rw- .stack
  7005c000    7005c000    00002010   00000000    rw- .bss
  7005e010    7005e010    0000020c   00000000    rw- .bss._dfu_ctx
7005e220    7005e220    00001400   00000000    r--
  7005e220    7005e220    00001000   00000000    r-- .irqstack
  7005f220    7005f220    00000100   00000000    r-- .fiqstack
  7005f320    7005f320    00000100   00000000    r-- .svcstack
  7005f420    7005f420    00000100   00000000    r-- .abortstack
  7005f520    7005f520    00000100   00000000    r-- .undefinedstack


SECTION ALLOCATION MAP

 output                                  attributes/
section   page    origin      length       input sections
--------  ----  ----------  ----------   ----------------
.vectors   0    70000000    00000040     
                  70000000    00000040     nortos.am64x.r5f.ti-arm-clang.release.lib : HwiP_armv7r_vectors_nortos_sbl_asm.obj (.vectors)

.text      0    70000100    0000e810     
                  70000100    000006f2     usbd_tusb_dfu_nortos.am64x.r5f.ti-arm-clang.release.lib : usbd.obj (.text.tud_task_ext)
                  700007f2    00000620     drivers.am64x.r5f.ti-arm-clang.release.lib : sciclient_rm_irq.obj (.text.Sciclient_rmIrqFindRoute)
                  70000e12    00000002     ti_dpl_config.obj (.text.Dpl_deinit)
                  70000e14    00000598     nortos.am64x.r5f.ti-arm-clang.release.lib : printf.obj (.text._vsnprintf)
                  700013ac    00000522     drivers.am64x.r5f.ti-arm-clang.release.lib : udma_ch.obj (.text.Udma_chDisable)
                  700018ce    000004e2     usbd_cdn_nortos.am64x.r5f.ti-arm-clang.release.lib : cusbd.obj (.text.cusbd_dsr)
                  70001db0    0000045e     drivers.am64x.r5f.ti-arm-clang.release.lib : udma_event.obj (.text.Udma_eventRegister)
                  7000220e    000003a4                                                : udma_ch.obj (.text.Udma_chOpen)
                  700025b2    00000006                                                : csl_pktdma.obj (.text.CSL_pktdmaTeardownRxChan)
                  700025b8    00000398     nortos.am64x.r5f.ti-arm-clang.release.lib : printf.obj (.text._ftoa)
                  70002950    00000388     drivers.am64x.r5f.ti-arm-clang.release.lib : uart_v0.obj (.text.UART_open)
                  70002cd8    0000037c                                                : sciclient.obj (.text.Sciclient_service)
                  70003054    00000314     usbd_cdn_nortos.am64x.r5f.ti-arm-clang.release.lib : cusbd.obj (.text.CUSBD_Init)
                  70003368    00000310     nortos.am64x.r5f.ti-arm-clang.release.lib : printf.obj (.text._etoa)
                  70003678    000002d4     main.obj (.text.main)
                  7000394c    0000028c     drivers.am64x.r5f.ti-arm-clang.release.lib : sciclient_rm_irq.obj (.text.Sciclient_rmIrqGetRoute)
                  70003bd8    00000274                                                : uart_v0_lld.obj (.text.UART_configInstance)
                  70003e4c    0000021e                                                : bootloader_soc.obj (.text.Bootloader_socCpuResetRelease)
                  7000406a    00000002                                                : bootloader_mem.obj (.text.Mem_imgClose)
                  7000406c    0000020e                                                : bootloader_soc.obj (.text.Bootloader_socCpuPowerOnResetR5f)
                  7000427a    00000002     nortos.am64x.r5f.ti-arm-clang.release.lib : SemaphoreP_nortos.obj (.text.SemaphoreP_destruct)
                  7000427c    0000020a     drivers.am64x.r5f.ti-arm-clang.release.lib : udma_event.obj (.text.Udma_eventUnRegister)
                  70004486    00000206                                                : uart_v0_lld.obj (.text.UART_lld_controllerIsr)
                  7000468c    00000202                                                : sciclient_rm_irq.obj (.text.Sciclient_rmProgramInterruptRoute)
                  7000488e    00000002     nortos.am64x.r5f.ti-arm-clang.release.lib : TaskP_nortos.obj (.text.TaskP_yield)
                  70004890    000001f6     usbd_tusb_dfu_nortos.am64x.r5f.ti-arm-clang.release.lib : dfu_device.obj (.text.dfu_moded_control_xfer_cb)
                  70004a86    00000002     drivers.am64x.r5f.ti-arm-clang.release.lib : uart_v0.obj (.text.UART_lld_errorCallback)
                  70004a88    000001ea                                                : bootloader.obj (.text.Bootloader_verifyMulticoreImage)
                  70004c72    000001e2     usbd_cdn_nortos.am64x.r5f.ti-arm-clang.release.lib : cusbd.obj (.text.CUSBD_EpEnable)
                  70004e54    000001ce                                                        : cusbd.obj (.text.GetEPSelConfigValue)
                  70005022    00000002     drivers.am64x.r5f.ti-arm-clang.release.lib : udma_rm.obj (.text.Udma_rmFreeFreeRing)
                  70005024    000001ca                                                : csl_bcdma.obj (.text.CSL_bcdmaChanOp)
                  700051ee    000001c4                                                : uart_dma_udma.obj (.text.UART_lld_dmaInit)
                  700053b2    000001c0     nortos.am64x.r5f.ti-arm-clang.release.lib : TimerP.obj (.text.TimerP_setup)
                  70005572    000001ba     usbd_tusb_dfu_nortos.am64x.r5f.ti-arm-clang.release.lib : dcd.obj (.text.dcd_edpt_xfer)
                  7000572c    000001b0     drivers.am64x.r5f.ti-arm-clang.release.lib : sciclient_rm_irq.obj (.text.Sciclient_rmClearInterruptRoute)
                  700058dc    000001ac     usbd_cdn_nortos.am64x.r5f.ti-arm-clang.release.lib : cusbd.obj (.text.cusbdmaProcessDataXferInt)
                  70005a88    00000192     drivers.am64x.r5f.ti-arm-clang.release.lib : uart_v0_lld.obj (.text.UART_lld_initDma)
                  70005c1a    00000190                                                : udma_ring_common.obj (.text.Udma_ringAlloc)
                  70005daa    00000176     usbd_cdn_nortos.am64x.r5f.ti-arm-clang.release.lib : cusbd.obj (.text.CUSBD_Isr)
                  70005f20    00000174     drivers.am64x.r5f.ti-arm-clang.release.lib : bootloader_soc.obj (.text.Bootloader_socCpuResetReleaseSelf)
                  70006094    0000016e                                                : uart_v0_lld.obj (.text.UART_lld_init)
                  70006202    00000002     nortos.am64x.r5f.ti-arm-clang.release.lib : printf.obj (.text._out_null)
                  70006204    0000016e     usbd_tusb_dfu_nortos.am64x.r5f.ti-arm-clang.release.lib : usbd.obj (.text.dcd_event_handler)
                  70006372    00000152     nortos.am64x.r5f.ti-arm-clang.release.lib : printf.obj (.text._ntoa_format)
                  700064c4    00000004     ti_board_open_close.obj (.text.Board_driversOpen)
                  700064c8    00000150     drivers.am64x.r5f.ti-arm-clang.release.lib : bootloader_profile.obj (.text.Bootloader_profilePrintProfileLog)
                  70006618    00000148                                                : csl_bcdma.obj (.text.CSL_bcdmaChanOpCfgChan)
                  70006760    00000148                                                : uart_v0_lld.obj (.text.UART_lld_write)
                  700068a8    00000146     usbd_cdn_nortos.am64x.r5f.ti-arm-clang.release.lib : cusbd.obj (.text.CUSBD_ReqQueue)
                  700069ee    00000144     drivers.am64x.r5f.ti-arm-clang.release.lib : uart_v0.obj (.text.UART_close)
                  70006b32    00000140                                                : sciclient_rm_irq.obj (.text.Sciclient_rmIrqProgramRoute)
                  70006c72    0000013c                                                : udma_ch.obj (.text.Udma_chConfigRx)
                  70006dae    0000013c     usbd_cdn_nortos.am64x.r5f.ti-arm-clang.release.lib : cusbdma.obj (.text.channelUpdateState)
                  70006eea    00000134     drivers.am64x.r5f.ti-arm-clang.release.lib : sciclient_rm_irq.obj (.text.Sciclient_rmIrqDeleteRoute)
                  7000701e    00000132     usbd_cdn_nortos.am64x.r5f.ti-arm-clang.release.lib : cusbdma.obj (.text.CUSBDMA_ChannelProgram)
                  70007150    00000132     drivers.am64x.r5f.ti-arm-clang.release.lib : soc.obj (.text.SOC_moduleSetClockFrequency)
                  70007282    00000132     usbd_tusb_dfu_nortos.am64x.r5f.ti-arm-clang.release.lib : usb_wrapper.obj (.text.usbDeviceInit)
                  700073b4    0000012c     usbd_cdn_nortos.am64x.r5f.ti-arm-clang.release.lib : cusbdma.obj (.text.CUSBDMA_ChannelAlloc)
                  700074e0    00000118     libclang_rt.builtins.a : udivmoddi4.S.obj (.text)
                  700075f8    00000116     usbd_cdn_nortos.am64x.r5f.ti-arm-clang.release.lib : cusbdma.obj (.text.CUSBDMA_ChannelRelease)
                  7000770e    00000112     drivers.am64x.r5f.ti-arm-clang.release.lib : bootloader_soc.obj (.text.Bootloader_socCpuPowerOnResetM4f)
                  70007820    00000102     nortos.am64x.r5f.ti-arm-clang.release.lib : ClockP_nortos_r5.obj (.text.ClockP_init)
                  70007922    000000fc     usbd_cdn_nortos.am64x.r5f.ti-arm-clang.release.lib : cusbd.obj (.text.cusbdAuxBufferDequeue)
                  70007a1e    000000fa     drivers.am64x.r5f.ti-arm-clang.release.lib : udma_flow.obj (.text.Udma_flowConfig)
                  70007b18    000000f6                                                : udma_ch.obj (.text.Udma_chEnable)
                  70007c0e    000000f4                                                : uart_v0.obj (.text.UART_write)
                  70007d02    000000f0                                                : udma_ch.obj (.text.Udma_chFreeResource)
                  70007df2    000000de     usbd_cdn_nortos.am64x.r5f.ti-arm-clang.release.lib : cusbd.obj (.text.handleEp0Irq)
                  70007ed0    000000da     drivers.am64x.r5f.ti-arm-clang.release.lib : udma_ch.obj (.text.Udma_chConfigTx)
                  70007faa    000000d4                                                : bootloader.obj (.text.Bootloader_rprcImageLoad)
                  7000807e    000000ce     usbd_cdn_nortos.am64x.r5f.ti-arm-clang.release.lib : cusbd.obj (.text.handleSwEpOutReq)
                  7000814c    000000cc                                                        : cusbdma.obj (.text.channelTrigger)
                  70008218    000000cc     usbd_tusb_dfu_nortos.am64x.r5f.ti-arm-clang.release.lib : usbd_control.obj (.text.usbd_control_xfer_cb)
                  700082e4    000000c8     drivers.am64x.r5f.ti-arm-clang.release.lib : bootloader.obj (.text.Bootloader_parseMultiCoreAppImage)
                  700083ac    000000c2     usbd_tusb_dfu_nortos.am64x.r5f.ti-arm-clang.release.lib : usbd.obj (.text.tud_init)
                  7000846e    000000c0     drivers.am64x.r5f.ti-arm-clang.release.lib : uart_dma_udma.obj (.text.UART_lld_dmaWrite)
                  7000852e    000000be     usbd_cdn_nortos.am64x.r5f.ti-arm-clang.release.lib : cusbdma.obj (.text.programTRBs)
                  700085ec    000000ba     drivers.am64x.r5f.ti-arm-clang.release.lib : bootloader.obj (.text.Bootloader_loadSelfCpu)
                  700086a6    000000ba                                                : csl_bcdma.obj (.text.CSL_bcdmaChanOpTeardownChan)
                  70008760    000000b8                                                : uart_v0_lld.obj (.text.UART_divisorLatchWrite)
                  70008818    000000b2     usbd_cdn_nortos.am64x.r5f.ti-arm-clang.release.lib : cusbd.obj (.text.ep0transfer)
                  700088ca    000000b0     nortos.am64x.r5f.ti-arm-clang.release.lib : printf.obj (.text._ntoa_long_long)
                  7000897a    000000aa     drivers.am64x.r5f.ti-arm-clang.release.lib : sciclient_rm_irq.obj (.text.Sciclient_rmIaValidateMapping)
                  70008a24    000000aa                                                : uart_v0_lld.obj (.text.UART_procLineStatusErr)
                  70008ace    000000aa                                                : udma_rm.obj (.text.Udma_rmAllocMappedRxCh)
                  70008b78    000000aa                                                : udma_rm.obj (.text.Udma_rmAllocMappedTxCh)
                  70008c22    000000a8     usbd_cdn_nortos.am64x.r5f.ti-arm-clang.release.lib : cusbd.obj (.text.CUSBD_EpSetHalt)
                  70008cca    000000a6     drivers.am64x.r5f.ti-arm-clang.release.lib : udma_ch.obj (.text.Udma_chConfigPdma)
                  70008d70    000000a6     nortos.am64x.r5f.ti-arm-clang.release.lib : printf.obj (.text._out_rev)
                  70008e16    000000a4     drivers.am64x.r5f.ti-arm-clang.release.lib : sciclient_pm.obj (.text.Sciclient_pmQueryModuleClkFreq)
                  70008eba    000000a2                                                : sciclient_rm_irq.obj (.text.Sciclient_rmIrInpIsFree)
                  70008f5c    000000a0                                                : bootloader.obj (.text.Bootloader_getMsgLen)
                  70008ffc    000000a0                                                : udma_rm.obj (.text.Udma_rmAllocBlkCopyCh)
                  7000909c    000000a0                                                : udma_rm.obj (.text.Udma_rmAllocBlkCopyHcCh)
                  7000913c    000000a0                                                : udma_rm.obj (.text.Udma_rmAllocBlkCopyUhcCh)
                  700091dc    000000a0                                                : udma_rm.obj (.text.Udma_rmAllocIrIntr)
                  7000927c    000000a0                                                : udma_rm.obj (.text.Udma_rmAllocRxCh)
                  7000931c    000000a0                                                : udma_rm.obj (.text.Udma_rmAllocRxHcCh)
                  700093bc    000000a0                                                : udma_rm.obj (.text.Udma_rmAllocRxUhcCh)
                  7000945c    000000a0                                                : udma_rm.obj (.text.Udma_rmAllocTxCh)
                  700094fc    000000a0                                                : udma_rm.obj (.text.Udma_rmAllocTxHcCh)
                  7000959c    000000a0                                                : udma_rm.obj (.text.Udma_rmAllocTxUhcCh)
                  7000963c    0000009e     usbd_cdn_nortos.am64x.r5f.ti-arm-clang.release.lib : cusbd.obj (.text.CUSBD_EpDisable)
                  700096da    0000009e     drivers.am64x.r5f.ti-arm-clang.release.lib : uart_v0.obj (.text.UART_flushTxFifo)
                  70009778    0000009a     usbd_cdn_nortos.am64x.r5f.ti-arm-clang.release.lib : cusbdma.obj (.text.CUSBDMA_ChannelHandleStall)
                  70009812    0000009a                                                        : cusbdma.obj (.text.CUSBDMA_Init)
                  700098ac    0000009a     drivers.am64x.r5f.ti-arm-clang.release.lib : sciclient.obj (.text.Sciclient_init)
                  70009946    0000009a                                                : sciclient.obj (.text.Sciclient_sendMessage)
                  700099e0    0000009a                                                : uart_dma_udma.obj (.text.UART_udmaDeInitCh)
                  70009a7a    00000096     nortos.am64x.r5f.ti-arm-clang.release.lib : SemaphoreP_nortos.obj (.text.SemaphoreP_pend)
                  70009b10    00000094     usbd_cdn_nortos.am64x.r5f.ti-arm-clang.release.lib : cusbd_sanity.obj (.text.CUSBD_PrivateDataSF)
                  70009ba4    00000094     drivers.am64x.r5f.ti-arm-clang.release.lib : uart_v0.obj (.text.UART_init)
                  70009c38    00000094                                                : udma_rm.obj (.text.Udma_rmAllocMappedRing)
                  70009ccc    00000092                                                : sciclient_pm.obj (.text.Sciclient_pmSetModuleClkFreq)
                  70009d5e    00000092                                                : udma_ch.obj (.text.Udma_chClose)
                  70009df0    00000092                                                : udma_event.obj (.text.Udma_eventFreeResource)
                  70009e82    00000090                                                : bootloader_soc.obj (.text.Bootloader_socCpuSetEntryPoint)
                  70009f12    0000008e                                                : csl_pktdma.obj (.text.CSL_pktdmaTeardownChan)
                  70009fa0    0000008e     usbd_cdn_nortos.am64x.r5f.ti-arm-clang.release.lib : cusbdma.obj (.text.CUSBDMA_ChannelReset)
                  7000a02e    0000008c     nortos.am64x.r5f.ti-arm-clang.release.lib : printf.obj (.text._ntoa_long)
                  7000a0ba    0000008c     usbd_tusb_dfu_nortos.am64x.r5f.ti-arm-clang.release.lib : dfu_device.obj (.text.process_download_get_status)
                  7000a146    0000008a     drivers.am64x.r5f.ti-arm-clang.release.lib : udma_event.obj (.text.Udma_eventIsrFxn)
                  7000a1d0    00000088     usbd_cdn_nortos.am64x.r5f.ti-arm-clang.release.lib : cusbd.obj (.text.initDevHw)
                  7000a258    00000086     drivers.am64x.r5f.ti-arm-clang.release.lib : uart_v0_lld.obj (.text.UART_lld_writeIntr)
                  7000a2de    00000086     usbd_cdn_nortos.am64x.r5f.ti-arm-clang.release.lib : cusbd.obj (.text.initSwEp)
                  7000a364    00000086     usbd_tusb_dfu_nortos.am64x.r5f.ti-arm-clang.release.lib : dfu_device.obj (.text.process_manifest_get_status)
                  7000a3ea    00000084     dfu_descriptors.obj (.text.tud_descriptor_string_cb)
                  7000a46e    00000082     usbd_tusb_dfu_nortos.am64x.r5f.ti-arm-clang.release.lib : usbd.obj (.text.configuration_reset)
                  7000a4f0    00000080     drivers.am64x.r5f.ti-arm-clang.release.lib : sciclient_boardcfg.obj (.text.Sciclient_boardCfgPm)
                  7000a570    00000080     usbd_cdn_nortos.am64x.r5f.ti-arm-clang.release.lib : cusbdma.obj (.text.allocTRBChainDesc)
                  7000a5f0    0000007e     drivers.am64x.r5f.ti-arm-clang.release.lib : bootloader_soc.obj (.text.Bootloader_socOpenFirewalls)
                  7000a66e    0000007c                                                : pinmux.obj (.text.Pinmux_config)
                  7000a6ea    0000007c                                                : sciclient_procboot.obj (.text.Sciclient_procBootWaitProcessorState)
                  7000a766    0000007c                                                : sciclient_rm_irq.obj (.text.Sciclient_rmIrOutpIsFree)
                  7000a7e2    0000007c                                                : sciclient_rm_irq.obj (.text.Sciclient_rmIrqGetNode)
                  7000a85e    0000007a                                                : sciclient_pm.obj (.text.Sciclient_pmGetModuleClkNumParent)
                  7000a8d8    00000078                                                : bootloader_soc.obj (.text.Bootloader_socCpuSetClock)
                  7000a950    00000078                                                : bootloader_soc.obj (.text.Bootloader_socOpenFirewallRegion)
                  7000a9c8    00000076                                                : uart_v0_lld.obj (.text.UART_lld_writeDma)
                  7000aa3e    00000072                                                : bootloader_soc.obj (.text.Bootloader_socCpuPowerOnResetA53)
                  7000aab0    00000072                                                : csl_pktdma.obj (.text.CSL_pktdmaAccessChanPeerReg)
                  7000ab22    00000072                                                : udma_rm.obj (.text.Udma_rmAllocVintrBit)
                  7000ab94    00000070                                                : bootloader_soc.obj (.text.Bootloader_socMemInitCpu)
                  7000ac04    00000070     usbd_tusb_dfu_nortos.am64x.r5f.ti-arm-clang.release.lib : usb_wrapper.obj (.text.usbSetupDeviceMode)
                  7000ac74    0000006e     usbd_cdn_nortos.am64x.r5f.ti-arm-clang.release.lib : cdn_osal_none.obj (.text.OsalNoRtosQueue_enqueue)
                  7000ace2    0000006e     drivers.am64x.r5f.ti-arm-clang.release.lib : soc.obj (.text.SOC_moduleClockEnable)
                  7000ad50    0000006e                                                : sciclient_pm.obj (.text.Sciclient_pmGetModuleState)
                  7000adbe    0000006c     usbd_cdn_nortos.am64x.r5f.ti-arm-clang.release.lib : cdn_osal_none.obj (.text.OsalNoRtosQueue_dequeue)
                  7000ae2a    0000006c     drivers.am64x.r5f.ti-arm-clang.release.lib : soc.obj (.text.SOC_isR5FDualCoreMode)
                  7000ae96    0000006a                                                : uart_dma_udma.obj (.text.UART_udmaHpdInit)
                  7000af00    0000006a                                                : uart_v0_lld.obj (.text.UART_writeCancelNoCB)
                  7000af6a    00000068     nortos.am64x.r5f.ti-arm-clang.release.lib : AddrTranslateP.obj (.text.AddrTranslateP_getLocalAddr)
                  7000afd2    00000068     drivers.am64x.r5f.ti-arm-clang.release.lib : bootloader_soc.obj (.text.Bootloader_socCpuRelease)
                  7000b03a    00000066                                                : bootloader_soc.obj (.text.Bootloader_socCpuRequest)
                  7000b0a0    00000066                                                : sciclient_pm.obj (.text.Sciclient_pmGetModuleClkFreq)
                  7000b106    00000066                                                : sciclient_pm.obj (.text.Sciclient_pmGetModuleClkParent)
                  7000b16c    00000064                                                : bootloader_soc.obj (.text.Bootloader_socCpuGetClock)
                  7000b1d0    00000064                                                : csl_bcdma.obj (.text.CSL_bcdmaDoChanOp)
                  7000b234    00000064                                                : sciclient_pm.obj (.text.Sciclient_pmModuleGetClkStatus)
                  7000b298    00000062                                                : sciclient.obj (.text.Sciclient_waitForBootNotification)
                  7000b2fa    00000062                                                : udma_ring_common.obj (.text.Udma_ringFree)
                  7000b35c    00000062                                                : udma_ring_common.obj (.text.Udma_ringQueueRaw)
                  7000b3be    00000062     usbd_cdn_nortos.am64x.r5f.ti-arm-clang.release.lib : usbss_functions.obj (.text.usbss_reset_release)
                  7000b420    00000060     drivers.am64x.r5f.ti-arm-clang.release.lib : uart_v0_lld.obj (.text.UART_intrDisable)
                  7000b480    00000060                                                : udma_rm.obj (.text.Udma_rmFreeMappedRing)
                  7000b4e0    00000060     usbd_tusb_dfu_nortos.am64x.r5f.ti-arm-clang.release.lib : dfu_device.obj (.text.dfu_moded_open)
                  7000b540    00000060     nortos.am64x.r5f.ti-arm-clang.release.lib : PmuP_armv7r.obj (.text.pmu)
                  7000b5a0    0000005e     drivers.am64x.r5f.ti-arm-clang.release.lib : bootloader.obj (.text.Bootloader_runCpu)
                  7000b5fe    0000005e     nortos.am64x.r5f.ti-arm-clang.release.lib : ClockP_nortos.obj (.text.ClockP_timerTickIsr)
                  7000b65c    0000005e     drivers.am64x.r5f.ti-arm-clang.release.lib : sciclient_pm.obj (.text.Sciclient_pmModuleClkRequest)
                  7000b6ba    0000005e                                                : sciclient_pm.obj (.text.Sciclient_pmSetModuleClkParent)
                  7000b718    0000005e                                                : uart_dma_udma.obj (.text.UART_lld_dmaDisableChannel)
                  7000b776    0000005e     usbd_tusb_dfu_nortos.am64x.r5f.ti-arm-clang.release.lib : usbd_control.obj (.text.tud_control_xfer)
                  7000b7d4    0000005c     drivers.am64x.r5f.ti-arm-clang.release.lib : csl_bcdma.obj (.text.CSL_bcdmaChanOpGetChanStats)
                  7000b830    0000005c                                                : csl_bcdma.obj (.text.CSL_bcdmaChanOpSetChanPause)
                  7000b88c    0000005c                                                : sciclient_procboot.obj (.text.Sciclient_procBootSetSequenceCtrl)
                  7000b8e8    0000005c                                                : uart_dma_udma.obj (.text.UART_udmaIsrRx)
                  7000b944    0000005c                                                : uart_dma_udma.obj (.text.UART_udmaIsrTx)
                  7000b9a0    0000005c                                                : udma_rm.obj (.text.Udma_rmAllocEvent)
                  7000b9fc    0000005c                                                : udma_rm.obj (.text.Udma_rmAllocVintr)
                  7000ba58    0000005c     nortos.am64x.r5f.ti-arm-clang.release.lib : DebugP_log.obj (.text._DebugP_assert)
                  7000bab4    0000005a     drivers.am64x.r5f.ti-arm-clang.release.lib : uart_v0_lld.obj (.text.UART_lld_flushTxFifo)
                  7000bb0e    0000005a                                                : udma_ring_common.obj (.text.Udma_ringDequeueRaw)
                  7000bb68    00000058     usbd_cdn_nortos.am64x.r5f.ti-arm-clang.release.lib : cusbdma_sanity.obj (.text.CUSBDMA_DmaControllerSF)
                  7000bbc0    00000058     libc.a : autoinit.c.obj (.text:__TI_auto_init_nobinit_nopinit)
                  7000bc18    00000056     usbd_cdn_nortos.am64x.r5f.ti-arm-clang.release.lib : cusbd.obj (.text.CUSBD_Start)
                  7000bc6e    00000056     nortos.am64x.r5f.ti-arm-clang.release.lib : ClockP_nortos.obj (.text.ClockP_getTimeUsec)
                  7000bcc4    00000056     usbd_tusb_dfu_nortos.am64x.r5f.ti-arm-clang.release.lib : usbd_control.obj (.text._data_stage_xact)
                  7000bd1a    00000056                                                             : tusb_fifo.obj (.text._tu_fifo_peek)
                  7000bd70    00000056                                                             : usbd.obj (.text.usbd_edpt_xfer)
                  7000bdc6    00000054     drivers.am64x.r5f.ti-arm-clang.release.lib : csl_bcdma.obj (.text.CSL_bcdmaChanOpDecChanStats)
                  7000be1a    00000054                                                : csl_bcdma.obj (.text.CSL_bcdmaChanOpGetChanRT)
                  7000be6e    00000054                                                : csl_intaggr.obj (.text.CSL_intaggrIsIntrPending)
                  7000bec2    00000054                                                : sciclient_rm.obj (.text.Sciclient_rmGetResourceRange)
                  7000bf16    00000054     usbd_cdn_nortos.am64x.r5f.ti-arm-clang.release.lib : cusbdma.obj (.text.getActualNumTRBs)
                  7000bf6a    00000052     drivers.am64x.r5f.ti-arm-clang.release.lib : sciclient_pm.obj (.text.Sciclient_pmSetModuleState)
                  7000bfbc    00000052                                                : uart_v0_lld.obj (.text.UART_lld_deInitDma)
                  7000c00e    00000052     usbd_tusb_dfu_nortos.am64x.r5f.ti-arm-clang.release.lib : usb_wrapper.obj (.text.disconnect)
                  7000c060    00000050     nortos.am64x.r5f.ti-arm-clang.release.lib : ClockP_nortos.obj (.text.ClockP_addToList)
                  7000c0b0    00000050                                               : ClockP_nortos.obj (.text.ClockP_construct)
                  7000c100    00000050     drivers.am64x.r5f.ti-arm-clang.release.lib : sciclient_soc_priv.obj (.text.Sciclient_getContext)
                  7000c150    00000050                                                : udma_rm.obj (.text.Udma_rmFreeVintrBit)
                  7000c1a0    0000004e                                                : bootloader.obj (.text.Bootloader_findSeq)
                  7000c1ee    0000004e     usbd_cdn_nortos.am64x.r5f.ti-arm-clang.release.lib : cusbd.obj (.text.CUSBD_Probe)
                  7000c23c    0000004e     drivers.am64x.r5f.ti-arm-clang.release.lib : sciclient_procboot.obj (.text.Sciclient_procBootReleaseProcessor)
                  7000c28a    0000004e                                                : udma_soc.obj (.text.Udma_getMappedChRingAttributes)
                  7000c2d8    0000004e     usbd_cdn_nortos.am64x.r5f.ti-arm-clang.release.lib : cusbd.obj (.text.startHwTransfer)
                  7000c326    0000004e     usbd_tusb_dfu_nortos.am64x.r5f.ti-arm-clang.release.lib : tusb_fifo.obj (.text.tu_fifo_write)
                  7000c374    0000004c     ti_drivers_open_close.obj (.text.Drivers_uartOpen)
                  7000c3c0    0000004c     usbd_cdn_nortos.am64x.r5f.ti-arm-clang.release.lib : cdn_osal_none.obj (.text.OsalNoRtosQueue_init)
                  7000c40c    0000004c     drivers.am64x.r5f.ti-arm-clang.release.lib : udma_ch.obj (.text.UdmaChTxPrms_init)
                  7000c458    0000004c     usbd_tusb_dfu_nortos.am64x.r5f.ti-arm-clang.release.lib : dcd.obj (.text.dcd_set_address)
                  7000c4a4    0000004a     drivers.am64x.r5f.ti-arm-clang.release.lib : csl_intaggr.obj (.text.CSL_intaggrClrIntr)
                  7000c4ee    0000004a                                                : pinmux.obj (.text.Pinmux_unlockMMR)
                  7000c538    0000004a                                                : sciclient.obj (.text.Sciclient_triggerSecHandover)
                  7000c582    0000004a                                                : uart_v0_lld.obj (.text.UART_lld_deInit)
                  7000c5cc    0000004a                                                : udma_ch.obj (.text.UdmaChPrms_init)
                  7000c616    0000004a                                                : udma_rm.obj (.text.Udma_rmFreeMappedRxCh)
                  7000c660    0000004a                                                : udma_rm.obj (.text.Udma_rmFreeMappedTxCh)
                  7000c6aa    00000048                                                : csl_bcdma.obj (.text.CSL_bcdmaChanOpSetChanRT)
                  7000c6f2    00000048     usbd_cdn_nortos.am64x.r5f.ti-arm-clang.release.lib : cusbdma.obj (.text.CUSBDMA_ChannelFreeHeadTrbChain)
                  7000c73a    00000048                                                        : cusbd.obj (.text.CUSBD_ReqDequeue)
                  7000c782    00000048     usbd_tusb_dfu_nortos.am64x.r5f.ti-arm-clang.release.lib : dcd.obj (.text.dcd_edpt_clear_stall)
                  7000c7ca    00000048                                                             : dcd.obj (.text.dcd_edpt_stall)
                  7000c812    00000046     ti_dpl_config.obj (.text.Dpl_init)
                  7000c858    00000046     drivers.am64x.r5f.ti-arm-clang.release.lib : sciclient_pm.obj (.text.Sciclient_pmSetModuleRst_flags)
                  7000c89e    00000046                                                : sciclient_procboot.obj (.text.Sciclient_procBootGetProcessorState)
                  7000c8e4    00000046                                                : udma_ch.obj (.text.UdmaChRxPrms_init)
                  7000c92a    00000044                                                : bootloader.obj (.text.Bootloader_loadCpu)
                  7000c96e    00000044     usbd_cdn_nortos.am64x.r5f.ti-arm-clang.release.lib : cusbd.obj (.text.CUSBD_EpSetWedge)
                  7000c9b2    00000044     drivers.am64x.r5f.ti-arm-clang.release.lib : sciclient_pm.obj (.text.Sciclient_pmSetModuleRst)
                  7000c9f6    00000044                                                : sciclient_procboot.obj (.text.Sciclient_procBootRequestProcessor)
                  7000ca3a    00000044                                                : sciclient_rm_irq.obj (.text.Sciclient_rmIrqUnmappedVintRouteDelete)
                  7000ca7e    00000044     usbd_tusb_dfu_nortos.am64x.r5f.ti-arm-clang.release.lib : dcd.obj (.text.outEpXferCmplCb)
                  7000cac2    00000044     main.obj (.text.tud_dfu_download_cb)
                  7000cb06    00000042     drivers.am64x.r5f.ti-arm-clang.release.lib : sciclient_procboot.obj (.text.Sciclient_procBootAuthAndStart)
                  7000cb48    00000042                                                : sciclient_rm.obj (.text.Sciclient_rmIrqReleaseRaw)
                  7000cb8a    00000042                                                : sciclient_rm.obj (.text.Sciclient_rmPsilPair)
                  7000cbcc    00000042                                                : sciclient_rm.obj (.text.Sciclient_rmPsilUnpair)
                  7000cc0e    00000042     usbd_cdn_nortos.am64x.r5f.ti-arm-clang.release.lib : usb_init.obj (.text.usb_init)
                  7000cc50    00000040     drivers.am64x.r5f.ti-arm-clang.release.lib : bootloader_profile.obj (.text.Bootloader_profileReset)
                  7000cc90    00000040                                                : csl_bcdma.obj (.text.CSL_bcdmaChanOpSetBurstSize)
                  7000ccd0    00000040     usbd_cdn_nortos.am64x.r5f.ti-arm-clang.release.lib : cusbdma.obj (.text.CUSBDMA_Destroy)
                  7000cd10    00000040     nortos.am64x.r5f.ti-arm-clang.release.lib : ClockP_nortos.obj (.text.ClockP_stop)
                  7000cd50    00000040     drivers.am64x.r5f.ti-arm-clang.release.lib : sciclient_firewall.obj (.text.Sciclient_firewallChangeOwnerInfo)
                  7000cd90    00000040                                                : sciclient_firewall.obj (.text.Sciclient_firewallSetRegion)
                  7000cdd0    00000040                                                : sciclient_rm.obj (.text.Sciclient_rmIrqSetRaw)
                  7000ce10    00000040                                                : sciclient_rm.obj (.text.Sciclient_rmRingCfg)
                  7000ce50    00000040                                                : sciclient_rm.obj (.text.Sciclient_rmUdmapFlowCfg)
                  7000ce90    00000040                                                : sciclient_rm.obj (.text.Sciclient_rmUdmapFlowSizeThreshCfg)
                  7000ced0    00000040                                                : sciclient_rm.obj (.text.Sciclient_rmUdmapRxChCfg)
                  7000cf10    00000040                                                : sciclient_rm.obj (.text.Sciclient_rmUdmapTxChCfg)
                  7000cf50    00000040     nortos.am64x.r5f.ti-arm-clang.release.lib : SemaphoreP_nortos.obj (.text.SemaphoreP_constructBinary)
                  7000cf90    00000040     drivers.am64x.r5f.ti-arm-clang.release.lib : udma_rm.obj (.text.Udma_rmFreeBlkCopyCh)
                  7000cfd0    00000040                                                : udma_rm.obj (.text.Udma_rmFreeBlkCopyHcCh)
                  7000d010    00000040                                                : udma_rm.obj (.text.Udma_rmFreeBlkCopyUhcCh)
                  7000d050    00000040                                                : udma_rm.obj (.text.Udma_rmFreeEvent)
                  7000d090    00000040                                                : udma_rm.obj (.text.Udma_rmFreeIrIntr)
                  7000d0d0    00000040                                                : udma_rm.obj (.text.Udma_rmFreeRxCh)
                  7000d110    00000040                                                : udma_rm.obj (.text.Udma_rmFreeRxHcCh)
                  7000d150    00000040                                                : udma_rm.obj (.text.Udma_rmFreeRxUhcCh)
                  7000d190    00000040                                                : udma_rm.obj (.text.Udma_rmFreeTxCh)
                  7000d1d0    00000040                                                : udma_rm.obj (.text.Udma_rmFreeTxHcCh)
                  7000d210    00000040                                                : udma_rm.obj (.text.Udma_rmFreeTxUhcCh)
                  7000d250    00000040                                                : udma_rm.obj (.text.Udma_rmFreeVintr)
                  7000d290    00000040     usbd_tusb_dfu_nortos.am64x.r5f.ti-arm-clang.release.lib : dcd.obj (.text.outEp0XferCmplCb)
                  7000d2d0    00000040                                                             : usb_wrapper.obj (.text.usbPhyOn)
                  7000d310    00000040                                                             : usbd.obj (.text.usbd_edpt_clear_stall)
                  7000d350    00000040                                                             : usbd.obj (.text.usbd_edpt_stall)
                  7000d390    0000003e     drivers.am64x.r5f.ti-arm-clang.release.lib : bootloader.obj (.text.Bootloader_open)
                  7000d3ce    0000003e     usbd_cdn_nortos.am64x.r5f.ti-arm-clang.release.lib : cusbdma.obj (.text.CUSBDMA_ChannelTrigger)
                  7000d40c    0000003e     drivers.am64x.r5f.ti-arm-clang.release.lib : soc.obj (.text.SOC_controlModuleUnlockMMR)
                  7000d44a    0000003e                                                : sciclient_procboot.obj (.text.Sciclient_procBootSetProcessorCfg)
                  7000d488    0000003e     nortos.am64x.r5f.ti-arm-clang.release.lib : SemaphoreP_nortos.obj (.text.SemaphoreP_constructMutex)
                  7000d4c6    0000003e     drivers.am64x.r5f.ti-arm-clang.release.lib : udma_flow.obj (.text.UdmaFlowPrms_init)
                  7000d504    0000003e                                                : udma_ring_common.obj (.text.Udma_ringFlushRaw)
                  7000d542    0000003c                                                : bootloader_soc.obj (.text.Bootloader_socTranslateSectionAddr)
                  7000d57e    0000003c                                                : csl_bcdma.obj (.text.CSL_bcdmaGetCfg)
                  7000d5ba    0000003c     usbd_tusb_dfu_nortos.am64x.r5f.ti-arm-clang.release.lib : usb_wrapper.obj (.text.usbDeviceIntSetup)
                  7000d5f6    0000003a     nortos.am64x.r5f.ti-arm-clang.release.lib : ClockP_nortos.obj (.text.ClockP_destruct)
                  7000d630    0000003a                                               : DebugP_uartLogWriter.obj (.text.DebugP_uartLogWriterPutChar)
                  7000d66a    00000038     drivers.am64x.r5f.ti-arm-clang.release.lib : bootloader_soc.obj (.text.Bootloader_socEnableICSSCores)
                  7000d6a2    00000038                                                : sciclient.obj (.text.Sciclient_getCurrentContext)
                  7000d6da    00000038     nortos.am64x.r5f.ti-arm-clang.release.lib : DebugP_nortos.obj (.text._DebugP_logZone)
                  7000d712    00000036     usbd_cdn_nortos.am64x.r5f.ti-arm-clang.release.lib : cusbd.obj (.text.CUSBD_EpFifoFlush)
                  7000d748    00000036     ti_power_clock_config.obj (.text.Module_clockSetFrequency)
                  7000d77e    00000036     usbd_tusb_dfu_nortos.am64x.r5f.ti-arm-clang.release.lib : dfu_device.obj (.text.tud_dfu_finish_flashing)
                  7000d7b4    00000034     nortos.am64x.r5f.ti-arm-clang.release.lib : ClockP_nortos.obj (.text.ClockP_start)
                  7000d7e8    00000034     usbd_cdn_nortos.am64x.r5f.ti-arm-clang.release.lib : cusbd.obj (.text.waitUntilBitCleared)
                  7000d81c    00000034                                                        : cusbd.obj (.text.waitUntilBitSet)
                  7000d850    00000032     drivers.am64x.r5f.ti-arm-clang.release.lib : bootloader.obj (.text.Bootloader_BootImageInfo_init)
                  7000d882    00000032     nortos.am64x.r5f.ti-arm-clang.release.lib : ClockP_nortos.obj (.text.ClockP_usleep)
                  7000d8b4    00000032                                               : SemaphoreP_nortos.obj (.text.SemaphoreP_post)
                  7000d8e6    00000032     drivers.am64x.r5f.ti-arm-clang.release.lib : udma_event.obj (.text.UdmaEventPrms_init)
                  7000d918    00000032     main.obj (.text.dfu_task)
                  7000d94a    00000032     usbd_cdn_nortos.am64x.r5f.ti-arm-clang.release.lib : cusbd.obj (.text.reqQueueRunHw)
                  7000d97c    00000030     nortos.am64x.r5f.ti-arm-clang.release.lib : PmuP_armv7r_asm.obj (.text.pmu)
                  7000d9ac    00000030     usbd_tusb_dfu_nortos.am64x.r5f.ti-arm-clang.release.lib : usbd_control.obj (.text.tud_control_status)
                  7000d9dc    00000030     usbd_cdn_nortos.am64x.r5f.ti-arm-clang.release.lib : cusbdma.obj (.text.waitForBitCleared)
                  7000da0c    0000002e                                                        : cusbdma.obj (.text.CUSBDMA_ChannelSetMaxPktSz)
                  7000da3a    0000002e     ti_power_clock_config.obj (.text.Module_clockDisable)
                  7000da68    0000002e     ti_power_clock_config.obj (.text.Module_clockEnable)
                  7000da96    0000002e     ti_drivers_config.obj (.text.System_init)
                  7000dac4    0000002e     drivers.am64x.r5f.ti-arm-clang.release.lib : uart_v0.obj (.text.UART_getHandle)
                  7000daf2    0000002e                                                : udma_ring_common.obj (.text.UdmaRingPrms_init)
                  7000db20    0000002e     usbd_tusb_dfu_nortos.am64x.r5f.ti-arm-clang.release.lib : dcd.obj (.text.ctrlInCmplCb)
                  7000db4e    0000002c     drivers.am64x.r5f.ti-arm-clang.release.lib : bootloader_soc.obj (.text.Bootloader_socIsMCUResetIsoEnabled)
                  7000db7a    0000002c                                                : csl_pktdma.obj (.text.CSL_pktdmaGetRxRT)
                  7000dba6    0000002c                                                : csl_pktdma.obj (.text.CSL_pktdmaGetTxRT)
                  7000dbd2    0000002c     usbd_tusb_dfu_nortos.am64x.r5f.ti-arm-clang.release.lib : dcd.obj (.text.inEpXferCmplCb)
                  7000dbfe    0000002a     drivers.am64x.r5f.ti-arm-clang.release.lib : soc.obj (.text.SOC_controlModuleLockMMR)
                  7000dc28    0000002a                                                : uart_v0.obj (.text.UART_lld_writeCompleteCallback)
                  7000dc52    00000028                                                : bootloader_soc.obj (.text.Bootloader_socCpuPowerOnReset)
                  7000dc7a    00000028     usbd_cdn_nortos.am64x.r5f.ti-arm-clang.release.lib : cusbdma_sanity.obj (.text.CUSBDMA_SanityFunction7)
                  7000dca2    00000028     nortos.am64x.r5f.ti-arm-clang.release.lib : ClockP_nortos.obj (.text.ClockP_sleepTicks)
                  7000dcca    00000028     drivers.am64x.r5f.ti-arm-clang.release.lib : bootloader_mem.obj (.text.Mem_imgRead)
                  7000dcf2    00000028                                                : uart_v0.obj (.text.UART_lld_readCompleteCallback)
                  7000dd1a    00000028                                                : udma_ch.obj (.text.Udma_chGetCqRingHandle)
                  7000dd42    00000028                                                : udma_ch.obj (.text.Udma_chGetFqRingHandle)
                  7000dd6a    00000026                                                : bootloader_profile.obj (.text.Bootloader_profileAddProfilePoint)
                  7000dd90    00000026     usbd_cdn_nortos.am64x.r5f.ti-arm-clang.release.lib : cusbdma.obj (.text.CUSBDMA_ChannelUpdateState)
                  7000ddb6    00000026     usbd_tusb_dfu_nortos.am64x.r5f.ti-arm-clang.release.lib : tusb.obj (.text.tu_edpt_bind_driver)
                  7000dddc    00000026     usbd_cdn_nortos.am64x.r5f.ti-arm-clang.release.lib : usbss_functions.obj (.text.usb_instance_select)
                  7000de02    00000024     drivers.am64x.r5f.ti-arm-clang.release.lib : csl_bcdma.obj (.text.CSL_bcdmaGetChanPeerReg)
                  7000de26    00000002     usbd_tusb_dfu_nortos.am64x.r5f.ti-arm-clang.release.lib : dcd.obj (.text.dcd_edpt_close_all)
                  7000de28    00000024     libclang_rt.builtins.a : aeabi_uldivmod.S.obj (.text.__aeabi_uldivmod)
                  7000de4c    00000024     usbd_tusb_dfu_nortos.am64x.r5f.ti-arm-clang.release.lib : tusb_fifo.obj (.text.tu_fifo_read)
                  7000de70    00000024                                                             : usb_wrapper.obj (.text.usbGetDataXferRequestIndexOut)
                  7000de94    00000024     nortos.am64x.r5f.ti-arm-clang.release.lib : printf.obj (.text.vprintf_)
                  7000deb8    00000022     drivers.am64x.r5f.ti-arm-clang.release.lib : bootloader.obj (.text.Bootloader_runSelfCpu)
                  7000deda    00000022                                                : bootloader_soc.obj (.text.Bootloader_socIsR5FSSDual)
                  7000defc    00000022                                                : csl_bcdma.obj (.text.CSL_bcdmaSetChanPeerReg)
                  7000df1e    00000022     ti_pinmux_config.obj (.text.Pinmux_init)
                  7000df40    00000022     drivers.am64x.r5f.ti-arm-clang.release.lib : uart_dma_udma.obj (.text.UART_lld_dmaDeInit)
                  7000df62    00000022                                                : udma_utils.obj (.text.Udma_virtToPhyFxn)
                  7000df84    00000022     usbd_cdn_nortos.am64x.r5f.ti-arm-clang.release.lib : cusbd.obj (.text.getActualSpeed)
                  7000dfa6    00000020     drivers.am64x.r5f.ti-arm-clang.release.lib : bootloader_soc.obj (.text.Bootloader_enableMCUPLL)
                  7000dfc6    00000020                                                : bootloader_soc.obj (.text.Bootloader_socGetCoreName)
                  7000dfe6    00000020                                                : bootloader_soc.obj (.text.Bootloader_socRprcToCslCoreId)
                  7000e006    00000020                                                : csl_pktdma.obj (.text.CSL_pktdmaSetRxRT)
                  7000e026    00000020                                                : csl_pktdma.obj (.text.CSL_pktdmaSetTxRT)
                  7000e046    00000020     usbd_cdn_nortos.am64x.r5f.ti-arm-clang.release.lib : cusbd.obj (.text.CUSBD_DGetFrame)
                  7000e066    00000020                                                        : cusbd_sanity.obj (.text.CUSBD_SanityFunction13)
                  7000e086    00000020     nortos.am64x.r5f.ti-arm-clang.release.lib : DebugP_log.obj (.text.DebugP_logZoneEnable)
                  7000e0a6    00000020     drivers.am64x.r5f.ti-arm-clang.release.lib : soc.obj (.text.SOC_getSelfCpuClk)
                  7000e0c6    00000020     ti_drivers_config.obj (.text.System_deinit)
                  7000e0e6    00000020     nortos.am64x.r5f.ti-arm-clang.release.lib : TimerP.obj (.text.TimerP_Params_init)
                  7000e106    00000020     usbd_tusb_dfu_nortos.am64x.r5f.ti-arm-clang.release.lib : usb_wrapper.obj (.text.setup)
                  7000e126    0000001e     drivers.am64x.r5f.ti-arm-clang.release.lib : csl_bcdma.obj (.text.CSL_bcdmaTeardownRxChan)
                  7000e144    0000001e                                                : csl_bcdma.obj (.text.CSL_bcdmaTeardownTxChan)
                  7000e162    0000001e     usbd_cdn_nortos.am64x.r5f.ti-arm-clang.release.lib : cusbdma_sanity.obj (.text.CUSBDMA_SanityFunction5)
                  7000e180    0000001e                                                        : cusbd.obj (.text.CUSBD_Stop)
                  7000e19e    0000001e     drivers.am64x.r5f.ti-arm-clang.release.lib : uart_v0_lld.obj (.text.UART_spaceAvail)
                  7000e1bc    0000001e     usbd_tusb_dfu_nortos.am64x.r5f.ti-arm-clang.release.lib : tusb_fifo.obj (.text.tu_fifo_clear)
                  7000e1da    0000001e                                                             : usb_wrapper.obj (.text.usbPinmuxConfig)
                  7000e1f8    0000001c     drivers.am64x.r5f.ti-arm-clang.release.lib : bootloader_soc.obj (.text.Bootloader_socCpuGetClkDefault)
                  7000e214    0000001c                                                : bootloader_soc.obj (.text.Bootloader_socIsAuthRequired)
                  7000e230    0000001c                                                : csl_pktdma.obj (.text.CSL_pktdmaGetChanPeerReg)
                  7000e24c    0000001c                                                : csl_pktdma.obj (.text.CSL_pktdmaSetChanPeerReg)
                  7000e268    0000001c     usbd_cdn_nortos.am64x.r5f.ti-arm-clang.release.lib : cusbd_sanity.obj (.text.CUSBD_SanityFunction7)
                  7000e284    0000001c     drivers.am64x.r5f.ti-arm-clang.release.lib : bootloader_mem.obj (.text.Mem_imgOpen)
                  7000e2a0    0000001c                                                : soc.obj (.text.SOC_getCoreName)
                  7000e2bc    0000001c                                                : udma_utils.obj (.text.UdmaUtils_getRingMemSize)
                  7000e2d8    0000001c                                                : udma_event.obj (.text.Udma_eventGetGlobalHandle)
                  7000e2f4    0000001c     nortos.am64x.r5f.ti-arm-clang.release.lib : boot_armv7r.obj (.text._system_pre_init)
                  7000e310    0000001c     libc.a : memcpy32.S.obj (.text:TI_memcpy_small)
                  7000e32c    0000001a     drivers.am64x.r5f.ti-arm-clang.release.lib : bootloader_profile.obj (.text.Bootloader_profileAddCore)
                  7000e346    0000001a     usbd_cdn_nortos.am64x.r5f.ti-arm-clang.release.lib : cusbd.obj (.text.CUSBD_DGetConfigParams)
                  7000e360    0000001a     ti_drivers_open_close.obj (.text.Drivers_open)
                  7000e37a    0000001a     drivers.am64x.r5f.ti-arm-clang.release.lib : uart_v0.obj (.text.UART_deinit)
                  7000e394    00000018                                                : bootloader_soc.obj (.text.Bootloader_socAuthImage)
                  7000e3ac    00000018     usbd_cdn_nortos.am64x.r5f.ti-arm-clang.release.lib : cusbdma.obj (.text.CUSBDMA_Probe)
                  7000e3c4    00000018                                                        : cusbd_sanity.obj (.text.CUSBD_SanityFunction2)
                  7000e3dc    00000018     ti_drivers_open_close.obj (.text.Drivers_close)
                  7000e3f4    00000018     drivers.am64x.r5f.ti-arm-clang.release.lib : sciclient_soc_priv.obj (.text.Sciclient_getDevId)
                  7000e40c    00000018     usbd_tusb_dfu_nortos.am64x.r5f.ti-arm-clang.release.lib : usb_wrapper.obj (.text.connect)
                  7000e424    00000018                                                             : usbd_control.obj (.text.usbd_control_set_request)
                  7000e43c    00000018     libc.a : memset32.S.obj (.text:TI_memset_small)
                  7000e454    00000016     drivers.am64x.r5f.ti-arm-clang.release.lib : bootloader_soc.obj (.text.Bootloader_socNotifyFirewallOpen)
                  7000e46a    00000016                                                : csl_bcdma.obj (.text.CSL_bcdmaGetRxRT)
                  7000e480    00000016                                                : csl_bcdma.obj (.text.CSL_bcdmaGetTxRT)
                  7000e496    00000016                                                : csl_bcdma.obj (.text.CSL_bcdmaSetRxRT)
                  7000e4ac    00000016                                                : csl_bcdma.obj (.text.CSL_bcdmaSetTxRT)
                  7000e4c2    00000016     usbd_cdn_nortos.am64x.r5f.ti-arm-clang.release.lib : cusbdma_sanity.obj (.text.CUSBDMA_SanityFunction2)
                  7000e4d8    00000016                                                        : cusbd_sanity.obj (.text.CUSBD_SanityFunction8)
                  7000e4ee    00000016                                                        : cusbd.obj (.text.handleSwEpInReq)
                  7000e504    00000016     usbd_tusb_dfu_nortos.am64x.r5f.ti-arm-clang.release.lib : usb_wrapper.obj (.text.usbClockCfg)
                  7000e51a    00000016                                                             : usbd.obj (.text.usbd_int_set)
                  7000e530    00000014     usbd_cdn_nortos.am64x.r5f.ti-arm-clang.release.lib : cusbd_sanity.obj (.text.CUSBD_SanityFunction16)
                  7000e544    00000014                                                        : cusbd_sanity.obj (.text.CUSBD_SanityFunction19)
                  7000e558    00000014                                                        : cusbd_sanity.obj (.text.CUSBD_SanityFunction1)
                  7000e56c    00000014     nortos.am64x.r5f.ti-arm-clang.release.lib : ClockP_nortos.obj (.text.ClockP_usecToTicks)
                  7000e580    00000014     drivers.am64x.r5f.ti-arm-clang.release.lib : uart_v0.obj (.text.UART_Transaction_init)
                  7000e594    00000014     usbd_tusb_dfu_nortos.am64x.r5f.ti-arm-clang.release.lib : dfu_device.obj (.text.dfu_moded_init)
                  7000e5a8    00000014                                                             : dfu_device.obj (.text.dfu_moded_reset)
                  7000e5bc    00000012     usbd_cdn_nortos.am64x.r5f.ti-arm-clang.release.lib : cps.obj (.text.CPS_DelayNs)
                  7000e5ce    00000012                                                        : cusbdma_sanity.obj (.text.CUSBDMA_SanityFunction1)
                  7000e5e0    00000012     nortos.am64x.r5f.ti-arm-clang.release.lib : TimerP.obj (.text.TimerP_clearOverflowInt)
                  7000e5f2    00000012     drivers.am64x.r5f.ti-arm-clang.release.lib : uart_v0_lld.obj (.text.UART_operatingModeSelect)
                  7000e604    00000012     usbd_cdn_nortos.am64x.r5f.ti-arm-clang.release.lib : cusbd.obj (.text.handleSwEpReq)
                  7000e616    00000012     main.obj (.text.tud_dfu_manifest_cb)
                  7000e628    00000012     usbd_tusb_dfu_nortos.am64x.r5f.ti-arm-clang.release.lib : usbd.obj (.text.tud_inited)
                  7000e63a    00000012                                                             : usbd_control.obj (.text.usbd_control_reset)
                  7000e64c    00000010     drivers.am64x.r5f.ti-arm-clang.release.lib : bootloader.obj (.text.Bootloader_close)
                  7000e65c    00000010                                                : bootloader.obj (.text.Bootloader_getBootMedia)
                  7000e66c    00000010                                                : bootloader.obj (.text.Bootloader_isCorePresent)
                  7000e67c    00000010                                                : csl_lcdma_ringacc.obj (.text.CSL_lcdma_ringaccIsTeardownComplete)
                  7000e68c    00000010                                                : sciclient_rm.obj (.text.Sciclient_rmIrqRelease)
                  7000e69c    00000010                                                : uart_v0_lld.obj (.text.UART_intr2Disable)
                  7000e6ac    00000010                                                : udma_rm.obj (.text.Udma_rmTranslateCoreIntrInput)
                  7000e6bc    00000010                                                : udma_rm.obj (.text.Udma_rmTranslateIrOutput)
                  7000e6cc    00000010     libclang_rt.builtins.a : aeabi_memset.S.obj (.text.__aeabi_memset)
                  7000e6dc    0000000e     drivers.am64x.r5f.ti-arm-clang.release.lib : bootloader_profile.obj (.text.Bootloader_profileUpdateAppimageSize)
                  7000e6ea    0000000e                                                : bootloader_profile.obj (.text.Bootloader_profileUpdateMediaAndClk)
                  7000e6f8    0000000e                                                : bootloader_soc.obj (.text.Bootloader_socGetBootSeqOid)
                  7000e706    0000000e     usbd_cdn_nortos.am64x.r5f.ti-arm-clang.release.lib : cusbdma_sanity.obj (.text.CUSBDMA_SanityFunction3)
                  7000e714    0000000e                                                        : cusbd.obj (.text.CUSBD_DClearSelfpowered)
                  7000e722    0000000e                                                        : cusbd.obj (.text.CUSBD_DSetSelfpowered)
                  7000e730    0000000e                                                        : cusbd_sanity.obj (.text.CUSBD_SanityFunction3)
                  7000e73e    0000000e     ti_power_clock_config.obj (.text.PowerClock_init)
                  7000e74c    0000000e     usbd_tusb_dfu_nortos.am64x.r5f.ti-arm-clang.release.lib : dcd.obj (.text.dcd_int_disable)
                  7000e75a    0000000e                                                             : dcd.obj (.text.dcd_int_enable)
                  7000e768    0000000e                                                             : usb_wrapper.obj (.text.usb_irq6_isr)
                  7000e776    0000000c     drivers.am64x.r5f.ti-arm-clang.release.lib : bootloader.obj (.text.Bootloader_Params_init)
                  7000e782    0000000c     nortos.am64x.r5f.ti-arm-clang.release.lib : ClockP_nortos.obj (.text.ClockP_getTicks)
                  7000e78e    0000000c                                               : DebugP_uartLogWriter.obj (.text.DebugP_uartSetDrvIndex)
                  7000e79a    0000000c     drivers.am64x.r5f.ti-arm-clang.release.lib : sciclient.obj (.text.Sciclient_getSelfDevIdCore)
                  7000e7a6    0000000c                                                : udma_ch.obj (.text.UdmaChPdmaPrms_init)
                  7000e7b2    00000002     usbd_tusb_dfu_nortos.am64x.r5f.ti-arm-clang.release.lib : usb_wrapper.obj (.text.resume)
                  7000e7b4    0000000c     libclang_rt.builtins.a : aeabi_memset.S.obj (.text.__aeabi_memclr)
                  7000e7c0    0000000c     usbd_tusb_dfu_nortos.am64x.r5f.ti-arm-clang.release.lib : usbd_control.obj (.text.usbd_control_set_complete_callback)
                  7000e7cc    0000000c     usbd_cdn_nortos.am64x.r5f.ti-arm-clang.release.lib : usbss_functions.obj (.text.usbss_reset_assert)
                  7000e7d8    0000000a     drivers.am64x.r5f.ti-arm-clang.release.lib : bootloader.obj (.text.Bootloader_getMulticoreImageSize)
                  7000e7e2    0000000a                                                : bootloader_soc.obj (.text.Bootloader_socGetSBLMem)
                  7000e7ec    0000000a                                                : csl_sec_proxy.obj (.text.CSL_secProxyGetDataAddr)
                  7000e7f6    0000000a     usbd_cdn_nortos.am64x.r5f.ti-arm-clang.release.lib : cusbdma_obj_if.obj (.text.CUSBDMA_GetInstance)
                  7000e800    0000000a                                                        : cusbd_obj_if.obj (.text.CUSBD_GetInstance)
                  7000e80a    0000000a     nortos.am64x.r5f.ti-arm-clang.release.lib : ClockP_nortos.obj (.text.ClockP_Params_init)
                  7000e814    0000000a                                               : ClockP_nortos.obj (.text.ClockP_isActive)
                  7000e81e    0000000a                                               : TimerP.obj (.text.TimerP_start)
                  7000e828    0000000a     drivers.am64x.r5f.ti-arm-clang.release.lib : uart_v0_lld.obj (.text.UART_lld_Transaction_deInit)
                  7000e832    0000000a     dfu_descriptors.obj (.text.tud_descriptor_configuration_cb)
                  7000e83c    0000000a     dfu_descriptors.obj (.text.tud_descriptor_device_cb)
                  7000e846    0000000a     main.obj (.text.tud_dfu_get_timeout_cb)
                  7000e850    00000008     usbd_cdn_nortos.am64x.r5f.ti-arm-clang.release.lib : cusbd.obj (.text.CUSBD_GetDevInstance)
                  7000e858    00000008     drivers.am64x.r5f.ti-arm-clang.release.lib : udma_ring_common.obj (.text.Udma_ringGetForwardRingOcc)
                  7000e860    00000008                                                : udma_ring_common.obj (.text.Udma_ringGetReverseRingOcc)
                  7000e868    00000008     nortos.am64x.r5f.ti-arm-clang.release.lib : printf.obj (.text._out_char)
                  7000e870    00000008     libc.a : exit.c.obj (.text:abort)
                  7000e878    00000006     drivers.am64x.r5f.ti-arm-clang.release.lib : csl_pktdma.obj (.text.CSL_pktdmaTeardownTxChan)
                  7000e87e    00000006                                                : soc.obj (.text.SOC_getFlashDataBaseAddr)
                  7000e884    00000006                                                : udma_rm.obj (.text.Udma_rmAllocFreeRing)
                  7000e88a    00000006     usbd_tusb_dfu_nortos.am64x.r5f.ti-arm-clang.release.lib : dcd.obj (.text.dcd_init)
                  7000e890    00000006                                                             : tusb.obj (.text.tusb_init)
                  7000e896    00000004     drivers.am64x.r5f.ti-arm-clang.release.lib : bootloader_soc.obj (.text.Bootloader_socWaitForFWBoot)
                  7000e89a    00000004                                                : lpddr4.obj (.text.CPS_UncachedRead32)
                  7000e89e    00000004                                                : lpddr4.obj (.text.CPS_UncachedWrite32)
                  7000e8a2    00000004     usbd_cdn_nortos.am64x.r5f.ti-arm-clang.release.lib : cusbd.obj (.text.CUSBD_Destroy)
                  7000e8a6    00000004                                                        : cusbd.obj (.text.CUSBD_EpFifoStatus)
                  7000e8aa    00000004     nortos.am64x.r5f.ti-arm-clang.release.lib : ClockP_nortos_r5.obj (.text.ClockP_getTimerCount)
                  7000e8ae    00000004                                               : ClockP_nortos_r5.obj (.text.ClockP_timerClearOverflowInt)
                  7000e8b2    00000004     drivers.am64x.r5f.ti-arm-clang.release.lib : bootloader_mem.obj (.text.Mem_imgGetCurOffset)
                  7000e8b6    00000004                                                : bootloader_mem.obj (.text.Mem_imgSeek)
                  7000e8ba    00000004     ti_power_clock_config.obj (.text.PowerClock_deinit)
                  7000e8be    00000004     drivers.am64x.r5f.ti-arm-clang.release.lib : sciclient.obj (.text.Sciclient_deinit)
                  7000e8c2    00000004                                                : sciclient_rm.obj (.text.Sciclient_rmIrqSet)
                  7000e8c6    00000004     nortos.am64x.r5f.ti-arm-clang.release.lib : TimerP.obj (.text.TimerP_getCount)
                  7000e8ca    00000004                                               : TimerP.obj (.text.TimerP_getReloadCount)
                  7000e8ce    00000004     drivers.am64x.r5f.ti-arm-clang.release.lib : udma_utils.obj (.text.Udma_defaultVirtToPhyFxn)
                  7000e8d2    00000002     usbd_tusb_dfu_nortos.am64x.r5f.ti-arm-clang.release.lib : usb_wrapper.obj (.text.suspend)
                  7000e8d4    00000004     libclang_rt.builtins.a : aeabi_memcpy.S.obj (.text.__aeabi_memcpy)
                  7000e8d8    00000004     ti_dpl_config.obj (.text.putchar_)
                  7000e8dc    00000004     usbd_tusb_dfu_nortos.am64x.r5f.ti-arm-clang.release.lib : tusb.obj (.text.tusb_inited)
                  7000e8e0    00000004     libclang_rt.builtins.a : aeabi_div0.c.obj (.text.__aeabi_ldiv0)
                  7000e8e4    00000008                            : aeabi_memcpy.S.obj (.tramp.__aeabi_memcpy.1)
                  7000e8ec    00000008     nortos.am64x.r5f.ti-arm-clang.release.lib : HwiP_armv7r_asm.obj (.tramp.HwiP_restore.1)
                  7000e8f4    00000008                                               : HwiP_armv7r_asm.obj (.tramp.HwiP_enable.1)
                  7000e8fc    00000008                                               : PmuP_armv7r_asm.obj (.tramp.PmuP_enableCounters.1)
                  7000e904    00000008                                               : CacheP_armv7r_asm.obj (.tramp.CacheP_wb.1)
                  7000e90c    00000004     --HOLE-- [fill = 0]

.text.hwi 
*          0    7000e910    00000760     
                  7000e910    00000408     nortos.am64x.r5f.ti-arm-clang.release.lib : HwiP_armv7r_vim.obj (.text.hwi)
                  7000ed18    00000220                                               : HwiP_armv7r_handlers_nortos.obj (.text.hwi)
                  7000ef38    000000c0                                               : HwiP_armv7r_handlers_nortos_asm.obj (.text.hwi)
                  7000eff8    00000070                                               : HwiP_armv7r_asm.obj (.text.hwi)
                  7000f068    00000008                                               : HwiP_armv7r_asm.obj (.tramp.HwiP_enableFIQ.1)

.text.cache 
*          0    7000f070    00000430     
                  7000f070    00000340     nortos.am64x.r5f.ti-arm-clang.release.lib : CacheP_armv7r_asm.obj (.text.cache)
                  7000f3b0    000000d8                                               : CacheP_armv7r.obj (.text.cache)
                  7000f488    00000008                                               : CacheP_armv7r_asm.obj (.tramp.CacheP_invL1d.1)
                  7000f490    00000008                                               : CacheP_armv7r_asm.obj (.tramp.CacheP_enableL1p.1)
                  7000f498    00000008                                               : HwiP_armv7r_asm.obj (.tramp.HwiP_restore.2)

.text.mpu 
*          0    7000f4a0    00000218     
                  7000f4a0    0000018e     nortos.am64x.r5f.ti-arm-clang.release.lib : MpuP_armv7r.obj (.text.mpu)
                  7000f62e    00000002     --HOLE-- [fill = 0]
                  7000f630    00000078                                               : MpuP_armv7r_asm.obj (.text.mpu)
                  7000f6a8    00000008                                               : HwiP_armv7r_asm.obj (.tramp.HwiP_restore.3)
                  7000f6b0    00000008                                               : MpuP_armv7r_asm.obj (.tramp.MpuP_isEnableAsm.1)

.text.boot 
*          0    7000f6b8    00000128     
                  7000f6b8    000000fc     nortos.am64x.r5f.ti-arm-clang.release.lib : boot_armv7r_asm.obj (.text.boot)
                  7000f7b4    0000001e                                               : DebugP_log.obj (.text.boot)
                  7000f7d2    0000000e     ti_dpl_config.obj (.text.boot)

.data      0    7000f7e0    000006e0     
                  7000f7e0    000000e0     usbd_tusb_dfu_nortos.am64x.r5f.ti-arm-clang.release.lib : usb_wrapper.obj (.data.usbCfgCusbd)
                  7000f8c0    000000c4     drivers.am64x.r5f.ti-arm-clang.release.lib : bootloader_soc.obj (.data.gAddrTranslateInfo)
                  7000f984    000000b8                                                : sciclient_irq_rm.obj (.data.vint_usage_count_DMASS0_INTAGGR_0)
                  7000fa3c    000000a8                                                : bootloader_soc.obj (.data.gCoreBootInfo)
                  7000fae4    0000009c                                                : uart_v0.obj (.data.gUartDrvObj)
                  7000fb80    00000060                                                : sciclient_irq_rm.obj (.data.gRmIrInstances)
                  7000fbe0    00000058     ti_drivers_open_close.obj (.data.gUartParams)
                  7000fc38    0000004c     usbd_cdn_nortos.am64x.r5f.ti-arm-clang.release.lib : cusbd_obj_if.obj (.data.CUSBD_GetInstance.driver)
                  7000fc84    00000030                                                        : cusbdma_obj_if.obj (.data.CUSBDMA_GetInstance.driver)
                  7000fcb4    00000028     ti_drivers_config.obj (.data.gBootloaderConfig)
                  7000fcdc    00000020     usbd_tusb_dfu_nortos.am64x.r5f.ti-arm-clang.release.lib : usb_wrapper.obj (.data.callback)
                  7000fcfc    00000020     ti_pinmux_config.obj (.data.gPinMuxMainDomainCfg)
                  7000fd1c    00000020     drivers.am64x.r5f.ti-arm-clang.release.lib : sciclient_irq_rm.obj (.data.gRmIaInstances)
                  7000fd3c    00000004     main.obj (.data.FileBufPtr)
                  7000fd40    00000020     drivers.am64x.r5f.ti-arm-clang.release.lib : sciclient_soc_priv.obj (.data.gSciclientSecProxyCfg)
                  7000fd60    0000001c     ti_drivers_open_close.obj (.data.gUsbInitParam)
                  7000fd7c    0000001c     usbd_cdn_nortos.am64x.r5f.ti-arm-clang.release.lib : usb_init.obj (.data.usbInitParam)
                  7000fd98    00000018     usbd_tusb_dfu_nortos.am64x.r5f.ti-arm-clang.release.lib : usbd.obj (.data._usbd_qdef)
                  7000fdb0    00000018     ti_dpl_config.obj (.data.gClockConfig)
                  7000fdc8    00000018     ti_power_clock_config.obj (.data.gSocModulesClockFrequency)
                  7000fde0    00000014     drivers.am64x.r5f.ti-arm-clang.release.lib : bootloader_mem.obj (.data.gBootloaderMemFxns)
                  7000fdf4    00000014                                                : bootloader_soc.obj (.data.gResMemSection)
                  7000fe08    00000014                                                : sciclient_irq_rm.obj (.data.rom_usage_DMASS0_INTAGGR_0)
                  7000fe1c    00000014     dfu_descriptors.obj (.data.string_desc_arr)
                  7000fe30    0000000c     usbd_cdn_nortos.am64x.r5f.ti-arm-clang.release.lib : cusbd.obj (.data.cdns_dsr_qdef)
                  7000fe3c    00000004     usbd_tusb_dfu_nortos.am64x.r5f.ti-arm-clang.release.lib : usbd.obj (.data._app_driver)
                  7000fe40    0000000c     nortos.am64x.r5f.ti-arm-clang.release.lib : AddrTranslateP.obj (.data.gAddrTranslateConfig)
                  7000fe4c    0000000c     ti_power_clock_config.obj (.data.gSocModules)
                  7000fe58    00000008     ti_drivers_config.obj (.data.gBootloader0Args)
                  7000fe60    00000008     ti_pinmux_config.obj (.data.gPinMuxMcuDomainCfg)
                  7000fe68    00000008     ti_drivers_config.obj (.data.gUartAttrs)
                  7000fe70    00000008     ti_drivers_config.obj (.data.gUartConfig)
                  7000fe78    00000008     nortos.am64x.r5f.ti-arm-clang.release.lib : PmuP_armv7r.obj (.data.pmu)
                  7000fe80    00000004     main.obj (.data.dfu_ctx)
                  7000fe84    00000004     ti_drivers_config.obj (.data.gBootloaderConfigNum)
                  7000fe88    00000004     nortos.am64x.r5f.ti-arm-clang.release.lib : DebugP_log.obj (.data.gDebugLogZone)
                  7000fe8c    00000004                                               : DebugP_uartLogWriter.obj (.data.gDebugP_uartDrvIndex)
                  7000fe90    00000004     ti_dpl_config.obj (.data.gHwiConfig)
                  7000fe94    00000004     drivers.am64x.r5f.ti-arm-clang.release.lib : sciclient.obj (.data.gSciclientHandle.0)
                  7000fe98    00000004                                                : sciclient.obj (.data.gSciclientHandle.2)
                  7000fe9c    00000004                                                : sciclient.obj (.data.gSciclientHandle.3)
                  7000fea0    00000004                                                : sciclient.obj (.data.gSciclientHandle.4)
                  7000fea4    00000004                                                : sciclient.obj (.data.gSciclientHandle.5)
                  7000fea8    00000004     ti_drivers_config.obj (.data.gUartConfigNum)
                  7000feac    00000004     ti_drivers_open_close.obj (.data.gUartDmaChConfig)
                  7000feb0    00000004     ti_drivers_config.obj (.data.operatingMode)
                  7000feb4    00000004     main.obj (.data.recvFileSize)
                  7000feb8    00000001     usbd_tusb_dfu_nortos.am64x.r5f.ti-arm-clang.release.lib : usbd.obj (.data._app_driver_count)
                  7000feb9    00000001                                                             : usbd.obj (.data._usbd_rhport)
                  7000feba    00000001     main.obj (.data.gManifestDone)
                  7000febb    00000001     drivers.am64x.r5f.ti-arm-clang.release.lib : sciclient.obj (.data.gSecHeaderSizeWords)
                  7000febc    00000004     --HOLE-- [fill = 0]

.rodata    0    7000fec0    00001840     
                  7000fec0    00000138     drivers.am64x.r5f.ti-arm-clang.release.lib : udma_soc.obj (.rodata.gUdmaTxMappedChRingAttributes)
                  7000fff8    0000012c                                                : sciclient_fmwSecureProxyMap.obj (.rodata.gSciclientMap)
                  70010124    0000009c                                                : udma_soc.obj (.rodata.gUdmaRxMappedChRingAttributes)
                  700101c0    00000074     ti_dpl_config.obj (.rodata.cfg)
                  70010234    00000068     drivers.am64x.r5f.ti-arm-clang.release.lib : sciclient_irq_rm.obj (.rodata.tisci_if_TIMESYNC_EVENT_INTROUTER0)
                  7001029c    00000061                                                : bootloader.obj (.rodata.str1.27692862334559552701)
                  700102fd    00000003                                                : bootloader_profile.obj (.rodata.str1.87690159525529920121)
                  70010300    00000058                                                : sciclient_irq_rm.obj (.rodata.gRmIrqTree)
                  70010358    00000050     nortos.am64x.r5f.ti-arm-clang.release.lib : printf.obj (.rodata._ftoa.pow10)
                  700103a8    00000048     drivers.am64x.r5f.ti-arm-clang.release.lib : bootloader_soc.obj (.rodata.gSOC_r5fVectors)
                  700103f0    0000003e     nortos.am64x.r5f.ti-arm-clang.release.lib : TimerP.obj (.rodata.str1.155618297627321921901)
                  7001042e    00000037                                               : SemaphoreP_nortos.obj (.rodata.str1.77784356401422800491)
                  70010465    00000036     drivers.am64x.r5f.ti-arm-clang.release.lib : bootloader_soc.obj (.rodata.str1.116160357178768892221)
                  7001049b    00000035     ti_drivers_open_close.obj (.rodata.str1.135241915826326793361)
                  700104d0    00000034     drivers.am64x.r5f.ti-arm-clang.release.lib : bootloader_profile.obj (.rodata.str1.10779536709706457681)
                  70010504    00000034                                                : bootloader_soc.obj (.rodata.str1.157368025196999440281)
                  70010538    00000034     nortos.am64x.r5f.ti-arm-clang.release.lib : TimerP.obj (.rodata.str1.164743418995849697991)
                  7001056c    00000034     drivers.am64x.r5f.ti-arm-clang.release.lib : sciclient_irq_rm.obj (.rodata.tisci_if_MAIN_GPIOMUX_INTROUTER0)
                  700105a0    00000033                                                : bootloader_soc.obj (.rodata.str1.104852797084389476111)
                  700105d3    00000033                                                : bootloader_soc.obj (.rodata.str1.108560865512182149471)
                  70010606    00000033     main.obj (.rodata.str1.55841430354152434161)
                  70010639    00000032     drivers.am64x.r5f.ti-arm-clang.release.lib : bootloader.obj (.rodata.str1.49453207730052505781)
                  7001066b    00000031                                                : bootloader_profile.obj (.rodata.str1.154236700963031936241)
                  7001069c    00000031                                                : bootloader_soc.obj (.rodata.str1.94938212298975674041)
                  700106cd    00000030                                                : bootloader_soc.obj (.rodata.str1.16279038217554379711)
                  700106fd    00000002     dfu_descriptors.obj (.rodata..compoundliteral)
                  700106ff    00000001     --HOLE-- [fill = 0]
                  70010700    00000030     drivers.am64x.r5f.ti-arm-clang.release.lib : sciclient_irq_rm.obj (.rodata.tisci_if_DMASS0_INTAGGR_0)
                  70010730    0000002f                                                : bootloader_soc.obj (.rodata.str1.93991859983843582671)
                  7001075f    0000002e     nortos.am64x.r5f.ti-arm-clang.release.lib : ClockP_nortos.obj (.rodata.str1.60552435462749564001)
                  7001078d    0000002e     drivers.am64x.r5f.ti-arm-clang.release.lib : bootloader_profile.obj (.rodata.str1.83904766851480127371)
                  700107bb    0000002d                                                : bootloader_soc.obj (.rodata.str1.163381840298971697551)
                  700107e8    0000002d                                                : bootloader_soc.obj (.rodata.str1.58199765499228280441)
                  70010815    0000002c                                                : bootloader_soc.obj (.rodata.str1.126800844145081247951)
                  70010841    0000002c                                                : bootloader_soc.obj (.rodata.str1.130439613777423019031)
                  7001086d    0000002c                                                : soc.obj (.rodata.str1.30948883670846405281)
                  70010899    0000002c                                                : bootloader.obj (.rodata.str1.38543240124036597621)
                  700108c5    0000002c                                                : bootloader_soc.obj (.rodata.str1.67740237510159552421)
                  700108f1    0000002b                                                : bootloader_soc.obj (.rodata.str1.103896507833577381681)
                  7001091c    0000002b                                                : bootloader_soc.obj (.rodata.str1.10816064445523340901)
[...]
7000fe84  gBootloaderConfigNum                                                          
7000fe88  gDebugLogZone                                                                 
7000fe8c  gDebugP_uartDrvIndex                                                          
7000fe90  gHwiConfig                                                                    
7000fea8  gUartConfigNum                                                                
7000feac  gUartDmaChConfig                                                              
7000feb0  operatingMode                                                                 
7000feb4  recvFileSize                                                                  
7000feba  gManifestDone                                                                 
7000fec0  gUdmaTxMappedChRingAttributes                                                 
7000fff8  gSciclientMap                                                                 
70010124  gUdmaRxMappedChRingAttributes                                                 
700101c0  gCacheConfig                                                                  
700101c8  gMpuConfig                                                                    
700101d4  gMpuRegionConfig                                                              
70010234  tisci_if_TIMESYNC_EVENT_INTROUTER0                                            
70010300  gRmIrqTree                                                                    
700103a8  gSOC_r5fVectors                                                               
7001056c  tisci_if_MAIN_GPIOMUX_INTROUTER0                                              
70010700  tisci_if_DMASS0_INTAGGR_0                                                     
70010ab8  tisci_if_MCU_MCU_GPIOMUX_INTROUTER0                                           
70010c28  tisci_if_CPTS0                                                                
70010d58  tisci_if_PRU_ICSSG0                                                           
70010d74  tisci_if_PRU_ICSSG1                                                           
70010d90  desc_configuration                                                            
70010f5c  tisci_if_CMP_EVENT_INTROUTER0                                                 
70011020  tisci_if_PCIE0                                                                
7001106e  desc_device                                                                   
70011150  tisci_if_CPSW0                                                                
700111ac  gCacheL1dCacheLineSize                                                        
7001120c  CMP_EVENT_INTROUTER0_outp_0_15_to_GICSS0_spi_48_63                            
70011214  CMP_EVENT_INTROUTER0_outp_16_23_to_R5FSS0_CORE0_intr_48_55                    
7001121c  CMP_EVENT_INTROUTER0_outp_16_23_to_R5FSS0_CORE1_intr_48_55                    
70011224  CMP_EVENT_INTROUTER0_outp_24_31_to_R5FSS1_CORE0_intr_48_55                    
7001122c  CMP_EVENT_INTROUTER0_outp_24_31_to_R5FSS1_CORE1_intr_48_55                    
70011234  CMP_EVENT_INTROUTER0_outp_32_39_to_DMASS0_INTAGGR_0_intaggr_levi_pend_0_7     
7001123c  CPSW0_cpts_comp_0_0_to_CMP_EVENT_INTROUTER0_in_80_80                          
70011244  CPSW0_cpts_genf0_1_1_to_TIMESYNC_EVENT_INTROUTER0_in_21_21                    
7001124c  CPSW0_cpts_genf1_2_2_to_TIMESYNC_EVENT_INTROUTER0_in_22_22                    
70011254  CPSW0_cpts_sync_3_3_to_TIMESYNC_EVENT_INTROUTER0_in_34_34                     
7001125c  CPTS0_cpts_comp_0_0_to_CMP_EVENT_INTROUTER0_in_82_82                          
70011264  CPTS0_cpts_genf0_1_1_to_TIMESYNC_EVENT_INTROUTER0_in_16_16                    
7001126c  CPTS0_cpts_genf1_2_2_to_TIMESYNC_EVENT_INTROUTER0_in_17_17                    
70011274  CPTS0_cpts_genf2_3_3_to_TIMESYNC_EVENT_INTROUTER0_in_18_18                    
7001127c  CPTS0_cpts_genf3_4_4_to_TIMESYNC_EVENT_INTROUTER0_in_19_19                    
70011284  CPTS0_cpts_genf4_5_5_to_TIMESYNC_EVENT_INTROUTER0_in_20_20                    
7001128c  CPTS0_cpts_genf5_6_6_to_TIMESYNC_EVENT_INTROUTER0_in_24_24                    
70011294  CPTS0_cpts_sync_7_7_to_TIMESYNC_EVENT_INTROUTER0_in_35_35                     
7001129c  DMASS0_INTAGGR_0_intaggr_vintr_pend_0_39_to_GICSS0_spi_64_103                 
700112a4  DMASS0_INTAGGR_0_intaggr_vintr_pend_120_127_to_R5FSS1_CORE0_intr_8_15         
700112ac  DMASS0_INTAGGR_0_intaggr_vintr_pend_128_135_to_R5FSS1_CORE1_intr_8_15         
700112b4  DMASS0_INTAGGR_0_intaggr_vintr_pend_152_159_to_PRU_ICSSG0_pr1_slv_intr_16_23  
700112bc  DMASS0_INTAGGR_0_intaggr_vintr_pend_160_167_to_PRU_ICSSG1_pr1_slv_intr_16_23  
700112c4  DMASS0_INTAGGR_0_intaggr_vintr_pend_168_183_to_MCU_M4FSS0_CORE0_nvic_32_47    
700112cc  DMASS0_INTAGGR_0_intaggr_vintr_pend_40_71_to_R5FSS0_CORE0_intr_64_95          
700112d4  DMASS0_INTAGGR_0_intaggr_vintr_pend_40_71_to_R5FSS0_CORE1_intr_64_95          
700112dc  DMASS0_INTAGGR_0_intaggr_vintr_pend_72_79_to_R5FSS0_CORE0_intr_8_15           
700112e4  DMASS0_INTAGGR_0_intaggr_vintr_pend_80_87_to_R5FSS0_CORE1_intr_8_15           
700112ec  DMASS0_INTAGGR_0_intaggr_vintr_pend_88_119_to_R5FSS1_CORE0_intr_64_95         
700112f4  DMASS0_INTAGGR_0_intaggr_vintr_pend_88_119_to_R5FSS1_CORE1_intr_64_95         
700112fc  EPWM0_epwm_synco_o_0_0_to_TIMESYNC_EVENT_INTROUTER0_in_39_39                  
70011304  EPWM3_epwm_synco_o_0_0_to_TIMESYNC_EVENT_INTROUTER0_in_40_40                  
7001130c  EPWM6_epwm_synco_o_0_0_to_TIMESYNC_EVENT_INTROUTER0_in_41_41                  
70011314  GPIO0_gpio_0_89_to_MAIN_GPIOMUX_INTROUTER0_in_0_89                            
7001131c  GPIO0_gpio_bank_90_98_to_MAIN_GPIOMUX_INTROUTER0_in_190_198                   
70011324  GPIO1_gpio_0_89_to_MAIN_GPIOMUX_INTROUTER0_in_90_179                          
7001132c  GPIO1_gpio_bank_90_98_to_MAIN_GPIOMUX_INTROUTER0_in_180_188                   
70011334  GPMC0_gpmc_sdmareq_0_0_to_DMASS0_INTAGGR_0_intaggr_levi_pend_29_29            
7001133c  GTC0_gtc_push_event_0_0_to_TIMESYNC_EVENT_INTROUTER0_in_36_36                 
70011344  MAIN_GPIOMUX_INTROUTER0_outp_0_15_to_GICSS0_spi_32_47                         
7001134c  MAIN_GPIOMUX_INTROUTER0_outp_0_15_to_R5FSS0_CORE0_intr_32_47                  
70011354  MAIN_GPIOMUX_INTROUTER0_outp_0_15_to_R5FSS0_CORE1_intr_32_47                  
7001135c  MAIN_GPIOMUX_INTROUTER0_outp_0_15_to_R5FSS1_CORE0_intr_32_47                  
70011364  MAIN_GPIOMUX_INTROUTER0_outp_0_15_to_R5FSS1_CORE1_intr_32_47                  
7001136c  MAIN_GPIOMUX_INTROUTER0_outp_16_17_to_DMASS0_INTAGGR_0_intaggr_levi_pend_24_25
70011374  MAIN_GPIOMUX_INTROUTER0_outp_18_23_to_PRU_ICSSG0_pr1_iep0_cap_intr_req_4_9    
7001137c  MAIN_GPIOMUX_INTROUTER0_outp_18_23_to_PRU_ICSSG1_pr1_iep0_cap_intr_req_4_9    
70011384  MAIN_GPIOMUX_INTROUTER0_outp_24_29_to_PRU_ICSSG0_pr1_iep1_cap_intr_req_10_15  
7001138c  MAIN_GPIOMUX_INTROUTER0_outp_24_29_to_PRU_ICSSG1_pr1_iep1_cap_intr_req_10_15  
70011394  MAIN_GPIOMUX_INTROUTER0_outp_30_37_to_DMASS0_INTAGGR_0_intaggr_levi_pend_16_23
7001139c  MAIN_GPIOMUX_INTROUTER0_outp_38_45_to_PRU_ICSSG0_pr1_slv_intr_46_53           
700113a4  MAIN_GPIOMUX_INTROUTER0_outp_46_53_to_PRU_ICSSG1_pr1_slv_intr_46_53           
700113ac  MCU_GPIO0_gpio_0_29_to_MCU_MCU_GPIOMUX_INTROUTER0_in_0_29                     
700113b4  MCU_GPIO0_gpio_bank_30_31_to_MCU_MCU_GPIOMUX_INTROUTER0_in_30_31              
700113bc  MCU_MCU_GPIOMUX_INTROUTER0_outp_0_3_to_GICSS0_spi_104_107                     
700113c4  MCU_MCU_GPIOMUX_INTROUTER0_outp_0_3_to_R5FSS0_CORE0_intr_104_107              
700113cc  MCU_MCU_GPIOMUX_INTROUTER0_outp_0_3_to_R5FSS0_CORE1_intr_104_107              
700113d4  MCU_MCU_GPIOMUX_INTROUTER0_outp_0_3_to_R5FSS1_CORE0_intr_104_107              
700113dc  MCU_MCU_GPIOMUX_INTROUTER0_outp_0_3_to_R5FSS1_CORE1_intr_104_107              
700113e4  MCU_MCU_GPIOMUX_INTROUTER0_outp_4_7_to_MCU_M4FSS0_CORE0_nvic_0_3              
700113ec  MCU_MCU_GPIOMUX_INTROUTER0_outp_8_11_to_MCU_ESM0_esm_pls_event0_88_91         
700113f4  MCU_MCU_GPIOMUX_INTROUTER0_outp_8_11_to_MCU_ESM0_esm_pls_event1_92_95         
700113fc  MCU_MCU_GPIOMUX_INTROUTER0_outp_8_11_to_MCU_ESM0_esm_pls_event2_96_99         
70011404  PCIE0_pcie_cpts_comp_0_0_to_CMP_EVENT_INTROUTER0_in_81_81                     
7001140c  PCIE0_pcie_cpts_genf0_1_1_to_TIMESYNC_EVENT_INTROUTER0_in_23_23               
70011414  PCIE0_pcie_cpts_hw1_push_2_2_to_TIMESYNC_EVENT_INTROUTER0_in_37_37            
7001141c  PCIE0_pcie_cpts_sync_3_3_to_TIMESYNC_EVENT_INTROUTER0_in_33_33                
70011424  PCIE0_pcie_ptm_valid_pulse_4_4_to_TIMESYNC_EVENT_INTROUTER0_in_38_38          
7001142c  PRU_ICSSG0_pr1_edc0_sync0_out_0_0_to_TIMESYNC_EVENT_INTROUTER0_in_25_25       
70011434  PRU_ICSSG0_pr1_edc0_sync1_out_1_1_to_TIMESYNC_EVENT_INTROUTER0_in_26_26       
7001143c  PRU_ICSSG0_pr1_edc1_sync0_out_2_2_to_TIMESYNC_EVENT_INTROUTER0_in_27_27       
70011444  PRU_ICSSG0_pr1_edc1_sync1_out_3_3_to_TIMESYNC_EVENT_INTROUTER0_in_28_28       
7001144c  PRU_ICSSG0_pr1_host_intr_req_4_11_to_CMP_EVENT_INTROUTER0_in_0_7              
70011454  PRU_ICSSG0_pr1_iep0_cmp_intr_req_12_27_to_CMP_EVENT_INTROUTER0_in_16_31       
7001145c  PRU_ICSSG0_pr1_iep1_cmp_intr_req_28_43_to_CMP_EVENT_INTROUTER0_in_32_47       
70011464  PRU_ICSSG1_pr1_edc0_sync0_out_0_0_to_TIMESYNC_EVENT_INTROUTER0_in_29_29       
7001146c  PRU_ICSSG1_pr1_edc0_sync1_out_1_1_to_TIMESYNC_EVENT_INTROUTER0_in_30_30       
70011474  PRU_ICSSG1_pr1_edc1_sync0_out_2_2_to_TIMESYNC_EVENT_INTROUTER0_in_31_31       
7001147c  PRU_ICSSG1_pr1_edc1_sync1_out_3_3_to_TIMESYNC_EVENT_INTROUTER0_in_32_32       
70011484  PRU_ICSSG1_pr1_host_intr_req_4_11_to_CMP_EVENT_INTROUTER0_in_8_15             
7001148c  PRU_ICSSG1_pr1_iep0_cmp_intr_req_12_27_to_CMP_EVENT_INTROUTER0_in_48_63       
70011494  PRU_ICSSG1_pr1_iep1_cmp_intr_req_28_43_to_CMP_EVENT_INTROUTER0_in_64_79       
7001149c  TIMER0_timer_pwm_0_0_to_TIMESYNC_EVENT_INTROUTER0_in_0_0                      
700114a4  TIMER1_timer_pwm_0_0_to_TIMESYNC_EVENT_INTROUTER0_in_1_1                      
700114ac  TIMER2_timer_pwm_0_0_to_TIMESYNC_EVENT_INTROUTER0_in_2_2                      
700114b4  TIMER3_timer_pwm_0_0_to_TIMESYNC_EVENT_INTROUTER0_in_3_3                      
700114bc  TIMESYNC_EVENT_INTROUTER0_outl_0_7_to_DMASS0_INTAGGR_0_intaggr_levi_pend_8_15 
700114c4  TIMESYNC_EVENT_INTROUTER0_outl_10_10_to_PRU_ICSSG0_pr1_edc1_latch0_in_2_2     
700114cc  TIMESYNC_EVENT_INTROUTER0_outl_11_11_to_PRU_ICSSG0_pr1_edc1_latch1_in_3_3     
700114d4  TIMESYNC_EVENT_INTROUTER0_outl_12_12_to_PRU_ICSSG1_pr1_edc0_latch0_in_0_0     
700114dc  TIMESYNC_EVENT_INTROUTER0_outl_13_13_to_PRU_ICSSG1_pr1_edc0_latch1_in_1_1     
700114e4  TIMESYNC_EVENT_INTROUTER0_outl_14_14_to_PRU_ICSSG1_pr1_edc1_latch0_in_2_2     
700114ec  TIMESYNC_EVENT_INTROUTER0_outl_15_15_to_PRU_ICSSG1_pr1_edc1_latch1_in_3_3     
700114f4  TIMESYNC_EVENT_INTROUTER0_outl_16_16_to_CPTS0_cpts_hw1_push_0_0               
700114fc  TIMESYNC_EVENT_INTROUTER0_outl_17_17_to_CPTS0_cpts_hw2_push_1_1               
70011504  TIMESYNC_EVENT_INTROUTER0_outl_18_18_to_CPTS0_cpts_hw3_push_2_2               
7001150c  TIMESYNC_EVENT_INTROUTER0_outl_19_19_to_CPTS0_cpts_hw4_push_3_3               
70011514  TIMESYNC_EVENT_INTROUTER0_outl_20_20_to_CPTS0_cpts_hw5_push_4_4               
7001151c  TIMESYNC_EVENT_INTROUTER0_outl_21_21_to_CPTS0_cpts_hw6_push_5_5               
70011524  TIMESYNC_EVENT_INTROUTER0_outl_22_22_to_CPTS0_cpts_hw7_push_6_6               
7001152c  TIMESYNC_EVENT_INTROUTER0_outl_23_23_to_CPTS0_cpts_hw8_push_7_7               
70011534  TIMESYNC_EVENT_INTROUTER0_outl_29_29_to_PCIE0_pcie_cpts_hw2_push_0_0          
7001153c  TIMESYNC_EVENT_INTROUTER0_outl_30_30_to_CPSW0_cpts_hw1_push_0_0               
70011544  TIMESYNC_EVENT_INTROUTER0_outl_31_31_to_CPSW0_cpts_hw2_push_1_1               
7001154c  TIMESYNC_EVENT_INTROUTER0_outl_32_32_to_CPSW0_cpts_hw3_push_2_2               
70011554  TIMESYNC_EVENT_INTROUTER0_outl_33_33_to_CPSW0_cpts_hw4_push_3_3               
7001155c  TIMESYNC_EVENT_INTROUTER0_outl_34_34_to_CPSW0_cpts_hw5_push_4_4               
70011564  TIMESYNC_EVENT_INTROUTER0_outl_35_35_to_CPSW0_cpts_hw6_push_5_5               
7001156c  TIMESYNC_EVENT_INTROUTER0_outl_36_36_to_CPSW0_cpts_hw7_push_6_6               
70011574  TIMESYNC_EVENT_INTROUTER0_outl_37_37_to_CPSW0_cpts_hw8_push_7_7               
7001157c  TIMESYNC_EVENT_INTROUTER0_outl_8_8_to_PRU_ICSSG0_pr1_edc0_latch0_in_0_0       
70011584  TIMESYNC_EVENT_INTROUTER0_outl_9_9_to_PRU_ICSSG0_pr1_edc0_latch1_in_1_1       
700115ac  tisci_if_GPIO0                                                                
700115b4  tisci_if_GPIO1                                                                
700115bc  tisci_if_MCU_GPIO0                                                            
700116cc  gCacheL1pCacheLineSize                                                        
700116d0  gRmIrqTreeCount                                                               
700116dc  tisci_if_EPWM0                                                                
700116e0  tisci_if_EPWM3                                                                
700116e4  tisci_if_EPWM6                                                                
700116e8  tisci_if_GPMC0                                                                
700116ec  tisci_if_GTC0                                                                 
700116f0  tisci_if_TIMER0                                                               
700116f4  tisci_if_TIMER1                                                               
700116f8  tisci_if_TIMER2                                                               
700116fc  tisci_if_TIMER3                                                               
70050000  setupReqPacket                                                                
70050008  DataXferRequestsOut                                                           
700500e8  buffEpOut                                                                     
700510e8  dataXferBufferOut                                                             
700510f8  buffEpIn                                                                      
700520f8  dataXferBufferIn                                                              
70052108  buff                                                                          
70052d08  epMemRes                                                                      
70053000  alignedBufCusbd                                                               
70057000  ep0Buff                                                                       
70057400  DataXferRequestsIn                                                            
700574e0  ep0Req                                                                        
70057518  buffEp0                                                                       
70057558  ep0DataXferRequest                                                            
70058000  __stack                                                                       
70058000  __start___llvm_prf_bits                                                       
70058000  __start___llvm_prf_cnts                                                       
70058000  __stop___llvm_prf_bits                                                        
70058000  __stop___llvm_prf_cnts                                                        
7005c000  __BSS_START                                                                   
7005c000  __STACK_END                                                                   
7005c000  gHwiCtrl                                                                      
7005d008  cdns_dsr_qdef_buf                                                             
7005dc60  gProfileObj                                                                   
7005dd7c  _usbd_qdef_buf                                                                
7005de3c  usb_handle                                                                    
7005df70  gClockCtrl                                                                    
7005dfe4  cdns_dsr_qdef_queue                                                           
7005dff8  sysReqCusbd                                                                   
7005e004  cdns_dsr_q                                                                    
7005e008  gUartHandle                                                                   
7005e010  __BSS_END                                                                     
7005e010  __DFU_CTX_START                                                               
7005e21c  __DFU_CTX_END                                                                 
7005e220  __IRQ_STACK_START                                                             
7005f220  __FIQ_STACK_START                                                             
7005f220  __IRQ_STACK_END                                                               
7005f320  __FIQ_STACK_END                                                               
7005f320  __SVC_STACK_START                                                             
7005f420  __ABORT_STACK_START                                                           
7005f420  __SVC_STACK_END                                                               
7005f520  __ABORT_STACK_END                                                             
7005f520  __UNDEFINED_STACK_START                                                       
7005f620  __UNDEFINED_STACK_END                                                         
70180000  gAppImageBuf                                                                  
ffffffff  __TI_pprof_out_hndl                                                           
ffffffff  __TI_prof_data_size                                                           
ffffffff  __TI_prof_data_start                                                          
ffffffff  __binit__                                                                     
ffffffff  binit                                                                         
UNDEFED   __TI_CINIT_Base                                                               
UNDEFED   __TI_CINIT_Limit                                                              
UNDEFED   __TI_Handler_Table_Base                                                       
UNDEFED   __TI_Handler_Table_Limit                                                      
UNDEFED   _system_post_cinit                                                            
UNDEFED   dcd_edpt0_status_complete                                                     
UNDEFED   tud_descriptor_bos_cb                                                         
UNDEFED   tud_descriptor_device_qualifier_cb                                            
UNDEFED   tud_descriptor_other_speed_configuration_cb                                   
UNDEFED   tud_dfu_abort_cb                                                              
UNDEFED   tud_dfu_detach_cb                                                             
UNDEFED   tud_dfu_upload_cb                                                             
UNDEFED   tud_mount_cb                                                                  
UNDEFED   tud_resume_cb                                                                 
UNDEFED   tud_suspend_cb                                                                
UNDEFED   tud_umount_cb                                                                 
UNDEFED   tud_vendor_control_xfer_cb                                                    
UNDEFED   usbd_app_driver_get_cb                                                        

[738 symbols]
