******************************************************************************
            TI ARM Clang Linker Unix v3.2.2                    
******************************************************************************
>> Linked Thu Jun  6 11:05:15 2024

OUTPUT FILE NAME:   <sbl_dfu.release.out>
ENTRY POINT SYMBOL: "_vectors_sbl"  address: 70000000


MEMORY CONFIGURATION

         name            origin    length      used     unused   attr    fill
----------------------  --------  ---------  --------  --------  ----  --------
  R5F_VECS              00000000   00000040  00000000  00000040  RWIX
  R5F_TCMA              00000040   00007fc0  00000000  00007fc0  RWIX
  R5F_TCMB0             41010000   00008000  00000000  00008000  RWIX
  MSRAM_VECS            70000000   00000100  00000040  000000c0  RWIX
  MSRAM_0               70000100   0004ff00  00011648  0003e8b8  RWIX
  NON_CACHE_MEM         70050000   00008000  00007590  00000a70  RWIX
  MSRAM_1               70058000   00028000  0000762c  000209d4  RWIX
  MSRAM_2               70180000   00060000  00060000  00000000  RWIX


SEGMENT ALLOCATION MAP

run origin  load origin   length   init length attrs members
----------  ----------- ---------- ----------- ----- -------
70000000    70000000    00000040   00000040    r-x
  70000000    70000000    00000040   00000040    r-x .vectors
70000100    70000100    0000f700   0000f700    r-x
  70000100    70000100    0000e830   0000e830    r-x .text
  7000e930    7000e930    00000760   00000760    r-x .text.hwi
  7000f090    7000f090    00000430   00000430    r-x .text.cache
  7000f4c0    7000f4c0    00000218   00000218    r-x .text.mpu
  7000f6d8    7000f6d8    00000128   00000128    r-x .text.boot
7000f800    7000f800    000006e0   000006e0    rw-
  7000f800    7000f800    000006e0   000006e0    rw- .data
7000fee0    7000fee0    00001868   00001868    r--
  7000fee0    7000fee0    00001868   00001868    r-- .rodata
70058000    70058000    0000622c   00000000    rw-
  70058000    70058000    00004000   00000000    rw- .stack
  7005c000    7005c000    00002020   00000000    rw- .bss
  7005e020    7005e020    0000020c   00000000    rw- .bss._dfu_ctx
7005e230    7005e230    00001400   00000000    r--
  7005e230    7005e230    00001000   00000000    r-- .irqstack
  7005f230    7005f230    00000100   00000000    r-- .fiqstack
  7005f330    7005f330    00000100   00000000    r-- .svcstack
  7005f430    7005f430    00000100   00000000    r-- .abortstack
  7005f530    7005f530    00000100   00000000    r-- .undefinedstack


SECTION ALLOCATION MAP

 output                                  attributes/
section   page    origin      length       input sections
--------  ----  ----------  ----------   ----------------
.vectors   0    70000000    00000040     
                  70000000    00000040     nortos.am64x.r5f.ti-arm-clang.release.lib : HwiP_armv7r_vectors_nortos_sbl_asm.obj (.vectors)

.text      0    70000100    0000e830     
                  70000100    000006f2     usbd_tusb_dfu_nortos.am64x.r5f.ti-arm-clang.release.lib : usbd.obj (.text.tud_task_ext)
                  700007f2    00000620     drivers.am64x.r5f.ti-arm-clang.release.lib : sciclient_rm_irq.obj (.text.Sciclient_rmIrqFindRoute)
                  70000e12    00000002     ti_dpl_config.obj (.text.Dpl_deinit)
                  70000e14    00000598     nortos.am64x.r5f.ti-arm-clang.release.lib : printf.obj (.text._vsnprintf)
                  700013ac    00000522     drivers.am64x.r5f.ti-arm-clang.release.lib : udma_ch.obj (.text.Udma_chDisable)
                  700018ce    000004e2     usbd_cdn_nortos.am64x.r5f.ti-arm-clang.release.lib : cusbd.obj (.text.cusbd_dsr)
                  70001db0    0000045e     drivers.am64x.r5f.ti-arm-clang.release.lib : udma_event.obj (.text.Udma_eventRegister)
                  7000220e    000003a4                                                : udma_ch.obj (.text.Udma_chOpen)
                  700025b2    00000006                                                : csl_pktdma.obj (.text.CSL_pktdmaTeardownRxChan)
                  700025b8    00000398     nortos.am64x.r5f.ti-arm-clang.release.lib : printf.obj (.text._ftoa)
                  70002950    00000390     drivers.am64x.r5f.ti-arm-clang.release.lib : uart_v0.obj (.text.UART_open)
                  70002ce0    0000037c                                                : sciclient.obj (.text.Sciclient_service)
                  7000305c    00000314     usbd_cdn_nortos.am64x.r5f.ti-arm-clang.release.lib : cusbd.obj (.text.CUSBD_Init)
                  70003370    00000310     nortos.am64x.r5f.ti-arm-clang.release.lib : printf.obj (.text._etoa)
                  70003680    000002d4     main.obj (.text.main)
                  70003954    0000028c     drivers.am64x.r5f.ti-arm-clang.release.lib : sciclient_rm_irq.obj (.text.Sciclient_rmIrqGetRoute)
                  70003be0    00000280                                                : uart_v0_lld.obj (.text.UART_configInstance)
                  70003e60    0000021e                                                : bootloader_soc.obj (.text.Bootloader_socCpuResetRelease)
                  7000407e    00000002                                                : bootloader_mem.obj (.text.Mem_imgClose)
                  70004080    0000020e                                                : bootloader_soc.obj (.text.Bootloader_socCpuPowerOnResetR5f)
                  7000428e    00000002     nortos.am64x.r5f.ti-arm-clang.release.lib : SemaphoreP_nortos.obj (.text.SemaphoreP_destruct)
                  70004290    0000020a     drivers.am64x.r5f.ti-arm-clang.release.lib : udma_event.obj (.text.Udma_eventUnRegister)
                  7000449a    00000206                                                : uart_v0_lld.obj (.text.UART_lld_controllerIsr)
                  700046a0    00000202                                                : sciclient_rm_irq.obj (.text.Sciclient_rmProgramInterruptRoute)
                  700048a2    00000002     nortos.am64x.r5f.ti-arm-clang.release.lib : TaskP_nortos.obj (.text.TaskP_yield)
                  700048a4    000001f6     usbd_tusb_dfu_nortos.am64x.r5f.ti-arm-clang.release.lib : dfu_device.obj (.text.dfu_moded_control_xfer_cb)
                  70004a9a    00000002     drivers.am64x.r5f.ti-arm-clang.release.lib : uart_v0.obj (.text.UART_lld_errorCallback)
                  70004a9c    000001ea                                                : bootloader.obj (.text.Bootloader_verifyMulticoreImage)
                  70004c86    000001e2     usbd_cdn_nortos.am64x.r5f.ti-arm-clang.release.lib : cusbd.obj (.text.CUSBD_EpEnable)
                  70004e68    000001ce                                                        : cusbd.obj (.text.GetEPSelConfigValue)
                  70005036    00000002     drivers.am64x.r5f.ti-arm-clang.release.lib : udma_rm.obj (.text.Udma_rmFreeFreeRing)
                  70005038    000001ca                                                : csl_bcdma.obj (.text.CSL_bcdmaChanOp)
                  70005202    000001c4                                                : uart_dma_udma.obj (.text.UART_lld_dmaInit)
                  700053c6    000001c0     nortos.am64x.r5f.ti-arm-clang.release.lib : TimerP.obj (.text.TimerP_setup)
                  70005586    000001ba     usbd_tusb_dfu_nortos.am64x.r5f.ti-arm-clang.release.lib : dcd.obj (.text.dcd_edpt_xfer)
                  70005740    000001b0     drivers.am64x.r5f.ti-arm-clang.release.lib : sciclient_rm_irq.obj (.text.Sciclient_rmClearInterruptRoute)
                  700058f0    000001ac     usbd_cdn_nortos.am64x.r5f.ti-arm-clang.release.lib : cusbd.obj (.text.cusbdmaProcessDataXferInt)
                  70005a9c    00000198     drivers.am64x.r5f.ti-arm-clang.release.lib : uart_v0_lld.obj (.text.UART_lld_initDma)
                  70005c34    00000190                                                : udma_ring_common.obj (.text.Udma_ringAlloc)
                  70005dc4    00000182                                                : uart_v0_lld.obj (.text.UART_lld_init)
                  70005f46    00000176     usbd_cdn_nortos.am64x.r5f.ti-arm-clang.release.lib : cusbd.obj (.text.CUSBD_Isr)
                  700060bc    00000174     drivers.am64x.r5f.ti-arm-clang.release.lib : bootloader_soc.obj (.text.Bootloader_socCpuResetReleaseSelf)
                  70006230    0000016e     usbd_tusb_dfu_nortos.am64x.r5f.ti-arm-clang.release.lib : usbd.obj (.text.dcd_event_handler)
                  7000639e    00000152     nortos.am64x.r5f.ti-arm-clang.release.lib : printf.obj (.text._ntoa_format)
                  700064f0    00000150     drivers.am64x.r5f.ti-arm-clang.release.lib : bootloader_profile.obj (.text.Bootloader_profilePrintProfileLog)
                  70006640    00000148                                                : csl_bcdma.obj (.text.CSL_bcdmaChanOpCfgChan)
                  70006788    00000146     usbd_cdn_nortos.am64x.r5f.ti-arm-clang.release.lib : cusbd.obj (.text.CUSBD_ReqQueue)
                  700068ce    00000144     drivers.am64x.r5f.ti-arm-clang.release.lib : uart_v0.obj (.text.UART_close)
                  70006a12    00000142                                                : uart_v0_lld.obj (.text.UART_lld_write)
                  70006b54    00000140                                                : sciclient_rm_irq.obj (.text.Sciclient_rmIrqProgramRoute)
                  70006c94    0000013c                                                : udma_ch.obj (.text.Udma_chConfigRx)
                  70006dd0    0000013c     usbd_cdn_nortos.am64x.r5f.ti-arm-clang.release.lib : cusbdma.obj (.text.channelUpdateState)
                  70006f0c    00000134     drivers.am64x.r5f.ti-arm-clang.release.lib : sciclient_rm_irq.obj (.text.Sciclient_rmIrqDeleteRoute)
                  70007040    00000132     usbd_cdn_nortos.am64x.r5f.ti-arm-clang.release.lib : cusbdma.obj (.text.CUSBDMA_ChannelProgram)
                  70007172    00000132     drivers.am64x.r5f.ti-arm-clang.release.lib : soc.obj (.text.SOC_moduleSetClockFrequency)
                  700072a4    00000132     usbd_tusb_dfu_nortos.am64x.r5f.ti-arm-clang.release.lib : usb_wrapper.obj (.text.usbDeviceInit)
                  700073d6    0000012c     usbd_cdn_nortos.am64x.r5f.ti-arm-clang.release.lib : cusbdma.obj (.text.CUSBDMA_ChannelAlloc)
                  70007502    00000002     nortos.am64x.r5f.ti-arm-clang.release.lib : printf.obj (.text._out_null)
                  70007504    00000118     libclang_rt.builtins.a : udivmoddi4.S.obj (.text)
                  7000761c    00000116     usbd_cdn_nortos.am64x.r5f.ti-arm-clang.release.lib : cusbdma.obj (.text.CUSBDMA_ChannelRelease)
                  70007732    00000112     drivers.am64x.r5f.ti-arm-clang.release.lib : bootloader_soc.obj (.text.Bootloader_socCpuPowerOnResetM4f)
                  70007844    00000102     nortos.am64x.r5f.ti-arm-clang.release.lib : ClockP_nortos_r5.obj (.text.ClockP_init)
                  70007946    000000fc     usbd_cdn_nortos.am64x.r5f.ti-arm-clang.release.lib : cusbd.obj (.text.cusbdAuxBufferDequeue)
                  70007a42    000000fa     drivers.am64x.r5f.ti-arm-clang.release.lib : udma_flow.obj (.text.Udma_flowConfig)
                  70007b3c    000000f6                                                : udma_ch.obj (.text.Udma_chEnable)
                  70007c32    000000f4                                                : uart_v0.obj (.text.UART_write)
                  70007d26    000000f0                                                : udma_ch.obj (.text.Udma_chFreeResource)
                  70007e16    000000de     usbd_cdn_nortos.am64x.r5f.ti-arm-clang.release.lib : cusbd.obj (.text.handleEp0Irq)
                  70007ef4    000000da     drivers.am64x.r5f.ti-arm-clang.release.lib : udma_ch.obj (.text.Udma_chConfigTx)
                  70007fce    000000d4                                                : bootloader.obj (.text.Bootloader_rprcImageLoad)
                  700080a2    000000ce     usbd_cdn_nortos.am64x.r5f.ti-arm-clang.release.lib : cusbd.obj (.text.handleSwEpOutReq)
                  70008170    000000cc                                                        : cusbdma.obj (.text.channelTrigger)
                  7000823c    000000cc     usbd_tusb_dfu_nortos.am64x.r5f.ti-arm-clang.release.lib : usbd_control.obj (.text.usbd_control_xfer_cb)
                  70008308    000000c8     drivers.am64x.r5f.ti-arm-clang.release.lib : bootloader.obj (.text.Bootloader_parseMultiCoreAppImage)
                  700083d0    000000c2     usbd_tusb_dfu_nortos.am64x.r5f.ti-arm-clang.release.lib : usbd.obj (.text.tud_init)
                  70008492    000000c0     drivers.am64x.r5f.ti-arm-clang.release.lib : uart_dma_udma.obj (.text.UART_lld_dmaWrite)
                  70008552    000000be     usbd_cdn_nortos.am64x.r5f.ti-arm-clang.release.lib : cusbdma.obj (.text.programTRBs)
                  70008610    000000ba     drivers.am64x.r5f.ti-arm-clang.release.lib : bootloader.obj (.text.Bootloader_loadSelfCpu)
                  700086ca    000000ba                                                : csl_bcdma.obj (.text.CSL_bcdmaChanOpTeardownChan)
                  70008784    000000b8                                                : uart_v0_lld.obj (.text.UART_divisorLatchWrite)
                  7000883c    000000b2     usbd_cdn_nortos.am64x.r5f.ti-arm-clang.release.lib : cusbd.obj (.text.ep0transfer)
                  700088ee    000000b0     nortos.am64x.r5f.ti-arm-clang.release.lib : printf.obj (.text._ntoa_long_long)
                  7000899e    000000aa     drivers.am64x.r5f.ti-arm-clang.release.lib : sciclient_rm_irq.obj (.text.Sciclient_rmIaValidateMapping)
                  70008a48    000000aa                                                : uart_v0_lld.obj (.text.UART_procLineStatusErr)
                  70008af2    000000aa                                                : udma_rm.obj (.text.Udma_rmAllocMappedRxCh)
                  70008b9c    000000aa                                                : udma_rm.obj (.text.Udma_rmAllocMappedTxCh)
                  70008c46    000000a8     usbd_cdn_nortos.am64x.r5f.ti-arm-clang.release.lib : cusbd.obj (.text.CUSBD_EpSetHalt)
                  70008cee    000000a6     drivers.am64x.r5f.ti-arm-clang.release.lib : udma_ch.obj (.text.Udma_chConfigPdma)
                  70008d94    000000a6     nortos.am64x.r5f.ti-arm-clang.release.lib : printf.obj (.text._out_rev)
                  70008e3a    000000a4     drivers.am64x.r5f.ti-arm-clang.release.lib : sciclient_pm.obj (.text.Sciclient_pmQueryModuleClkFreq)
                  70008ede    000000a2                                                : sciclient_rm_irq.obj (.text.Sciclient_rmIrInpIsFree)
                  70008f80    000000a0                                                : bootloader.obj (.text.Bootloader_getMsgLen)
                  70009020    000000a0                                                : udma_rm.obj (.text.Udma_rmAllocBlkCopyCh)
                  700090c0    000000a0                                                : udma_rm.obj (.text.Udma_rmAllocBlkCopyHcCh)
                  70009160    000000a0                                                : udma_rm.obj (.text.Udma_rmAllocBlkCopyUhcCh)
                  70009200    000000a0                                                : udma_rm.obj (.text.Udma_rmAllocIrIntr)
                  700092a0    000000a0                                                : udma_rm.obj (.text.Udma_rmAllocRxCh)
                  70009340    000000a0                                                : udma_rm.obj (.text.Udma_rmAllocRxHcCh)
                  700093e0    000000a0                                                : udma_rm.obj (.text.Udma_rmAllocRxUhcCh)
                  70009480    000000a0                                                : udma_rm.obj (.text.Udma_rmAllocTxCh)
                  70009520    000000a0                                                : udma_rm.obj (.text.Udma_rmAllocTxHcCh)
                  700095c0    000000a0                                                : udma_rm.obj (.text.Udma_rmAllocTxUhcCh)
                  70009660    0000009e     usbd_cdn_nortos.am64x.r5f.ti-arm-clang.release.lib : cusbd.obj (.text.CUSBD_EpDisable)
                  700096fe    0000009e     drivers.am64x.r5f.ti-arm-clang.release.lib : uart_v0.obj (.text.UART_flushTxFifo)
                  7000979c    0000009a     usbd_cdn_nortos.am64x.r5f.ti-arm-clang.release.lib : cusbdma.obj (.text.CUSBDMA_ChannelHandleStall)
                  70009836    0000009a                                                        : cusbdma.obj (.text.CUSBDMA_Init)
                  700098d0    0000009a     drivers.am64x.r5f.ti-arm-clang.release.lib : sciclient.obj (.text.Sciclient_init)
                  7000996a    0000009a                                                : sciclient.obj (.text.Sciclient_sendMessage)
                  70009a04    0000009a                                                : uart_dma_udma.obj (.text.UART_udmaDeInitCh)
                  70009a9e    00000096     nortos.am64x.r5f.ti-arm-clang.release.lib : SemaphoreP_nortos.obj (.text.SemaphoreP_pend)
                  70009b34    00000094     usbd_cdn_nortos.am64x.r5f.ti-arm-clang.release.lib : cusbd_sanity.obj (.text.CUSBD_PrivateDataSF)
                  70009bc8    00000094     drivers.am64x.r5f.ti-arm-clang.release.lib : uart_v0.obj (.text.UART_init)
                  70009c5c    00000094                                                : udma_rm.obj (.text.Udma_rmAllocMappedRing)
                  70009cf0    00000092                                                : sciclient_pm.obj (.text.Sciclient_pmSetModuleClkFreq)
                  70009d82    00000092                                                : udma_ch.obj (.text.Udma_chClose)
                  70009e14    00000092                                                : udma_event.obj (.text.Udma_eventFreeResource)
                  70009ea6    00000090                                                : bootloader_soc.obj (.text.Bootloader_socCpuSetEntryPoint)
                  70009f36    0000008e                                                : csl_pktdma.obj (.text.CSL_pktdmaTeardownChan)
                  70009fc4    0000008e     usbd_cdn_nortos.am64x.r5f.ti-arm-clang.release.lib : cusbdma.obj (.text.CUSBDMA_ChannelReset)
                  7000a052    0000008c     nortos.am64x.r5f.ti-arm-clang.release.lib : printf.obj (.text._ntoa_long)
                  7000a0de    0000008c     usbd_tusb_dfu_nortos.am64x.r5f.ti-arm-clang.release.lib : dfu_device.obj (.text.process_download_get_status)
                  7000a16a    0000008a     drivers.am64x.r5f.ti-arm-clang.release.lib : udma_event.obj (.text.Udma_eventIsrFxn)
                  7000a1f4    00000088     usbd_cdn_nortos.am64x.r5f.ti-arm-clang.release.lib : cusbd.obj (.text.initDevHw)
                  7000a27c    00000086     drivers.am64x.r5f.ti-arm-clang.release.lib : uart_v0_lld.obj (.text.UART_lld_writeIntr)
                  7000a302    00000086     usbd_cdn_nortos.am64x.r5f.ti-arm-clang.release.lib : cusbd.obj (.text.initSwEp)
                  7000a388    00000086     usbd_tusb_dfu_nortos.am64x.r5f.ti-arm-clang.release.lib : dfu_device.obj (.text.process_manifest_get_status)
                  7000a40e    00000084     dfu_descriptors.obj (.text.tud_descriptor_string_cb)
                  7000a492    00000082     usbd_tusb_dfu_nortos.am64x.r5f.ti-arm-clang.release.lib : usbd.obj (.text.configuration_reset)
                  7000a514    00000080     drivers.am64x.r5f.ti-arm-clang.release.lib : sciclient_boardcfg.obj (.text.Sciclient_boardCfgPm)
                  7000a594    00000080     usbd_cdn_nortos.am64x.r5f.ti-arm-clang.release.lib : cusbdma.obj (.text.allocTRBChainDesc)
                  7000a614    0000007e     drivers.am64x.r5f.ti-arm-clang.release.lib : bootloader_soc.obj (.text.Bootloader_socOpenFirewalls)
                  7000a692    0000007c                                                : pinmux.obj (.text.Pinmux_config)
                  7000a70e    0000007c                                                : sciclient_procboot.obj (.text.Sciclient_procBootWaitProcessorState)
                  7000a78a    0000007c                                                : sciclient_rm_irq.obj (.text.Sciclient_rmIrOutpIsFree)
                  7000a806    0000007c                                                : sciclient_rm_irq.obj (.text.Sciclient_rmIrqGetNode)
                  7000a882    0000007a                                                : sciclient_pm.obj (.text.Sciclient_pmGetModuleClkNumParent)
                  7000a8fc    00000078                                                : bootloader_soc.obj (.text.Bootloader_socCpuSetClock)
                  7000a974    00000078                                                : bootloader_soc.obj (.text.Bootloader_socOpenFirewallRegion)
                  7000a9ec    00000076                                                : uart_v0_lld.obj (.text.UART_lld_writeDma)
                  7000aa62    00000072                                                : bootloader_soc.obj (.text.Bootloader_socCpuPowerOnResetA53)
                  7000aad4    00000072                                                : csl_pktdma.obj (.text.CSL_pktdmaAccessChanPeerReg)
                  7000ab46    00000072                                                : udma_rm.obj (.text.Udma_rmAllocVintrBit)
                  7000abb8    00000070                                                : bootloader_soc.obj (.text.Bootloader_socMemInitCpu)
                  7000ac28    00000070     usbd_tusb_dfu_nortos.am64x.r5f.ti-arm-clang.release.lib : usb_wrapper.obj (.text.usbSetupDeviceMode)
                  7000ac98    0000006e     usbd_cdn_nortos.am64x.r5f.ti-arm-clang.release.lib : cdn_osal_none.obj (.text.OsalNoRtosQueue_enqueue)
                  7000ad06    0000006e     drivers.am64x.r5f.ti-arm-clang.release.lib : soc.obj (.text.SOC_moduleClockEnable)
                  7000ad74    0000006e                                                : sciclient_pm.obj (.text.Sciclient_pmGetModuleState)
                  7000ade2    0000006c     usbd_cdn_nortos.am64x.r5f.ti-arm-clang.release.lib : cdn_osal_none.obj (.text.OsalNoRtosQueue_dequeue)
                  7000ae4e    0000006c     drivers.am64x.r5f.ti-arm-clang.release.lib : soc.obj (.text.SOC_isR5FDualCoreMode)
                  7000aeba    0000006a                                                : uart_dma_udma.obj (.text.UART_udmaHpdInit)
                  7000af24    00000068     nortos.am64x.r5f.ti-arm-clang.release.lib : AddrTranslateP.obj (.text.AddrTranslateP_getLocalAddr)
                  7000af8c    00000068     drivers.am64x.r5f.ti-arm-clang.release.lib : bootloader_soc.obj (.text.Bootloader_socCpuRelease)
                  7000aff4    00000066                                                : bootloader_soc.obj (.text.Bootloader_socCpuRequest)
                  7000b05a    00000066                                                : sciclient_pm.obj (.text.Sciclient_pmGetModuleClkFreq)
                  7000b0c0    00000066                                                : sciclient_pm.obj (.text.Sciclient_pmGetModuleClkParent)
                  7000b126    00000064                                                : bootloader_soc.obj (.text.Bootloader_socCpuGetClock)
                  7000b18a    00000064                                                : csl_bcdma.obj (.text.CSL_bcdmaDoChanOp)
                  7000b1ee    00000064                                                : sciclient_pm.obj (.text.Sciclient_pmModuleGetClkStatus)
                  7000b252    00000064                                                : uart_v0_lld.obj (.text.UART_writeCancelNoCB)
                  7000b2b6    00000062                                                : sciclient.obj (.text.Sciclient_waitForBootNotification)
                  7000b318    00000062                                                : udma_ring_common.obj (.text.Udma_ringFree)
                  7000b37a    00000062                                                : udma_ring_common.obj (.text.Udma_ringQueueRaw)
                  7000b3dc    00000062     usbd_cdn_nortos.am64x.r5f.ti-arm-clang.release.lib : usbss_functions.obj (.text.usbss_reset_release)
                  7000b43e    00000060     drivers.am64x.r5f.ti-arm-clang.release.lib : uart_v0_lld.obj (.text.UART_intrDisable)
                  7000b49e    00000060                                                : udma_rm.obj (.text.Udma_rmFreeMappedRing)
                  7000b4fe    00000060     usbd_tusb_dfu_nortos.am64x.r5f.ti-arm-clang.release.lib : dfu_device.obj (.text.dfu_moded_open)
                  7000b55e    00000060     nortos.am64x.r5f.ti-arm-clang.release.lib : PmuP_armv7r.obj (.text.pmu)
                  7000b5be    0000005e     drivers.am64x.r5f.ti-arm-clang.release.lib : bootloader.obj (.text.Bootloader_runCpu)
                  7000b61c    0000005e     nortos.am64x.r5f.ti-arm-clang.release.lib : ClockP_nortos.obj (.text.ClockP_timerTickIsr)
                  7000b67a    0000005e     drivers.am64x.r5f.ti-arm-clang.release.lib : sciclient_pm.obj (.text.Sciclient_pmModuleClkRequest)
                  7000b6d8    0000005e                                                : sciclient_pm.obj (.text.Sciclient_pmSetModuleClkParent)
                  7000b736    0000005e                                                : uart_dma_udma.obj (.text.UART_lld_dmaDisableChannel)
                  7000b794    0000005e     usbd_tusb_dfu_nortos.am64x.r5f.ti-arm-clang.release.lib : usbd_control.obj (.text.tud_control_xfer)
                  7000b7f2    0000005c     drivers.am64x.r5f.ti-arm-clang.release.lib : csl_bcdma.obj (.text.CSL_bcdmaChanOpGetChanStats)
                  7000b84e    0000005c                                                : csl_bcdma.obj (.text.CSL_bcdmaChanOpSetChanPause)
                  7000b8aa    0000005c                                                : sciclient_procboot.obj (.text.Sciclient_procBootSetSequenceCtrl)
                  7000b906    0000005c                                                : uart_dma_udma.obj (.text.UART_udmaIsrRx)
                  7000b962    0000005c                                                : uart_dma_udma.obj (.text.UART_udmaIsrTx)
                  7000b9be    0000005c                                                : udma_rm.obj (.text.Udma_rmAllocEvent)
                  7000ba1a    0000005c                                                : udma_rm.obj (.text.Udma_rmAllocVintr)
                  7000ba76    0000005c     nortos.am64x.r5f.ti-arm-clang.release.lib : DebugP_log.obj (.text._DebugP_assert)
                  7000bad2    0000005a     drivers.am64x.r5f.ti-arm-clang.release.lib : uart_v0_lld.obj (.text.UART_lld_flushTxFifo)
                  7000bb2c    0000005a                                                : udma_ring_common.obj (.text.Udma_ringDequeueRaw)
                  7000bb86    00000058     usbd_cdn_nortos.am64x.r5f.ti-arm-clang.release.lib : cusbdma_sanity.obj (.text.CUSBDMA_DmaControllerSF)
                  7000bbde    00000002     usbd_tusb_dfu_nortos.am64x.r5f.ti-arm-clang.release.lib : dcd.obj (.text.dcd_edpt_close_all)
                  7000bbe0    00000058     libc.a : autoinit.c.obj (.text:__TI_auto_init_nobinit_nopinit)
                  7000bc38    00000056     usbd_cdn_nortos.am64x.r5f.ti-arm-clang.release.lib : cusbd.obj (.text.CUSBD_Start)
                  7000bc8e    00000056     nortos.am64x.r5f.ti-arm-clang.release.lib : ClockP_nortos.obj (.text.ClockP_getTimeUsec)
                  7000bce4    00000056     usbd_tusb_dfu_nortos.am64x.r5f.ti-arm-clang.release.lib : usbd_control.obj (.text._data_stage_xact)
                  7000bd3a    00000056                                                             : tusb_fifo.obj (.text._tu_fifo_peek)
                  7000bd90    00000056                                                             : usbd.obj (.text.usbd_edpt_xfer)
                  7000bde6    00000054     drivers.am64x.r5f.ti-arm-clang.release.lib : csl_bcdma.obj (.text.CSL_bcdmaChanOpDecChanStats)
                  7000be3a    00000054                                                : csl_bcdma.obj (.text.CSL_bcdmaChanOpGetChanRT)
                  7000be8e    00000054                                                : csl_intaggr.obj (.text.CSL_intaggrIsIntrPending)
                  7000bee2    00000054                                                : sciclient_rm.obj (.text.Sciclient_rmGetResourceRange)
                  7000bf36    00000054     usbd_cdn_nortos.am64x.r5f.ti-arm-clang.release.lib : cusbdma.obj (.text.getActualNumTRBs)
                  7000bf8a    00000052     drivers.am64x.r5f.ti-arm-clang.release.lib : sciclient_pm.obj (.text.Sciclient_pmSetModuleState)
                  7000bfdc    00000052                                                : uart_v0_lld.obj (.text.UART_lld_deInitDma)
                  7000c02e    00000052     usbd_tusb_dfu_nortos.am64x.r5f.ti-arm-clang.release.lib : usb_wrapper.obj (.text.disconnect)
                  7000c080    00000050     nortos.am64x.r5f.ti-arm-clang.release.lib : ClockP_nortos.obj (.text.ClockP_addToList)
                  7000c0d0    00000050                                               : ClockP_nortos.obj (.text.ClockP_construct)
                  7000c120    00000050     drivers.am64x.r5f.ti-arm-clang.release.lib : sciclient_soc_priv.obj (.text.Sciclient_getContext)
                  7000c170    00000050                                                : udma_rm.obj (.text.Udma_rmFreeVintrBit)
                  7000c1c0    0000004e                                                : bootloader.obj (.text.Bootloader_findSeq)
                  7000c20e    0000004e     usbd_cdn_nortos.am64x.r5f.ti-arm-clang.release.lib : cusbd.obj (.text.CUSBD_Probe)
                  7000c25c    0000004e     drivers.am64x.r5f.ti-arm-clang.release.lib : sciclient_procboot.obj (.text.Sciclient_procBootReleaseProcessor)
                  7000c2aa    0000004e                                                : udma_soc.obj (.text.Udma_getMappedChRingAttributes)
                  7000c2f8    0000004e     usbd_cdn_nortos.am64x.r5f.ti-arm-clang.release.lib : cusbd.obj (.text.startHwTransfer)
                  7000c346    0000004e     usbd_tusb_dfu_nortos.am64x.r5f.ti-arm-clang.release.lib : tusb_fifo.obj (.text.tu_fifo_write)
                  7000c394    0000004c     ti_drivers_open_close.obj (.text.Drivers_uartOpen)
                  7000c3e0    0000004c     usbd_cdn_nortos.am64x.r5f.ti-arm-clang.release.lib : cdn_osal_none.obj (.text.OsalNoRtosQueue_init)
                  7000c42c    0000004c     drivers.am64x.r5f.ti-arm-clang.release.lib : udma_ch.obj (.text.UdmaChTxPrms_init)
                  7000c478    0000004c     usbd_tusb_dfu_nortos.am64x.r5f.ti-arm-clang.release.lib : dcd.obj (.text.dcd_set_address)
                  7000c4c4    0000004a     drivers.am64x.r5f.ti-arm-clang.release.lib : csl_intaggr.obj (.text.CSL_intaggrClrIntr)
                  7000c50e    0000004a                                                : pinmux.obj (.text.Pinmux_unlockMMR)
                  7000c558    0000004a                                                : sciclient.obj (.text.Sciclient_triggerSecHandover)
                  7000c5a2    0000004a                                                : uart_v0_lld.obj (.text.UART_lld_deInit)
                  7000c5ec    0000004a                                                : udma_ch.obj (.text.UdmaChPrms_init)
                  7000c636    0000004a                                                : udma_rm.obj (.text.Udma_rmFreeMappedRxCh)
                  7000c680    0000004a                                                : udma_rm.obj (.text.Udma_rmFreeMappedTxCh)
                  7000c6ca    00000048                                                : csl_bcdma.obj (.text.CSL_bcdmaChanOpSetChanRT)
                  7000c712    00000048     usbd_cdn_nortos.am64x.r5f.ti-arm-clang.release.lib : cusbdma.obj (.text.CUSBDMA_ChannelFreeHeadTrbChain)
                  7000c75a    00000048                                                        : cusbd.obj (.text.CUSBD_ReqDequeue)
                  7000c7a2    00000048     usbd_tusb_dfu_nortos.am64x.r5f.ti-arm-clang.release.lib : dcd.obj (.text.dcd_edpt_clear_stall)
                  7000c7ea    00000048                                                             : dcd.obj (.text.dcd_edpt_stall)
                  7000c832    00000046     ti_dpl_config.obj (.text.Dpl_init)
                  7000c878    00000046     drivers.am64x.r5f.ti-arm-clang.release.lib : sciclient_pm.obj (.text.Sciclient_pmSetModuleRst_flags)
                  7000c8be    00000046                                                : sciclient_procboot.obj (.text.Sciclient_procBootGetProcessorState)
                  7000c904    00000046                                                : udma_ch.obj (.text.UdmaChRxPrms_init)
                  7000c94a    00000044                                                : bootloader.obj (.text.Bootloader_loadCpu)
                  7000c98e    00000044     usbd_cdn_nortos.am64x.r5f.ti-arm-clang.release.lib : cusbd.obj (.text.CUSBD_EpSetWedge)
                  7000c9d2    00000044     drivers.am64x.r5f.ti-arm-clang.release.lib : sciclient_pm.obj (.text.Sciclient_pmSetModuleRst)
                  7000ca16    00000044                                                : sciclient_procboot.obj (.text.Sciclient_procBootRequestProcessor)
                  7000ca5a    00000044                                                : sciclient_rm_irq.obj (.text.Sciclient_rmIrqUnmappedVintRouteDelete)
                  7000ca9e    00000044     usbd_tusb_dfu_nortos.am64x.r5f.ti-arm-clang.release.lib : dcd.obj (.text.outEpXferCmplCb)
                  7000cae2    00000044     main.obj (.text.tud_dfu_download_cb)
                  7000cb26    00000042     drivers.am64x.r5f.ti-arm-clang.release.lib : sciclient_procboot.obj (.text.Sciclient_procBootAuthAndStart)
                  7000cb68    00000042                                                : sciclient_rm.obj (.text.Sciclient_rmIrqReleaseRaw)
                  7000cbaa    00000042                                                : sciclient_rm.obj (.text.Sciclient_rmPsilPair)
                  7000cbec    00000042                                                : sciclient_rm.obj (.text.Sciclient_rmPsilUnpair)
                  7000cc2e    00000042     usbd_cdn_nortos.am64x.r5f.ti-arm-clang.release.lib : usb_init.obj (.text.usb_init)
                  7000cc70    00000040     drivers.am64x.r5f.ti-arm-clang.release.lib : bootloader_profile.obj (.text.Bootloader_profileReset)
                  7000ccb0    00000040                                                : csl_bcdma.obj (.text.CSL_bcdmaChanOpSetBurstSize)
                  7000ccf0    00000040     usbd_cdn_nortos.am64x.r5f.ti-arm-clang.release.lib : cusbdma.obj (.text.CUSBDMA_Destroy)
                  7000cd30    00000040     nortos.am64x.r5f.ti-arm-clang.release.lib : ClockP_nortos.obj (.text.ClockP_stop)
                  7000cd70    00000040     drivers.am64x.r5f.ti-arm-clang.release.lib : sciclient_firewall.obj (.text.Sciclient_firewallChangeOwnerInfo)
                  7000cdb0    00000040                                                : sciclient_firewall.obj (.text.Sciclient_firewallSetRegion)
                  7000cdf0    00000040                                                : sciclient_rm.obj (.text.Sciclient_rmIrqSetRaw)
                  7000ce30    00000040                                                : sciclient_rm.obj (.text.Sciclient_rmRingCfg)
                  7000ce70    00000040                                                : sciclient_rm.obj (.text.Sciclient_rmUdmapFlowCfg)
                  7000ceb0    00000040                                                : sciclient_rm.obj (.text.Sciclient_rmUdmapFlowSizeThreshCfg)
                  7000cef0    00000040                                                : sciclient_rm.obj (.text.Sciclient_rmUdmapRxChCfg)
                  7000cf30    00000040                                                : sciclient_rm.obj (.text.Sciclient_rmUdmapTxChCfg)
                  7000cf70    00000040     nortos.am64x.r5f.ti-arm-clang.release.lib : SemaphoreP_nortos.obj (.text.SemaphoreP_constructBinary)
                  7000cfb0    00000040     drivers.am64x.r5f.ti-arm-clang.release.lib : udma_rm.obj (.text.Udma_rmFreeBlkCopyCh)
                  7000cff0    00000040                                                : udma_rm.obj (.text.Udma_rmFreeBlkCopyHcCh)
                  7000d030    00000040                                                : udma_rm.obj (.text.Udma_rmFreeBlkCopyUhcCh)
                  7000d070    00000040                                                : udma_rm.obj (.text.Udma_rmFreeEvent)
                  7000d0b0    00000040                                                : udma_rm.obj (.text.Udma_rmFreeIrIntr)
                  7000d0f0    00000040                                                : udma_rm.obj (.text.Udma_rmFreeRxCh)
                  7000d130    00000040                                                : udma_rm.obj (.text.Udma_rmFreeRxHcCh)
                  7000d170    00000040                                                : udma_rm.obj (.text.Udma_rmFreeRxUhcCh)
                  7000d1b0    00000040                                                : udma_rm.obj (.text.Udma_rmFreeTxCh)
                  7000d1f0    00000040                                                : udma_rm.obj (.text.Udma_rmFreeTxHcCh)
                  7000d230    00000040                                                : udma_rm.obj (.text.Udma_rmFreeTxUhcCh)
                  7000d270    00000040                                                : udma_rm.obj (.text.Udma_rmFreeVintr)
                  7000d2b0    00000040     usbd_tusb_dfu_nortos.am64x.r5f.ti-arm-clang.release.lib : dcd.obj (.text.outEp0XferCmplCb)
                  7000d2f0    00000040                                                             : usb_wrapper.obj (.text.usbPhyOn)
                  7000d330    00000040                                                             : usbd.obj (.text.usbd_edpt_clear_stall)
                  7000d370    00000040                                                             : usbd.obj (.text.usbd_edpt_stall)
                  7000d3b0    0000003e     drivers.am64x.r5f.ti-arm-clang.release.lib : bootloader.obj (.text.Bootloader_open)
                  7000d3ee    0000003e     usbd_cdn_nortos.am64x.r5f.ti-arm-clang.release.lib : cusbdma.obj (.text.CUSBDMA_ChannelTrigger)
                  7000d42c    0000003e     drivers.am64x.r5f.ti-arm-clang.release.lib : soc.obj (.text.SOC_controlModuleUnlockMMR)
                  7000d46a    0000003e                                                : sciclient_procboot.obj (.text.Sciclient_procBootSetProcessorCfg)
                  7000d4a8    0000003e     nortos.am64x.r5f.ti-arm-clang.release.lib : SemaphoreP_nortos.obj (.text.SemaphoreP_constructMutex)
                  7000d4e6    0000003e     drivers.am64x.r5f.ti-arm-clang.release.lib : udma_flow.obj (.text.UdmaFlowPrms_init)
                  7000d524    0000003e                                                : udma_ring_common.obj (.text.Udma_ringFlushRaw)
                  7000d562    0000003c                                                : bootloader_soc.obj (.text.Bootloader_socTranslateSectionAddr)
                  7000d59e    0000003c                                                : csl_bcdma.obj (.text.CSL_bcdmaGetCfg)
                  7000d5da    0000003c     usbd_tusb_dfu_nortos.am64x.r5f.ti-arm-clang.release.lib : usb_wrapper.obj (.text.usbDeviceIntSetup)
                  7000d616    0000003a     nortos.am64x.r5f.ti-arm-clang.release.lib : ClockP_nortos.obj (.text.ClockP_destruct)
                  7000d650    0000003a                                               : DebugP_uartLogWriter.obj (.text.DebugP_uartLogWriterPutChar)
                  7000d68a    00000038     drivers.am64x.r5f.ti-arm-clang.release.lib : bootloader_soc.obj (.text.Bootloader_socEnableICSSCores)
                  7000d6c2    00000038                                                : sciclient.obj (.text.Sciclient_getCurrentContext)
                  7000d6fa    00000038     nortos.am64x.r5f.ti-arm-clang.release.lib : DebugP_nortos.obj (.text._DebugP_logZone)
                  7000d732    00000036     usbd_cdn_nortos.am64x.r5f.ti-arm-clang.release.lib : cusbd.obj (.text.CUSBD_EpFifoFlush)
                  7000d768    00000036     ti_power_clock_config.obj (.text.Module_clockSetFrequency)
                  7000d79e    00000036     usbd_tusb_dfu_nortos.am64x.r5f.ti-arm-clang.release.lib : dfu_device.obj (.text.tud_dfu_finish_flashing)
                  7000d7d4    00000034     nortos.am64x.r5f.ti-arm-clang.release.lib : ClockP_nortos.obj (.text.ClockP_start)
                  7000d808    00000034     usbd_cdn_nortos.am64x.r5f.ti-arm-clang.release.lib : cusbd.obj (.text.waitUntilBitCleared)
                  7000d83c    00000034                                                        : cusbd.obj (.text.waitUntilBitSet)
                  7000d870    00000032     drivers.am64x.r5f.ti-arm-clang.release.lib : bootloader.obj (.text.Bootloader_BootImageInfo_init)
                  7000d8a2    00000032     nortos.am64x.r5f.ti-arm-clang.release.lib : ClockP_nortos.obj (.text.ClockP_usleep)
                  7000d8d4    00000032                                               : SemaphoreP_nortos.obj (.text.SemaphoreP_post)
                  7000d906    00000032     drivers.am64x.r5f.ti-arm-clang.release.lib : udma_event.obj (.text.UdmaEventPrms_init)
                  7000d938    00000032     main.obj (.text.dfu_task)
                  7000d96a    00000032     usbd_cdn_nortos.am64x.r5f.ti-arm-clang.release.lib : cusbd.obj (.text.reqQueueRunHw)
                  7000d99c    00000030     nortos.am64x.r5f.ti-arm-clang.release.lib : PmuP_armv7r_asm.obj (.text.pmu)
                  7000d9cc    00000030     usbd_tusb_dfu_nortos.am64x.r5f.ti-arm-clang.release.lib : usbd_control.obj (.text.tud_control_status)
                  7000d9fc    00000030     usbd_cdn_nortos.am64x.r5f.ti-arm-clang.release.lib : cusbdma.obj (.text.waitForBitCleared)
                  7000da2c    0000002e                                                        : cusbdma.obj (.text.CUSBDMA_ChannelSetMaxPktSz)
                  7000da5a    0000002e     ti_power_clock_config.obj (.text.Module_clockDisable)
                  7000da88    0000002e     ti_power_clock_config.obj (.text.Module_clockEnable)
                  7000dab6    0000002e     drivers.am64x.r5f.ti-arm-clang.release.lib : uart_v0.obj (.text.UART_getHandle)
                  7000dae4    0000002e                                                : udma_ring_common.obj (.text.UdmaRingPrms_init)
                  7000db12    0000002e     usbd_tusb_dfu_nortos.am64x.r5f.ti-arm-clang.release.lib : dcd.obj (.text.ctrlInCmplCb)
                  7000db40    0000002c     drivers.am64x.r5f.ti-arm-clang.release.lib : bootloader_soc.obj (.text.Bootloader_socIsMCUResetIsoEnabled)
                  7000db6c    0000002c                                                : csl_pktdma.obj (.text.CSL_pktdmaGetRxRT)
                  7000db98    0000002c                                                : csl_pktdma.obj (.text.CSL_pktdmaGetTxRT)
                  7000dbc4    0000002c     usbd_tusb_dfu_nortos.am64x.r5f.ti-arm-clang.release.lib : dcd.obj (.text.inEpXferCmplCb)
                  7000dbf0    0000002a     drivers.am64x.r5f.ti-arm-clang.release.lib : soc.obj (.text.SOC_controlModuleLockMMR)
                  7000dc1a    0000002a                                                : uart_v0.obj (.text.UART_lld_writeCompleteCallback)
                  7000dc44    00000028                                                : bootloader_soc.obj (.text.Bootloader_socCpuPowerOnReset)
                  7000dc6c    00000028     usbd_cdn_nortos.am64x.r5f.ti-arm-clang.release.lib : cusbdma_sanity.obj (.text.CUSBDMA_SanityFunction7)
                  7000dc94    00000028     nortos.am64x.r5f.ti-arm-clang.release.lib : ClockP_nortos.obj (.text.ClockP_sleepTicks)
                  7000dcbc    00000028     drivers.am64x.r5f.ti-arm-clang.release.lib : bootloader_mem.obj (.text.Mem_imgRead)
                  7000dce4    00000028                                                : uart_v0.obj (.text.UART_lld_readCompleteCallback)
                  7000dd0c    00000028                                                : udma_ch.obj (.text.Udma_chGetCqRingHandle)
                  7000dd34    00000028                                                : udma_ch.obj (.text.Udma_chGetFqRingHandle)
                  7000dd5c    00000026                                                : bootloader_profile.obj (.text.Bootloader_profileAddProfilePoint)
                  7000dd82    00000026     usbd_cdn_nortos.am64x.r5f.ti-arm-clang.release.lib : cusbdma.obj (.text.CUSBDMA_ChannelUpdateState)
                  7000dda8    00000026     ti_drivers_config.obj (.text.System_init)
                  7000ddce    00000026     usbd_tusb_dfu_nortos.am64x.r5f.ti-arm-clang.release.lib : tusb.obj (.text.tu_edpt_bind_driver)
                  7000ddf4    00000026     usbd_cdn_nortos.am64x.r5f.ti-arm-clang.release.lib : usbss_functions.obj (.text.usb_instance_select)
                  7000de1a    00000024     drivers.am64x.r5f.ti-arm-clang.release.lib : csl_bcdma.obj (.text.CSL_bcdmaGetChanPeerReg)
                  7000de3e    00000002     usbd_tusb_dfu_nortos.am64x.r5f.ti-arm-clang.release.lib : usb_wrapper.obj (.text.resume)
                  7000de40    00000024     libclang_rt.builtins.a : aeabi_uldivmod.S.obj (.text.__aeabi_uldivmod)
                  7000de64    00000024     usbd_tusb_dfu_nortos.am64x.r5f.ti-arm-clang.release.lib : tusb_fifo.obj (.text.tu_fifo_read)
                  7000de88    00000024                                                             : usb_wrapper.obj (.text.usbGetDataXferRequestIndexOut)
                  7000deac    00000024     nortos.am64x.r5f.ti-arm-clang.release.lib : printf.obj (.text.vprintf_)
                  7000ded0    00000022     drivers.am64x.r5f.ti-arm-clang.release.lib : bootloader.obj (.text.Bootloader_runSelfCpu)
                  7000def2    00000022                                                : bootloader_soc.obj (.text.Bootloader_socIsR5FSSDual)
                  7000df14    00000022                                                : csl_bcdma.obj (.text.CSL_bcdmaSetChanPeerReg)
                  7000df36    00000022     ti_pinmux_config.obj (.text.Pinmux_init)
                  7000df58    00000022     drivers.am64x.r5f.ti-arm-clang.release.lib : uart_dma_udma.obj (.text.UART_lld_dmaDeInit)
                  7000df7a    00000022                                                : udma_utils.obj (.text.Udma_virtToPhyFxn)
                  7000df9c    00000022     usbd_cdn_nortos.am64x.r5f.ti-arm-clang.release.lib : cusbd.obj (.text.getActualSpeed)
                  7000dfbe    00000020     drivers.am64x.r5f.ti-arm-clang.release.lib : bootloader_soc.obj (.text.Bootloader_enableMCUPLL)
                  7000dfde    00000020                                                : bootloader_soc.obj (.text.Bootloader_socGetCoreName)
                  7000dffe    00000020                                                : bootloader_soc.obj (.text.Bootloader_socRprcToCslCoreId)
                  7000e01e    00000020                                                : csl_pktdma.obj (.text.CSL_pktdmaSetRxRT)
                  7000e03e    00000020                                                : csl_pktdma.obj (.text.CSL_pktdmaSetTxRT)
                  7000e05e    00000020     usbd_cdn_nortos.am64x.r5f.ti-arm-clang.release.lib : cusbd.obj (.text.CUSBD_DGetFrame)
                  7000e07e    00000020                                                        : cusbd_sanity.obj (.text.CUSBD_SanityFunction13)
                  7000e09e    00000020     nortos.am64x.r5f.ti-arm-clang.release.lib : DebugP_log.obj (.text.DebugP_logZoneEnable)
                  7000e0be    00000020     drivers.am64x.r5f.ti-arm-clang.release.lib : soc.obj (.text.SOC_getSelfCpuClk)
                  7000e0de    00000020     ti_drivers_config.obj (.text.System_deinit)
                  7000e0fe    00000020     nortos.am64x.r5f.ti-arm-clang.release.lib : TimerP.obj (.text.TimerP_Params_init)
                  7000e11e    00000020     usbd_tusb_dfu_nortos.am64x.r5f.ti-arm-clang.release.lib : usb_wrapper.obj (.text.setup)
                  7000e13e    0000001e     drivers.am64x.r5f.ti-arm-clang.release.lib : csl_bcdma.obj (.text.CSL_bcdmaTeardownRxChan)
                  7000e15c    0000001e                                                : csl_bcdma.obj (.text.CSL_bcdmaTeardownTxChan)
                  7000e17a    0000001e     usbd_cdn_nortos.am64x.r5f.ti-arm-clang.release.lib : cusbdma_sanity.obj (.text.CUSBDMA_SanityFunction5)
                  7000e198    0000001e                                                        : cusbd.obj (.text.CUSBD_Stop)
                  7000e1b6    0000001e     drivers.am64x.r5f.ti-arm-clang.release.lib : uart_v0_lld.obj (.text.UART_spaceAvail)
                  7000e1d4    0000001e     usbd_tusb_dfu_nortos.am64x.r5f.ti-arm-clang.release.lib : tusb_fifo.obj (.text.tu_fifo_clear)
                  7000e1f2    0000001e                                                             : usb_wrapper.obj (.text.usbPinmuxConfig)
                  7000e210    0000001c     drivers.am64x.r5f.ti-arm-clang.release.lib : bootloader_soc.obj (.text.Bootloader_socCpuGetClkDefault)
                  7000e22c    0000001c                                                : bootloader_soc.obj (.text.Bootloader_socIsAuthRequired)
                  7000e248    0000001c                                                : csl_pktdma.obj (.text.CSL_pktdmaGetChanPeerReg)
                  7000e264    0000001c                                                : csl_pktdma.obj (.text.CSL_pktdmaSetChanPeerReg)
                  7000e280    0000001c     usbd_cdn_nortos.am64x.r5f.ti-arm-clang.release.lib : cusbd_sanity.obj (.text.CUSBD_SanityFunction7)
                  7000e29c    0000001c     drivers.am64x.r5f.ti-arm-clang.release.lib : bootloader_mem.obj (.text.Mem_imgOpen)
                  7000e2b8    0000001c                                                : soc.obj (.text.SOC_getCoreName)
                  7000e2d4    0000001c                                                : udma_utils.obj (.text.UdmaUtils_getRingMemSize)
                  7000e2f0    0000001c                                                : udma_event.obj (.text.Udma_eventGetGlobalHandle)
                  7000e30c    0000001c     nortos.am64x.r5f.ti-arm-clang.release.lib : boot_armv7r.obj (.text._system_pre_init)
                  7000e328    0000001c     libc.a : memcpy32.S.obj (.text:TI_memcpy_small)
                  7000e344    0000001a     drivers.am64x.r5f.ti-arm-clang.release.lib : bootloader_profile.obj (.text.Bootloader_profileAddCore)
                  7000e35e    0000001a     usbd_cdn_nortos.am64x.r5f.ti-arm-clang.release.lib : cusbd.obj (.text.CUSBD_DGetConfigParams)
                  7000e378    0000001a     ti_drivers_open_close.obj (.text.Drivers_open)
                  7000e392    0000001a     drivers.am64x.r5f.ti-arm-clang.release.lib : uart_v0.obj (.text.UART_deinit)
                  7000e3ac    00000018                                                : bootloader_soc.obj (.text.Bootloader_socAuthImage)
                  7000e3c4    00000018     usbd_cdn_nortos.am64x.r5f.ti-arm-clang.release.lib : cusbdma.obj (.text.CUSBDMA_Probe)
                  7000e3dc    00000018                                                        : cusbd_sanity.obj (.text.CUSBD_SanityFunction2)
                  7000e3f4    00000018     ti_drivers_open_close.obj (.text.Drivers_close)
                  7000e40c    00000018     drivers.am64x.r5f.ti-arm-clang.release.lib : sciclient_soc_priv.obj (.text.Sciclient_getDevId)
                  7000e424    00000018     usbd_tusb_dfu_nortos.am64x.r5f.ti-arm-clang.release.lib : usb_wrapper.obj (.text.connect)
                  7000e43c    00000018                                                             : usbd_control.obj (.text.usbd_control_set_request)
                  7000e454    00000018     libc.a : memset32.S.obj (.text:TI_memset_small)
                  7000e46c    00000016     drivers.am64x.r5f.ti-arm-clang.release.lib : bootloader_soc.obj (.text.Bootloader_socNotifyFirewallOpen)
                  7000e482    00000016                                                : csl_bcdma.obj (.text.CSL_bcdmaGetRxRT)
                  7000e498    00000016                                                : csl_bcdma.obj (.text.CSL_bcdmaGetTxRT)
                  7000e4ae    00000016                                                : csl_bcdma.obj (.text.CSL_bcdmaSetRxRT)
                  7000e4c4    00000016                                                : csl_bcdma.obj (.text.CSL_bcdmaSetTxRT)
                  7000e4da    00000016     usbd_cdn_nortos.am64x.r5f.ti-arm-clang.release.lib : cusbdma_sanity.obj (.text.CUSBDMA_SanityFunction2)
                  7000e4f0    00000016                                                        : cusbd_sanity.obj (.text.CUSBD_SanityFunction8)
                  7000e506    00000016                                                        : cusbd.obj (.text.handleSwEpInReq)
                  7000e51c    00000016     usbd_tusb_dfu_nortos.am64x.r5f.ti-arm-clang.release.lib : usb_wrapper.obj (.text.usbClockCfg)
                  7000e532    00000016                                                             : usbd.obj (.text.usbd_int_set)
                  7000e548    00000014     usbd_cdn_nortos.am64x.r5f.ti-arm-clang.release.lib : cusbd_sanity.obj (.text.CUSBD_SanityFunction16)
                  7000e55c    00000014                                                        : cusbd_sanity.obj (.text.CUSBD_SanityFunction19)
                  7000e570    00000014                                                        : cusbd_sanity.obj (.text.CUSBD_SanityFunction1)
                  7000e584    00000014     nortos.am64x.r5f.ti-arm-clang.release.lib : ClockP_nortos.obj (.text.ClockP_usecToTicks)
                  7000e598    00000014     drivers.am64x.r5f.ti-arm-clang.release.lib : uart_v0.obj (.text.UART_Transaction_init)
                  7000e5ac    00000014     usbd_tusb_dfu_nortos.am64x.r5f.ti-arm-clang.release.lib : dfu_device.obj (.text.dfu_moded_init)
                  7000e5c0    00000014                                                             : dfu_device.obj (.text.dfu_moded_reset)
                  7000e5d4    00000012     usbd_cdn_nortos.am64x.r5f.ti-arm-clang.release.lib : cps.obj (.text.CPS_DelayNs)
                  7000e5e6    00000012                                                        : cusbdma_sanity.obj (.text.CUSBDMA_SanityFunction1)
                  7000e5f8    00000012     nortos.am64x.r5f.ti-arm-clang.release.lib : TimerP.obj (.text.TimerP_clearOverflowInt)
                  7000e60a    00000012     drivers.am64x.r5f.ti-arm-clang.release.lib : uart_v0_lld.obj (.text.UART_operatingModeSelect)
                  7000e61c    00000012     usbd_cdn_nortos.am64x.r5f.ti-arm-clang.release.lib : cusbd.obj (.text.handleSwEpReq)
                  7000e62e    00000012     main.obj (.text.tud_dfu_manifest_cb)
                  7000e640    00000012     usbd_tusb_dfu_nortos.am64x.r5f.ti-arm-clang.release.lib : usbd.obj (.text.tud_inited)
                  7000e652    00000012                                                             : usbd_control.obj (.text.usbd_control_reset)
                  7000e664    00000010     drivers.am64x.r5f.ti-arm-clang.release.lib : bootloader.obj (.text.Bootloader_close)
                  7000e674    00000010                                                : bootloader.obj (.text.Bootloader_getBootMedia)
                  7000e684    00000010                                                : bootloader.obj (.text.Bootloader_isCorePresent)
                  7000e694    00000010                                                : csl_lcdma_ringacc.obj (.text.CSL_lcdma_ringaccIsTeardownComplete)
                  7000e6a4    00000010                                                : sciclient_rm.obj (.text.Sciclient_rmIrqRelease)
                  7000e6b4    00000010                                                : uart_v0_lld.obj (.text.UART_intr2Disable)
                  7000e6c4    00000010                                                : udma_rm.obj (.text.Udma_rmTranslateCoreIntrInput)
                  7000e6d4    00000010                                                : udma_rm.obj (.text.Udma_rmTranslateIrOutput)
                  7000e6e4    00000010     libclang_rt.builtins.a : aeabi_memset.S.obj (.text.__aeabi_memset)
                  7000e6f4    0000000e     drivers.am64x.r5f.ti-arm-clang.release.lib : bootloader_profile.obj (.text.Bootloader_profileUpdateAppimageSize)
                  7000e702    0000000e                                                : bootloader_profile.obj (.text.Bootloader_profileUpdateMediaAndClk)
                  7000e710    0000000e                                                : bootloader_soc.obj (.text.Bootloader_socGetBootSeqOid)
                  7000e71e    0000000e     usbd_cdn_nortos.am64x.r5f.ti-arm-clang.release.lib : cusbdma_sanity.obj (.text.CUSBDMA_SanityFunction3)
                  7000e72c    0000000e                                                        : cusbd.obj (.text.CUSBD_DClearSelfpowered)
                  7000e73a    0000000e                                                        : cusbd.obj (.text.CUSBD_DSetSelfpowered)
                  7000e748    0000000e                                                        : cusbd_sanity.obj (.text.CUSBD_SanityFunction3)
                  7000e756    0000000e     ti_power_clock_config.obj (.text.PowerClock_init)
                  7000e764    0000000e     usbd_tusb_dfu_nortos.am64x.r5f.ti-arm-clang.release.lib : dcd.obj (.text.dcd_int_disable)
                  7000e772    0000000e                                                             : dcd.obj (.text.dcd_int_enable)
                  7000e780    0000000e                                                             : usb_wrapper.obj (.text.usb_irq6_isr)
                  7000e78e    0000000c     drivers.am64x.r5f.ti-arm-clang.release.lib : bootloader.obj (.text.Bootloader_Params_init)
                  7000e79a    0000000c     nortos.am64x.r5f.ti-arm-clang.release.lib : ClockP_nortos.obj (.text.ClockP_getTicks)
                  7000e7a6    0000000c                                               : DebugP_uartLogWriter.obj (.text.DebugP_uartSetDrvIndex)
                  7000e7b2    0000000c     drivers.am64x.r5f.ti-arm-clang.release.lib : sciclient.obj (.text.Sciclient_getSelfDevIdCore)
                  7000e7be    0000000c                                                : udma_ch.obj (.text.UdmaChPdmaPrms_init)
                  7000e7ca    00000002     usbd_tusb_dfu_nortos.am64x.r5f.ti-arm-clang.release.lib : usb_wrapper.obj (.text.suspend)
                  7000e7cc    0000000c     libclang_rt.builtins.a : aeabi_memset.S.obj (.text.__aeabi_memclr)
                  7000e7d8    0000000c     usbd_tusb_dfu_nortos.am64x.r5f.ti-arm-clang.release.lib : usbd_control.obj (.text.usbd_control_set_complete_callback)
                  7000e7e4    0000000c     usbd_cdn_nortos.am64x.r5f.ti-arm-clang.release.lib : usbss_functions.obj (.text.usbss_reset_assert)
                  7000e7f0    0000000a     drivers.am64x.r5f.ti-arm-clang.release.lib : bootloader.obj (.text.Bootloader_getMulticoreImageSize)
                  7000e7fa    0000000a                                                : bootloader_soc.obj (.text.Bootloader_socGetSBLMem)
                  7000e804    0000000a                                                : csl_sec_proxy.obj (.text.CSL_secProxyGetDataAddr)
                  7000e80e    0000000a     usbd_cdn_nortos.am64x.r5f.ti-arm-clang.release.lib : cusbdma_obj_if.obj (.text.CUSBDMA_GetInstance)
                  7000e818    0000000a                                                        : cusbd_obj_if.obj (.text.CUSBD_GetInstance)
                  7000e822    0000000a     nortos.am64x.r5f.ti-arm-clang.release.lib : ClockP_nortos.obj (.text.ClockP_Params_init)
                  7000e82c    0000000a                                               : ClockP_nortos.obj (.text.ClockP_isActive)
                  7000e836    0000000a                                               : TimerP.obj (.text.TimerP_start)
                  7000e840    0000000a     drivers.am64x.r5f.ti-arm-clang.release.lib : uart_v0_lld.obj (.text.UART_lld_Transaction_deInit)
                  7000e84a    0000000a     dfu_descriptors.obj (.text.tud_descriptor_configuration_cb)
                  7000e854    0000000a     dfu_descriptors.obj (.text.tud_descriptor_device_cb)
                  7000e85e    0000000a     main.obj (.text.tud_dfu_get_timeout_cb)
                  7000e868    00000008     usbd_cdn_nortos.am64x.r5f.ti-arm-clang.release.lib : cusbd.obj (.text.CUSBD_GetDevInstance)
                  7000e870    00000008     drivers.am64x.r5f.ti-arm-clang.release.lib : udma_ring_common.obj (.text.Udma_ringGetForwardRingOcc)
                  7000e878    00000008                                                : udma_ring_common.obj (.text.Udma_ringGetReverseRingOcc)
                  7000e880    00000008     nortos.am64x.r5f.ti-arm-clang.release.lib : printf.obj (.text._out_char)
                  7000e888    00000008     libc.a : exit.c.obj (.text:abort)
                  7000e890    00000006     drivers.am64x.r5f.ti-arm-clang.release.lib : csl_pktdma.obj (.text.CSL_pktdmaTeardownTxChan)
                  7000e896    00000006                                                : soc.obj (.text.SOC_getFlashDataBaseAddr)
                  7000e89c    00000006                                                : udma_rm.obj (.text.Udma_rmAllocFreeRing)
                  7000e8a2    00000006     usbd_tusb_dfu_nortos.am64x.r5f.ti-arm-clang.release.lib : dcd.obj (.text.dcd_init)
                  7000e8a8    00000006                                                             : tusb.obj (.text.tusb_init)
                  7000e8ae    00000004     ti_board_open_close.obj (.text.Board_driversOpen)
                  7000e8b2    00000004     drivers.am64x.r5f.ti-arm-clang.release.lib : bootloader_soc.obj (.text.Bootloader_socWaitForFWBoot)
                  7000e8b6    00000004                                                : lpddr4.obj (.text.CPS_UncachedRead32)
                  7000e8ba    00000004                                                : lpddr4.obj (.text.CPS_UncachedWrite32)
                  7000e8be    00000004     usbd_cdn_nortos.am64x.r5f.ti-arm-clang.release.lib : cusbd.obj (.text.CUSBD_Destroy)
                  7000e8c2    00000004                                                        : cusbd.obj (.text.CUSBD_EpFifoStatus)
                  7000e8c6    00000004     nortos.am64x.r5f.ti-arm-clang.release.lib : ClockP_nortos_r5.obj (.text.ClockP_getTimerCount)
                  7000e8ca    00000004                                               : ClockP_nortos_r5.obj (.text.ClockP_timerClearOverflowInt)
                  7000e8ce    00000004     drivers.am64x.r5f.ti-arm-clang.release.lib : bootloader_mem.obj (.text.Mem_imgGetCurOffset)
                  7000e8d2    00000004                                                : bootloader_mem.obj (.text.Mem_imgSeek)
                  7000e8d6    00000004     ti_power_clock_config.obj (.text.PowerClock_deinit)
                  7000e8da    00000004     drivers.am64x.r5f.ti-arm-clang.release.lib : sciclient.obj (.text.Sciclient_deinit)
                  7000e8de    00000004                                                : sciclient_rm.obj (.text.Sciclient_rmIrqSet)
                  7000e8e2    00000004     nortos.am64x.r5f.ti-arm-clang.release.lib : TimerP.obj (.text.TimerP_getCount)
                  7000e8e6    00000004                                               : TimerP.obj (.text.TimerP_getReloadCount)
                  7000e8ea    00000004     drivers.am64x.r5f.ti-arm-clang.release.lib : udma_utils.obj (.text.Udma_defaultVirtToPhyFxn)
                  7000e8ee    00000002     --HOLE-- [fill = 0]
                  7000e8f0    00000004     libclang_rt.builtins.a : aeabi_div0.c.obj (.text.__aeabi_ldiv0)
                  7000e8f4    00000004                            : aeabi_memcpy.S.obj (.text.__aeabi_memcpy)
                  7000e8f8    00000004     ti_dpl_config.obj (.text.putchar_)
                  7000e8fc    00000004     usbd_tusb_dfu_nortos.am64x.r5f.ti-arm-clang.release.lib : tusb.obj (.text.tusb_inited)
                  7000e900    00000008     libclang_rt.builtins.a : aeabi_memcpy.S.obj (.tramp.__aeabi_memcpy.1)
                  7000e908    00000008     nortos.am64x.r5f.ti-arm-clang.release.lib : HwiP_armv7r_asm.obj (.tramp.HwiP_restore.1)
                  7000e910    00000008                                               : HwiP_armv7r_asm.obj (.tramp.HwiP_enable.1)
                  7000e918    00000008                                               : PmuP_armv7r_asm.obj (.tramp.PmuP_enableCounters.1)
                  7000e920    00000008                                               : CacheP_armv7r_asm.obj (.tramp.CacheP_wb.1)
                  7000e928    00000008     --HOLE-- [fill = 0]

.text.hwi 
*          0    7000e930    00000760     
                  7000e930    00000408     nortos.am64x.r5f.ti-arm-clang.release.lib : HwiP_armv7r_vim.obj (.text.hwi)
                  7000ed38    00000220                                               : HwiP_armv7r_handlers_nortos.obj (.text.hwi)
                  7000ef58    000000c0                                               : HwiP_armv7r_handlers_nortos_asm.obj (.text.hwi)
                  7000f018    00000070                                               : HwiP_armv7r_asm.obj (.text.hwi)
                  7000f088    00000008                                               : HwiP_armv7r_asm.obj (.tramp.HwiP_enableFIQ.1)

.text.cache 
*          0    7000f090    00000430     
                  7000f090    00000340     nortos.am64x.r5f.ti-arm-clang.release.lib : CacheP_armv7r_asm.obj (.text.cache)
                  7000f3d0    000000d8                                               : CacheP_armv7r.obj (.text.cache)
                  7000f4a8    00000008                                               : CacheP_armv7r_asm.obj (.tramp.CacheP_invL1d.1)
                  7000f4b0    00000008                                               : CacheP_armv7r_asm.obj (.tramp.CacheP_enableL1p.1)
                  7000f4b8    00000008                                               : HwiP_armv7r_asm.obj (.tramp.HwiP_restore.2)

.text.mpu 
*          0    7000f4c0    00000218     
                  7000f4c0    0000018e     nortos.am64x.r5f.ti-arm-clang.release.lib : MpuP_armv7r.obj (.text.mpu)
                  7000f64e    00000002     --HOLE-- [fill = 0]
                  7000f650    00000078                                               : MpuP_armv7r_asm.obj (.text.mpu)
                  7000f6c8    00000008                                               : HwiP_armv7r_asm.obj (.tramp.HwiP_restore.3)
                  7000f6d0    00000008                                               : MpuP_armv7r_asm.obj (.tramp.MpuP_isEnableAsm.1)

.text.boot 
*          0    7000f6d8    00000128     
                  7000f6d8    000000fc     nortos.am64x.r5f.ti-arm-clang.release.lib : boot_armv7r_asm.obj (.text.boot)
                  7000f7d4    0000001e                                               : DebugP_log.obj (.text.boot)
                  7000f7f2    0000000e     ti_dpl_config.obj (.text.boot)

.data      0    7000f800    000006e0     
                  7000f800    000000e0     usbd_tusb_dfu_nortos.am64x.r5f.ti-arm-clang.release.lib : usb_wrapper.obj (.data.usbCfgCusbd)
                  7000f8e0    000000c4     drivers.am64x.r5f.ti-arm-clang.release.lib : bootloader_soc.obj (.data.gAddrTranslateInfo)
                  7000f9a4    000000b8                                                : sciclient_irq_rm.obj (.data.vint_usage_count_DMASS0_INTAGGR_0)
                  7000fa5c    000000a8                                                : bootloader_soc.obj (.data.gCoreBootInfo)
                  7000fb04    0000009c                                                : uart_v0.obj (.data.gUartDrvObj)
                  7000fba0    00000060                                                : sciclient_irq_rm.obj (.data.gRmIrInstances)
                  7000fc00    00000058     ti_drivers_open_close.obj (.data.gUartParams)
                  7000fc58    0000004c     usbd_cdn_nortos.am64x.r5f.ti-arm-clang.release.lib : cusbd_obj_if.obj (.data.CUSBD_GetInstance.driver)
                  7000fca4    00000030                                                        : cusbdma_obj_if.obj (.data.CUSBDMA_GetInstance.driver)
                  7000fcd4    00000028     ti_drivers_config.obj (.data.gBootloaderConfig)
                  7000fcfc    00000020     usbd_tusb_dfu_nortos.am64x.r5f.ti-arm-clang.release.lib : usb_wrapper.obj (.data.callback)
                  7000fd1c    00000020     ti_pinmux_config.obj (.data.gPinMuxMainDomainCfg)
                  7000fd3c    00000020     drivers.am64x.r5f.ti-arm-clang.release.lib : sciclient_irq_rm.obj (.data.gRmIaInstances)
                  7000fd5c    00000004     main.obj (.data.FileBufPtr)
                  7000fd60    00000020     drivers.am64x.r5f.ti-arm-clang.release.lib : sciclient_soc_priv.obj (.data.gSciclientSecProxyCfg)
                  7000fd80    0000001c     ti_drivers_open_close.obj (.data.gUsbInitParam)
                  7000fd9c    0000001c     usbd_cdn_nortos.am64x.r5f.ti-arm-clang.release.lib : usb_init.obj (.data.usbInitParam)
                  7000fdb8    00000018     usbd_tusb_dfu_nortos.am64x.r5f.ti-arm-clang.release.lib : usbd.obj (.data._usbd_qdef)
                  7000fdd0    00000018     ti_dpl_config.obj (.data.gClockConfig)
                  7000fde8    00000018     ti_power_clock_config.obj (.data.gSocModulesClockFrequency)
                  7000fe00    00000014     drivers.am64x.r5f.ti-arm-clang.release.lib : bootloader_mem.obj (.data.gBootloaderMemFxns)
                  7000fe14    00000014                                                : bootloader_soc.obj (.data.gResMemSection)
                  7000fe28    00000014                                                : sciclient_irq_rm.obj (.data.rom_usage_DMASS0_INTAGGR_0)
                  7000fe3c    00000014     dfu_descriptors.obj (.data.string_desc_arr)
                  7000fe50    0000000c     usbd_cdn_nortos.am64x.r5f.ti-arm-clang.release.lib : cusbd.obj (.data.cdns_dsr_qdef)
                  7000fe5c    00000004     usbd_tusb_dfu_nortos.am64x.r5f.ti-arm-clang.release.lib : usbd.obj (.data._app_driver)
                  7000fe60    0000000c     nortos.am64x.r5f.ti-arm-clang.release.lib : AddrTranslateP.obj (.data.gAddrTranslateConfig)
                  7000fe6c    0000000c     ti_power_clock_config.obj (.data.gSocModules)
                  7000fe78    00000008     ti_drivers_config.obj (.data.gBootloader0Args)
                  7000fe80    00000008     ti_pinmux_config.obj (.data.gPinMuxMcuDomainCfg)
                  7000fe88    00000008     ti_drivers_config.obj (.data.gUartAttrs)
                  7000fe90    00000008     ti_drivers_config.obj (.data.gUartConfig)
                  7000fe98    00000008     nortos.am64x.r5f.ti-arm-clang.release.lib : PmuP_armv7r.obj (.data.pmu)
                  7000fea0    00000004     main.obj (.data.dfu_ctx)
                  7000fea4    00000004     ti_drivers_config.obj (.data.gBootloaderConfigNum)
                  7000fea8    00000004     nortos.am64x.r5f.ti-arm-clang.release.lib : DebugP_log.obj (.data.gDebugLogZone)
                  7000feac    00000004                                               : DebugP_uartLogWriter.obj (.data.gDebugP_uartDrvIndex)
                  7000feb0    00000004     ti_dpl_config.obj (.data.gHwiConfig)
                  7000feb4    00000004     drivers.am64x.r5f.ti-arm-clang.release.lib : sciclient.obj (.data.gSciclientHandle.0)
                  7000feb8    00000004                                                : sciclient.obj (.data.gSciclientHandle.2)
                  7000febc    00000004                                                : sciclient.obj (.data.gSciclientHandle.3)
                  7000fec0    00000004                                                : sciclient.obj (.data.gSciclientHandle.4)
                  7000fec4    00000004                                                : sciclient.obj (.data.gSciclientHandle.5)
                  7000fec8    00000004     ti_drivers_config.obj (.data.gUartConfigNum)
                  7000fecc    00000004     ti_drivers_open_close.obj (.data.gUartDmaChConfig)
                  7000fed0    00000004     ti_drivers_config.obj (.data.operatingMode)
                  7000fed4    00000004     main.obj (.data.recvFileSize)
                  7000fed8    00000001     usbd_tusb_dfu_nortos.am64x.r5f.ti-arm-clang.release.lib : usbd.obj (.data._app_driver_count)
                  7000fed9    00000001                                                             : usbd.obj (.data._usbd_rhport)
                  7000feda    00000001     main.obj (.data.gManifestDone)
                  7000fedb    00000001     drivers.am64x.r5f.ti-arm-clang.release.lib : sciclient.obj (.data.gSecHeaderSizeWords)
                  7000fedc    00000004     --HOLE-- [fill = 0]

.rodata    0    7000fee0    00001868     
                  7000fee0    00000138     drivers.am64x.r5f.ti-arm-clang.release.lib : udma_soc.obj (.rodata.gUdmaTxMappedChRingAttributes)
                  70010018    0000012c                                                : sciclient_fmwSecureProxyMap.obj (.rodata.gSciclientMap)
                  70010144    0000009c                                                : udma_soc.obj (.rodata.gUdmaRxMappedChRingAttributes)
                  700101e0    00000074     ti_dpl_config.obj (.rodata.cfg)
                  70010254    00000068     drivers.am64x.r5f.ti-arm-clang.release.lib : sciclient_irq_rm.obj (.rodata.tisci_if_TIMESYNC_EVENT_INTROUTER0)
                  700102bc    00000061                                                : bootloader.obj (.rodata.str1.27692862334559552701)
                  7001031d    00000003                                                : bootloader_profile.obj (.rodata.str1.87690159525529920121)
                  70010320    00000058                                                : sciclient_irq_rm.obj (.rodata.gRmIrqTree)
                  70010378    00000050     nortos.am64x.r5f.ti-arm-clang.release.lib : printf.obj (.rodata._ftoa.pow10)
                  700103c8    00000048     drivers.am64x.r5f.ti-arm-clang.release.lib : bootloader_soc.obj (.rodata.gSOC_r5fVectors)
                  70010410    0000003e                                                : bootloader_profile.obj (.rodata.str1.10779536709706457681)
                  7001044e    0000003e     nortos.am64x.r5f.ti-arm-clang.release.lib : TimerP.obj (.rodata.str1.155618297627321921901)
                  7001048c    0000003b     drivers.am64x.r5f.ti-arm-clang.release.lib : bootloader_profile.obj (.rodata.str1.154236700963031936241)
                  700104c7    00000037     nortos.am64x.r5f.ti-arm-clang.release.lib : SemaphoreP_nortos.obj (.rodata.str1.77784356401422800491)
                  700104fe    00000036     drivers.am64x.r5f.ti-arm-clang.release.lib : bootloader_soc.obj (.rodata.str1.116160357178768892221)
                  70010534    00000035     ti_drivers_open_close.obj (.rodata.str1.135241915826326793361)
                  70010569    00000034     drivers.am64x.r5f.ti-arm-clang.release.lib : bootloader_soc.obj (.rodata.str1.157368025196999440281)
                  7001059d    00000034     nortos.am64x.r5f.ti-arm-clang.release.lib : TimerP.obj (.rodata.str1.164743418995849697991)
                  700105d1    00000002     dfu_descriptors.obj (.rodata..compoundliteral)
                  700105d3    00000001     --HOLE-- [fill = 0]
                  700105d4    00000034     drivers.am64x.r5f.ti-arm-clang.release.lib : sciclient_irq_rm.obj (.rodata.tisci_if_MAIN_GPIOMUX_INTROUTER0)
                  70010608    00000033                                                : bootloader_soc.obj (.rodata.str1.104852797084389476111)
                  7001063b    00000033                                                : bootloader_soc.obj (.rodata.str1.108560865512182149471)
                  7001066e    00000033     main.obj (.rodata.str1.55841430354152434161)
                  700106a1    00000032     drivers.am64x.r5f.ti-arm-clang.release.lib : bootloader.obj (.rodata.str1.49453207730052505781)
                  700106d3    00000031                                                : bootloader_profile.obj (.rodata.str1.72586947241727721351)
                  70010704    00000031                                                : bootloader_profile.obj (.rodata.str1.8367434985930082761)
                  70010735    00000031                                                : bootloader_soc.obj (.rodata.str1.94938212298975674041)
                  70010766    00000030                                                : bootloader_soc.obj (.rodata.str1.16279038217554379711)
                  70010796    00000002     --HOLE-- [fill = 0]
                  70010798    00000030                                                : sciclient_irq_rm.obj (.rodata.tisci_if_DMASS0_INTAGGR_0)
                  700107c8    0000002f                                                : bootloader_soc.obj (.rodata.str1.93991859983843582671)
                  700107f7    0000002e     nortos.am64x.r5f.ti-arm-clang.release.lib : ClockP_nortos.obj (.rodata.str1.60552435462749564001)
                  70010825    0000002e     drivers.am64x.r5f.ti-arm-clang.release.lib : bootloader_profile.obj (.rodata.str1.83904766851480127371)
                  70010853    0000002d                                                : bootloader_soc.obj (.rodata.str1.163381840298971697551)
                  70010880    0000002d                                                : bootloader_soc.obj (.rodata.str1.58199765499228280441)
                  700108ad    0000002c                                                : bootloader_soc.obj (.rodata.str1.126800844145081247951)
                  700108d9    0000002c                                                : bootloader_soc.obj (.rodata.str1.130439613777423019031)
                  70010905    0000002c                                                : soc.obj (.rodata.str1.30948883670846405281)
                  70010931    0000002c                                                : bootloader.obj (.rodata.str1.38543240124036597621)
[...]
7000fea4  gBootloaderConfigNum                                                          
7000fea8  gDebugLogZone                                                                 
7000feac  gDebugP_uartDrvIndex                                                          
7000feb0  gHwiConfig                                                                    
7000fec8  gUartConfigNum                                                                
7000fecc  gUartDmaChConfig                                                              
7000fed0  operatingMode                                                                 
7000fed4  recvFileSize                                                                  
7000feda  gManifestDone                                                                 
7000fee0  gUdmaTxMappedChRingAttributes                                                 
70010018  gSciclientMap                                                                 
70010144  gUdmaRxMappedChRingAttributes                                                 
700101e0  gCacheConfig                                                                  
700101e8  gMpuConfig                                                                    
700101f4  gMpuRegionConfig                                                              
70010254  tisci_if_TIMESYNC_EVENT_INTROUTER0                                            
70010320  gRmIrqTree                                                                    
700103c8  gSOC_r5fVectors                                                               
700105d4  tisci_if_MAIN_GPIOMUX_INTROUTER0                                              
70010798  tisci_if_DMASS0_INTAGGR_0                                                     
70010b00  tisci_if_MCU_MCU_GPIOMUX_INTROUTER0                                           
70010c70  tisci_if_CPTS0                                                                
70010da0  tisci_if_PRU_ICSSG0                                                           
70010dbc  tisci_if_PRU_ICSSG1                                                           
70010dd8  desc_configuration                                                            
70010fa4  tisci_if_CMP_EVENT_INTROUTER0                                                 
70011068  tisci_if_PCIE0                                                                
700110b6  desc_device                                                                   
70011198  tisci_if_CPSW0                                                                
700111f4  gCacheL1dCacheLineSize                                                        
70011254  CMP_EVENT_INTROUTER0_outp_0_15_to_GICSS0_spi_48_63                            
7001125c  CMP_EVENT_INTROUTER0_outp_16_23_to_R5FSS0_CORE0_intr_48_55                    
70011264  CMP_EVENT_INTROUTER0_outp_16_23_to_R5FSS0_CORE1_intr_48_55                    
7001126c  CMP_EVENT_INTROUTER0_outp_24_31_to_R5FSS1_CORE0_intr_48_55                    
70011274  CMP_EVENT_INTROUTER0_outp_24_31_to_R5FSS1_CORE1_intr_48_55                    
7001127c  CMP_EVENT_INTROUTER0_outp_32_39_to_DMASS0_INTAGGR_0_intaggr_levi_pend_0_7     
70011284  CPSW0_cpts_comp_0_0_to_CMP_EVENT_INTROUTER0_in_80_80                          
7001128c  CPSW0_cpts_genf0_1_1_to_TIMESYNC_EVENT_INTROUTER0_in_21_21                    
70011294  CPSW0_cpts_genf1_2_2_to_TIMESYNC_EVENT_INTROUTER0_in_22_22                    
7001129c  CPSW0_cpts_sync_3_3_to_TIMESYNC_EVENT_INTROUTER0_in_34_34                     
700112a4  CPTS0_cpts_comp_0_0_to_CMP_EVENT_INTROUTER0_in_82_82                          
700112ac  CPTS0_cpts_genf0_1_1_to_TIMESYNC_EVENT_INTROUTER0_in_16_16                    
700112b4  CPTS0_cpts_genf1_2_2_to_TIMESYNC_EVENT_INTROUTER0_in_17_17                    
700112bc  CPTS0_cpts_genf2_3_3_to_TIMESYNC_EVENT_INTROUTER0_in_18_18                    
700112c4  CPTS0_cpts_genf3_4_4_to_TIMESYNC_EVENT_INTROUTER0_in_19_19                    
700112cc  CPTS0_cpts_genf4_5_5_to_TIMESYNC_EVENT_INTROUTER0_in_20_20                    
700112d4  CPTS0_cpts_genf5_6_6_to_TIMESYNC_EVENT_INTROUTER0_in_24_24                    
700112dc  CPTS0_cpts_sync_7_7_to_TIMESYNC_EVENT_INTROUTER0_in_35_35                     
700112e4  DMASS0_INTAGGR_0_intaggr_vintr_pend_0_39_to_GICSS0_spi_64_103                 
700112ec  DMASS0_INTAGGR_0_intaggr_vintr_pend_120_127_to_R5FSS1_CORE0_intr_8_15         
700112f4  DMASS0_INTAGGR_0_intaggr_vintr_pend_128_135_to_R5FSS1_CORE1_intr_8_15         
700112fc  DMASS0_INTAGGR_0_intaggr_vintr_pend_152_159_to_PRU_ICSSG0_pr1_slv_intr_16_23  
70011304  DMASS0_INTAGGR_0_intaggr_vintr_pend_160_167_to_PRU_ICSSG1_pr1_slv_intr_16_23  
7001130c  DMASS0_INTAGGR_0_intaggr_vintr_pend_168_183_to_MCU_M4FSS0_CORE0_nvic_32_47    
70011314  DMASS0_INTAGGR_0_intaggr_vintr_pend_40_71_to_R5FSS0_CORE0_intr_64_95          
7001131c  DMASS0_INTAGGR_0_intaggr_vintr_pend_40_71_to_R5FSS0_CORE1_intr_64_95          
70011324  DMASS0_INTAGGR_0_intaggr_vintr_pend_72_79_to_R5FSS0_CORE0_intr_8_15           
7001132c  DMASS0_INTAGGR_0_intaggr_vintr_pend_80_87_to_R5FSS0_CORE1_intr_8_15           
70011334  DMASS0_INTAGGR_0_intaggr_vintr_pend_88_119_to_R5FSS1_CORE0_intr_64_95         
7001133c  DMASS0_INTAGGR_0_intaggr_vintr_pend_88_119_to_R5FSS1_CORE1_intr_64_95         
70011344  EPWM0_epwm_synco_o_0_0_to_TIMESYNC_EVENT_INTROUTER0_in_39_39                  
7001134c  EPWM3_epwm_synco_o_0_0_to_TIMESYNC_EVENT_INTROUTER0_in_40_40                  
70011354  EPWM6_epwm_synco_o_0_0_to_TIMESYNC_EVENT_INTROUTER0_in_41_41                  
7001135c  GPIO0_gpio_0_89_to_MAIN_GPIOMUX_INTROUTER0_in_0_89                            
70011364  GPIO0_gpio_bank_90_98_to_MAIN_GPIOMUX_INTROUTER0_in_190_198                   
7001136c  GPIO1_gpio_0_89_to_MAIN_GPIOMUX_INTROUTER0_in_90_179                          
70011374  GPIO1_gpio_bank_90_98_to_MAIN_GPIOMUX_INTROUTER0_in_180_188                   
7001137c  GPMC0_gpmc_sdmareq_0_0_to_DMASS0_INTAGGR_0_intaggr_levi_pend_29_29            
70011384  GTC0_gtc_push_event_0_0_to_TIMESYNC_EVENT_INTROUTER0_in_36_36                 
7001138c  MAIN_GPIOMUX_INTROUTER0_outp_0_15_to_GICSS0_spi_32_47                         
70011394  MAIN_GPIOMUX_INTROUTER0_outp_0_15_to_R5FSS0_CORE0_intr_32_47                  
7001139c  MAIN_GPIOMUX_INTROUTER0_outp_0_15_to_R5FSS0_CORE1_intr_32_47                  
700113a4  MAIN_GPIOMUX_INTROUTER0_outp_0_15_to_R5FSS1_CORE0_intr_32_47                  
700113ac  MAIN_GPIOMUX_INTROUTER0_outp_0_15_to_R5FSS1_CORE1_intr_32_47                  
700113b4  MAIN_GPIOMUX_INTROUTER0_outp_16_17_to_DMASS0_INTAGGR_0_intaggr_levi_pend_24_25
700113bc  MAIN_GPIOMUX_INTROUTER0_outp_18_23_to_PRU_ICSSG0_pr1_iep0_cap_intr_req_4_9    
700113c4  MAIN_GPIOMUX_INTROUTER0_outp_18_23_to_PRU_ICSSG1_pr1_iep0_cap_intr_req_4_9    
700113cc  MAIN_GPIOMUX_INTROUTER0_outp_24_29_to_PRU_ICSSG0_pr1_iep1_cap_intr_req_10_15  
700113d4  MAIN_GPIOMUX_INTROUTER0_outp_24_29_to_PRU_ICSSG1_pr1_iep1_cap_intr_req_10_15  
700113dc  MAIN_GPIOMUX_INTROUTER0_outp_30_37_to_DMASS0_INTAGGR_0_intaggr_levi_pend_16_23
700113e4  MAIN_GPIOMUX_INTROUTER0_outp_38_45_to_PRU_ICSSG0_pr1_slv_intr_46_53           
700113ec  MAIN_GPIOMUX_INTROUTER0_outp_46_53_to_PRU_ICSSG1_pr1_slv_intr_46_53           
700113f4  MCU_GPIO0_gpio_0_29_to_MCU_MCU_GPIOMUX_INTROUTER0_in_0_29                     
700113fc  MCU_GPIO0_gpio_bank_30_31_to_MCU_MCU_GPIOMUX_INTROUTER0_in_30_31              
70011404  MCU_MCU_GPIOMUX_INTROUTER0_outp_0_3_to_GICSS0_spi_104_107                     
7001140c  MCU_MCU_GPIOMUX_INTROUTER0_outp_0_3_to_R5FSS0_CORE0_intr_104_107              
70011414  MCU_MCU_GPIOMUX_INTROUTER0_outp_0_3_to_R5FSS0_CORE1_intr_104_107              
7001141c  MCU_MCU_GPIOMUX_INTROUTER0_outp_0_3_to_R5FSS1_CORE0_intr_104_107              
70011424  MCU_MCU_GPIOMUX_INTROUTER0_outp_0_3_to_R5FSS1_CORE1_intr_104_107              
7001142c  MCU_MCU_GPIOMUX_INTROUTER0_outp_4_7_to_MCU_M4FSS0_CORE0_nvic_0_3              
70011434  MCU_MCU_GPIOMUX_INTROUTER0_outp_8_11_to_MCU_ESM0_esm_pls_event0_88_91         
7001143c  MCU_MCU_GPIOMUX_INTROUTER0_outp_8_11_to_MCU_ESM0_esm_pls_event1_92_95         
70011444  MCU_MCU_GPIOMUX_INTROUTER0_outp_8_11_to_MCU_ESM0_esm_pls_event2_96_99         
7001144c  PCIE0_pcie_cpts_comp_0_0_to_CMP_EVENT_INTROUTER0_in_81_81                     
70011454  PCIE0_pcie_cpts_genf0_1_1_to_TIMESYNC_EVENT_INTROUTER0_in_23_23               
7001145c  PCIE0_pcie_cpts_hw1_push_2_2_to_TIMESYNC_EVENT_INTROUTER0_in_37_37            
70011464  PCIE0_pcie_cpts_sync_3_3_to_TIMESYNC_EVENT_INTROUTER0_in_33_33                
7001146c  PCIE0_pcie_ptm_valid_pulse_4_4_to_TIMESYNC_EVENT_INTROUTER0_in_38_38          
70011474  PRU_ICSSG0_pr1_edc0_sync0_out_0_0_to_TIMESYNC_EVENT_INTROUTER0_in_25_25       
7001147c  PRU_ICSSG0_pr1_edc0_sync1_out_1_1_to_TIMESYNC_EVENT_INTROUTER0_in_26_26       
70011484  PRU_ICSSG0_pr1_edc1_sync0_out_2_2_to_TIMESYNC_EVENT_INTROUTER0_in_27_27       
7001148c  PRU_ICSSG0_pr1_edc1_sync1_out_3_3_to_TIMESYNC_EVENT_INTROUTER0_in_28_28       
70011494  PRU_ICSSG0_pr1_host_intr_req_4_11_to_CMP_EVENT_INTROUTER0_in_0_7              
7001149c  PRU_ICSSG0_pr1_iep0_cmp_intr_req_12_27_to_CMP_EVENT_INTROUTER0_in_16_31       
700114a4  PRU_ICSSG0_pr1_iep1_cmp_intr_req_28_43_to_CMP_EVENT_INTROUTER0_in_32_47       
700114ac  PRU_ICSSG1_pr1_edc0_sync0_out_0_0_to_TIMESYNC_EVENT_INTROUTER0_in_29_29       
700114b4  PRU_ICSSG1_pr1_edc0_sync1_out_1_1_to_TIMESYNC_EVENT_INTROUTER0_in_30_30       
700114bc  PRU_ICSSG1_pr1_edc1_sync0_out_2_2_to_TIMESYNC_EVENT_INTROUTER0_in_31_31       
700114c4  PRU_ICSSG1_pr1_edc1_sync1_out_3_3_to_TIMESYNC_EVENT_INTROUTER0_in_32_32       
700114cc  PRU_ICSSG1_pr1_host_intr_req_4_11_to_CMP_EVENT_INTROUTER0_in_8_15             
700114d4  PRU_ICSSG1_pr1_iep0_cmp_intr_req_12_27_to_CMP_EVENT_INTROUTER0_in_48_63       
700114dc  PRU_ICSSG1_pr1_iep1_cmp_intr_req_28_43_to_CMP_EVENT_INTROUTER0_in_64_79       
700114e4  TIMER0_timer_pwm_0_0_to_TIMESYNC_EVENT_INTROUTER0_in_0_0                      
700114ec  TIMER1_timer_pwm_0_0_to_TIMESYNC_EVENT_INTROUTER0_in_1_1                      
700114f4  TIMER2_timer_pwm_0_0_to_TIMESYNC_EVENT_INTROUTER0_in_2_2                      
700114fc  TIMER3_timer_pwm_0_0_to_TIMESYNC_EVENT_INTROUTER0_in_3_3                      
70011504  TIMESYNC_EVENT_INTROUTER0_outl_0_7_to_DMASS0_INTAGGR_0_intaggr_levi_pend_8_15 
7001150c  TIMESYNC_EVENT_INTROUTER0_outl_10_10_to_PRU_ICSSG0_pr1_edc1_latch0_in_2_2     
70011514  TIMESYNC_EVENT_INTROUTER0_outl_11_11_to_PRU_ICSSG0_pr1_edc1_latch1_in_3_3     
7001151c  TIMESYNC_EVENT_INTROUTER0_outl_12_12_to_PRU_ICSSG1_pr1_edc0_latch0_in_0_0     
70011524  TIMESYNC_EVENT_INTROUTER0_outl_13_13_to_PRU_ICSSG1_pr1_edc0_latch1_in_1_1     
7001152c  TIMESYNC_EVENT_INTROUTER0_outl_14_14_to_PRU_ICSSG1_pr1_edc1_latch0_in_2_2     
70011534  TIMESYNC_EVENT_INTROUTER0_outl_15_15_to_PRU_ICSSG1_pr1_edc1_latch1_in_3_3     
7001153c  TIMESYNC_EVENT_INTROUTER0_outl_16_16_to_CPTS0_cpts_hw1_push_0_0               
70011544  TIMESYNC_EVENT_INTROUTER0_outl_17_17_to_CPTS0_cpts_hw2_push_1_1               
7001154c  TIMESYNC_EVENT_INTROUTER0_outl_18_18_to_CPTS0_cpts_hw3_push_2_2               
70011554  TIMESYNC_EVENT_INTROUTER0_outl_19_19_to_CPTS0_cpts_hw4_push_3_3               
7001155c  TIMESYNC_EVENT_INTROUTER0_outl_20_20_to_CPTS0_cpts_hw5_push_4_4               
70011564  TIMESYNC_EVENT_INTROUTER0_outl_21_21_to_CPTS0_cpts_hw6_push_5_5               
7001156c  TIMESYNC_EVENT_INTROUTER0_outl_22_22_to_CPTS0_cpts_hw7_push_6_6               
70011574  TIMESYNC_EVENT_INTROUTER0_outl_23_23_to_CPTS0_cpts_hw8_push_7_7               
7001157c  TIMESYNC_EVENT_INTROUTER0_outl_29_29_to_PCIE0_pcie_cpts_hw2_push_0_0          
70011584  TIMESYNC_EVENT_INTROUTER0_outl_30_30_to_CPSW0_cpts_hw1_push_0_0               
7001158c  TIMESYNC_EVENT_INTROUTER0_outl_31_31_to_CPSW0_cpts_hw2_push_1_1               
70011594  TIMESYNC_EVENT_INTROUTER0_outl_32_32_to_CPSW0_cpts_hw3_push_2_2               
7001159c  TIMESYNC_EVENT_INTROUTER0_outl_33_33_to_CPSW0_cpts_hw4_push_3_3               
700115a4  TIMESYNC_EVENT_INTROUTER0_outl_34_34_to_CPSW0_cpts_hw5_push_4_4               
700115ac  TIMESYNC_EVENT_INTROUTER0_outl_35_35_to_CPSW0_cpts_hw6_push_5_5               
700115b4  TIMESYNC_EVENT_INTROUTER0_outl_36_36_to_CPSW0_cpts_hw7_push_6_6               
700115bc  TIMESYNC_EVENT_INTROUTER0_outl_37_37_to_CPSW0_cpts_hw8_push_7_7               
700115c4  TIMESYNC_EVENT_INTROUTER0_outl_8_8_to_PRU_ICSSG0_pr1_edc0_latch0_in_0_0       
700115cc  TIMESYNC_EVENT_INTROUTER0_outl_9_9_to_PRU_ICSSG0_pr1_edc0_latch1_in_1_1       
700115f4  tisci_if_GPIO0                                                                
700115fc  tisci_if_GPIO1                                                                
70011604  tisci_if_MCU_GPIO0                                                            
70011714  gCacheL1pCacheLineSize                                                        
70011718  gRmIrqTreeCount                                                               
70011724  tisci_if_EPWM0                                                                
70011728  tisci_if_EPWM3                                                                
7001172c  tisci_if_EPWM6                                                                
70011730  tisci_if_GPMC0                                                                
70011734  tisci_if_GTC0                                                                 
70011738  tisci_if_TIMER0                                                               
7001173c  tisci_if_TIMER1                                                               
70011740  tisci_if_TIMER2                                                               
70011744  tisci_if_TIMER3                                                               
70050000  setupReqPacket                                                                
70050008  DataXferRequestsOut                                                           
700500e8  buffEpOut                                                                     
700510e8  dataXferBufferOut                                                             
700510f8  buffEpIn                                                                      
700520f8  dataXferBufferIn                                                              
70052108  buff                                                                          
70052d08  epMemRes                                                                      
70053000  alignedBufCusbd                                                               
70057000  ep0Buff                                                                       
70057400  DataXferRequestsIn                                                            
700574e0  ep0Req                                                                        
70057518  buffEp0                                                                       
70057558  ep0DataXferRequest                                                            
70058000  __stack                                                                       
70058000  __start___llvm_prf_bits                                                       
70058000  __start___llvm_prf_cnts                                                       
70058000  __stop___llvm_prf_bits                                                        
70058000  __stop___llvm_prf_cnts                                                        
7005c000  __BSS_START                                                                   
7005c000  __STACK_END                                                                   
7005c000  gHwiCtrl                                                                      
7005d008  cdns_dsr_qdef_buf                                                             
7005dc70  gProfileObj                                                                   
7005dd8c  _usbd_qdef_buf                                                                
7005de4c  usb_handle                                                                    
7005df80  gClockCtrl                                                                    
7005dff4  cdns_dsr_qdef_queue                                                           
7005e008  sysReqCusbd                                                                   
7005e014  cdns_dsr_q                                                                    
7005e018  gUartHandle                                                                   
7005e020  __BSS_END                                                                     
7005e020  __DFU_CTX_START                                                               
7005e22c  __DFU_CTX_END                                                                 
7005e230  __IRQ_STACK_START                                                             
7005f230  __FIQ_STACK_START                                                             
7005f230  __IRQ_STACK_END                                                               
7005f330  __FIQ_STACK_END                                                               
7005f330  __SVC_STACK_START                                                             
7005f430  __ABORT_STACK_START                                                           
7005f430  __SVC_STACK_END                                                               
7005f530  __ABORT_STACK_END                                                             
7005f530  __UNDEFINED_STACK_START                                                       
7005f630  __UNDEFINED_STACK_END                                                         
70180000  gAppImageBuf                                                                  
ffffffff  __TI_pprof_out_hndl                                                           
ffffffff  __TI_prof_data_size                                                           
ffffffff  __TI_prof_data_start                                                          
ffffffff  __binit__                                                                     
ffffffff  binit                                                                         
UNDEFED   __TI_CINIT_Base                                                               
UNDEFED   __TI_CINIT_Limit                                                              
UNDEFED   __TI_Handler_Table_Base                                                       
UNDEFED   __TI_Handler_Table_Limit                                                      
UNDEFED   _system_post_cinit                                                            
UNDEFED   dcd_edpt0_status_complete                                                     
UNDEFED   tud_descriptor_bos_cb                                                         
UNDEFED   tud_descriptor_device_qualifier_cb                                            
UNDEFED   tud_descriptor_other_speed_configuration_cb                                   
UNDEFED   tud_dfu_abort_cb                                                              
UNDEFED   tud_dfu_detach_cb                                                             
UNDEFED   tud_dfu_upload_cb                                                             
UNDEFED   tud_mount_cb                                                                  
UNDEFED   tud_resume_cb                                                                 
UNDEFED   tud_suspend_cb                                                                
UNDEFED   tud_umount_cb                                                                 
UNDEFED   tud_vendor_control_xfer_cb                                                    
UNDEFED   usbd_app_driver_get_cb                                                        

[738 symbols]
