******************************************************************************
            TI ARM Clang Linker Unix v3.2.2                    
******************************************************************************
>> Linked Thu May 23 06:33:43 2024

OUTPUT FILE NAME:   <sbl_emmc_linux_stage1.debug.out>
ENTRY POINT SYMBOL: "_vectors_sbl"  address: 43c00040


MEMORY CONFIGURATION

         name            origin    length      used     unused   attr    fill
----------------------  --------  ---------  --------  --------  ----  --------
  HSM_RAM_VECS          43c00000   00000100  00000080  00000080  RWIX
  HSM_RAM               43c00100   0003c700  00035980  00006d80  RWIX
  APPIMAGE              84000000   00800000  00800000  00000000  RWIX


SEGMENT ALLOCATION MAP

run origin  load origin   length   init length attrs members
----------  ----------- ---------- ----------- ----- -------
43c00000    43c00000    00000080   00000080    r-x
  43c00000    43c00000    00000080   00000080    r-x .vectors
43c00100    43c00100    0001d7c0   0001d7c0    r-x
  43c00100    43c00100    0001ac90   0001ac90    r-x .text
  43c1ad90    43c1ad90    00001730   00001730    r-- .const
  43c1c4c0    43c1c4c0    00000ab0   00000ab0    r-x .text.hwi
  43c1cf70    43c1cf70    00000500   00000500    r-x .text.cache
  43c1d470    43c1d470    00000310   00000310    r-x .text.mpu
  43c1d780    43c1d780    00000140   00000140    r-x .text.boot
43c1d900    43c1d900    00003800   00003800    rw-
  43c1d900    43c1d900    00003800   00003800    rw- .data
43c21100    43c21100    00003d20   00003d20    r--
  43c21100    43c21100    00003d20   00003d20    r-- .rodata
43c24e80    43c24e80    00000800   00000800    r--
  43c24e80    43c24e80    00000800   00000800    r-- .boardcfg_data
43c25680    43c25680    0000f000   00000000    rw-
  43c25680    43c25680    00008000   00000000    rw- .sysmem
  43c2d680    43c2d680    00004000   00000000    rw- .stack
  43c31680    43c31680    00003000   00000000    rw- .bss
43c34680    43c34680    00001400   00000000    r--
  43c34680    43c34680    00001000   00000000    r-- .irqstack
  43c35680    43c35680    00000100   00000000    r-- .fiqstack
  43c35780    43c35780    00000100   00000000    r-- .svcstack
  43c35880    43c35880    00000100   00000000    r-- .abortstack
  43c35980    43c35980    00000100   00000000    r-- .undefinedstack


SECTION ALLOCATION MAP

 output                                  attributes/
section   page    origin      length       input sections
--------  ----  ----------  ----------   ----------------
.vectors   0    43c00000    00000080     
                  43c00000    00000040     nortos.am62x.r5f.ti-arm-clang.debug.lib : HwiP_armv7r_vectors_nortos_asm.obj (.vectors)
                  43c00040    00000040                                             : HwiP_armv7r_vectors_nortos_sbl_asm.obj (.vectors)

.text      0    43c00100    0001ac90     
                  43c00100    00000ddc     libc.a : _printfi.c.obj (.text:__TI_printfi_nofloat)
                  43c00edc    00000004     sciclient_direct_sbl.am62x.r5f.ti-arm-clang.debug.lib : sciclient_direct_wrapper.obj (.text.Sciclient_getSelfDevIdCore)
                  43c00ee0    00000a34     nortos.am62x.r5f.ti-arm-clang.debug.lib : printf.obj (.text._vsnprintf)
                  43c01914    00000740     rm_pm_hal_sbl.am62x.r5f.ti-arm-clang.debug.lib : pll.obj (.text.pll_calc)
                  43c02054    0000062c                                                    : rm_udmap.obj (.text.rm_udmap_tx_ch_cfg)
                  43c02680    0000061e     drivers.am62x.r5f.ti-arm-clang.debug.lib : mmcsd_v1.obj (.text.MMCSD_transfer)
                  43c02c9e    00000002     rm_pm_hal_sbl.am62x.r5f.ti-arm-clang.debug.lib : ioremap.obj (.text.ioremap_internal)
                  43c02ca0    000005c4                                                    : rm_udmap.obj (.text.rm_udmap_rx_ch_cfg)
                  43c03264    0000000c     libc.a : aeabi_portable.c.obj (.text.__aeabi_errno_addr)
                  43c03270    0000051e     nortos.am62x.r5f.ti-arm-clang.debug.lib : printf.obj (.text._ftoa)
                  43c0378e    00000002     rm_pm_hal_sbl.am62x.r5f.ti-arm-clang.debug.lib : mmr_lock.obj (.text.mmr_lock_all)
                  43c03790    00000478     nortos.am62x.r5f.ti-arm-clang.debug.lib : printf.obj (.text._etoa)
                  43c03c08    0000043c     rm_pm_hal_sbl.am62x.r5f.ti-arm-clang.debug.lib : rm_ra.obj (.text.rm_ra_cfg)
                  43c04044    0000000c     libclang_rt.builtins.a : aeabi_memset.S.obj (.text.__aeabi_memclr)
                  43c04050    00000412     drivers.am62x.r5f.ti-arm-clang.debug.lib : mmcsd_v1.obj (.text.MMCSD_initEMMC)
                  43c04462    0000000c     rm_pm_hal_sbl.am62x.r5f.ti-arm-clang.debug.lib : device_prepare.obj (.text.device_prepare_nonexclusive)
                  43c0446e    00000002                                                    : map.obj (.text.u32_get_bytes)
                  43c04470    000003c2     drivers.am62x.r5f.ti-arm-clang.debug.lib : mmcsd_v1.obj (.text.MMCSD_initSD)
                  43c04832    00000002     --HOLE-- [fill = 0]
                  43c04834    0000000c     rm_pm_hal_sbl.am62x.r5f.ti-arm-clang.debug.lib : sys-reset.obj (.text.sys_reset_handler_register)
                  43c04840    00000392     drivers.am62x.r5f.ti-arm-clang.debug.lib : mmcsd_v1.obj (.text.MMCSD_switchEmmcMode)
                  43c04bd2    00000002     --HOLE-- [fill = 0]
                  43c04bd4    00000388     rm_pm_hal_sbl.am62x.r5f.ti-arm-clang.debug.lib : psc.obj (.text.lpsc_module_sync_state)
                  43c04f5c    0000031c     sciclient_direct_sbl.am62x.r5f.ti-arm-clang.debug.lib : sciclient.obj (.text.Sciclient_serviceSecureProxy)
                  43c05278    00000008     rm_pm_hal_sbl.am62x.r5f.ti-arm-clang.debug.lib : clk.obj (.text.clk_freq_change_allow)
                  43c05280    000002ee     drivers.am62x.r5f.ti-arm-clang.debug.lib : bootloader.obj (.text.Bootloader_verifyMulticoreImage)
                  43c0556e    00000002     --HOLE-- [fill = 0]
                  43c05570    000002e8     rm_pm_hal_sbl.am62x.r5f.ti-arm-clang.debug.lib : rm_udmap.obj (.text.rm_udmap_flow_cfg)
                  43c05858    00000008                                                    : clk.obj (.text.clk_freq_change_block)
                  43c05860    000002dc     drivers.am62x.r5f.ti-arm-clang.debug.lib : ddr_soc.obj (.text.DDR_programPLL)
                  43c05b3c    00000004     libclang_rt.builtins.a : aeabi_memcpy.S.obj (.text.__aeabi_memcpy)
                  43c05b40    000002ca     drivers.am62x.r5f.ti-arm-clang.debug.lib : mmcsd_v1.obj (.text.MMCSD_xferStatusPollingFxn)
                  43c05e0a    00000006     rm_pm_hal_sbl.am62x.r5f.ti-arm-clang.debug.lib : clk_pll_16fft.obj (.text.pll_16fft_bin)
                  43c05e10    000002be     drivers.am62x.r5f.ti-arm-clang.debug.lib : ddr.obj (.text.DDR_inlineECCCfg)
                  43c060ce    00000002     --HOLE-- [fill = 0]
                  43c060d0    000002ae     nortos.am62x.r5f.ti-arm-clang.debug.lib : TimerP.obj (.text.TimerP_setup)
                  43c0637e    00000002     --HOLE-- [fill = 0]
                  43c06380    00000292     drivers.am62x.r5f.ti-arm-clang.debug.lib : uart_v0.obj (.text.UART_open)
                  43c06612    00000292     rm_pm_hal_sbl.am62x.r5f.ti-arm-clang.debug.lib : pll.obj (.text.pll_consider)
                  43c068a4    00000280                                                    : clk_div.obj (.text.clk_div_set_freq)
                  43c06b24    00000280                                                    : clk_pll_16fft.obj (.text.clk_pll_16fft_init)
                  43c06da4    0000027c                                                    : clk_pll_16fft.obj (.text.clk_pll_16fft_hsdiv_set_freq)
                  43c07020    0000026a     drivers.am62x.r5f.ti-arm-clang.debug.lib : lpddr4_am6x.obj (.text.LPDDR4_INTR_SanityFunction1)
                  43c0728a    00000004     rm_pm_hal_sbl.am62x.r5f.ti-arm-clang.debug.lib : clk_fixed.obj (.text.clk_fixed_get_state)
                  43c0728e    00000002     --HOLE-- [fill = 0]
                  43c07290    0000026a     drivers.am62x.r5f.ti-arm-clang.debug.lib : mmcsd_v1.obj (.text.MMCSD_open)
                  43c074fa    00000004     rm_pm_hal_sbl.am62x.r5f.ti-arm-clang.debug.lib : clk_dev.obj (.text.clk_from_device_notify_freq)
                  43c074fe    00000002     --HOLE-- [fill = 0]
                  43c07500    0000025a     drivers.am62x.r5f.ti-arm-clang.debug.lib : lpddr4_am6x.obj (.text.LPDDR4_INTR_SanityFunction2)
                  43c0775a    00000004     rm_pm_hal_sbl.am62x.r5f.ti-arm-clang.debug.lib : clk_dev.obj (.text.clk_from_device_set_state)
                  43c0775e    00000002     --HOLE-- [fill = 0]
                  43c07760    0000024e     drivers.am62x.r5f.ti-arm-clang.debug.lib : uart_v0.obj (.text.UART_masterIsr)
                  43c079ae    00000002     --HOLE-- [fill = 0]
                  43c079b0    00000248     rm_pm_hal_sbl.am62x.r5f.ti-arm-clang.debug.lib : device_clk.obj (.text.dev_clk_set_freq)
                  43c07bf8    00000008                                                    : psc.obj (.text.lpsc_module_get)
                  43c07c00    00000242     drivers.am62x.r5f.ti-arm-clang.debug.lib : uart_v0.obj (.text.UART_fifoConfig)
                  43c07e42    00000002     --HOLE-- [fill = 0]
                  43c07e44    0000000c     rm_pm_hal_sbl.am62x.r5f.ti-arm-clang.debug.lib : trace.obj (.text.trace_reconfigure)
                  43c07e50    0000023e     nortos.am62x.r5f.ti-arm-clang.debug.lib : printf.obj (.text._ntoa_format)
                  43c0808e    00000002     --HOLE-- [fill = 0]
                  43c08090    0000023a     drivers.am62x.r5f.ti-arm-clang.debug.lib : bootloader_mmcsd_raw.obj (.text.Bootloader_MmcsdRaw_readFromOffset)
                  43c082ca    00000002     --HOLE-- [fill = 0]
                  43c082cc    00000224     rm_pm_hal_sbl.am62x.r5f.ti-arm-clang.debug.lib : rm_irq.obj (.text.rm_irq_release)
                  43c084f0    00000220     drivers.am62x.r5f.ti-arm-clang.debug.lib : mmcsd_v1.obj (.text.MMCSD_phyConfigure)
                  43c08710    00000210                                              : bootloader_profile.obj (.text.Bootloader_profilePrintProfileLog)
                  43c08920    00000200     rm_pm_hal_sbl.am62x.r5f.ti-arm-clang.debug.lib : device.obj (.text.devices_init)
                  43c08b20    000001fc                                                    : rm_irq.obj (.text.rm_irq_set)
                  43c08d1c    00000004                                                    : clk_soc_hfosc0.obj (.text.clk_soc_hfosc0_get_state)
                  43c08d20    000001f6     drivers.am62x.r5f.ti-arm-clang.debug.lib : bootloader.obj (.text.Bootloader_parseMultiCoreAppImage)
                  43c08f16    00000002     --HOLE-- [fill = 0]
                  43c08f18    000001f0     sciclient_direct_sbl.am62x.r5f.ti-arm-clang.debug.lib : sciclient_direct.obj (.text.Sciclient_service)
                  43c09108    00000008     rm_pm_hal_sbl.am62x.r5f.ti-arm-clang.debug.lib : psc.obj (.text.lpsc_module_get_module_reset)
                  43c09110    000001f0     main.obj (.text.main)
                  43c09300    000001ee     drivers.am62x.r5f.ti-arm-clang.debug.lib : uart_v0.obj (.text.UART_write)
                  43c094ee    00000002     --HOLE-- [fill = 0]
                  43c094f0    000001e6                                              : mmcsd_v1.obj (.text.MMCSD_close)
                  43c096d6    0000000a     rm_pm_hal_sbl.am62x.r5f.ti-arm-clang.debug.lib : clk.obj (.text.clk_notify_children_freq)
                  43c096e0    000001e4     drivers.am62x.r5f.ti-arm-clang.debug.lib : soc.obj (.text.SOC_moduleSetClockFrequency)
                  43c098c4    000001d0     sciclient_direct_sbl.am62x.r5f.ti-arm-clang.debug.lib : sciclient.obj (.text.Sciclient_init)
                  43c09a94    000001d0     libclang_rt.builtins.a : udivsi3.S.obj (.text.__udivsi3)
                  43c09c64    0000000a     rm_pm_hal_sbl.am62x.r5f.ti-arm-clang.debug.lib : clk_div.obj (.text.readl)
                  43c09c6e    00000002     --HOLE-- [fill = 0]
                  43c09c70    000001c8     drivers.am62x.r5f.ti-arm-clang.debug.lib : ddr.obj (.text.DDR_isr)
                  43c09e38    00000008     rm_pm_hal_sbl.am62x.r5f.ti-arm-clang.debug.lib : psc.obj (.text.lpsc_module_put)
                  43c09e40    000001b0     drivers.am62x.r5f.ti-arm-clang.debug.lib : bootloader_soc.obj (.text.Bootloader_socCpuResetRelease)
                  43c09ff0    000001b0                                              : uart_v0.obj (.text.UART_close)
                  43c0a1a0    000001b0     rm_pm_hal_sbl.am62x.r5f.ti-arm-clang.debug.lib : psc.obj (.text.psc_pre_init)
                  43c0a350    000001a8                                                    : clk_pll_16fft.obj (.text.clk_pll_16fft_program_freq)
                  43c0a4f8    00000008                                                    : psc.obj (.text.lpsc_module_ret_get)
                  43c0a500    00000194     drivers.am62x.r5f.ti-arm-clang.debug.lib : bootloader_dma.obj (.text.BootloaderDma_submitTR)
                  43c0a694    0000000a     rm_pm_hal_sbl.am62x.r5f.ti-arm-clang.debug.lib : clk_mux.obj (.text.readl)
                  43c0a69e    00000002     --HOLE-- [fill = 0]
                  43c0a6a0    00000178     drivers.am62x.r5f.ti-arm-clang.debug.lib : uart_v0.obj (.text.UART_configInstance)
                  43c0a818    00000008     rm_pm_hal_sbl.am62x.r5f.ti-arm-clang.debug.lib : psc.obj (.text.lpsc_module_ret_put)
                  43c0a820    00000172     nortos.am62x.r5f.ti-arm-clang.debug.lib : ClockP_nortos_r5.obj (.text.ClockP_init)
                  43c0a992    0000000a     rm_pm_hal_sbl.am62x.r5f.ti-arm-clang.debug.lib : clk_pll_16fft.obj (.text.readl)
                  43c0a99c    00000004                                                    : clk_soc_lfosc0.obj (.text.clk_soc_lfosc0_get_state)
                  43c0a9a0    00000170     drivers.am62x.r5f.ti-arm-clang.debug.lib : bootloader.obj (.text.Bootloader_rprcImageLoad)
                  43c0ab10    00000164     rm_pm_hal_sbl.am62x.r5f.ti-arm-clang.debug.lib : rm_udmap.obj (.text.rm_udmap_gcfg_cfg)
                  43c0ac74    0000000a                                                    : clk_pllctrl.obj (.text.readl)
                  43c0ac7e    00000002     --HOLE-- [fill = 0]
                  43c0ac80    00000162     drivers.am62x.r5f.ti-arm-clang.debug.lib : lpddr4.obj (.text.LPDDR4_INTR_SanityFunction3)
                  43c0ade2    00000002     --HOLE-- [fill = 0]
                  43c0ade4    0000015c     rm_pm_hal_sbl.am62x.r5f.ti-arm-clang.debug.lib : device_process.obj (.text.set_device_handler)
                  43c0af40    0000015a                                                    : rm_ir.obj (.text.rm_ir_configure)
                  43c0b09a    00000002     --HOLE-- [fill = 0]
                  43c0b09c    00000154                                                    : clk.obj (.text.clk_init)
                  43c0b1f0    00000152     drivers.am62x.r5f.ti-arm-clang.debug.lib : lpddr4.obj (.text.LPDDR4_INTR_SanityFunction4)
                  43c0b342    0000000a     rm_pm_hal_sbl.am62x.r5f.ti-arm-clang.debug.lib : dmsc.obj (.text.readl)
                  43c0b34c    00000004                                                    : device_clk.obj (.text.device_clk_get_hw_ssc)
                  43c0b350    00000150     drivers.am62x.r5f.ti-arm-clang.debug.lib : ddr.obj (.text.DDR_primeMem)
                  43c0b4a0    00000150                                              : uart_v0.obj (.text.UART_procLineStatusErr)
                  43c0b5f0    0000014c     sciclient_direct_sbl.am62x.r5f.ti-arm-clang.debug.lib : uart_print.obj (.text.UART_printf)
                  43c0b73c    00000004     rm_pm_hal_sbl.am62x.r5f.ti-arm-clang.debug.lib : clk_pll_16fft.obj (.text.pll_16fft_vco_fitness)
                  43c0b740    00000146     drivers.am62x.r5f.ti-arm-clang.debug.lib : ddr.obj (.text.DDR_start)
                  43c0b886    00000002     --HOLE-- [fill = 0]
                  43c0b888    00000146     sciclient_direct_sbl.am62x.r5f.ti-arm-clang.debug.lib : sciclient_direct.obj (.text.Sciclient_ProcessPmMessage)
                  43c0b9ce    00000002     --HOLE-- [fill = 0]
                  43c0b9d0    0000013e     drivers.am62x.r5f.ti-arm-clang.debug.lib : lpddr4_am6x.obj (.text.LPDDR4_AckCtlInterrupt_4)
                  43c0bb0e    00000002     --HOLE-- [fill = 0]
                  43c0bb10    0000013a                                              : lpddr4_am6x.obj (.text.LPDDR4_AckCtlInterrupt)
                  43c0bc4a    00000004     rm_pm_hal_sbl.am62x.r5f.ti-arm-clang.debug.lib : rm_udmap.obj (.text.rm_udmap_flow_size_thresh_cfg)
                  43c0bc4e    00000002     --HOLE-- [fill = 0]
                  43c0bc50    00000138     nortos.am62x.r5f.ti-arm-clang.debug.lib : printf.obj (.text._ntoa_long_long)
                  43c0bd88    00000008     rm_pm_hal_sbl.am62x.r5f.ti-arm-clang.debug.lib : rm_core.obj (.text.rm_core_param_is_valid)
                  43c0bd90    00000136     drivers.am62x.r5f.ti-arm-clang.debug.lib : mmcsd_v1.obj (.text.MMCSD_getModeSd)
                  43c0bec6    0000000a     rm_pm_hal_sbl.am62x.r5f.ti-arm-clang.debug.lib : mmr_lock.obj (.text.readl)
                  43c0bed0    00000136     drivers.am62x.r5f.ti-arm-clang.debug.lib : mmcsd_v1.obj (.text.MMCSD_read)
                  43c0c006    00000002     --HOLE-- [fill = 0]
                  43c0c008    00000134     rm_pm_hal_sbl.am62x.r5f.ti-arm-clang.debug.lib : rm_ra.obj (.text.ra_get_ring_evt)
                  43c0c13c    00000134                                                    : rm_ra.obj (.text.ra_set_ring_evt)
                  43c0c270    00000130     drivers.am62x.r5f.ti-arm-clang.debug.lib : mmcsd_v1.obj (.text.MMCSD_xferStatusPollingFxnCMD19)
                  43c0c3a0    0000012c     nortos.am62x.r5f.ti-arm-clang.debug.lib : PmuP_armv7r_asm.obj (.text.pmu)
                  43c0c4cc    0000012c     rm_pm_hal_sbl.am62x.r5f.ti-arm-clang.debug.lib : psc.obj (.text.psc_uninit)
                  43c0c5f8    00000008     libc.a : exit.c.obj (.text:abort)
                  43c0c600    00000124     drivers.am62x.r5f.ti-arm-clang.debug.lib : bootloader_soc.obj (.text.Bootloader_socCpuPowerOnResetHSMM4f)
                  43c0c724    00000124     rm_pm_hal_sbl.am62x.r5f.ti-arm-clang.debug.lib : clk_pll_16fft.obj (.text.clk_pll_16fft_get_freq)
                  43c0c848    00000122                                                    : rm_udmap.obj (.text.udmap_oes_index_validate)
                  43c0c96a    00000004                                                    : device_psc.obj (.text.soc_device_init_complete)
                  43c0c96e    00000002     --HOLE-- [fill = 0]
                  43c0c970    00000120     drivers.am62x.r5f.ti-arm-clang.debug.lib : bootloader.obj (.text.Bootloader_getMsgLen)
                  43c0ca90    00000120     rm_pm_hal_sbl.am62x.r5f.ti-arm-clang.debug.lib : rm_udmap.obj (.text.udmap_get_ch_evt)
                  43c0cbb0    0000011c                                                    : clk_pll_16fft.obj (.text.clk_pll_16fft_internal_set_freq)
                  43c0cccc    00000004                                                    : trace.obj (.text.trace_debug)
                  43c0ccd0    00000118     drivers.am62x.r5f.ti-arm-clang.debug.lib : lpddr4_am6x.obj (.text.LPDDR4_CheckCtlInterrupt)
                  43c0cde8    00000118     libclang_rt.builtins.a : udivmoddi4.S.obj (.text)
                  43c0cf00    00000116     drivers.am62x.r5f.ti-arm-clang.debug.lib : uart_v0.obj (.text.UART_divisorLatchWrite)
                  43c0d016    00000002     --HOLE-- [fill = 0]
                  43c0d018    00000008     nortos.am62x.r5f.ti-arm-clang.debug.lib : HwiP_armv7r_asm.obj (.tramp.HwiP_restore.1)
                  43c0d020    00000114                                             : printf.obj (.text._ntoa_long)
                  43c0d134    0000000c     --HOLE-- [fill = 0]
                  43c0d140    00000112     drivers.am62x.r5f.ti-arm-clang.debug.lib : ddr.obj (.text.DDR_changeFreqAck)
                  43c0d252    0000000e     --HOLE-- [fill = 0]
                  43c0d260    00000110                                              : bootloader_dma.obj (.text.Bootloader_dmaCopy)
                  43c0d370    0000010c     rm_pm_hal_sbl.am62x.r5f.ti-arm-clang.debug.lib : rm_core.obj (.text.rm_core_get_resource_range)
                  43c0d47c    0000010c                                                    : rm_ia.obj (.text.rm_ia_vint_map)
                  43c0d588    00000008     --HOLE-- [fill = 0]
                  43c0d590    00000108     drivers.am62x.r5f.ti-arm-clang.debug.lib : utils.obj (.text.Utils_memcpyWord)
                  43c0d698    00000008     --HOLE-- [fill = 0]
                  43c0d6a0    00000106                                              : csl_emif.obj (.text.CSL_emifConfigController)
                  43c0d7a6    0000000a     --HOLE-- [fill = 0]
                  43c0d7b0    00000106                                              : lpddr4_am6x.obj (.text.LPDDR4_AckCtlInterrupt_3)
                  43c0d8b6    0000000a     --HOLE-- [fill = 0]
                  43c0d8c0    00000106                                              : mmcsd_priv.obj (.text.MMCSD_parseCSDSd)
                  43c0d9c6    00000002     --HOLE-- [fill = 0]
                  43c0d9c8    00000104     rm_pm_hal_sbl.am62x.r5f.ti-arm-clang.debug.lib : device_clk.obj (.text.device_clk_get_parent)
                  43c0dacc    00000004     --HOLE-- [fill = 0]
                  43c0dad0    00000100     drivers.am62x.r5f.ti-arm-clang.debug.lib : bootloader.obj (.text.Bootloader_loadSelfCpu)
                  43c0dbd0    00000100                                              : mmcsd_v1.obj (.text.MMCSD_setupADMA2)
                  43c0dcd0    00000100     sciclient_direct_sbl.am62x.r5f.ti-arm-clang.debug.lib : sciclient_direct.obj (.text.Sciclient_ProcessRmMessage)
                  43c0ddd0    000000fe     drivers.am62x.r5f.ti-arm-clang.debug.lib : bootloader_soc.obj (.text.Bootloader_socCpuPowerOnResetM4f)
                  43c0dece    00000002     --HOLE-- [fill = 0]
                  43c0ded0    000000fc                                              : mmcsd_priv.obj (.text.MMCSD_parseCIDEmmc)
                  43c0dfcc    000000f8     rm_pm_hal_sbl.am62x.r5f.ti-arm-clang.debug.lib : rm_udmap.obj (.text.udmap_set_ch_evt)
                  43c0e0c4    0000000c     --HOLE-- [fill = 0]
                  43c0e0d0    000000f6     nortos.am62x.r5f.ti-arm-clang.debug.lib : SemaphoreP_nortos.obj (.text.SemaphoreP_pend)
                  43c0e1c6    0000000a     --HOLE-- [fill = 0]
                  43c0e1d0    000000f2     drivers.am62x.r5f.ti-arm-clang.debug.lib : mmcsd_v1.obj (.text.MMCSD_phyTuneAuto)
                  43c0e2c2    000000f2     rm_pm_hal_sbl.am62x.r5f.ti-arm-clang.debug.lib : rm_ia.obj (.text.rm_ia_vint_unmap)
                  43c0e3b4    0000000c     --HOLE-- [fill = 0]
                  43c0e3c0    000000f0     drivers.am62x.r5f.ti-arm-clang.debug.lib : mmcsd_priv.obj (.text.MMCSD_parseECSDEmmc)
                  43c0e4b0    000000ec     rm_pm_hal_sbl.am62x.r5f.ti-arm-clang.debug.lib : clk_div.obj (.text.clk_div_notify_freq)
                  43c0e59c    000000ec                                                    : psc.obj (.text.psc_pd_get)
                  43c0e688    00000008     --HOLE-- [fill = 0]
                  43c0e690    000000ea     nortos.am62x.r5f.ti-arm-clang.debug.lib : AddrTranslateP.obj (.text.AddrTranslateP_getLocalAddr)
                  43c0e77a    00000006     --HOLE-- [fill = 0]
                  43c0e780    000000ea     drivers.am62x.r5f.ti-arm-clang.debug.lib : lpddr4_am6x.obj (.text.LPDDR4_CheckCtlInterrupt_2)
                  43c0e86a    00000006     --HOLE-- [fill = 0]
                  43c0e870    000000e8                                              : lpddr4_am6x.obj (.text.LPDDR4_AckCtlInterrupt_2)
                  43c0e958    000000e8     rm_pm_hal_sbl.am62x.r5f.ti-arm-clang.debug.lib : rm_udmap.obj (.text.rm_udmap_is_managed_resasg_utype)
                  43c0ea40    000000e6     drivers.am62x.r5f.ti-arm-clang.debug.lib : mmcsd_v1.obj (.text.MMCSD_getModeEmmc)
                  43c0eb26    000000e6     rm_pm_hal_sbl.am62x.r5f.ti-arm-clang.debug.lib : rm_ia.obj (.text.ia_validate_evt)
                  43c0ec0c    00000004     --HOLE-- [fill = 0]
                  43c0ec10    000000e4     drivers.am62x.r5f.ti-arm-clang.debug.lib : mmcsd_v1.obj (.text.MMCSD_halSetBusFreq)
                  43c0ecf4    000000e4     rm_pm_hal_sbl.am62x.r5f.ti-arm-clang.debug.lib : device_clk.obj (.text.device_clk_set_gated)
                  43c0edd8    00000008     --HOLE-- [fill = 0]
                  43c0ede0    000000e2     drivers.am62x.r5f.ti-arm-clang.debug.lib : mmcsd_v1.obj (.text.MMCSD_phyInit)
                  43c0eec2    0000000e     --HOLE-- [fill = 0]
                  43c0eed0    000000e2                                              : soc.obj (.text.SOC_controlModuleUnlockMMR)
                  43c0efb2    00000002     --HOLE-- [fill = 0]
                  43c0efb4    000000e0     rm_pm_hal_sbl.am62x.r5f.ti-arm-clang.debug.lib : clk.obj (.text.clk_set_freq)
                  43c0f094    000000e0                                                    : psc.obj (.text.lpsc_module_wait)
                  43c0f174    0000000c     --HOLE-- [fill = 0]
                  43c0f180    000000de     drivers.am62x.r5f.ti-arm-clang.debug.lib : mmcsd_v1.obj (.text.MMCSD_cmdStatusPollingFxn)
                  43c0f25e    00000002     --HOLE-- [fill = 0]
                  43c0f260    000000de                                              : mmcsd_v1.obj (.text.MMCSD_enableBootPartition)
                  43c0f33e    00000002     --HOLE-- [fill = 0]
                  43c0f340    000000de                                              : uart_v0.obj (.text.UART_intrEnable)
                  43c0f41e    00000002     --HOLE-- [fill = 0]
                  43c0f420    000000dc     rm_pm_hal_sbl.am62x.r5f.ti-arm-clang.debug.lib : rm_ra.obj (.text.rm_ra_mon_cfg)
                  43c0f4fc    00000004     --HOLE-- [fill = 0]
                  43c0f500    000000da     drivers.am62x.r5f.ti-arm-clang.debug.lib : uart_v0.obj (.text.UART_intrDisable)
                  43c0f5da    00000006     --HOLE-- [fill = 0]
                  43c0f5e0    000000d4                                              : pinmux.obj (.text.Pinmux_unlockMMR)
                  43c0f6b4    000000d0     rm_pm_hal_sbl.am62x.r5f.ti-arm-clang.debug.lib : rm_ia.obj (.text.ia_set_oes_evt)
                  43c0f784    000000d0                                                    : psc.obj (.text.lpsc_module_put_internal)
                  43c0f854    000000d0                                                    : psc.obj (.text.psc_pd_put)
                  43c0f924    000000d0                                                    : rm_udmap.obj (.text.rm_udmap_flow_delegate)
                  43c0f9f4    0000000c     --HOLE-- [fill = 0]
                  43c0fa00    000000ce     drivers.am62x.r5f.ti-arm-clang.debug.lib : mmcsd_priv.obj (.text.MMCSD_parseCIDSd)
                  43c0face    00000002     --HOLE-- [fill = 0]
                  43c0fad0    000000cc                                              : uart_v0.obj (.text.UART_flushTxFifo)
                  43c0fb9c    000000cc     rm_pm_hal_sbl.am62x.r5f.ti-arm-clang.debug.lib : clk_pll_16fft.obj (.text.clk_pll_16fft_wait_for_lock)
                  43c0fc68    000000cc                                                    : clock.obj (.text.get_clock_handler)
                  43c0fd34    000000ca                                                    : rm_ia.obj (.text.ia_get_oes_evt)
                  43c0fdfe    00000002     --HOLE-- [fill = 0]
                  43c0fe00    000000c8                                                    : clock.obj (.text.query_freq_handler)
                  43c0fec8    000000c8                                                    : rm_ia.obj (.text.rm_ia_init)
                  43c0ff90    000000c6     drivers.am62x.r5f.ti-arm-clang.debug.lib : ddr.obj (.text.DDR_init)
                  43c10056    0000000a     --HOLE-- [fill = 0]
                  43c10060    000000c6                                              : ddr.obj (.text.DDR_setClock)
                  43c10126    0000000a     --HOLE-- [fill = 0]
                  43c10130    000000c6                                              : uart_v0.obj (.text.UART_init)
                  43c101f6    00000002     --HOLE-- [fill = 0]
                  43c101f8    000000c4     rm_pm_hal_sbl.am62x.r5f.ti-arm-clang.debug.lib : clk_div.obj (.text.clk_div_set_freq_static_parent)
                  43c102bc    000000c4                                                    : device_clk.obj (.text.device_clk_set_parent)
                  43c10380    000000c2     drivers.am62x.r5f.ti-arm-clang.debug.lib : uart_v0.obj (.text.UART_writePolling)
                  43c10442    0000000e     --HOLE-- [fill = 0]
                  43c10450    000000c0                                              : lpddr4_am6x.obj (.text.LPDDR4_CheckCtlInterrupt_4)
                  43c10510    000000c0                                              : lpddr4.obj (.text.LPDDR4_ReadReg)
                  43c105d0    000000c0     nortos.am62x.r5f.ti-arm-clang.debug.lib : printf.obj (.text._out_rev)
                  43c10690    000000c0     rm_pm_hal_sbl.am62x.r5f.ti-arm-clang.debug.lib : clk_mux.obj (.text.clk_set_parent)
                  43c10750    000000c0                                                    : psc.obj (.text.psc_post_init)
                  43c10810    000000c0                                                    : clock.obj (.text.set_clock_handler)
                  43c108d0    000000be     nortos.am62x.r5f.ti-arm-clang.debug.lib : ClockP_nortos.obj (.text.ClockP_timerTickIsr)
                  43c1098e    000000bc     sciclient_direct_sbl.am62x.r5f.ti-arm-clang.debug.lib : sciclient_pm.obj (.text.Sciclient_pmQueryModuleClkFreq)
                  43c10a4a    00000002     --HOLE-- [fill = 0]
                  43c10a4c    000000bc     rm_pm_hal_sbl.am62x.r5f.ti-arm-clang.debug.lib : init.obj (.text.pm_init)
                  43c10b08    000000bc                                                    : rm_core.obj (.text.rm_core_resasg_validate_resource)
                  43c10bc4    000000bc                                                    : clock.obj (.text.set_freq_handler)
                  43c10c80    000000bc                                                    : device_psc.obj (.text.soc_device_init)
                  43c10d3c    00000004     --HOLE-- [fill = 0]
                  43c10d40    000000ba     nortos.am62x.r5f.ti-arm-clang.debug.lib : ClockP_nortos.obj (.text.ClockP_stop)
                  43c10dfa    00000006     --HOLE-- [fill = 0]
                  43c10e00    000000ba     drivers.am62x.r5f.ti-arm-clang.debug.lib : mmcsd_v1.obj (.text.MMCSD_halSendCommand)
                  43c10eba    00000006     --HOLE-- [fill = 0]
                  43c10ec0    000000b8                                              : ddr.obj (.text.DDR_initDrv)
                  43c10f78    00000008     --HOLE-- [fill = 0]
                  43c10f80    000000b8                                              : lpddr4.obj (.text.LPDDR4_WriteReg)
                  43c11038    000000b8     sciclient_direct_sbl.am62x.r5f.ti-arm-clang.debug.lib : sciclient_direct.obj (.text.Sciclient_boardCfgParseHeader)
                  43c110f0    000000b6     rm_pm_hal_sbl.am62x.r5f.ti-arm-clang.debug.lib : map.obj (.text.map_add)
                  43c111a6    000000b6                                                    : div64.obj (.text.pm_div64)
                  43c1125c    00000004     --HOLE-- [fill = 0]
                  43c11260    000000b4     drivers.am62x.r5f.ti-arm-clang.debug.lib : bootloader_dma.obj (.text.Bootloader_dmaDirectCopy)
                  43c11314    0000000c     --HOLE-- [fill = 0]
                  43c11320    000000b4                                              : bootloader_soc.obj (.text.Bootloader_socCpuSetClock)
                  43c113d4    000000b4     sciclient_direct_sbl.am62x.r5f.ti-arm-clang.debug.lib : sciclient_direct_wrapper.obj (.text.Sciclient_getVersionCheck)
                  43c11488    000000b4     rm_pm_hal_sbl.am62x.r5f.ti-arm-clang.debug.lib : clk_div.obj (.text.clk_div_reg_go_set_div)
                  43c1153c    000000b0                                                    : rm_ra.obj (.text.rm_ra_init)
                  43c115ec    00000004     --HOLE-- [fill = 0]
                  43c115f0    000000ae     sciclient_direct_sbl.am62x.r5f.ti-arm-clang.debug.lib : sciclient_direct.obj (.text.boardcfgRmFindCertSize)
                  43c1169e    00000002     --HOLE-- [fill = 0]
                  43c116a0    000000ac     drivers.am62x.r5f.ti-arm-clang.debug.lib : bootloader.obj (.text.Bootloader_loadCpu)
                  43c1174c    00000004     --HOLE-- [fill = 0]
                  43c11750    000000ac     ti_drivers_open_close.obj (.text.Drivers_uartOpen)
                  43c117fc    000000ac     rm_pm_hal_sbl.am62x.r5f.ti-arm-clang.debug.lib : psc.obj (.text.lpsc_module_get_internal)
                  43c118a8    000000ac                                                    : rm_udmap.obj (.text.rm_udmap_init)
                  43c11954    0000000c     --HOLE-- [fill = 0]
                  43c11960    000000aa     ti_drivers_open_close.obj (.text.Drivers_mmcsdOpen)
                  43c11a0a    000000aa     sciclient_direct_sbl.am62x.r5f.ti-arm-clang.debug.lib : sciclient_pm.obj (.text.Sciclient_pmSetModuleClkFreq)
                  43c11ab4    0000000c     --HOLE-- [fill = 0]
                  43c11ac0    000000aa     drivers.am62x.r5f.ti-arm-clang.debug.lib : uart_v0.obj (.text.UART_fifoWrite)
                  43c11b6a    00000006     --HOLE-- [fill = 0]
                  43c11b70    000000a8     nortos.am62x.r5f.ti-arm-clang.debug.lib : ClockP_nortos.obj (.text.ClockP_addToList)
                  43c11c18    00000008     --HOLE-- [fill = 0]
                  43c11c20    000000a8                                             : ClockP_nortos.obj (.text.ClockP_destruct)
                  43c11cc8    00000008     --HOLE-- [fill = 0]
                  43c11cd0    000000a8                                             : PmuP_armv7r.obj (.text.pmu)
                  43c11d78    000000a8     rm_pm_hal_sbl.am62x.r5f.ti-arm-clang.debug.lib : rm_udmap.obj (.text.udmap_check_index_range)
                  43c11e20    000000a6     drivers.am62x.r5f.ti-arm-clang.debug.lib : mmcsd_v1.obj (.text.MMCSD_phyGetOtapDelay)
                  43c11ec6    00000002     --HOLE-- [fill = 0]
                  43c11ec8    000000a4     rm_pm_hal_sbl.am62x.r5f.ti-arm-clang.debug.lib : boardcfg-user.obj (.text.boardcfg_rm_receive_and_validate)
                  43c11f6c    000000a0                                                    : device_prepare.obj (.text.device_prepare)
                  43c1200c    000000a0                                                    : device_process.obj (.text.get_device_handler)
                  43c120ac    000000a0                                                    : rm_core.obj (.text.rm_core_init)
                  43c1214c    000000a0                                                    : rm_ra.obj (.text.rm_ra_validate_ring_index)
                  43c121ec    00000004     --HOLE-- [fill = 0]
                  43c121f0    0000009e     drivers.am62x.r5f.ti-arm-clang.debug.lib : mmcsd_v1.obj (.text.MMCSD_halCmdResponseGet)
                  43c1228e    0000009e     rm_pm_hal_sbl.am62x.r5f.ti-arm-clang.debug.lib : rm_udmap.obj (.text.udmap_check_flow_index)
                  43c1232c    0000009c                                                    : clk.obj (.text.clk_generic_set_freq_parent)
                  43c123c8    0000009c                                                    : clk_pll_16fft.obj (.text.clk_pll_16fft_set_freq)
                  43c12464    0000009c                                                    : rm_ir.obj (.text.rm_ir_clear)
                  43c12500    0000009a     drivers.am62x.r5f.ti-arm-clang.debug.lib : bootloader.obj (.text.Bootloader_runCpu)
                  43c1259a    00000006     --HOLE-- [fill = 0]
                  43c125a0    0000009a                                              : bootloader_soc.obj (.text.Bootloader_socTranslateSectionAddr)
                  43c1263a    00000006     --HOLE-- [fill = 0]
                  43c12640    0000009a                                              : udma_ring_common.obj (.text.Udma_ringQueueRaw)
                  43c126da    00000006     --HOLE-- [fill = 0]
                  43c126e0    00000098                                              : ddr_soc.obj (.text.DDR_programHSDIV)
                  43c12778    00000008     --HOLE-- [fill = 0]
                  43c12780    00000098                                              : mmcsd_v1.obj (.text.MMCSD_init)
                  43c12818    00000098     sciclient_direct_sbl.am62x.r5f.ti-arm-clang.debug.lib : sciclient.obj (.text.Sciclient_serviceGetThreadIds)
                  43c128b0    00000096     drivers.am62x.r5f.ti-arm-clang.debug.lib : bootloader_soc.obj (.text.Bootloader_socCpuGetClock)
                  43c12946    0000000a     --HOLE-- [fill = 0]
                  43c12950    00000096                                              : uart_v0.obj (.text.UART_subConfigTCRTLRModeEn)
                  43c129e6    0000000a     --HOLE-- [fill = 0]
                  43c129f0    00000096                                              : udma_ring_common.obj (.text.Udma_ringDequeueRaw)
                  43c12a86    00000002     --HOLE-- [fill = 0]
                  43c12a88    00000094     rm_pm_hal_sbl.am62x.r5f.ti-arm-clang.debug.lib : rm_irq.obj (.text.irq_trace_remaining_params)
                  43c12b1c    00000004     --HOLE-- [fill = 0]
                  43c12b20    00000092     drivers.am62x.r5f.ti-arm-clang.debug.lib : soc.obj (.text.SOC_moduleClockEnable)
                  43c12bb2    0000000e     --HOLE-- [fill = 0]
                  43c12bc0    00000092                                              : uart_v0.obj (.text.UART_writeCancelNoCB)
                  43c12c52    0000000e     --HOLE-- [fill = 0]
                  43c12c60    00000090                                              : ddr.obj (.text.DDR_initHwRegs)
                  43c12cf0    00000090                                              : mmcsd_v1.obj (.text.MMCSD_halBusPower)
                  43c12d80    00000090                                              : mmcsd_v1.obj (.text.MMCSD_isReadyForTransfer)
                  43c12e10    00000090     rm_pm_hal_sbl.am62x.r5f.ti-arm-clang.debug.lib : rm_ir.obj (.text.ir_clear_rom_mapping)
                  43c12ea0    00000090                                                    : psc.obj (.text.lpsc_module_set_local_reset)
                  43c12f30    0000008c     sciclient_direct_sbl.am62x.r5f.ti-arm-clang.debug.lib : uart_print.obj (.text.UART_convertVal)
                  43c12fbc    0000008c     rm_pm_hal_sbl.am62x.r5f.ti-arm-clang.debug.lib : clk_mux.obj (.text.clk_mux_set_parent)
                  43c13048    0000008c                                                    : psc.obj (.text.psc_pd_wait)
                  43c130d4    0000008a                                                    : rm_ra.obj (.text.ra_check_index_range)
                  43c1315e    00000002     --HOLE-- [fill = 0]
                  43c13160    00000088     nortos.am62x.r5f.ti-arm-clang.debug.lib : ClockP_nortos.obj (.text.ClockP_getTimeUsec)
                  43c131e8    00000088     rm_pm_hal_sbl.am62x.r5f.ti-arm-clang.debug.lib : psc.obj (.text.lpsc_module_set_module_reset)
                  43c13270    00000086     drivers.am62x.r5f.ti-arm-clang.debug.lib : lpddr4_am6x.obj (.text.LPDDR4_CheckCtlInterrupt_3)
                  43c132f6    0000000a     --HOLE-- [fill = 0]
                  43c13300    00000086                                              : mmcsd_v1.obj (.text.MMCSD_halSetBusWidth)
                  43c13386    00000086     sciclient_direct_sbl.am62x.r5f.ti-arm-clang.debug.lib : sciclient_pm.obj (.text.Sciclient_pmGetModuleClkNumParent)
                  43c1340c    00000086                                                           : sciclient_pm.obj (.text.Sciclient_pmGetModuleClkParent)
                  43c13492    0000000e     --HOLE-- [fill = 0]
                  43c134a0    00000086     drivers.am62x.r5f.ti-arm-clang.debug.lib : uart_v0.obj (.text.UART_tcrTlrBitValRestore)
                  43c13526    0000000a     --HOLE-- [fill = 0]
                  43c13530    00000084                                              : mmcsd_v1.obj (.text.MMCSD_halLinesResetCmd)
                  43c135b4    0000000c     --HOLE-- [fill = 0]
                  43c135c0    00000084                                              : mmcsd_v1.obj (.text.MMCSD_halLinesResetDat)
                  43c13644    0000000c     --HOLE-- [fill = 0]
                  43c13650    00000084                                              : mmcsd_priv.obj (.text.MMCSD_parseCSDEmmc)
                  43c136d4    00000084     sciclient_direct_sbl.am62x.r5f.ti-arm-clang.debug.lib : sciclient_boardcfg.obj (.text.Sciclient_boardCfgPm)
                  43c13758    00000084                                                           : sciclient_boardcfg.obj (.text.Sciclient_boardCfgRm)
                  43c137dc    00000084                                                           : sciclient_pm.obj (.text.Sciclient_pmGetModuleClkFreq)
                  43c13860    00000084                                                           : sciclient_pm.obj (.text.Sciclient_pmModuleGetClkStatus)
                  43c138e4    0000000c     --HOLE-- [fill = 0]
                  43c138f0    00000084     drivers.am62x.r5f.ti-arm-clang.debug.lib : uart_dma.obj (.text.UART_dmaDisableChannel)
                  43c13974    0000000c     --HOLE-- [fill = 0]
                  43c13980    00000082                                              : mmcsd_v1.obj (.text.MMCSD_halSoftReset)
                  43c13a02    0000000e     --HOLE-- [fill = 0]
                  43c13a10    00000082                                              : mmcsd_v1.obj (.text.MMCSD_sendTuningDataEMMC)
                  43c13a92    00000082     sciclient_direct_sbl.am62x.r5f.ti-arm-clang.debug.lib : sciclient_pm.obj (.text.Sciclient_pmGetModuleState)
                  43c13b14    00000080                                                           : sciclient.obj (.text.Sciclient_ISR)
                  43c13b94    00000080                                                           : sciclient_secureproxy.obj (.text.Sciclient_sendMessage)
                  43c13c14    0000000c     --HOLE-- [fill = 0]
                  43c13c20    00000080     drivers.am62x.r5f.ti-arm-clang.debug.lib : uart_dma.obj (.text.UART_dmaClose)
                  43c13ca0    00000080                                              : uart_v0.obj (.text.UART_readData)
                  43c13d20    00000080     rm_pm_hal_sbl.am62x.r5f.ti-arm-clang.debug.lib : clk_div.obj (.text.clk_div_reg_set_div)
                  43c13da0    00000080                                                    : clk_pll_16fft.obj (.text.clk_pll_16fft_postdiv_set_freq)
                  43c13e20    00000080                                                    : clock.obj (.text.set_clock_parent_handler)
                  43c13ea0    0000007e     drivers.am62x.r5f.ti-arm-clang.debug.lib : bootloader.obj (.text.Bootloader_findSeq)
                  43c13f1e    00000002     --HOLE-- [fill = 0]
                  43c13f20    0000007e                                              : lpddr4.obj (.text.LPDDR4_StartSequenceController)
                  43c13f9e    0000007e     sciclient_direct_sbl.am62x.r5f.ti-arm-clang.debug.lib : sciclient_pm.obj (.text.Sciclient_pmModuleClkRequest)
                  43c1401c    0000007e                                                           : sciclient_pm.obj (.text.Sciclient_pmSetModuleClkParent)
                  43c1409a    00000002     --HOLE-- [fill = 0]
                  43c1409c    0000007c     rm_pm_hal_sbl.am62x.r5f.ti-arm-clang.debug.lib : clk.obj (.text.clk_notify_sibling_freq)
                  43c14118    0000007c                                                    : clk_pll_16fft.obj (.text.clk_pll_16fft_postdiv_set_div)
                  43c14194    0000007c                                                    : clock.obj (.text.get_clock_parent_handler)
                  43c14210    0000007c                                                    : clock.obj (.text.get_num_clock_parents_handler)
                  43c1428c    0000007c                                                    : rm_ra.obj (.text.rm_ra_is_managed_resasg_utype)
                  43c14308    00000008     --HOLE-- [fill = 0]
                  43c14310    0000007a     nortos.am62x.r5f.ti-arm-clang.debug.lib : ClockP_nortos.obj (.text.ClockP_usleep)
                  43c1438a    00000006     --HOLE-- [fill = 0]
                  43c14390    0000007a     drivers.am62x.r5f.ti-arm-clang.debug.lib : bootloader_mmcsd_raw.obj (.text.MMCSDRaw_imgRead)
                  43c1440a    00000006     --HOLE-- [fill = 0]
                  43c14410    0000007a                                              : uart_v0.obj (.text.UART_Params_init)
                  43c1448a    00000006     --HOLE-- [fill = 0]
                  43c14490    0000007a     nortos.am62x.r5f.ti-arm-clang.debug.lib : DebugP_log.obj (.text._DebugP_assert)
                  43c1450a    0000007a     rm_pm_hal_sbl.am62x.r5f.ti-arm-clang.debug.lib : rm_udmap.obj (.text.udmap_clear_rom_oes)
                  43c14584    00000078     sciclient_direct_sbl.am62x.r5f.ti-arm-clang.debug.lib : sciclient.obj (.text.Sciclient_servicePrepareHeader)
                  43c145fc    00000078     rm_pm_hal_sbl.am62x.r5f.ti-arm-clang.debug.lib : psc.obj (.text.psc_drop_pwr_up_ref)
                  43c14674    00000078     libc.a : snprintf.c.obj (.text.snprintf)
                  43c146ec    00000004     --HOLE-- [fill = 0]
                  43c146f0    00000076     drivers.am62x.r5f.ti-arm-clang.debug.lib : udma_ch.obj (.text.Udma_chGetCqRingHandle)
                  43c14766    0000000a     --HOLE-- [fill = 0]
                  43c14770    00000076                                              : udma_ch.obj (.text.Udma_chGetFqRingHandle)
                  43c147e6    0000000a     --HOLE-- [fill = 0]
                  43c147f0    00000074     nortos.am62x.r5f.ti-arm-clang.debug.lib : ClockP_nortos.obj (.text.ClockP_construct)
                  43c14864    00000074     rm_pm_hal_sbl.am62x.r5f.ti-arm-clang.debug.lib : clk_dev.obj (.text.clk_from_device_get_state)
                  43c148d8    00000074                                                    : clk.obj (.text.clk_get)
                  43c1494c    00000074                                                    : device_process.obj (.text.set_device_resets_handler)
                  43c149c0    00000072     drivers.am62x.r5f.ti-arm-clang.debug.lib : bootloader_soc.obj (.text.Bootloader_socCpuPowerOnResetA53)
                  43c14a32    0000000e     --HOLE-- [fill = 0]
                  43c14a40    00000070                                              : bootloader.obj (.text.Bootloader_getX509CertLen)
                  43c14ab0    00000070                                              : mmcsd_v1.obj (.text.MMCSD_halSetUHSMode)
                  43c14b20    00000070                                              : pinmux.obj (.text.Pinmux_config)
                  43c14b90    00000070     sciclient_direct_sbl.am62x.r5f.ti-arm-clang.debug.lib : sciclient.obj (.text.Sciclient_configPrmsInit)
                  43c14c00    00000070     drivers.am62x.r5f.ti-arm-clang.debug.lib : uart_dma.obj (.text.UART_dmaOpen)
                  43c14c70    00000070     rm_pm_hal_sbl.am62x.r5f.ti-arm-clang.debug.lib : clock.obj (.text.get_freq_handler)
                  43c14ce0    0000006e     drivers.am62x.r5f.ti-arm-clang.debug.lib : bootloader.obj (.text.Bootloader_rprcImageParseEntryPoint)
                  43c14d4e    00000002     --HOLE-- [fill = 0]
                  43c14d50    0000006e                                              : lpddr4_am6x.obj (.text.LPDDR4_EnablePIInitiator)
                  43c14dbe    0000006e     rm_pm_hal_sbl.am62x.r5f.ti-arm-clang.debug.lib : rm_core.obj (.text.core_resasg_get_range)
                  43c14e2c    00000004     --HOLE-- [fill = 0]
                  43c14e30    0000006c     drivers.am62x.r5f.ti-arm-clang.debug.lib : bootloader.obj (.text.Bootloader_open)
                  43c14e9c    00000004     --HOLE-- [fill = 0]
                  43c14ea0    0000006c                                              : bootloader_soc.obj (.text.Bootloader_socCpuRelease)
                  43c14f0c    00000004     --HOLE-- [fill = 0]
                  43c14f10    0000006c     ti_drivers_open_close.obj (.text.Drivers_uartClose)
                  43c14f7c    0000006c     libc.a : atoi.c.obj (.text.atoi)
                  43c14fe8    0000006c     rm_pm_hal_sbl.am62x.r5f.ti-arm-clang.debug.lib : device_clk.obj (.text.device_clk_init)
                  43c15054    0000006c                                                    : device_clk.obj (.text.get_dev_clk)
                  43c150c0    0000006c                                                    : psc.obj (.text.lpsc_module_set_reset_iso)
                  43c1512c    00000004     --HOLE-- [fill = 0]
                  43c15130    0000006a     drivers.am62x.r5f.ti-arm-clang.debug.lib : bootloader_soc.obj (.text.Bootloader_socCpuRequest)
                  43c1519a    00000006     --HOLE-- [fill = 0]
                  43c151a0    0000006a                                              : bootloader_soc.obj (.text.Bootloader_socRprcToCslCoreId)
                  43c1520a    00000006     --HOLE-- [fill = 0]
                  43c15210    0000006a                                              : lpddr4.obj (.text.LPDDR4_PollCtlIrq)
                  43c1527a    00000006     --HOLE-- [fill = 0]
                  43c15280    0000006a                                              : lpddr4.obj (.text.LPDDR4_PollPhyIndepIrq)
                  43c152ea    00000006     --HOLE-- [fill = 0]
                  43c152f0    0000006a                                              : lpddr4.obj (.text.LPDDR4_WriteCtlConfig)
                  43c1535a    00000006     --HOLE-- [fill = 0]
                  43c15360    0000006a                                              : lpddr4.obj (.text.LPDDR4_WritePhyConfig)
                  43c153ca    00000006     --HOLE-- [fill = 0]
                  43c153d0    0000006a                                              : lpddr4.obj (.text.LPDDR4_WritePhyIndepConfig)
                  43c1543a    0000006a     rm_pm_hal_sbl.am62x.r5f.ti-arm-clang.debug.lib : rm_ia.obj (.text.ia_unmap_clear_rom_mapping)
                  43c154a4    0000000c     --HOLE-- [fill = 0]
                  43c154b0    00000068     drivers.am62x.r5f.ti-arm-clang.debug.lib : ddr.obj (.text.DDR_probe)
                  43c15518    00000008     --HOLE-- [fill = 0]
                  43c15520    00000068                                              : uart_v0.obj (.text.UART_divisorValCompute)
                  43c15588    00000068     rm_pm_hal_sbl.am62x.r5f.ti-arm-clang.debug.lib : clk_mux.obj (.text.clk_mux_get_parent)
                  43c155f0    00000068                                                    : rm_core.obj (.text.rm_core_validate_devgrp)
                  43c15658    00000068                                                    : rm_ir.obj (.text.rm_ir_get_outp)
                  43c156c0    00000066     drivers.am62x.r5f.ti-arm-clang.debug.lib : bootloader_soc.obj (.text.Bootloader_socInitR5FAtcmBtcm)
                  43c15726    0000000a     --HOLE-- [fill = 0]
                  43c15730    00000064                                              : mmcsd_v1.obj (.text.MMCSD_getXferSpeedFromModeEmmc)
                  43c15794    00000064     sciclient_direct_sbl.am62x.r5f.ti-arm-clang.debug.lib : sciclient.obj (.text.Sciclient_getCurrentContext)
                  43c157f8    00000064                                                           : sciclient_procboot.obj (.text.Sciclient_procBootSetSequenceCtrl)
                  43c1585c    00000064     rm_pm_hal_sbl.am62x.r5f.ti-arm-clang.debug.lib : clk_div.obj (.text.clk_div_reg_get_div)
                  43c158c0    00000064                                                    : clk_pll_16fft.obj (.text.clk_pll_16fft_get_state)
                  43c15924    00000064                                                    : psc.obj (.text.lpsc_module_clk_put)
                  43c15988    00000064                                                    : resource.obj (.text.resource_get)
                  43c159ec    00000064                                                    : rm_core.obj (.text.rm_core_resasg_get_utype_index)
                  43c15a50    00000062     drivers.am62x.r5f.ti-arm-clang.debug.lib : bootloader.obj (.text.Bootloader_BootImageInfo_init)
                  43c15ab2    00000062     sciclient_direct_sbl.am62x.r5f.ti-arm-clang.debug.lib : sciclient.obj (.text.Sciclient_setDebugConfig)
                  43c15b14    0000000c     --HOLE-- [fill = 0]
                  43c15b20    00000062     drivers.am62x.r5f.ti-arm-clang.debug.lib : bootloader_dma.obj (.text.Udma_isDmaRestrictedRegion)
                  43c15b82    0000000e     --HOLE-- [fill = 0]
                  43c15b90    00000060                                              : ddr.obj (.text.DDR_utilLog2)
                  43c15bf0    00000060     sciclient_direct_sbl.am62x.r5f.ti-arm-clang.debug.lib : sciclient_direct_wrapper.obj (.text.Sciclient_direct_init)
                  43c15c50    00000060                                                           : sciclient_pm.obj (.text.Sciclient_pmSetModuleState)
                  43c15cb0    00000060     drivers.am62x.r5f.ti-arm-clang.debug.lib : uart_v0.obj (.text.UART_getChar)
                  43c15d10    00000060     rm_pm_hal_sbl.am62x.r5f.ti-arm-clang.debug.lib : clk.obj (.text.clk_notify_freq)
                  43c15d70    00000060                                                    : clk_pll_16fft.obj (.text.clk_pll_16fft_cal_option3)
                  43c15dd0    00000060                                                    : device_psc.obj (.text.soc_device_get_state)
                  43c15e30    0000005e     drivers.am62x.r5f.ti-arm-clang.debug.lib : lpddr4.obj (.text.LPDDR4_PollAndAckIrq)
                  43c15e8e    0000005e     sciclient_direct_sbl.am62x.r5f.ti-arm-clang.debug.lib : sciclient_procboot.obj (.text.Sciclient_procBootAuthAndStart)
                  43c15eec    00000004     --HOLE-- [fill = 0]
                  43c15ef0    0000005e     nortos.am62x.r5f.ti-arm-clang.debug.lib : SemaphoreP_nortos.obj (.text.SemaphoreP_post)
                  43c15f4e    00000002     --HOLE-- [fill = 0]
                  43c15f50    0000005e     drivers.am62x.r5f.ti-arm-clang.debug.lib : uart_v0.obj (.text.UART_writeData)
                  43c15fae    00000002     --HOLE-- [fill = 0]
                  43c15fb0    0000005c                                              : lpddr4.obj (.text.LPDDR4_CheckPhyIndepInterrupt)
                  43c1600c    00000004     --HOLE-- [fill = 0]
                  43c16010    0000005c                                              : lpddr4.obj (.text.LPDDR4_SanityFunction4)
                  43c1606c    00000004     --HOLE-- [fill = 0]
                  43c16070    0000005c     ti_power_clock_config.obj (.text.Module_clockSetFrequency)
                  43c160cc    0000005c     sciclient_direct_sbl.am62x.r5f.ti-arm-clang.debug.lib : sciclient_procboot.obj (.text.Sciclient_procBootReleaseProcessor)
                  43c16128    0000005c     rm_pm_hal_sbl.am62x.r5f.ti-arm-clang.debug.lib : clk_div.obj (.text.clk_div_reg_go_get_div)
                  43c16184    0000005c                                                    : clk_pllctrl.obj (.text.clk_pllctrl_mux_get_parent)
                  43c161e0    0000005c                                                    : device_clk.obj (.text.device_clk_get_hw_ready)
                  43c1623c    0000005c                                                    : device_pm.obj (.text.device_set_state)
                  43c16298    0000005c                                                    : rm_ra.obj (.text.ra_check_monitor_index_range)
                  43c162f4    0000005c                                                    : device_psc.obj (.text.soc_device_disable)
                  43c16350    0000005a     drivers.am62x.r5f.ti-arm-clang.debug.lib : mmcsd_v1.obj (.text.MMCSD_halIsClockStable)
                  43c163aa    00000006     --HOLE-- [fill = 0]
                  43c163b0    0000005a                                              : uart_v0.obj (.text.UART_regConfigModeEnable)
                  43c1640a    00000006     --HOLE-- [fill = 0]
                  43c16410    00000058                                              : bootloader_mem.obj (.text.Mem_imgRead)
                  43c16468    00000058     sciclient_direct_sbl.am62x.r5f.ti-arm-clang.debug.lib : sciclient_procboot.obj (.text.Sciclient_procBootGetProcessorState)
                  43c164c0    00000058     libc.a : snprintf.c.obj (.text._outs)
                  43c16518    00000058     rm_pm_hal_sbl.am62x.r5f.ti-arm-clang.debug.lib : device_clk.obj (.text.device_clk_set_freq_change)
                  43c16570    00000058                                                    : device_clk.obj (.text.device_clk_set_ssc)
                  43c165c8    00000058                                                    : rm_irq.obj (.text.irq_validate_global_event)
                  43c16620    00000058                                                    : itoa.obj (.text.lib_itoa)
                  43c16678    00000058                                                    : mmr_lock.obj (.text.mmr_unlock_all)
                  43c166d0    00000058                                                    : pll.obj (.text.pll_init)
                  43c16728    00000058                                                    : rm_udmap.obj (.text.udmap_get_inst)
                  43c16780    00000058     libc.a : autoinit.c.obj (.text:__TI_auto_init_nobinit_nopinit)
                  43c167d8    00000008     --HOLE-- [fill = 0]
                  43c167e0    00000056     main.obj (.text.App_loadImages)
                  43c16836    0000000a     --HOLE-- [fill = 0]
                  43c16840    00000056     drivers.am62x.r5f.ti-arm-clang.debug.lib : mmcsd_v1.obj (.text.CSL_REG64_FEXT_RAW)
                  43c16896    0000000a     --HOLE-- [fill = 0]
                  43c168a0    00000056     nortos.am62x.r5f.ti-arm-clang.debug.lib : SemaphoreP_nortos.obj (.text.SemaphoreP_construct)
                  43c168f6    0000000a     --HOLE-- [fill = 0]
                  43c16900    00000054     drivers.am62x.r5f.ti-arm-clang.debug.lib : mmcsd_v1.obj (.text.MMCSD_halEnableInternalClock)
                  43c16954    00000054     sciclient_direct_sbl.am62x.r5f.ti-arm-clang.debug.lib : sciclient_pm.obj (.text.Sciclient_pmSetModuleRst)
                  43c169a8    00000054                                                           : sciclient_procboot.obj (.text.Sciclient_procBootRequestProcessor)
                  43c169fc    00000004     --HOLE-- [fill = 0]
                  43c16a00    00000054     drivers.am62x.r5f.ti-arm-clang.debug.lib : uart_dma.obj (.text.UART_writeInterruptDma)
                  43c16a54    00000054     rm_pm_hal_sbl.am62x.r5f.ti-arm-clang.debug.lib : clk_div.obj (.text.clk_div_init)
                  43c16aa8    00000054                                                    : psc.obj (.text.lpsc_module_get_local_reset)
                  43c16afc    00000054                                                    : rm_irq.obj (.text.rm_irq_oes_src_register)
                  43c16b50    00000054                                                    : device_psc.obj (.text.soc_device_enable)
                  43c16ba4    0000000c     --HOLE-- [fill = 0]
                  43c16bb0    00000052     drivers.am62x.r5f.ti-arm-clang.debug.lib : lpddr4.obj (.text.LPDDR4_AckPhyIndepInterrupt)
                  43c16c02    0000000e     --HOLE-- [fill = 0]
                  43c16c10    00000052                                              : soc.obj (.text.SOC_controlModuleLockMMR)
                  43c16c62    0000000e     --HOLE-- [fill = 0]
                  43c16c70    00000052                                              : uart_v0.obj (.text.UART_getHandle)
                  43c16cc2    00000052     rm_pm_hal_sbl.am62x.r5f.ti-arm-clang.debug.lib : rm_ra.obj (.text.ra_clear_rom_oes)
                  43c16d14    0000000c     --HOLE-- [fill = 0]
                  43c16d20    00000050     drivers.am62x.r5f.ti-arm-clang.debug.lib : ddr_soc.obj (.text.DDR_unlockPLLMMR)
                  43c16d70    00000050     ti_drivers_open_close.obj (.text.Drivers_mmcsdClose)
                  43c16dc0    00000050     sciclient_direct_sbl.am62x.r5f.ti-arm-clang.debug.lib : sciclient.obj (.text.Sciclient_abiCheck)
                  43c16e10    00000050     drivers.am62x.r5f.ti-arm-clang.debug.lib : uart_v0.obj (.text.UART_checkCharsAvailInFifo)
                  43c16e60    00000050     rm_pm_hal_sbl.am62x.r5f.ti-arm-clang.debug.lib : clk_pll_16fft.obj (.text.clk_pll_16fft_postdiv_get_div)
                  43c16eb0    00000050                                                    : device_psc.obj (.text.soc_device_get_context_loss_count)
                  43c16f00    00000050                                                    : device_psc.obj (.text.soc_device_set_resets)
                  43c16f50    0000004e     main.obj (.text.App_loadSelfcoreImage)
                  43c16f9e    00000002     --HOLE-- [fill = 0]
                  43c16fa0    0000004e     drivers.am62x.r5f.ti-arm-clang.debug.lib : bootloader_soc.obj (.text.Bootloader_socCpuPowerOnReset)
                  43c16fee    00000002     --HOLE-- [fill = 0]
                  43c16ff0    0000004e                                              : mmcsd_v1.obj (.text.CSL_REG16_FINS_RAW)
                  43c1703e    00000002     --HOLE-- [fill = 0]
                  43c17040    0000004e                                              : mmcsd_v1.obj (.text.CSL_REG8_FINS_RAW)
                  43c1708e    00000002     --HOLE-- [fill = 0]
                  43c17090    0000004e                                              : mmcsd_v1.obj (.text.MMCSD_getHandle)
                  43c170de    0000004e     rm_pm_hal_sbl.am62x.r5f.ti-arm-clang.debug.lib : device_psc.obj (.text.soc_device_verify_mapping)
                  43c1712c    00000004     --HOLE-- [fill = 0]
                  43c17130    0000004c     drivers.am62x.r5f.ti-arm-clang.debug.lib : lpddr4.obj (.text.LPDDR4_SanityFunction5)
                  43c1717c    00000004     --HOLE-- [fill = 0]
                  43c17180    0000004c                                              : mmcsd_priv.obj (.text.MMCSD_parseSCRSd)
                  43c171cc    00000004     --HOLE-- [fill = 0]
                  43c171d0    0000004c     ti_power_clock_config.obj (.text.Module_clockDisable)
                  43c1721c    00000004     --HOLE-- [fill = 0]
                  43c17220    0000004c     ti_power_clock_config.obj (.text.Module_clockEnable)
                  43c1726c    0000004c     sciclient_direct_sbl.am62x.r5f.ti-arm-clang.debug.lib : sciclient.obj (.text.Sciclient_deinit)
                  43c172b8    0000004c                                                           : sciclient_boardcfg.obj (.text.Sciclient_getDefaultBoardCfgInfo)
                  43c17304    0000004c                                                           : sciclient_procboot.obj (.text.Sciclient_procBootSetProcessorCfg)
                  43c17350    0000004c     drivers.am62x.r5f.ti-arm-clang.debug.lib : uart_v0.obj (.text.UART_fifoRegisterWrite)
                  43c1739c    0000004c     rm_pm_hal_sbl.am62x.r5f.ti-arm-clang.debug.lib : dmsc.obj (.text.am62x_sys_reset_handler)
                  43c173e8    0000004c                                                    : psc.obj (.text.lpsc_module_get_reset_iso)
                  43c17434    0000004c                                                    : rm_ra.obj (.text.ra_get_inst)
                  43c17480    0000004c                                                    : device_psc.obj (.text.soc_device_get_resets)
                  43c174cc    0000004c                                                    : device_psc.obj (.text.soc_device_ret_disable)
                  43c17518    0000004c                                                    : device_psc.obj (.text.soc_device_ret_enable)
                  43c17564    0000000c     --HOLE-- [fill = 0]
                  43c17570    0000004a     drivers.am62x.r5f.ti-arm-clang.debug.lib : bootloader_profile.obj (.text.Bootloader_profileAddProfilePoint)
                  43c175ba    00000006     --HOLE-- [fill = 0]
                  43c175c0    0000004a                                              : uart_v0.obj (.text.UART_getIntrIdentityStatus)
                  43c1760a    00000006     --HOLE-- [fill = 0]
                  43c17610    0000004a                                              : uart_v0.obj (.text.UART_lineCharConfig)
                  43c1765a    00000006     --HOLE-- [fill = 0]
                  43c17660    00000048                                              : ddr_soc.obj (.text.DDR_readMMR)
                  43c176a8    00000008     --HOLE-- [fill = 0]
                  43c176b0    00000048                                              : ddr.obj (.text.DDR_setFreq)
                  43c176f8    00000008     --HOLE-- [fill = 0]
                  43c17700    00000048                                              : lpddr4.obj (.text.LPDDR4_Init)
                  43c17748    00000008     --HOLE-- [fill = 0]
                  43c17750    00000048                                              : mmcsd_v1.obj (.text.MMCSD_halSetBusVolt)
                  43c17798    00000048     rm_pm_hal_sbl.am62x.r5f.ti-arm-clang.debug.lib : clk_pll_16fft.obj (.text.clk_pll_16fft_bypass)
                  43c177e0    00000048                                                    : clk.obj (.text.clk_put)
                  43c17828    00000048                                                    : device_clk.obj (.text.get_dev_clk_data)
                  43c17870    00000048     libc.a : memccpy.c.obj (.text.memccpy)
                  43c178b8    00000008     --HOLE-- [fill = 0]
                  43c178c0    00000046     nortos.am62x.r5f.ti-arm-clang.debug.lib : DebugP_uartLogWriter.obj (.text.DebugP_uartLogWriterPutChar)
                  43c17906    0000000a     --HOLE-- [fill = 0]
                  43c17910    00000046     ti_dpl_config.obj (.text.Dpl_init)
                  43c17956    0000000a     --HOLE-- [fill = 0]
                  43c17960    00000046     drivers.am62x.r5f.ti-arm-clang.debug.lib : uart_v0.obj (.text.UART_i2310WA)
                  43c179a6    0000000a     --HOLE-- [fill = 0]
                  43c179b0    00000046                                              : uart_v0.obj (.text.UART_readLineStatus)
                  43c179f6    00000046     rm_pm_hal_sbl.am62x.r5f.ti-arm-clang.debug.lib : rm_irq.obj (.text.irq_cfg_is_ia_cfg)
                  43c17a3c    00000046                                                    : rm_irq.obj (.text.irq_cfg_is_ir_cfg)
                  43c17a82    00000046                                                    : rm_irq.obj (.text.irq_cfg_is_oes_only)
                  43c17ac8    00000044     sciclient_direct_sbl.am62x.r5f.ti-arm-clang.debug.lib : sciclient_direct_wrapper.obj (.text.Sciclient_waitForBootNotification)
                  43c17b0c    00000004     --HOLE-- [fill = 0]
                  43c17b10    00000044     nortos.am62x.r5f.ti-arm-clang.debug.lib : DebugP_nortos.obj (.text._DebugP_logZone)
                  43c17b54    0000000c     --HOLE-- [fill = 0]
                  43c17b60    00000044                                             : printf.obj (.text._strnlen_s)
                  43c17ba4    00000044     rm_pm_hal_sbl.am62x.r5f.ti-arm-clang.debug.lib : clk.obj (.text.clk_get_state)
                  43c17be8    00000044                                                    : device_clk.obj (.text.device_clk_enable)
                  43c17c2c    00000004     --HOLE-- [fill = 0]
                  43c17c30    00000042     nortos.am62x.r5f.ti-arm-clang.debug.lib : ClockP_nortos.obj (.text.ClockP_start)
                  43c17c72    0000000e     --HOLE-- [fill = 0]
                  43c17c80    00000042     ti_drivers_config.obj (.text.System_init)
                  43c17cc2    0000000e     --HOLE-- [fill = 0]
                  43c17cd0    00000042     drivers.am62x.r5f.ti-arm-clang.debug.lib : uart_v0.obj (.text.UART_checkOpenParams)
                  43c17d12    00000042     rm_pm_hal_sbl.am62x.r5f.ti-arm-clang.debug.lib : device_clk.obj (.text.device_clk_disable)
                  43c17d54    0000000c     --HOLE-- [fill = 0]
                  43c17d60    00000040     drivers.am62x.r5f.ti-arm-clang.debug.lib : ddr_soc.obj (.text.DDR_writeMMR)
                  43c17da0    00000040     rm_pm_hal_sbl.am62x.r5f.ti-arm-clang.debug.lib : clk_mux.obj (.text.clk_get_parent)
                  43c17de0    00000040     libc.a : memcmp.c.obj (.text.memcmp)
                  43c17e20    00000040     rm_pm_hal_sbl.am62x.r5f.ti-arm-clang.debug.lib : psc.obj (.text.psc_lookup_lpsc)
                  43c17e60    00000040                                                    : rm_ia.obj (.text.rm_ia_is_managed_resasg_utype)
                  43c17ea0    00000040                                                    : device_psc.obj (.text.soc_device_set_reset_iso)
                  43c17ee0    00000040                                                    : trace.obj (.text.trace_debug_internal)
                  43c17f20    0000003e     drivers.am62x.r5f.ti-arm-clang.debug.lib : bootloader_soc.obj (.text.Bootloader_socMemInitCpu)
                  43c17f5e    00000002     --HOLE-- [fill = 0]
                  43c17f60    0000003e                                              : ddr.obj (.text.DDR_isEnabled)
                  43c17f9e    00000002     --HOLE-- [fill = 0]
                  43c17fa0    0000003e                                              : mmcsd_v1.obj (.text.MMCSD_halErrorIntrStatusEnable)
                  43c17fde    00000002     --HOLE-- [fill = 0]
                  43c17fe0    0000003e                                              : mmcsd_v1.obj (.text.MMCSD_halErrorSigIntrDisable)
                  43c1801e    00000002     --HOLE-- [fill = 0]
                  43c18020    0000003e                                              : mmcsd_v1.obj (.text.MMCSD_halErrorSigIntrEnable)
                  43c1805e    00000002     --HOLE-- [fill = 0]
                  43c18060    0000003e                                              : mmcsd_v1.obj (.text.MMCSD_halNormalIntrStatusDisable)
                  43c1809e    00000002     --HOLE-- [fill = 0]
                  43c180a0    0000003e                                              : mmcsd_v1.obj (.text.MMCSD_halNormalIntrStatusEnable)
                  43c180de    00000002     --HOLE-- [fill = 0]
                  43c180e0    0000003e                                              : mmcsd_v1.obj (.text.MMCSD_halNormalSigIntrDisable)
                  43c1811e    00000002     --HOLE-- [fill = 0]
                  43c18120    0000003e                                              : mmcsd_v1.obj (.text.MMCSD_halNormalSigIntrEnable)
                  43c1815e    00000002     --HOLE-- [fill = 0]
                  43c18160    0000003e                                              : uart_v0.obj (.text.UART_spaceAvail)
                  43c1819e    0000003e     rm_pm_hal_sbl.am62x.r5f.ti-arm-clang.debug.lib : clk_pll_16fft.obj (.text.clk_pll_16fft_disable_pll)
                  43c181dc    0000003e                                                    : clk_pll_16fft.obj (.text.clk_pll_16fft_enable_pll)
                  43c1821a    0000003e                                                    : device_clk.obj (.text.device_clk_get_num_parents)
                  43c18258    0000003e                                                    : device_psc.obj (.text.soc_device_ret_enable_internal)
                  43c18296    0000003e                                                    : rm_udmap.obj (.text.udmap_validate_chan_type)
                  43c182d4    0000000c     --HOLE-- [fill = 0]
                  43c182e0    0000003c     drivers.am62x.r5f.ti-arm-clang.debug.lib : bootloader_soc.obj (.text.Bootloader_socGetR5fBtcmAddrAndSize)
                  43c1831c    00000004     --HOLE-- [fill = 0]
                  43c18320    0000003c                                              : bootloader_soc.obj (.text.Bootloader_socIsAuthRequired)
                  43c1835c    00000004     --HOLE-- [fill = 0]
                  43c18360    0000003c                                              : bootloader_soc.obj (.text.Bootloader_socIsMCUResetIsoEnabled)
                  43c1839c    00000004     --HOLE-- [fill = 0]
                  43c183a0    0000003c                                              : uart_v0.obj (.text.UART_enhanFuncEnable)
                  43c183dc    00000004     --HOLE-- [fill = 0]
                  43c183e0    0000003c                                              : uart_v0.obj (.text.UART_resetModule)
                  43c1841c    00000004     --HOLE-- [fill = 0]
                  43c18420    0000003c                                              : uart_v0.obj (.text.UART_writeDataPolling)
                  43c1845c    0000003c     rm_pm_hal_sbl.am62x.r5f.ti-arm-clang.debug.lib : clk_pll_16fft.obj (.text.clk_pll_16fft_disable_cal)
                  43c18498    0000003c                                                    : device_pm.obj (.text.device_disable)
                  43c184d4    0000003c                                                    : device_pm.obj (.text.device_enable)
                  43c18510    0000003c                                                    : rm_ir.obj (.text.ir_get_inst)
                  43c1854c    0000003c                                                    : psc.obj (.text.lpsc_module_clk_get)
                  43c18588    0000003c                                                    : mmr_lock.obj (.text.mmr_unlock)
                  43c185c4    0000003c                                                    : device_psc.obj (.text.soc_device_get_reset_iso)
                  43c18600    0000003c                                                    : device_psc.obj (.text.soc_device_ret_disable_internal)
                  43c1863c    00000004     --HOLE-- [fill = 0]
                  43c18640    0000003a     drivers.am62x.r5f.ti-arm-clang.debug.lib : lpddr4.obj (.text.LPDDR4_SanityFunction2)
                  43c1867a    00000006     --HOLE-- [fill = 0]
                  43c18680    0000003a     nortos.am62x.r5f.ti-arm-clang.debug.lib : printf.obj (.text._atoi)
                  43c186ba    0000003a     rm_pm_hal_sbl.am62x.r5f.ti-arm-clang.debug.lib : boardcfg-user.obj (.text.boardcfg_pm_receive_and_validate)
                  43c186f4    0000000c     --HOLE-- [fill = 0]
                  43c18700    00000038     drivers.am62x.r5f.ti-arm-clang.debug.lib : bootloader_soc.obj (.text.Bootloader_socGetR5fAtcmAddrAndSize)
                  43c18738    00000008     --HOLE-- [fill = 0]
                  43c18740    00000038                                              : ddr.obj (.text.CSL_REG32_FINS_RAW)
                  43c18778    00000008     --HOLE-- [fill = 0]
                  43c18780    00000038                                              : mmcsd_v1.obj (.text.CSL_REG32_FINS_RAW)
                  43c187b8    00000008     --HOLE-- [fill = 0]
                  43c187c0    00000038                                              : soc.obj (.text.SOC_getCoreName)
                  43c187f8    00000038     rm_pm_hal_sbl.am62x.r5f.ti-arm-clang.debug.lib : clk.obj (.text.clk_drop_pwr_up_en)
                  43c18830    00000038                                                    : clk.obj (.text.clk_value_set_freq)
                  43c18868    00000038                                                    : device_clk.obj (.text.device_clk_get_freq)
                  43c188a0    00000038                                                    : rm_ir.obj (.text.rm_ir_init)
                  43c188d8    00000038                                                    : rm_irq.obj (.text.rm_irq_is_managed_resasg_utype)
                  43c18910    00000036     drivers.am62x.r5f.ti-arm-clang.debug.lib : bootloader_mem.obj (.text.Mem_imgOpen)
                  43c18946    0000000a     --HOLE-- [fill = 0]
                  43c18950    00000036                                              : uart_v0.obj (.text.UART_checkTransaction)
                  43c18986    0000000a     --HOLE-- [fill = 0]
                  43c18990    00000034                                              : bootloader.obj (.text.Bootloader_close)
                  43c189c4    0000000c     --HOLE-- [fill = 0]
                  43c189d0    00000034                                              : bootloader_soc.obj (.text.Bootloader_socGetSciclientCpuClkId)
                  43c18a04    0000000c     --HOLE-- [fill = 0]
                  43c18a10    00000034                                              : bootloader_soc.obj (.text.Bootloader_socGetSciclientCpuDevId)
                  43c18a44    0000000c     --HOLE-- [fill = 0]
                  43c18a50    00000034                                              : gtc_soc.obj (.text.GTC_setFID)
                  43c18a84    0000000c     --HOLE-- [fill = 0]
                  43c18a90    00000034                                              : lpddr4.obj (.text.LPDDR4_SanityFunction1)
                  43c18ac4    0000000c     --HOLE-- [fill = 0]
                  43c18ad0    00000034     nortos.am62x.r5f.ti-arm-clang.debug.lib : TimerP.obj (.text.TimerP_Params_init)
                  43c18b04    00000034     sciclient_direct_sbl.am62x.r5f.ti-arm-clang.debug.lib : uart_print.obj (.text.UART_dataWrite)
                  43c18b38    00000034     rm_pm_hal_sbl.am62x.r5f.ti-arm-clang.debug.lib : clk.obj (.text.clk_set_state)
                  43c18b6c    00000034                                                    : device.obj (.text.devices_init_rw)
[...]
43c166d1  pll_init                             
43c16780  __TI_auto_init_nobinit_nopinit       
43c167e1  App_loadImages                       
43c168a1  SemaphoreP_construct                 
43c16955  Sciclient_pmSetModuleRst             
43c169a9  Sciclient_procBootRequestProcessor   
43c16a01  UART_writeInterruptDma               
43c16a55  clk_div_init                         
43c16aa9  lpsc_module_get_local_reset          
43c16afd  rm_irq_oes_src_register              
43c16b51  soc_device_enable                    
43c16bb1  LPDDR4_AckPhyIndepInterrupt          
43c16c11  SOC_controlModuleLockMMR             
43c16c71  UART_getHandle                       
43c16d21  DDR_unlockPLLMMR                     
43c16d71  Drivers_mmcsdClose                   
43c16dc1  Sciclient_abiCheck                   
43c16eb1  soc_device_get_context_loss_count    
43c16f01  soc_device_set_resets                
43c16f51  App_loadSelfcoreImage                
43c16fa1  Bootloader_socCpuPowerOnReset        
43c17091  MMCSD_getHandle                      
43c17181  MMCSD_parseSCRSd                     
43c171d1  Module_clockDisable                  
43c17221  Module_clockEnable                   
43c1726d  Sciclient_deinit                     
43c172b9  Sciclient_getDefaultBoardCfgInfo     
43c17305  Sciclient_procBootSetProcessorCfg    
43c173e9  lpsc_module_get_reset_iso            
43c17481  soc_device_get_resets                
43c174cd  soc_device_ret_disable               
43c17519  soc_device_ret_enable                
43c17571  Bootloader_profileAddProfilePoint    
43c17661  DDR_readMMR                          
43c17701  LPDDR4_Init                          
43c177e1  clk_put                              
43c17829  get_dev_clk_data                     
43c17870  memccpy                              
43c178c1  DebugP_uartLogWriterPutChar          
43c17911  Dpl_init                             
43c17ac9  Sciclient_waitForBootNotification    
43c17b11  _DebugP_logZone                      
43c17ba5  clk_get_state                        
43c17be9  device_clk_enable                    
43c17c31  ClockP_start                         
43c17c81  System_init                          
43c17d13  device_clk_disable                   
43c17d61  DDR_writeMMR                         
43c17da1  clk_get_parent                       
43c17de0  memcmp                               
43c17e21  psc_lookup_lpsc                      
43c17e61  rm_ia_is_managed_resasg_utype        
43c17ea1  soc_device_set_reset_iso             
43c17f21  Bootloader_socMemInitCpu             
43c1821b  device_clk_get_num_parents           
43c182e1  Bootloader_socGetR5fBtcmAddrAndSize  
43c18321  Bootloader_socIsAuthRequired         
43c18361  Bootloader_socIsMCUResetIsoEnabled   
43c18499  device_disable                       
43c184d5  device_enable                        
43c18589  mmr_unlock                           
43c185c5  soc_device_get_reset_iso             
43c186bb  boardcfg_pm_receive_and_validate     
43c18701  Bootloader_socGetR5fAtcmAddrAndSize  
43c187c1  SOC_getCoreName                      
43c187f9  clk_drop_pwr_up_en                   
43c18831  clk_value_set_freq                   
43c18869  device_clk_get_freq                  
43c188a1  rm_ir_init                           
43c188d9  rm_irq_is_managed_resasg_utype       
43c18991  Bootloader_close                     
43c189d1  Bootloader_socGetSciclientCpuClkId   
43c18a11  Bootloader_socGetSciclientCpuDevId   
43c18a51  GTC_setFID                           
43c18ad1  TimerP_Params_init                   
43c18b39  clk_set_state                        
43c18b6d  devices_init_rw                      
43c18ba1  psc_lookup                           
43c18bd5  psc_lookup_pd                        
43c18c09  rm_init                              
43c18c41  Bootloader_socGetSciclientCpuProcId  
43c18cc1  MMCSD_getBlockSize                   
43c18d73  device_set_retention                 
43c18de1  Bootloader_profileReset              
43c18e71  CSL_emifConfig                       
43c18ea1  LPDDR4_Start                         
43c18f61  clk_get_freq                         
43c18f91  clk_get_parent_freq                  
43c18fc1  trace_debug_uart                     
43c18ff1  App_runCpus                          
43c19021  Bootloader_socCpuGetClkDefault       
43c19051  Bootloader_socGetCoreName            
43c19081  MMCSD_deinit                         
43c190e1  System_deinit                        
43c19111  UART_deinit                          
43c191a1  Bootloader_socInitHSMM4fIram         
43c19231  CSL_emifClearECCInterruptStatus      
43c19261  CSL_emifEnableECCInterrupts          
43c192c1  DDR_ResetDDR_PLL                     
43c192f1  DebugP_logZoneEnable                 
43c1931d  Sciclient_flush                      
43c19351  SemaphoreP_constructBinary           
43c19381  TimerP_clearOverflowInt              
43c193dd  boardcfg_memcpy_rm                   
43c19409  clk_get_div                          
43c19595  lpsc_module_get_state                
43c195c1  query_fw_caps_handler                
43c195f1  Bootloader_socInitM4fIram            
43c19761  Bootloader_CpuInfo_init              
43c197c1  ClockP_deinit                        
43c19878  __aeabi_llsl                         
43c19878  __ashldi3                            
43c198a0  __aeabi_llsr                         
43c198a0  __lshrdi3                            
43c198c9  clk_value_get_freq                   
43c198f1  lpsc_module_idx                      
43c19941  rm_ia_validate_vint                  
43c19969  rm_ir_is_managed_resasg_utype        
43c19991  rm_ir_validate_output                
43c19a11  vprintf_                             
43c19a41  Bootloader_socIsSmpEnable            
43c19a71  GTC_enable                           
43c19aa1  LPDDR4_Probe                         
43c19bf1  SOC_getSelfCpuClk                    
43c19c21  SOC_moduleGetClockFrequency          
43c19c45  Sciclient_waitThread                 
43c19c71  SemaphoreP_constructMutex            
43c19c94  __aeabi_uldivmod                     
43c19cf1  _system_pre_init                     
43c19d15  boardcfg_get_rm_devgrp               
43c19d81  device_prepare_exclusive             
43c19da5  device_suspend                       
43c19dc9  dmsc_init                            
43c19ded  psc_pd_idx                           
43c19e11  rm_ia_vint_get_info                  
43c19e35  rm_irq_init                          
43c19ea1  Bootloader_JumpSelfCpu               
43c19ed1  Bootloader_profileAddCore            
43c19f01  Bootloader_socAuthImage              
43c19f31  GTC_init                             
43c19f91  MMCSD_getInputClk                    
43c19fe3  clk_ssc_allow                        
43c1a005  device_clk_set_input_term            
43c1a049  osal_delay                           
43c1a0b1  Bootloader_getMulticoreImageSize     
43c1a0d1  ClockP_isActive                      
43c1a111  Pinmux_init                          
43c1a131  Sciclient_query_fw_caps_handler      
43c1a171  clk_ssc_block                        
43c1a1f0  wcslen                               
43c1a211  Bootloader_profileUpdateMediaAndClk  
43c1a231  ClockP_Params_init                   
43c1a2cf  device_resource_mem                  
43c1a30b  sys_reset_handler                    
43c1a329  u32map_get                           
43c1a351  Bootloader_socCpuSetEntryPoint       
43c1a371  CSL_secProxyGetDataAddr              
43c1a38d  Sciclient_readThread32               
43c1a3c5  notifier_call                        
43c1a3fd  sleep_modes_register                 
43c1a434  TI_memcpy_small                      
43c1a471  LPDDR4_AddOffset                     
43c1a4d1  Pinmux_lockMMR                       
43c1a531  ClockP_ticksToUsec                   
43c1a571  SemaphoreP_Params_init               
43c1a591  TimerP_start                         
43c1a5b1  TimerP_stop                          
43c1a649  boardcfg_get_rm_resasg_size          
43c1a691  dev_get_clk                          
43c1a6c0  TI_memset_small                      
43c1a6e1  Bootloader_profileUpdateAppimageSize 
43c1a777  clk_div_get_freq                     
43c1a7a3  device_clk_set_freq                  
43c1a7c1  Bootloader_Params_init               
43c1a861  DebugP_uartSetDrvIndex               
43c1a895  Sciclient_readThreadCount            
43c1a8a9  Sciclient_verifyThread               
43c1a8bd  boardcfg_get_rm_resasg               
43c1a8e5  device_clk_get_freq_change           
43c1a8f9  device_clk_get_input_term            
43c1a90d  device_clk_get_ssc                   
43c1a921  device_clk_get_sw_gated              
43c1a941  putchar_                             
43c1a955  rm_core_unmap_region                 
43c1a969  system_reset                         
43c1a981  TimerP_getCount                      
43c1a9a1  TimerP_getReloadCount                
43c1a9e1  CPS_UncachedWrite32                  
43c1aa41  ClockP_getTimerCount                 
43c1aa51  ClockP_timerClearOverflowInt         
43c1ab01  Sciclient_threadStatusReg            
43c1ab21  Udma_defaultVirtToPhyFxn             
43c1ab30  __aeabi_memset                       
43c1ab30  __aeabi_memset4                      
43c1ab30  __aeabi_memset8                      
43c1ab51  device_clk_query_freq                
43c1ab71  pm_devgroup_is_enabled               
43c1ab81  pm_devgroup_set_enabled              
43c1ab91  rm_core_map_region                   
43c1abd1  Board_driversOpen                    
43c1abe1  Bootloader_socSelfCPUjump            
43c1abf1  CPS_UncachedRead32                   
43c1ac51  ClockP_getTicks                      
43c1ac61  Dpl_deinit                           
43c1ac71  Drivers_close                        
43c1ac81  Drivers_open                         
43c1ac91  PowerClock_init                      
43c1aca1  Bootloader_socGetSBLMem              
43c1ace1  Bootloader_socWaitForFWBoot          
43c1acf1  Drivers_uartInit                     
43c1ad11  PowerClock_deinit                    
43c1ad21  SemaphoreP_destruct                  
43c1ad30  __aeabi_idiv0                        
43c1ad40  __aeabi_ldiv0                        
43c1ad51  Board_deinit                         
43c1ad61  Board_init                           
43c1ad71  DDR_socEnableVttRegulator            
43c1ad81  TaskP_yield                          
43c1c4c1  HwiP_enableInt                       
43c1c501  HwiP_disableInt                      
43c1c561  HwiP_restoreInt                      
43c1c591  HwiP_clearInt                        
43c1c5d1  HwiP_post                            
43c1c611  HwiP_Params_init                     
43c1c641  HwiP_construct                       
43c1c841  HwiP_destruct                        
43c1c8b1  HwiP_init                            
43c1ca61  HwiP_inISR                           
43c1ca91  HwiP_irq_handler_c                   
43c1cbe1  HwiP_fiq_handler                     
43c1cd51  HwiP_reserved_handler                
43c1cd91  HwiP_undefined_handler               
43c1cdd1  HwiP_svc_handler                     
43c1ce11  HwiP_prefetch_abort_handler          
43c1ce51  HwiP_data_abort_handler              
43c1ce84  HwiP_irq_handler                     
43c1cefc  HwiP_disable                         
43c1cf0c  HwiP_disableFIQ                      
43c1cf1c  HwiP_enable                          
43c1cf2c  HwiP_enableFIQ                       
43c1cf3c  HwiP_restore                         
43c1cf44  HwiP_enableVIC                       
43c1cf54  HwiP_disableVIC                      
43c1cf64  HwiP_getCPSR                         
43c1cf70  CacheP_disableL1d                    
43c1cf98  CacheP_disableL1p                    
43c1cfb0  CacheP_enableL1d                     
43c1cfc8  CacheP_enableL1p                     
43c1cfe0  CacheP_invL1d                        
43c1d018  CacheP_invL1p                        
43c1d054  CacheP_invL1dAll                     
43c1d05c  CacheP_invL1pAll                     
43c1d064  CacheP_wb                            
43c1d0a0  CacheP_wbInv                         
43c1d0dc  CacheP_wbAll                         
43c1d184  CacheP_wbInvAll                      
43c1d19c  CacheP_wbInvAllAsm                   
43c1d23c  CacheP_getEnabled                    
43c1d274  CacheP_getCacheLevelInfo             
43c1d280  CacheP_configForceWrThru             
43c1d2a0  CacheP_setDLFO                       
43c1d2b0  CacheP_GetNumSets                    
43c1d2c8  CacheP_GetNumWays                    
43c1d2e0  CacheP_CleanInvalidateDcacheSetWay   
43c1d311  CacheP_init                          
43c1d3a1  CacheP_disable                       
43c1d3f1  CacheP_enable                        
43c1d431  CacheP_inv                           
43c1d471  MpuP_RegionAttrs_init                
43c1d4a1  MpuP_setRegion                       
43c1d591  MpuP_isEnable                        
43c1d5a1  MpuP_disable                         
43c1d5e1  MpuP_enable                          
43c1d631  MpuP_resetRegion                     
43c1d651  MpuP_init                            
43c1d704  MpuP_disableAsm                      
43c1d71c  MpuP_disableBRAsm                    
43c1d72c  MpuP_enableAsm                       
43c1d744  MpuP_enableBRAsm                     
43c1d754  MpuP_isEnableAsm                     
43c1d768  MpuP_setRegionAsm                    
43c1d780  _c_int00_sbl                         
43c1d7a4  _c_int00                             
43c1d881  _DebugP_assertNoLog                  
43c1d8b1  __mpu_init                           
43c1d900  gUartDmaConfig                       
43c1e3fc  DDRSS_phyReg                         
43c1ebe8  DDRSS_ctlReg                         
43c1f284  DDRSS_phyIndepReg                    
43c1f7e8  DDRSS_phyRegNum                      
43c1fbde  DDRSS_ctlRegNum                      
43c1ff2c  DDRSS_phyIndepRegNum                 
43c201e0  resasg_indexer                       
43c203cc  ra_inst                              
43c20638  udmap_inst                           
43c20728  gAddrTranslateInfo                   
43c207ec  gCoreBootInfo                        
43c209cc  gMpuRegionConfig                     
43c20ae4  gBootloaderMemFxns                   
43c20afc  __aeabi_errno                        
43c20b00  gTuningPattern8Bit                   
43c20b80  ir_inst                              
43c20bf4  gSciclientHandle                     
43c20c50  ia_inst                              
43c20cac  gUartParams                          
43c20d90  gBootloaderConfig                    
43c20dd0  gMmcsdAttrs                          
43c20e0c  gBootloaderConfigNum                 
43c20e78  gSocModulesClockFrequency            
43c20ec8  gBootloaderUdmaArgs                  
43c20ee8  gMemBootloaderConfig                 
43c20f08  gSciclientRomSecProxyCfg             
43c20f28  gSciclient_secProxyCfg               
43c20f48  gBootloaderMmcsdFxns                 
43c20f60  gClockConfig                         
43c20f78  gSocModules                          
43c20fa8  gResMemSection                       
43c20fcc  gMemBootloaderArgs                   
43c20fdc  gAddrTranslateConfig                 
43c20fe8  gBootloader0Args                     
43c20ff4  gBootloader1Args                     
43c21000  gMpuConfig                           
43c2100c  gUartConfig                          
43c21028  gCacheConfig                         
43c21030  gMmcsdConfig                         
43c21038  gMmcsdParams                         
43c21058  gDebugLogZone                        
43c2105c  gDebugP_uartDrvIndex                 
43c21060  gHwiConfig                           
43c21064  gMmcsdConfigNum                      
43c21068  gUartConfigNum                       
43c2106c  gUartDmaConfigNum                    
43c21070  operatingMode                        
43c21074  pSciclient_secProxyCfg               
43c21080  selfcoreEntry                        
43c21100  soc_clock_data                       
43c21100  soc_psc_multiple_domains             
43c22110  soc_device_data_arr                  
43c224a0  soc_pll_table                        
43c22620  __aeabi_ctype_table_                 
43c22620  __aeabi_ctype_table_C                
43c22721  soc_host_indexes                     
43c2281f  soc_host_indexes_sz                  
43c22820  gSciclientMap                        
43c229f8  soc_clock_freq_defaults              
43c22bc8  gSOC_r5fVectors                      
43c22c10  soc_devgroups                        
43c22d64  ia_soc_pe_init_list                  
43c23560  soc_clock_ranges                     
43c23628  clk_drv_div_fixed                    
43c2364c  clk_drv_div_pll_16fft_hsdiv          
43c23670  clk_drv_div_pll_16fft_postdiv        
43c23694  clk_drv_div_reg                      
43c236b8  clk_drv_div_reg_go                   
43c23810  clk_drv_mux_reg                      
43c23830  clk_drv_pllctrl_mux_reg_ro           
43c23850  soc_fw_caps                          
43c2392c  irq_global_event_types               
43c23b7c  clk_drv_fixed                        
43c23b94  clk_drv_from_device                  
43c23bac  clk_drv_pll_16fft                    
43c23bc4  clk_drv_soc_hfosc0                   
43c23bdc  clk_drv_soc_lfosc0                   
43c24670  psc_drv                              
43c24ad8  gcSciclientDirectExtBootX509MagicWord
43c24d94  evt_rt_srcs                          
43c24d98  evt_rt_srcs_count                    
43c24d9c  gCacheL1dCacheLineSize               
43c24da0  gCacheL1pCacheLineSize               
43c24dc4  ra_inst_count                        
43c24dc8  soc_clock_count                      
43c24dcc  soc_devgroup_count                   
43c24dd0  soc_device_count                     
43c24e10  udmap_inst_count                     
43c24e80  gSciclient_boardCfgLow               
43c24f00  gSciclient_boardCfgLow_rm            
43c25480  gSciclient_boardCfgLow_sec           
43c25600  gSciclient_boardCfgLow_pm            
43c25680  _sys_memory                          
43c2d680  __stack                              
43c31680  __BSS_START                          
43c31680  __STACK_END                          
43c31680  gHwiCtrl                             
43c33094  soc_clocks                           
43c33858  soc_devices                          
43c33e80  gMmcsdDataBuf0                       
43c34080  soc_clock_values                     
43c34360  gProfileObj                          
43c34534  _freertosresetvectors                
43c34578  gClockCtrl                           
43c345b0  gEmmcData0                           
43c345f0  gADMA2Desc                           
43c34608  gMmcsdHandle                         
43c3460c  gUartHandle                          
43c34680  __BSS_END                            
43c34680  __IRQ_STACK_START                    
43c35680  __FIQ_STACK_START                    
43c35680  __IRQ_STACK_END                      
43c35780  __FIQ_STACK_END                      
43c35780  __SVC_STACK_START                    
43c35880  __ABORT_STACK_START                  
43c35880  __SVC_STACK_END                      
43c35980  __ABORT_STACK_END                    
43c35980  __UNDEFINED_STACK_START              
43c35a80  __UNDEFINED_STACK_END                
84000000  gAppimage                            
ffffffff  __TI_pprof_out_hndl                  
ffffffff  __TI_prof_data_size                  
ffffffff  __TI_prof_data_start                 
ffffffff  __binit__                            
ffffffff  binit                                
UNDEFED   __TI_CINIT_Base                      
UNDEFED   __TI_CINIT_Limit                     
UNDEFED   __TI_Handler_Table_Base              
UNDEFED   __TI_Handler_Table_Limit             
UNDEFED   _system_post_cinit                   

[683 symbols]
