******************************************************************************
            TI ARM Clang Linker Unix v3.2.0                    
******************************************************************************
>> Linked Wed Dec 13 15:05:34 2023

OUTPUT FILE NAME:   <runtime_swrev.release.out>
ENTRY POINT SYMBOL: "_vectors"  address: 70000000


MEMORY CONFIGURATION

         name            origin    length      used     unused   attr    fill
----------------------  --------  ---------  --------  --------  ----  --------
  R5F_VECS              00000000   00000040  00000000  00000040  RWIX
  R5F_TCMA              00000040   00007fc0  00000000  00007fc0  RWIX
  R5F_TCMB0             41010000   00008000  00000000  00008000  RWIX
  MSRAM_VECS            70000000   00000100  00000040  000000c0  RWIX
  MSRAM_0               70000100   0004ff00  0000c3a0  00043b60  RWIX
  MSRAM_1               70050000   00030000  00006958  000296a8  RWIX


SEGMENT ALLOCATION MAP

run origin  load origin   length   init length attrs members
----------  ----------- ---------- ----------- ----- -------
70000000    70000000    00000040   00000040    r-x
  70000000    70000000    00000040   00000040    r-x .vectors
70000100    70000100    0000ae40   0000ae40    r-x
  70000100    70000100    00009f70   00009f70    r-x .text
  7000a070    7000a070    00000760   00000760    r-x .text.hwi
  7000a7d0    7000a7d0    00000430   00000430    r-x .text.cache
  7000ac00    7000ac00    00000218   00000218    r-x .text.mpu
  7000ae18    7000ae18    00000128   00000128    r-x .text.boot
7000af40    7000af40    000003f8   000003f8    rw-
  7000af40    7000af40    000003f8   000003f8    rw- .data
7000b338    7000b338    00001168   00001168    r--
  7000b338    7000b338    00001168   00001168    r-- .rodata
70050000    70050000    00005558   00000000    rw-
  70050000    70050000    00004000   00000000    rw- .stack
  70054000    70054000    00001558   00000000    rw- .bss
70055558    70055558    00001400   00000000    r--
  70055558    70055558    00000100   00000000    r-- .irqstack
  70055658    70055658    00000100   00000000    r-- .fiqstack
  70055758    70055758    00001000   00000000    r-- .svcstack
  70056758    70056758    00000100   00000000    r-- .abortstack
  70056858    70056858    00000100   00000000    r-- .undefinedstack


SECTION ALLOCATION MAP

 output                                  attributes/
section   page    origin      length       input sections
--------  ----  ----------  ----------   ----------------
.vectors   0    70000000    00000040     
                  70000000    00000040     nortos.am64x.r5f.ti-arm-clang.release.lib : HwiP_armv7r_vectors_nortos_asm.obj (.vectors)

.text      0    70000100    00009f70     
                  70000100    00000620     drivers.am64x.r5f.ti-arm-clang.release.lib : sciclient_rm_irq.obj (.text.Sciclient_rmIrqFindRoute)
                  70000720    00000598     nortos.am64x.r5f.ti-arm-clang.release.lib : printf.obj (.text._vsnprintf)
                  70000cb8    00000522     drivers.am64x.r5f.ti-arm-clang.release.lib : udma_ch.obj (.text.Udma_chDisable)
                  700011da    0000049c                                                : i2c_v0.obj (.text.I2C_primeTransfer)
                  70001676    00000002     ti_dpl_config.obj (.text.Dpl_deinit)
                  70001678    0000045e     drivers.am64x.r5f.ti-arm-clang.release.lib : udma_event.obj (.text.Udma_eventRegister)
                  70001ad6    000003a4                                                : udma_ch.obj (.text.Udma_chOpen)
                  70001e7a    00000006                                                : csl_pktdma.obj (.text.CSL_pktdmaTeardownRxChan)
                  70001e80    00000398     nortos.am64x.r5f.ti-arm-clang.release.lib : printf.obj (.text._ftoa)
                  70002218    00000388     drivers.am64x.r5f.ti-arm-clang.release.lib : uart_v0.obj (.text.UART_open)
                  700025a0    0000037c                                                : sciclient.obj (.text.Sciclient_service)
                  7000291c    00000004                                                : bootloader_soc.obj (.text.Bootloader_socWaitForFWBoot)
                  70002920    00000310     nortos.am64x.r5f.ti-arm-clang.release.lib : printf.obj (.text._etoa)
                  70002c30    0000028c     drivers.am64x.r5f.ti-arm-clang.release.lib : sciclient_rm_irq.obj (.text.Sciclient_rmIrqGetRoute)
                  70002ebc    0000027c                                                : i2c_v0.obj (.text.I2C_open)
                  70003138    00000274                                                : uart_v0_lld.obj (.text.UART_configInstance)
                  700033ac    0000023e                                                : i2c_v0.obj (.text.I2C_hwiFxnController)
                  700035ea    00000002     nortos.am64x.r5f.ti-arm-clang.release.lib : SemaphoreP_nortos.obj (.text.SemaphoreP_destruct)
                  700035ec    0000020a     drivers.am64x.r5f.ti-arm-clang.release.lib : udma_event.obj (.text.Udma_eventUnRegister)
                  700037f6    00000206                                                : uart_v0_lld.obj (.text.UART_lld_controllerIsr)
                  700039fc    00000202                                                : sciclient_rm_irq.obj (.text.Sciclient_rmProgramInterruptRoute)
                  70003bfe    00000002     nortos.am64x.r5f.ti-arm-clang.release.lib : TaskP_nortos.obj (.text.TaskP_yield)
                  70003c00    000001ca     drivers.am64x.r5f.ti-arm-clang.release.lib : csl_bcdma.obj (.text.CSL_bcdmaChanOp)
                  70003dca    000001c4                                                : uart_dma_udma.obj (.text.UART_lld_dmaInit)
                  70003f8e    000001c0     nortos.am64x.r5f.ti-arm-clang.release.lib : TimerP.obj (.text.TimerP_setup)
                  7000414e    000001b0     drivers.am64x.r5f.ti-arm-clang.release.lib : sciclient_rm_irq.obj (.text.Sciclient_rmClearInterruptRoute)
                  700042fe    00000192                                                : uart_v0_lld.obj (.text.UART_lld_initDma)
                  70004490    00000190                                                : udma_ring_common.obj (.text.Udma_ringAlloc)
                  70004620    0000016e                                                : uart_v0_lld.obj (.text.UART_lld_init)
                  7000478e    00000152                                                : i2c_v0.obj (.text.I2C_hwiFxnTarget)
                  700048e0    00000152     nortos.am64x.r5f.ti-arm-clang.release.lib : printf.obj (.text._ntoa_format)
                  70004a32    00000148     drivers.am64x.r5f.ti-arm-clang.release.lib : csl_bcdma.obj (.text.CSL_bcdmaChanOpCfgChan)
                  70004b7a    00000148                                                : uart_v0_lld.obj (.text.UART_lld_write)
                  70004cc2    00000144                                                : uart_v0.obj (.text.UART_close)
                  70004e06    00000140                                                : sciclient_rm_irq.obj (.text.Sciclient_rmIrqProgramRoute)
                  70004f46    0000013c                                                : udma_ch.obj (.text.Udma_chConfigRx)
                  70005082    00000134                                                : sciclient_rm_irq.obj (.text.Sciclient_rmIrqDeleteRoute)
                  700051b6    00000132                                                : soc.obj (.text.SOC_moduleSetClockFrequency)
                  700052e8    00000118     libclang_rt.builtins.a : udivmoddi4.S.obj (.text)
                  70005400    0000010a     drivers.am64x.r5f.ti-arm-clang.release.lib : i2c_v0.obj (.text.I2C_transfer)
                  7000550a    00000102     nortos.am64x.r5f.ti-arm-clang.release.lib : ClockP_nortos_r5.obj (.text.ClockP_init)
                  7000560c    00000100     drivers.am64x.r5f.ti-arm-clang.release.lib : i2c_v0.obj (.text.I2C_ctrlInit)
                  7000570c    000000fa                                                : udma_flow.obj (.text.Udma_flowConfig)
                  70005806    000000f6                                                : udma_ch.obj (.text.Udma_chEnable)
                  700058fc    000000f4                                                : uart_v0.obj (.text.UART_write)
                  700059f0    000000f0                                                : udma_ch.obj (.text.Udma_chFreeResource)
                  70005ae0    000000da                                                : udma_ch.obj (.text.Udma_chConfigTx)
                  70005bba    000000c0                                                : uart_dma_udma.obj (.text.UART_lld_dmaWrite)
                  70005c7a    000000be     board.am64x.r5f.ti-arm-clang.release.lib : ioexp_tca6424.obj (.text.TCA6424_config)
                  70005d38    000000be                                              : ioexp_tca6424.obj (.text.TCA6424_setOutput)
                  70005df6    000000bc     drivers.am64x.r5f.ti-arm-clang.release.lib : i2c_v0.obj (.text.I2C_recoverBus)
                  70005eb2    000000ba                                                : csl_bcdma.obj (.text.CSL_bcdmaChanOpTeardownChan)
                  70005f6c    000000b8                                                : uart_v0_lld.obj (.text.UART_divisorLatchWrite)
                  70006024    000000b0     nortos.am64x.r5f.ti-arm-clang.release.lib : printf.obj (.text._ntoa_long_long)
                  700060d4    000000ae     main.obj (.text.main)
                  70006182    000000aa     drivers.am64x.r5f.ti-arm-clang.release.lib : sciclient_rm_irq.obj (.text.Sciclient_rmIaValidateMapping)
                  7000622c    000000aa                                                : uart_v0_lld.obj (.text.UART_procLineStatusErr)
                  700062d6    000000aa                                                : udma_rm.obj (.text.Udma_rmAllocMappedRxCh)
                  70006380    000000aa                                                : udma_rm.obj (.text.Udma_rmAllocMappedTxCh)
                  7000642a    000000a6                                                : i2c_v0.obj (.text.I2C_close)
                  700064d0    000000a6                                                : udma_ch.obj (.text.Udma_chConfigPdma)
                  70006576    000000a6     nortos.am64x.r5f.ti-arm-clang.release.lib : printf.obj (.text._out_rev)
                  7000661c    000000a4     drivers.am64x.r5f.ti-arm-clang.release.lib : sciclient_pm.obj (.text.Sciclient_pmQueryModuleClkFreq)
                  700066c0    000000a2                                                : sciclient_rm_irq.obj (.text.Sciclient_rmIrInpIsFree)
                  70006762    000000a0                                                : udma_rm.obj (.text.Udma_rmAllocBlkCopyCh)
                  70006802    000000a0                                                : udma_rm.obj (.text.Udma_rmAllocBlkCopyHcCh)
                  700068a2    000000a0                                                : udma_rm.obj (.text.Udma_rmAllocBlkCopyUhcCh)
                  70006942    000000a0                                                : udma_rm.obj (.text.Udma_rmAllocIrIntr)
                  700069e2    000000a0                                                : udma_rm.obj (.text.Udma_rmAllocRxCh)
                  70006a82    000000a0                                                : udma_rm.obj (.text.Udma_rmAllocRxHcCh)
                  70006b22    000000a0                                                : udma_rm.obj (.text.Udma_rmAllocRxUhcCh)
                  70006bc2    000000a0                                                : udma_rm.obj (.text.Udma_rmAllocTxCh)
                  70006c62    000000a0                                                : udma_rm.obj (.text.Udma_rmAllocTxHcCh)
                  70006d02    000000a0                                                : udma_rm.obj (.text.Udma_rmAllocTxUhcCh)
                  70006da2    0000009e                                                : uart_v0.obj (.text.UART_flushTxFifo)
                  70006e40    0000009a                                                : sciclient.obj (.text.Sciclient_init)
                  70006eda    0000009a                                                : sciclient.obj (.text.Sciclient_sendMessage)
                  70006f74    0000009a                                                : uart_dma_udma.obj (.text.UART_udmaDeInitCh)
                  7000700e    0000009a     runtime_swrev.obj (.text.runtime_swrev_readSwrev)
                  700070a8    00000096     nortos.am64x.r5f.ti-arm-clang.release.lib : SemaphoreP_nortos.obj (.text.SemaphoreP_pend)
                  7000713e    00000094     drivers.am64x.r5f.ti-arm-clang.release.lib : uart_v0.obj (.text.UART_init)
                  700071d2    00000094                                                : udma_rm.obj (.text.Udma_rmAllocMappedRing)
                  70007266    00000092                                                : sciclient_pm.obj (.text.Sciclient_pmSetModuleClkFreq)
                  700072f8    00000092                                                : udma_ch.obj (.text.Udma_chClose)
                  7000738a    00000092                                                : udma_event.obj (.text.Udma_eventFreeResource)
                  7000741c    0000008e                                                : csl_pktdma.obj (.text.CSL_pktdmaTeardownChan)
                  700074aa    0000008c     nortos.am64x.r5f.ti-arm-clang.release.lib : printf.obj (.text._ntoa_long)
                  70007536    0000008a     drivers.am64x.r5f.ti-arm-clang.release.lib : udma_event.obj (.text.Udma_eventIsrFxn)
                  700075c0    00000086                                                : i2c_v0.obj (.text.I2CControllerInitExpClk)
                  70007646    00000086                                                : uart_v0_lld.obj (.text.UART_lld_writeIntr)
                  700076cc    00000080     runtime_swrev.obj (.text.runtime_swrev_writeSwrev)
                  7000774c    0000007c     drivers.am64x.r5f.ti-arm-clang.release.lib : pinmux.obj (.text.Pinmux_config)
                  700077c8    0000007c                                                : sciclient_rm_irq.obj (.text.Sciclient_rmIrOutpIsFree)
                  70007844    0000007c                                                : sciclient_rm_irq.obj (.text.Sciclient_rmIrqGetNode)
                  700078c0    0000007a                                                : sciclient_pm.obj (.text.Sciclient_pmGetModuleClkNumParent)
                  7000793a    00000076                                                : uart_v0_lld.obj (.text.UART_lld_writeDma)
                  700079b0    00000072                                                : csl_pktdma.obj (.text.CSL_pktdmaAccessChanPeerReg)
                  70007a22    00000072                                                : udma_rm.obj (.text.Udma_rmAllocVintrBit)
                  70007a94    0000006e                                                : soc.obj (.text.SOC_moduleClockEnable)
                  70007b02    0000006e                                                : sciclient_pm.obj (.text.Sciclient_pmGetModuleState)
                  70007b70    0000006a                                                : uart_dma_udma.obj (.text.UART_udmaHpdInit)
                  70007bda    0000006a                                                : uart_v0_lld.obj (.text.UART_writeCancelNoCB)
                  70007c44    00000068     nortos.am64x.r5f.ti-arm-clang.release.lib : AddrTranslateP.obj (.text.AddrTranslateP_getLocalAddr)
                  70007cac    00000066     drivers.am64x.r5f.ti-arm-clang.release.lib : sciclient_pm.obj (.text.Sciclient_pmGetModuleClkFreq)
                  70007d12    00000066                                                : sciclient_pm.obj (.text.Sciclient_pmGetModuleClkParent)
                  70007d78    00000064                                                : csl_bcdma.obj (.text.CSL_bcdmaDoChanOp)
                  70007ddc    00000064                                                : sciclient_pm.obj (.text.Sciclient_pmModuleGetClkStatus)
                  70007e40    00000062                                                : sciclient.obj (.text.Sciclient_waitForBootNotification)
                  70007ea2    00000062                                                : udma_ring_common.obj (.text.Udma_ringFree)
                  70007f04    00000062                                                : udma_ring_common.obj (.text.Udma_ringQueueRaw)
                  70007f66    00000062     runtime_swrev.obj (.text.runtime_swrev_setVpp)
                  70007fc8    00000060     drivers.am64x.r5f.ti-arm-clang.release.lib : i2c_v0.obj (.text.I2C_waitForPin)
                  70008028    00000060                                                : uart_v0_lld.obj (.text.UART_intrDisable)
                  70008088    00000060                                                : udma_rm.obj (.text.Udma_rmFreeMappedRing)
                  700080e8    00000060     nortos.am64x.r5f.ti-arm-clang.release.lib : PmuP_armv7r.obj (.text.pmu)
                  70008148    0000005e                                               : ClockP_nortos.obj (.text.ClockP_timerTickIsr)
                  700081a6    0000005e     drivers.am64x.r5f.ti-arm-clang.release.lib : sciclient_pm.obj (.text.Sciclient_pmModuleClkRequest)
                  70008204    0000005e                                                : sciclient_pm.obj (.text.Sciclient_pmSetModuleClkParent)
                  70008262    0000005e                                                : uart_dma_udma.obj (.text.UART_lld_dmaDisableChannel)
                  700082c0    0000005c                                                : csl_bcdma.obj (.text.CSL_bcdmaChanOpGetChanStats)
                  7000831c    0000005c                                                : csl_bcdma.obj (.text.CSL_bcdmaChanOpSetChanPause)
                  70008378    0000005c                                                : uart_dma_udma.obj (.text.UART_udmaIsrRx)
                  700083d4    0000005c                                                : uart_dma_udma.obj (.text.UART_udmaIsrTx)
                  70008430    0000005c                                                : udma_rm.obj (.text.Udma_rmAllocEvent)
                  7000848c    0000005c                                                : udma_rm.obj (.text.Udma_rmAllocVintr)
                  700084e8    0000005c     nortos.am64x.r5f.ti-arm-clang.release.lib : DebugP_log.obj (.text._DebugP_assert)
                  70008544    0000005a     drivers.am64x.r5f.ti-arm-clang.release.lib : i2c_v0.obj (.text.I2C_completeCurrTransfer)
                  7000859e    0000005a                                                : uart_v0_lld.obj (.text.UART_lld_flushTxFifo)
                  700085f8    0000005a                                                : udma_ring_common.obj (.text.Udma_ringDequeueRaw)
                  70008652    00000002                                                : uart_v0.obj (.text.UART_lld_errorCallback)
                  70008654    00000058     libc.a : autoinit.c.obj (.text:__TI_auto_init_nobinit_nopinit)
                  700086ac    00000056     nortos.am64x.r5f.ti-arm-clang.release.lib : ClockP_nortos.obj (.text.ClockP_getTimeUsec)
                  70008702    00000054     drivers.am64x.r5f.ti-arm-clang.release.lib : csl_bcdma.obj (.text.CSL_bcdmaChanOpDecChanStats)
                  70008756    00000054                                                : csl_bcdma.obj (.text.CSL_bcdmaChanOpGetChanRT)
                  700087aa    00000054                                                : csl_intaggr.obj (.text.CSL_intaggrIsIntrPending)
                  700087fe    00000054                                                : sciclient_rm.obj (.text.Sciclient_rmGetResourceRange)
                  70008852    00000052                                                : sciclient_pm.obj (.text.Sciclient_pmSetModuleState)
                  700088a4    00000052                                                : uart_v0_lld.obj (.text.UART_lld_deInitDma)
                  700088f6    00000050     nortos.am64x.r5f.ti-arm-clang.release.lib : ClockP_nortos.obj (.text.ClockP_addToList)
                  70008946    00000050                                               : ClockP_nortos.obj (.text.ClockP_construct)
                  70008996    00000002     drivers.am64x.r5f.ti-arm-clang.release.lib : udma_rm.obj (.text.Udma_rmFreeFreeRing)
                  70008998    00000050                                                : sciclient_soc_priv.obj (.text.Sciclient_getContext)
                  700089e8    00000050                                                : udma_rm.obj (.text.Udma_rmFreeVintrBit)
                  70008a38    0000004e                                                : udma_soc.obj (.text.Udma_getMappedChRingAttributes)
                  70008a86    0000004c     ti_drivers_open_close.obj (.text.Drivers_i2cOpen)
                  70008ad2    0000004c     ti_drivers_open_close.obj (.text.Drivers_uartOpen)
                  70008b1e    0000004c     drivers.am64x.r5f.ti-arm-clang.release.lib : udma_ch.obj (.text.UdmaChTxPrms_init)
                  70008b6a    0000004a                                                : csl_intaggr.obj (.text.CSL_intaggrClrIntr)
                  70008bb4    0000004a                                                : pinmux.obj (.text.Pinmux_unlockMMR)
                  70008bfe    0000004a                                                : uart_v0_lld.obj (.text.UART_lld_deInit)
                  70008c48    0000004a                                                : udma_ch.obj (.text.UdmaChPrms_init)
                  70008c92    0000004a                                                : udma_rm.obj (.text.Udma_rmFreeMappedRxCh)
                  70008cdc    0000004a                                                : udma_rm.obj (.text.Udma_rmFreeMappedTxCh)
                  70008d26    00000048                                                : csl_bcdma.obj (.text.CSL_bcdmaChanOpSetChanRT)
                  70008d6e    00000046                                                : udma_ch.obj (.text.UdmaChRxPrms_init)
                  70008db4    00000044                                                : sciclient_pm.obj (.text.Sciclient_pmSetModuleRst)
                  70008df8    00000044                                                : sciclient_rm_irq.obj (.text.Sciclient_rmIrqUnmappedVintRouteDelete)
                  70008e3c    00000044     board.am64x.r5f.ti-arm-clang.release.lib : ioexp_tca6424.obj (.text.TCA6424_open)
                  70008e80    00000042     drivers.am64x.r5f.ti-arm-clang.release.lib : sciclient_rm.obj (.text.Sciclient_rmIrqReleaseRaw)
                  70008ec2    00000042                                                : sciclient_rm.obj (.text.Sciclient_rmPsilPair)
                  70008f04    00000042                                                : sciclient_rm.obj (.text.Sciclient_rmPsilUnpair)
                  70008f46    00000040                                                : csl_bcdma.obj (.text.CSL_bcdmaChanOpSetBurstSize)
                  70008f86    00000040     nortos.am64x.r5f.ti-arm-clang.release.lib : ClockP_nortos.obj (.text.ClockP_stop)
                  70008fc6    00000040     drivers.am64x.r5f.ti-arm-clang.release.lib : i2c_v0.obj (.text.I2C_init)
                  70009006    00000040                                                : sciclient_rm.obj (.text.Sciclient_rmIrqSetRaw)
                  70009046    00000040                                                : sciclient_rm.obj (.text.Sciclient_rmRingCfg)
                  70009086    00000040                                                : sciclient_rm.obj (.text.Sciclient_rmUdmapFlowCfg)
                  700090c6    00000040                                                : sciclient_rm.obj (.text.Sciclient_rmUdmapFlowSizeThreshCfg)
                  70009106    00000040                                                : sciclient_rm.obj (.text.Sciclient_rmUdmapRxChCfg)
                  70009146    00000040                                                : sciclient_rm.obj (.text.Sciclient_rmUdmapTxChCfg)
                  70009186    00000040     nortos.am64x.r5f.ti-arm-clang.release.lib : SemaphoreP_nortos.obj (.text.SemaphoreP_constructBinary)
                  700091c6    00000040     drivers.am64x.r5f.ti-arm-clang.release.lib : udma_rm.obj (.text.Udma_rmFreeBlkCopyCh)
                  70009206    00000040                                                : udma_rm.obj (.text.Udma_rmFreeBlkCopyHcCh)
                  70009246    00000040                                                : udma_rm.obj (.text.Udma_rmFreeBlkCopyUhcCh)
                  70009286    00000040                                                : udma_rm.obj (.text.Udma_rmFreeEvent)
                  700092c6    00000040                                                : udma_rm.obj (.text.Udma_rmFreeIrIntr)
                  70009306    00000040                                                : udma_rm.obj (.text.Udma_rmFreeRxCh)
                  70009346    00000040                                                : udma_rm.obj (.text.Udma_rmFreeRxHcCh)
                  70009386    00000040                                                : udma_rm.obj (.text.Udma_rmFreeRxUhcCh)
                  700093c6    00000040                                                : udma_rm.obj (.text.Udma_rmFreeTxCh)
                  70009406    00000040                                                : udma_rm.obj (.text.Udma_rmFreeTxHcCh)
                  70009446    00000040                                                : udma_rm.obj (.text.Udma_rmFreeTxUhcCh)
                  70009486    00000040                                                : udma_rm.obj (.text.Udma_rmFreeVintr)
                  700094c6    0000003e                                                : soc.obj (.text.SOC_controlModuleUnlockMMR)
                  70009504    0000003e     nortos.am64x.r5f.ti-arm-clang.release.lib : SemaphoreP_nortos.obj (.text.SemaphoreP_constructMutex)
                  70009542    0000003e     drivers.am64x.r5f.ti-arm-clang.release.lib : udma_flow.obj (.text.UdmaFlowPrms_init)
                  70009580    0000003e                                                : udma_ring_common.obj (.text.Udma_ringFlushRaw)
                  700095be    0000003c                                                : csl_bcdma.obj (.text.CSL_bcdmaGetCfg)
                  700095fa    0000003a     nortos.am64x.r5f.ti-arm-clang.release.lib : ClockP_nortos.obj (.text.ClockP_destruct)
                  70009634    0000003a                                               : DebugP_uartLogWriter.obj (.text.DebugP_uartLogWriterPutChar)
                  7000966e    0000003a     ti_dpl_config.obj (.text.Dpl_init)
                  700096a8    00000038     drivers.am64x.r5f.ti-arm-clang.release.lib : sciclient.obj (.text.Sciclient_getCurrentContext)
                  700096e0    00000038     nortos.am64x.r5f.ti-arm-clang.release.lib : DebugP_nortos.obj (.text._DebugP_logZone)
                  70009718    00000036     ti_power_clock_config.obj (.text.Module_clockSetFrequency)
                  7000974e    00000034     nortos.am64x.r5f.ti-arm-clang.release.lib : ClockP_nortos.obj (.text.ClockP_start)
                  70009782    00000032                                               : ClockP_nortos.obj (.text.ClockP_usleep)
                  700097b4    00000032                                               : SemaphoreP_nortos.obj (.text.SemaphoreP_post)
                  700097e6    00000032     ti_drivers_config.obj (.text.System_init)
                  70009818    00000032     drivers.am64x.r5f.ti-arm-clang.release.lib : udma_event.obj (.text.UdmaEventPrms_init)
                  7000984a    00000030                                                : i2c_v0.obj (.text.I2C_getHandle)
                  7000987a    00000002     nortos.am64x.r5f.ti-arm-clang.release.lib : printf.obj (.text._out_null)
                  7000987c    00000030                                               : PmuP_armv7r_asm.obj (.text.pmu)
                  700098ac    0000002e     ti_power_clock_config.obj (.text.Module_clockDisable)
                  700098da    0000002e     ti_power_clock_config.obj (.text.Module_clockEnable)
                  70009908    0000002e     drivers.am64x.r5f.ti-arm-clang.release.lib : uart_v0.obj (.text.UART_getHandle)
                  70009936    0000002e                                                : udma_ring_common.obj (.text.UdmaRingPrms_init)
                  70009964    0000002c                                                : csl_pktdma.obj (.text.CSL_pktdmaGetRxRT)
                  70009990    0000002c                                                : csl_pktdma.obj (.text.CSL_pktdmaGetTxRT)
                  700099bc    0000002c     ti_drivers_open_close.obj (.text.Drivers_close)
                  700099e8    0000002a     drivers.am64x.r5f.ti-arm-clang.release.lib : soc.obj (.text.SOC_controlModuleLockMMR)
                  70009a12    0000002a                                                : uart_v0.obj (.text.UART_lld_writeCompleteCallback)
                  70009a3c    00000028     nortos.am64x.r5f.ti-arm-clang.release.lib : ClockP_nortos.obj (.text.ClockP_sleepTicks)
                  70009a64    00000028     drivers.am64x.r5f.ti-arm-clang.release.lib : uart_v0.obj (.text.UART_lld_readCompleteCallback)
                  70009a8c    00000028                                                : udma_ch.obj (.text.Udma_chGetCqRingHandle)
                  70009ab4    00000028                                                : udma_ch.obj (.text.Udma_chGetFqRingHandle)
                  70009adc    00000024                                                : csl_bcdma.obj (.text.CSL_bcdmaGetChanPeerReg)
                  70009b00    00000024     ti_drivers_config.obj (.text.System_deinit)
                  70009b24    00000024     libclang_rt.builtins.a : aeabi_uldivmod.S.obj (.text.__aeabi_uldivmod)
                  70009b48    00000024     nortos.am64x.r5f.ti-arm-clang.release.lib : printf.obj (.text.vprintf_)
                  70009b6c    00000022     drivers.am64x.r5f.ti-arm-clang.release.lib : csl_bcdma.obj (.text.CSL_bcdmaSetChanPeerReg)
                  70009b8e    00000022     ti_pinmux_config.obj (.text.Pinmux_init)
                  70009bb0    00000022     drivers.am64x.r5f.ti-arm-clang.release.lib : uart_dma_udma.obj (.text.UART_lld_dmaDeInit)
                  70009bd2    00000022                                                : udma_utils.obj (.text.Udma_virtToPhyFxn)
                  70009bf4    00000020                                                : csl_pktdma.obj (.text.CSL_pktdmaSetRxRT)
                  70009c14    00000020                                                : csl_pktdma.obj (.text.CSL_pktdmaSetTxRT)
                  70009c34    00000020     nortos.am64x.r5f.ti-arm-clang.release.lib : DebugP_log.obj (.text.DebugP_logZoneEnable)
                  70009c54    00000020     drivers.am64x.r5f.ti-arm-clang.release.lib : soc.obj (.text.SOC_getSelfCpuClk)
                  70009c74    00000020     nortos.am64x.r5f.ti-arm-clang.release.lib : TimerP.obj (.text.TimerP_Params_init)
                  70009c94    0000001e     drivers.am64x.r5f.ti-arm-clang.release.lib : csl_bcdma.obj (.text.CSL_bcdmaTeardownRxChan)
                  70009cb2    0000001e                                                : csl_bcdma.obj (.text.CSL_bcdmaTeardownTxChan)
                  70009cd0    0000001e                                                : uart_v0_lld.obj (.text.UART_spaceAvail)
                  70009cee    0000001c                                                : csl_pktdma.obj (.text.CSL_pktdmaGetChanPeerReg)
                  70009d0a    0000001c                                                : csl_pktdma.obj (.text.CSL_pktdmaSetChanPeerReg)
                  70009d26    0000001c                                                : i2c_v0.obj (.text.I2C_Transaction_init)
                  70009d42    0000001c                                                : udma_utils.obj (.text.UdmaUtils_getRingMemSize)
                  70009d5e    0000001c                                                : udma_event.obj (.text.Udma_eventGetGlobalHandle)
                  70009d7a    0000001c     nortos.am64x.r5f.ti-arm-clang.release.lib : boot_armv7r.obj (.text._system_pre_init)
                  70009d96    00000002     --HOLE-- [fill = 0]
                  70009d98    0000001c     libc.a : memcpy32.S.obj (.text:TI_memcpy_small)
                  70009db4    0000001a     drivers.am64x.r5f.ti-arm-clang.release.lib : i2c_v0.obj (.text.I2C_deinit)
                  70009dce    0000001a     board.am64x.r5f.ti-arm-clang.release.lib : ioexp_tca6424.obj (.text.TCA6424_close)
                  70009de8    0000001a     drivers.am64x.r5f.ti-arm-clang.release.lib : uart_v0.obj (.text.UART_deinit)
                  70009e02    00000018                                                : i2c_v0.obj (.text.I2C_hwiFxn)
                  70009e1a    00000018                                                : sciclient_soc_priv.obj (.text.Sciclient_getDevId)
                  70009e32    00000002     --HOLE-- [fill = 0]
                  70009e34    00000018     libc.a : memset32.S.obj (.text:TI_memset_small)
                  70009e4c    00000016     drivers.am64x.r5f.ti-arm-clang.release.lib : csl_bcdma.obj (.text.CSL_bcdmaGetRxRT)
                  70009e62    00000016                                                : csl_bcdma.obj (.text.CSL_bcdmaGetTxRT)
                  70009e78    00000016                                                : csl_bcdma.obj (.text.CSL_bcdmaSetRxRT)
                  70009e8e    00000016                                                : csl_bcdma.obj (.text.CSL_bcdmaSetTxRT)
                  70009ea4    00000014     nortos.am64x.r5f.ti-arm-clang.release.lib : ClockP_nortos.obj (.text.ClockP_usecToTicks)
                  70009eb8    00000014     drivers.am64x.r5f.ti-arm-clang.release.lib : uart_v0.obj (.text.UART_Transaction_init)
                  70009ecc    00000012     nortos.am64x.r5f.ti-arm-clang.release.lib : TimerP.obj (.text.TimerP_clearOverflowInt)
                  70009ede    00000012     drivers.am64x.r5f.ti-arm-clang.release.lib : uart_v0_lld.obj (.text.UART_operatingModeSelect)
                  70009ef0    00000010                                                : csl_lcdma_ringacc.obj (.text.CSL_lcdma_ringaccIsTeardownComplete)
                  70009f00    00000010                                                : sciclient_rm.obj (.text.Sciclient_rmIrqRelease)
                  70009f10    00000010                                                : uart_v0_lld.obj (.text.UART_intr2Disable)
                  70009f20    00000010                                                : udma_rm.obj (.text.Udma_rmTranslateCoreIntrInput)
                  70009f30    00000010                                                : udma_rm.obj (.text.Udma_rmTranslateIrOutput)
                  70009f40    00000010     libclang_rt.builtins.a : aeabi_memset.S.obj (.text.__aeabi_memset)
                  70009f50    0000000e     ti_drivers_open_close.obj (.text.Drivers_open)
                  70009f5e    0000000e     ti_power_clock_config.obj (.text.PowerClock_init)
                  70009f6c    0000000c     nortos.am64x.r5f.ti-arm-clang.release.lib : ClockP_nortos.obj (.text.ClockP_getTicks)
                  70009f78    0000000c                                               : DebugP_uartLogWriter.obj (.text.DebugP_uartSetDrvIndex)
                  70009f84    0000000c     drivers.am64x.r5f.ti-arm-clang.release.lib : i2c_v0.obj (.text.I2C_transferCallback)
                  70009f90    0000000c                                                : sciclient.obj (.text.Sciclient_getSelfDevIdCore)
                  70009f9c    0000000c                                                : udma_ch.obj (.text.UdmaChPdmaPrms_init)
                  70009fa8    0000000c     libclang_rt.builtins.a : aeabi_memset.S.obj (.text.__aeabi_memclr)
                  70009fb4    0000000a     drivers.am64x.r5f.ti-arm-clang.release.lib : csl_sec_proxy.obj (.text.CSL_secProxyGetDataAddr)
                  70009fbe    0000000a     nortos.am64x.r5f.ti-arm-clang.release.lib : ClockP_nortos.obj (.text.ClockP_Params_init)
                  70009fc8    0000000a                                               : ClockP_nortos.obj (.text.ClockP_isActive)
                  70009fd2    0000000a                                               : TimerP.obj (.text.TimerP_start)
                  70009fdc    0000000a     drivers.am64x.r5f.ti-arm-clang.release.lib : uart_v0_lld.obj (.text.UART_lld_Transaction_deInit)
                  70009fe6    00000008                                                : udma_ring_common.obj (.text.Udma_ringGetForwardRingOcc)
                  70009fee    00000008                                                : udma_ring_common.obj (.text.Udma_ringGetReverseRingOcc)
                  70009ff6    00000008     nortos.am64x.r5f.ti-arm-clang.release.lib : printf.obj (.text._out_char)
                  70009ffe    00000002     --HOLE-- [fill = 0]
                  7000a000    00000008     libc.a : exit.c.obj (.text:abort)
                  7000a008    00000006     drivers.am64x.r5f.ti-arm-clang.release.lib : csl_pktdma.obj (.text.CSL_pktdmaTeardownTxChan)
                  7000a00e    00000006                                                : udma_rm.obj (.text.Udma_rmAllocFreeRing)
                  7000a014    00000004     nortos.am64x.r5f.ti-arm-clang.release.lib : ClockP_nortos_r5.obj (.text.ClockP_getTimerCount)
                  7000a018    00000004                                               : ClockP_nortos_r5.obj (.text.ClockP_timerClearOverflowInt)
                  7000a01c    00000004     ti_power_clock_config.obj (.text.PowerClock_deinit)
                  7000a020    00000004     drivers.am64x.r5f.ti-arm-clang.release.lib : sciclient.obj (.text.Sciclient_deinit)
                  7000a024    00000004                                                : sciclient_rm.obj (.text.Sciclient_rmIrqSet)
                  7000a028    00000004     nortos.am64x.r5f.ti-arm-clang.release.lib : TimerP.obj (.text.TimerP_getCount)
                  7000a02c    00000004                                               : TimerP.obj (.text.TimerP_getReloadCount)
                  7000a030    00000004     drivers.am64x.r5f.ti-arm-clang.release.lib : udma_utils.obj (.text.Udma_defaultVirtToPhyFxn)
                  7000a034    00000004     libclang_rt.builtins.a : aeabi_memcpy.S.obj (.text.__aeabi_memcpy)
                  7000a038    00000004     ti_dpl_config.obj (.text.putchar_)
                  7000a03c    00000004     --HOLE-- [fill = 0]
                  7000a040    00000004     libclang_rt.builtins.a : aeabi_div0.c.obj (.text.__aeabi_ldiv0)
                  7000a044    00000008     nortos.am64x.r5f.ti-arm-clang.release.lib : HwiP_armv7r_asm.obj (.tramp.HwiP_enable.1)
                  7000a04c    00000008                                               : HwiP_armv7r_asm.obj (.tramp.HwiP_restore.1)
                  7000a054    00000008                                               : PmuP_armv7r_asm.obj (.tramp.PmuP_enableCounters.1)
                  7000a05c    00000008                                               : CacheP_armv7r_asm.obj (.tramp.CacheP_wb.1)
                  7000a064    0000000c     --HOLE-- [fill = 0]

.text.hwi 
*          0    7000a070    00000760     
                  7000a070    00000408     nortos.am64x.r5f.ti-arm-clang.release.lib : HwiP_armv7r_vim.obj (.text.hwi)
                  7000a478    00000220                                               : HwiP_armv7r_handlers_nortos.obj (.text.hwi)
                  7000a698    000000c0                                               : HwiP_armv7r_handlers_nortos_asm.obj (.text.hwi)
                  7000a758    00000070                                               : HwiP_armv7r_asm.obj (.text.hwi)
                  7000a7c8    00000008                                               : HwiP_armv7r_asm.obj (.tramp.HwiP_enableFIQ.1)

.text.cache 
*          0    7000a7d0    00000430     
                  7000a7d0    00000340     nortos.am64x.r5f.ti-arm-clang.release.lib : CacheP_armv7r_asm.obj (.text.cache)
                  7000ab10    000000d8                                               : CacheP_armv7r.obj (.text.cache)
                  7000abe8    00000008                                               : CacheP_armv7r_asm.obj (.tramp.CacheP_invL1d.1)
                  7000abf0    00000008                                               : CacheP_armv7r_asm.obj (.tramp.CacheP_enableL1p.1)
                  7000abf8    00000008                                               : HwiP_armv7r_asm.obj (.tramp.HwiP_restore.2)

.text.mpu 
*          0    7000ac00    00000218     
                  7000ac00    0000018e     nortos.am64x.r5f.ti-arm-clang.release.lib : MpuP_armv7r.obj (.text.mpu)
                  7000ad8e    00000002     --HOLE-- [fill = 0]
                  7000ad90    00000078                                               : MpuP_armv7r_asm.obj (.text.mpu)
                  7000ae08    00000008                                               : HwiP_armv7r_asm.obj (.tramp.HwiP_restore.3)
                  7000ae10    00000008                                               : MpuP_armv7r_asm.obj (.tramp.MpuP_isEnableAsm.1)

.text.boot 
*          0    7000ae18    00000128     
                  7000ae18    000000fc     nortos.am64x.r5f.ti-arm-clang.release.lib : boot_armv7r_asm.obj (.text.boot)
                  7000af14    0000001e                                               : DebugP_log.obj (.text.boot)
                  7000af32    0000000e     ti_dpl_config.obj (.text.boot)

.data      0    7000af40    000003f8     
                  7000af40    000000b8     drivers.am64x.r5f.ti-arm-clang.release.lib : sciclient_irq_rm.obj (.data.vint_usage_count_DMASS0_INTAGGR_0)
                  7000aff8    0000009c                                                : i2c_v0.obj (.data.gI2cDrvObj)
                  7000b094    0000009c                                                : uart_v0.obj (.data.gUartDrvObj)
                  7000b130    00000060                                                : sciclient_irq_rm.obj (.data.gRmIrInstances)
                  7000b190    00000058     ti_drivers_open_close.obj (.data.gUartParams)
                  7000b1e8    00000028     ti_pinmux_config.obj (.data.gPinMuxMainDomainCfg)
                  7000b210    00000024     ti_drivers_config.obj (.data.gI2cHwAttrs)
                  7000b234    00000020     drivers.am64x.r5f.ti-arm-clang.release.lib : sciclient_irq_rm.obj (.data.gRmIaInstances)
                  7000b254    00000004     nortos.am64x.r5f.ti-arm-clang.release.lib : DebugP_log.obj (.data.gDebugLogZone)
                  7000b258    00000020     drivers.am64x.r5f.ti-arm-clang.release.lib : sciclient_soc_priv.obj (.data.gSciclientSecProxyCfg)
                  7000b278    00000018     ti_dpl_config.obj (.data.gClockConfig)
                  7000b290    00000018     ti_power_clock_config.obj (.data.gSocModulesClockFrequency)
                  7000b2a8    00000014     drivers.am64x.r5f.ti-arm-clang.release.lib : sciclient_irq_rm.obj (.data.rom_usage_DMASS0_INTAGGR_0)
                  7000b2bc    00000004     nortos.am64x.r5f.ti-arm-clang.release.lib : DebugP_uartLogWriter.obj (.data.gDebugP_uartDrvIndex)
                  7000b2c0    0000000c                                               : AddrTranslateP.obj (.data.gAddrTranslateConfig)
                  7000b2cc    0000000c     ti_drivers_open_close.obj (.data.gI2cParams)
                  7000b2d8    0000000c     ti_power_clock_config.obj (.data.gSocModules)
                  7000b2e4    00000008     ti_drivers_config.obj (.data.gI2cConfig)
                  7000b2ec    00000008     ti_pinmux_config.obj (.data.gPinMuxMcuDomainCfg)
                  7000b2f4    00000008     ti_drivers_config.obj (.data.gUartAttrs)
                  7000b2fc    00000008     ti_drivers_config.obj (.data.gUartConfig)
                  7000b304    00000004     ti_dpl_config.obj (.data.gHwiConfig)
                  7000b308    00000008     nortos.am64x.r5f.ti-arm-clang.release.lib : PmuP_armv7r.obj (.data.pmu)
                  7000b310    00000004     ti_drivers_config.obj (.data.gI2cConfigNum)
                  7000b314    00000004     drivers.am64x.r5f.ti-arm-clang.release.lib : sciclient.obj (.data.gSciclientHandle.0)
                  7000b318    00000004                                                : sciclient.obj (.data.gSciclientHandle.2)
                  7000b31c    00000004                                                : sciclient.obj (.data.gSciclientHandle.3)
                  7000b320    00000004                                                : sciclient.obj (.data.gSciclientHandle.4)
                  7000b324    00000004                                                : sciclient.obj (.data.gSciclientHandle.5)
                  7000b328    00000004     ti_drivers_config.obj (.data.gUartConfigNum)
                  7000b32c    00000004     ti_drivers_open_close.obj (.data.gUartDmaChConfig)
                  7000b330    00000001     drivers.am64x.r5f.ti-arm-clang.release.lib : sciclient.obj (.data.gSecHeaderSizeWords)
                  7000b331    00000007     --HOLE-- [fill = 0]

.rodata    0    7000b338    00001168     
                  7000b338    00000138     drivers.am64x.r5f.ti-arm-clang.release.lib : udma_soc.obj (.rodata.gUdmaTxMappedChRingAttributes)
                  7000b470    0000012c                                                : sciclient_fmwSecureProxyMap.obj (.rodata.gSciclientMap)
                  7000b59c    0000009c                                                : udma_soc.obj (.rodata.gUdmaRxMappedChRingAttributes)
                  7000b638    00000068                                                : sciclient_irq_rm.obj (.rodata.tisci_if_TIMESYNC_EVENT_INTROUTER0)
                  7000b6a0    00000058                                                : sciclient_irq_rm.obj (.rodata.gRmIrqTree)
                  7000b6f8    00000054     ti_dpl_config.obj (.rodata.cfg)
                  7000b74c    00000004     nortos.am64x.r5f.ti-arm-clang.release.lib : CacheP_armv7r.obj (.rodata.gCacheL1dCacheLineSize)
                  7000b750    00000050                                               : printf.obj (.rodata._ftoa.pow10)
                  7000b7a0    0000003e                                               : TimerP.obj (.rodata.str1.155618297627321921901)
                  7000b7de    00000037                                               : SemaphoreP_nortos.obj (.rodata.str1.77784356401422800491)
                  7000b815    00000035     ti_drivers_open_close.obj (.rodata.str1.89322429334436556861)
                  7000b84a    00000034     ti_drivers_open_close.obj (.rodata.str1.135241915826326793361)
                  7000b87e    00000034     nortos.am64x.r5f.ti-arm-clang.release.lib : TimerP.obj (.rodata.str1.164743418995849697991)
                  7000b8b2    00000002     --HOLE-- [fill = 0]
                  7000b8b4    00000034     drivers.am64x.r5f.ti-arm-clang.release.lib : sciclient_irq_rm.obj (.rodata.tisci_if_MAIN_GPIOMUX_INTROUTER0)
                  7000b8e8    00000030     main.obj (.rodata.str1.55841430354152434161)
                  7000b918    00000030     drivers.am64x.r5f.ti-arm-clang.release.lib : sciclient_irq_rm.obj (.rodata.tisci_if_DMASS0_INTAGGR_0)
                  7000b948    0000002e     nortos.am64x.r5f.ti-arm-clang.release.lib : ClockP_nortos.obj (.rodata.str1.60552435462749564001)
                  7000b976    0000002c     runtime_swrev.obj (.rodata.str1.44364675707718718301)
                  7000b9a2    0000002b     runtime_swrev.obj (.rodata.str1.3615662875269820011)
                  7000b9cd    0000002b     runtime_swrev.obj (.rodata.str1.70666438148412724221)
                  7000b9f8    0000002a     nortos.am64x.r5f.ti-arm-clang.release.lib : DebugP_log.obj (.rodata.str1.8568035916953519521)
                  7000ba22    00000029     runtime_swrev.obj (.rodata.str1.181239598408228173771)
                  7000ba4b    00000029     runtime_swrev.obj (.rodata.str1.79316319186566880511)
                  7000ba74    00000027     nortos.am64x.r5f.ti-arm-clang.release.lib : ClockP_nortos_r5.obj (.rodata.str1.124546920576200709321)
                  7000ba9b    00000025     drivers.am64x.r5f.ti-arm-clang.release.lib : uart_dma_udma.obj (.rodata.str1.114986527709633033881)
                  7000bac0    00000024                                                : i2c_v0.obj (.rodata.I2C_defaultTransaction)
                  7000bae4    00000024                                                : sciclient_irq_rm.obj (.rodata.tisci_if_MCU_MCU_GPIOMUX_INTROUTER0)
                  7000bb08    00000023     nortos.am64x.r5f.ti-arm-clang.release.lib : ClockP_nortos_r5.obj (.rodata.str1.25776369892830718361)
                  7000bb2b    00000021                                               : ClockP_nortos_r5.obj (.rodata.str1.167645692065458388701)
                  7000bb4c    00000020     drivers.am64x.r5f.ti-arm-clang.release.lib : uart_v0_lld.obj (.rodata.cst32)
                  7000bb6c    00000020                                                : uart_v0.obj (.rodata.str1.169394063705023262141)
                  7000bb8c    00000020     main.obj (.rodata.str1.52501554851255701521)
                  7000bbac    00000020     drivers.am64x.r5f.ti-arm-clang.release.lib : sciclient_irq_rm.obj (.rodata.tisci_if_CPTS0)
                  7000bbcc    0000001f     nortos.am64x.r5f.ti-arm-clang.release.lib : TimerP.obj (.rodata.str1.170816537386891942861)
                  7000bbeb    0000001f                                               : ClockP_nortos_r5.obj (.rodata.str1.37049961317335892191)
                  7000bc0a    0000001f                                               : SemaphoreP_nortos.obj (.rodata.str1.93106250239489445331)
                  7000bc29    0000001d     drivers.am64x.r5f.ti-arm-clang.release.lib : uart_v0.obj (.rodata.str1.151873246111077803171)
                  7000bc46    0000001d     nortos.am64x.r5f.ti-arm-clang.release.lib : TimerP.obj (.rodata.str1.154036655774719862071)
                  7000bc63    00000001     --HOLE-- [fill = 0]
                  7000bc64    0000001c     drivers.am64x.r5f.ti-arm-clang.release.lib : sciclient_irq_rm.obj (.rodata.tisci_if_PRU_ICSSG0)
                  7000bc80    0000001c                                                : sciclient_irq_rm.obj (.rodata.tisci_if_PRU_ICSSG1)
                  7000bc9c    0000001b     nortos.am64x.r5f.ti-arm-clang.release.lib : ClockP_nortos.obj (.rodata.str1.25471646840808198631)
                  7000bcb7    0000001b     drivers.am64x.r5f.ti-arm-clang.release.lib : uart_dma_udma.obj (.rodata.str1.67818304883869641861)
                  7000bcd2    0000001b     main.obj (.rodata.str1.79551435545072341851)
                  7000bced    0000001a     nortos.am64x.r5f.ti-arm-clang.release.lib : TimerP.obj (.rodata.str1.160246686209138365701)
                  7000bd07    0000001a                                               : ClockP_nortos_r5.obj (.rodata.str1.169616377957066558931)
                  7000bd21    0000001a     main.obj (.rodata.str1.17141933821247617371)
                  7000bd3b    00000019     nortos.am64x.r5f.ti-arm-clang.release.lib : TimerP.obj (.rodata.str1.170516325075394100231)
                  7000bd54    00000019     runtime_swrev.obj (.rodata.str1.171464369591686046121)
                  7000bd6d    00000003     main.obj (.rodata.str1.176328792963337784071)
                  7000bd70    00000018     drivers.am64x.r5f.ti-arm-clang.release.lib : sciclient_soc_priv.obj (.rodata..Lswitch.table.Sciclient_getDevId)
                  7000bd88    00000018                                                : uart_v0.obj (.rodata.str1.144905129610797327471)
                  7000bda0    00000018                                                : i2c_v0.obj (.rodata.str1.37294835751928872871)
                  7000bdb8    00000018                                                : i2c_v0.obj (.rodata.str1.59089855815541349391)
                  7000bdd0    00000018     runtime_swrev.obj (.rodata.str1.76968072903028199771)
                  7000bde8    00000018     drivers.am64x.r5f.ti-arm-clang.release.lib : i2c_v0.obj (.rodata.str1.77450570067490785021)
                  7000be00    00000018                                                : sciclient_irq_rm.obj (.rodata.tisci_if_CMP_EVENT_INTROUTER0)
                  7000be18    00000017     main.obj (.rodata.str1.97993385775340092391)
                  7000be2f    00000016     drivers.am64x.r5f.ti-arm-clang.release.lib : uart_dma_udma.obj (.rodata.str1.58064152893147008181)
                  7000be45    00000015     main.obj (.rodata.str1.42969106790848045441)
                  7000be5a    00000015     nortos.am64x.r5f.ti-arm-clang.release.lib : SemaphoreP_nortos.obj (.rodata.str1.67625122021398397081)
                  7000be6f    00000014                                               : TimerP.obj (.rodata.str1.88986405623045072391)
                  7000be83    00000001     --HOLE-- [fill = 0]
                  7000be84    00000014     drivers.am64x.r5f.ti-arm-clang.release.lib : sciclient_irq_rm.obj (.rodata.tisci_if_PCIE0)
                  7000be98    00000013                                                : uart_dma_udma.obj (.rodata.str1.145558629777882325291)
                  7000beab    00000013                                                : uart_dma_udma.obj (.rodata.str1.58816005642906289831)
                  7000bebe    00000013                                                : uart_v0.obj (.rodata.str1.60965199449619900431)
                  7000bed1    00000012                                                : uart_v0.obj (.rodata.str1.108170205221098943901)
                  7000bee3    00000012                                                : uart_dma_udma.obj (.rodata.str1.120400024971159958011)
                  7000bef5    00000012                                                : uart_dma_udma.obj (.rodata.str1.143756269692443897091)
                  7000bf07    00000012                                                : uart_v0.obj (.rodata.str1.62999113157451139141)
                  7000bf19    00000012                                                : uart_dma_udma.obj (.rodata.str1.92142058481998845101)
                  7000bf2b    00000011     ti_drivers_open_close.obj (.rodata.str1.47319419042038394831)
                  7000bf3c    00000011     nortos.am64x.r5f.ti-arm-clang.release.lib : ClockP_nortos.obj (.rodata.str1.56392992661620616651)
                  7000bf4d    00000011     drivers.am64x.r5f.ti-arm-clang.release.lib : uart_v0.obj (.rodata.str1.60774846955662521161)
                  7000bf5e    00000010                                                : i2c_v0.obj (.rodata.str1.132816148421181799781)
                  7000bf6e    00000010     ti_drivers_open_close.obj (.rodata.str1.169961953043842274391)
                  7000bf7e    00000002     --HOLE-- [fill = 0]
                  7000bf80    00000010     drivers.am64x.r5f.ti-arm-clang.release.lib : sciclient_irq_rm.obj (.rodata.tisci_if_CPSW0)
                  7000bf90    0000000f                                                : i2c_v0.obj (.rodata.str1.77079860967995468881)
                  7000bf9f    0000000d     nortos.am64x.r5f.ti-arm-clang.release.lib : TimerP.obj (.rodata.str1.36936046049119147381)
                  7000bfac    0000000d                                               : TimerP.obj (.rodata.str1.90798414294938570131)
                  7000bfb9    00000003     --HOLE-- [fill = 0]
                  7000bfbc    0000000c     drivers.am64x.r5f.ti-arm-clang.release.lib : i2c_v0.obj (.rodata..Lswitch.table.I2C_open)
                  7000bfc8    0000000c     nortos.am64x.r5f.ti-arm-clang.release.lib : ClockP_nortos_r5.obj (.rodata.str1.43857604347425843821)
                  7000bfd4    0000000b     drivers.am64x.r5f.ti-arm-clang.release.lib : uart_v0.obj (.rodata.str1.147565038505633975661)
                  7000bfdf    0000000b                                                : uart_v0.obj (.rodata.str1.163246704051681974461)
                  7000bfea    0000000a                                                : uart_v0.obj (.rodata.str1.181272059988846645511)
                  7000bff4    0000000a                                                : i2c_v0.obj (.rodata.str1.27767329261682631241)
                  7000bffe    0000000a                                                : uart_v0.obj (.rodata.str1.27933745631974480251)
                  7000c008    00000009                                                : i2c_v0.obj (.rodata.str1.113334023112999446211)
                  7000c011    00000001     --HOLE-- [fill = 0]
                  7000c012    00000008                                                : sciclient_irq_rm.obj (.rodata.CMP_EVENT_INTROUTER0_outp_0_15_to_GICSS0_spi_48_63)
                  7000c01a    00000008                                                : sciclient_irq_rm.obj (.rodata.CMP_EVENT_INTROUTER0_outp_16_23_to_R5FSS0_CORE0_intr_48_55)
                  7000c022    00000008                                                : sciclient_irq_rm.obj (.rodata.CMP_EVENT_INTROUTER0_outp_16_23_to_R5FSS0_CORE1_intr_48_55)
                  7000c02a    00000008                                                : sciclient_irq_rm.obj (.rodata.CMP_EVENT_INTROUTER0_outp_24_31_to_R5FSS1_CORE0_intr_48_55)
                  7000c032    00000008                                                : sciclient_irq_rm.obj (.rodata.CMP_EVENT_INTROUTER0_outp_24_31_to_R5FSS1_CORE1_intr_48_55)
                  7000c03a    00000008                                                : sciclient_irq_rm.obj (.rodata.CMP_EVENT_INTROUTER0_outp_32_39_to_DMASS0_INTAGGR_0_intaggr_levi_pend_0_7)
                  7000c042    00000008                                                : sciclient_irq_rm.obj (.rodata.CPSW0_cpts_comp_0_0_to_CMP_EVENT_INTROUTER0_in_80_80)
                  7000c04a    00000008                                                : sciclient_irq_rm.obj (.rodata.CPSW0_cpts_genf0_1_1_to_TIMESYNC_EVENT_INTROUTER0_in_21_21)
                  7000c052    00000008                                                : sciclient_irq_rm.obj (.rodata.CPSW0_cpts_genf1_2_2_to_TIMESYNC_EVENT_INTROUTER0_in_22_22)
                  7000c05a    00000008                                                : sciclient_irq_rm.obj (.rodata.CPSW0_cpts_sync_3_3_to_TIMESYNC_EVENT_INTROUTER0_in_34_34)
                  7000c062    00000008                                                : sciclient_irq_rm.obj (.rodata.CPTS0_cpts_comp_0_0_to_CMP_EVENT_INTROUTER0_in_82_82)
                  7000c06a    00000008                                                : sciclient_irq_rm.obj (.rodata.CPTS0_cpts_genf0_1_1_to_TIMESYNC_EVENT_INTROUTER0_in_16_16)
                  7000c072    00000008                                                : sciclient_irq_rm.obj (.rodata.CPTS0_cpts_genf1_2_2_to_TIMESYNC_EVENT_INTROUTER0_in_17_17)
                  7000c07a    00000008                                                : sciclient_irq_rm.obj (.rodata.CPTS0_cpts_genf2_3_3_to_TIMESYNC_EVENT_INTROUTER0_in_18_18)
                  7000c082    00000008                                                : sciclient_irq_rm.obj (.rodata.CPTS0_cpts_genf3_4_4_to_TIMESYNC_EVENT_INTROUTER0_in_19_19)
                  7000c08a    00000008                                                : sciclient_irq_rm.obj (.rodata.CPTS0_cpts_genf4_5_5_to_TIMESYNC_EVENT_INTROUTER0_in_20_20)
                  7000c092    00000008                                                : sciclient_irq_rm.obj (.rodata.CPTS0_cpts_genf5_6_6_to_TIMESYNC_EVENT_INTROUTER0_in_24_24)
                  7000c09a    00000008                                                : sciclient_irq_rm.obj (.rodata.CPTS0_cpts_sync_7_7_to_TIMESYNC_EVENT_INTROUTER0_in_35_35)
                  7000c0a2    00000008                                                : sciclient_irq_rm.obj (.rodata.DMASS0_INTAGGR_0_intaggr_vintr_pend_0_39_to_GICSS0_spi_64_103)
                  7000c0aa    00000008                                                : sciclient_irq_rm.obj (.rodata.DMASS0_INTAGGR_0_intaggr_vintr_pend_120_127_to_R5FSS1_CORE0_intr_8_15)
                  7000c0b2    00000008                                                : sciclient_irq_rm.obj (.rodata.DMASS0_INTAGGR_0_intaggr_vintr_pend_128_135_to_R5FSS1_CORE1_intr_8_15)
                  7000c0ba    00000008                                                : sciclient_irq_rm.obj (.rodata.DMASS0_INTAGGR_0_intaggr_vintr_pend_152_159_to_PRU_ICSSG0_pr1_slv_intr_16_23)
                  7000c0c2    00000008                                                : sciclient_irq_rm.obj (.rodata.DMASS0_INTAGGR_0_intaggr_vintr_pend_160_167_to_PRU_ICSSG1_pr1_slv_intr_16_23)
                  7000c0ca    00000008                                                : sciclient_irq_rm.obj (.rodata.DMASS0_INTAGGR_0_intaggr_vintr_pend_168_183_to_MCU_M4FSS0_CORE0_nvic_32_47)
                  7000c0d2    00000008                                                : sciclient_irq_rm.obj (.rodata.DMASS0_INTAGGR_0_intaggr_vintr_pend_40_71_to_R5FSS0_CORE0_intr_64_95)
                  7000c0da    00000008                                                : sciclient_irq_rm.obj (.rodata.DMASS0_INTAGGR_0_intaggr_vintr_pend_40_71_to_R5FSS0_CORE1_intr_64_95)
                  7000c0e2    00000008                                                : sciclient_irq_rm.obj (.rodata.DMASS0_INTAGGR_0_intaggr_vintr_pend_72_79_to_R5FSS0_CORE0_intr_8_15)
                  7000c0ea    00000008                                                : sciclient_irq_rm.obj (.rodata.DMASS0_INTAGGR_0_intaggr_vintr_pend_80_87_to_R5FSS0_CORE1_intr_8_15)
                  7000c0f2    00000008                                                : sciclient_irq_rm.obj (.rodata.DMASS0_INTAGGR_0_intaggr_vintr_pend_88_119_to_R5FSS1_CORE0_intr_64_95)
                  7000c0fa    00000008                                                : sciclient_irq_rm.obj (.rodata.DMASS0_INTAGGR_0_intaggr_vintr_pend_88_119_to_R5FSS1_CORE1_intr_64_95)
                  7000c102    00000008                                                : sciclient_irq_rm.obj (.rodata.EPWM0_epwm_synco_o_0_0_to_TIMESYNC_EVENT_INTROUTER0_in_39_39)
                  7000c10a    00000008                                                : sciclient_irq_rm.obj (.rodata.EPWM3_epwm_synco_o_0_0_to_TIMESYNC_EVENT_INTROUTER0_in_40_40)
                  7000c112    00000008                                                : sciclient_irq_rm.obj (.rodata.EPWM6_epwm_synco_o_0_0_to_TIMESYNC_EVENT_INTROUTER0_in_41_41)
                  7000c11a    00000008                                                : sciclient_irq_rm.obj (.rodata.GPIO0_gpio_0_89_to_MAIN_GPIOMUX_INTROUTER0_in_0_89)
                  7000c122    00000008                                                : sciclient_irq_rm.obj (.rodata.GPIO0_gpio_bank_90_98_to_MAIN_GPIOMUX_INTROUTER0_in_190_198)
                  7000c12a    00000008                                                : sciclient_irq_rm.obj (.rodata.GPIO1_gpio_0_89_to_MAIN_GPIOMUX_INTROUTER0_in_90_179)
                  7000c132    00000008                                                : sciclient_irq_rm.obj (.rodata.GPIO1_gpio_bank_90_98_to_MAIN_GPIOMUX_INTROUTER0_in_180_188)
                  7000c13a    00000008                                                : sciclient_irq_rm.obj (.rodata.GPMC0_gpmc_sdmareq_0_0_to_DMASS0_INTAGGR_0_intaggr_levi_pend_29_29)
                  7000c142    00000008                                                : sciclient_irq_rm.obj (.rodata.GTC0_gtc_push_event_0_0_to_TIMESYNC_EVENT_INTROUTER0_in_36_36)
                  7000c14a    00000008                                                : sciclient_irq_rm.obj (.rodata.MAIN_GPIOMUX_INTROUTER0_outp_0_15_to_GICSS0_spi_32_47)
                  7000c152    00000008                                                : sciclient_irq_rm.obj (.rodata.MAIN_GPIOMUX_INTROUTER0_outp_0_15_to_R5FSS0_CORE0_intr_32_47)
                  7000c15a    00000008                                                : sciclient_irq_rm.obj (.rodata.MAIN_GPIOMUX_INTROUTER0_outp_0_15_to_R5FSS0_CORE1_intr_32_47)
                  7000c162    00000008                                                : sciclient_irq_rm.obj (.rodata.MAIN_GPIOMUX_INTROUTER0_outp_0_15_to_R5FSS1_CORE0_intr_32_47)
                  7000c16a    00000008                                                : sciclient_irq_rm.obj (.rodata.MAIN_GPIOMUX_INTROUTER0_outp_0_15_to_R5FSS1_CORE1_intr_32_47)
                  7000c172    00000008                                                : sciclient_irq_rm.obj (.rodata.MAIN_GPIOMUX_INTROUTER0_outp_16_17_to_DMASS0_INTAGGR_0_intaggr_levi_pend_24_25)
                  7000c17a    00000008                                                : sciclient_irq_rm.obj (.rodata.MAIN_GPIOMUX_INTROUTER0_outp_18_23_to_PRU_ICSSG0_pr1_iep0_cap_intr_req_4_9)
                  7000c182    00000008                                                : sciclient_irq_rm.obj (.rodata.MAIN_GPIOMUX_INTROUTER0_outp_18_23_to_PRU_ICSSG1_pr1_iep0_cap_intr_req_4_9)
                  7000c18a    00000008                                                : sciclient_irq_rm.obj (.rodata.MAIN_GPIOMUX_INTROUTER0_outp_24_29_to_PRU_ICSSG0_pr1_iep1_cap_intr_req_10_15)
                  7000c192    00000008                                                : sciclient_irq_rm.obj (.rodata.MAIN_GPIOMUX_INTROUTER0_outp_24_29_to_PRU_ICSSG1_pr1_iep1_cap_intr_req_10_15)
                  7000c19a    00000008                                                : sciclient_irq_rm.obj (.rodata.MAIN_GPIOMUX_INTROUTER0_outp_30_37_to_DMASS0_INTAGGR_0_intaggr_levi_pend_16_23)
                  7000c1a2    00000008                                                : sciclient_irq_rm.obj (.rodata.MAIN_GPIOMUX_INTROUTER0_outp_38_45_to_PRU_ICSSG0_pr1_slv_intr_46_53)
                  7000c1aa    00000008                                                : sciclient_irq_rm.obj (.rodata.MAIN_GPIOMUX_INTROUTER0_outp_46_53_to_PRU_ICSSG1_pr1_slv_intr_46_53)
                  7000c1b2    00000008                                                : sciclient_irq_rm.obj (.rodata.MCU_GPIO0_gpio_0_29_to_MCU_MCU_GPIOMUX_INTROUTER0_in_0_29)
                  7000c1ba    00000008                                                : sciclient_irq_rm.obj (.rodata.MCU_GPIO0_gpio_bank_30_31_to_MCU_MCU_GPIOMUX_INTROUTER0_in_30_31)
                  7000c1c2    00000008                                                : sciclient_irq_rm.obj (.rodata.MCU_MCU_GPIOMUX_INTROUTER0_outp_0_3_to_GICSS0_spi_104_107)
                  7000c1ca    00000008                                                : sciclient_irq_rm.obj (.rodata.MCU_MCU_GPIOMUX_INTROUTER0_outp_0_3_to_R5FSS0_CORE0_intr_104_107)
                  7000c1d2    00000008                                                : sciclient_irq_rm.obj (.rodata.MCU_MCU_GPIOMUX_INTROUTER0_outp_0_3_to_R5FSS0_CORE1_intr_104_107)
                  7000c1da    00000008                                                : sciclient_irq_rm.obj (.rodata.MCU_MCU_GPIOMUX_INTROUTER0_outp_0_3_to_R5FSS1_CORE0_intr_104_107)
                  7000c1e2    00000008                                                : sciclient_irq_rm.obj (.rodata.MCU_MCU_GPIOMUX_INTROUTER0_outp_0_3_to_R5FSS1_CORE1_intr_104_107)
                  7000c1ea    00000008                                                : sciclient_irq_rm.obj (.rodata.MCU_MCU_GPIOMUX_INTROUTER0_outp_4_7_to_MCU_M4FSS0_CORE0_nvic_0_3)
                  7000c1f2    00000008                                                : sciclient_irq_rm.obj (.rodata.MCU_MCU_GPIOMUX_INTROUTER0_outp_8_11_to_MCU_ESM0_esm_pls_event0_88_91)
                  7000c1fa    00000008                                                : sciclient_irq_rm.obj (.rodata.MCU_MCU_GPIOMUX_INTROUTER0_outp_8_11_to_MCU_ESM0_esm_pls_event1_92_95)
                  7000c202    00000008                                                : sciclient_irq_rm.obj (.rodata.MCU_MCU_GPIOMUX_INTROUTER0_outp_8_11_to_MCU_ESM0_esm_pls_event2_96_99)
                  7000c20a    00000008                                                : sciclient_irq_rm.obj (.rodata.PCIE0_pcie_cpts_comp_0_0_to_CMP_EVENT_INTROUTER0_in_81_81)
                  7000c212    00000008                                                : sciclient_irq_rm.obj (.rodata.PCIE0_pcie_cpts_genf0_1_1_to_TIMESYNC_EVENT_INTROUTER0_in_23_23)
                  7000c21a    00000008                                                : sciclient_irq_rm.obj (.rodata.PCIE0_pcie_cpts_hw1_push_2_2_to_TIMESYNC_EVENT_INTROUTER0_in_37_37)
                  7000c222    00000008                                                : sciclient_irq_rm.obj (.rodata.PCIE0_pcie_cpts_sync_3_3_to_TIMESYNC_EVENT_INTROUTER0_in_33_33)
                  7000c22a    00000008                                                : sciclient_irq_rm.obj (.rodata.PCIE0_pcie_ptm_valid_pulse_4_4_to_TIMESYNC_EVENT_INTROUTER0_in_38_38)
                  7000c232    00000008                                                : sciclient_irq_rm.obj (.rodata.PRU_ICSSG0_pr1_edc0_sync0_out_0_0_to_TIMESYNC_EVENT_INTROUTER0_in_25_25)
                  7000c23a    00000008                                                : sciclient_irq_rm.obj (.rodata.PRU_ICSSG0_pr1_edc0_sync1_out_1_1_to_TIMESYNC_EVENT_INTROUTER0_in_26_26)
                  7000c242    00000008                                                : sciclient_irq_rm.obj (.rodata.PRU_ICSSG0_pr1_edc1_sync0_out_2_2_to_TIMESYNC_EVENT_INTROUTER0_in_27_27)
                  7000c24a    00000008                                                : sciclient_irq_rm.obj (.rodata.PRU_ICSSG0_pr1_edc1_sync1_out_3_3_to_TIMESYNC_EVENT_INTROUTER0_in_28_28)
                  7000c252    00000008                                                : sciclient_irq_rm.obj (.rodata.PRU_ICSSG0_pr1_host_intr_req_4_11_to_CMP_EVENT_INTROUTER0_in_0_7)
                  7000c25a    00000008                                                : sciclient_irq_rm.obj (.rodata.PRU_ICSSG0_pr1_iep0_cmp_intr_req_12_27_to_CMP_EVENT_INTROUTER0_in_16_31)
                  7000c262    00000008                                                : sciclient_irq_rm.obj (.rodata.PRU_ICSSG0_pr1_iep1_cmp_intr_req_28_43_to_CMP_EVENT_INTROUTER0_in_32_47)
                  7000c26a    00000008                                                : sciclient_irq_rm.obj (.rodata.PRU_ICSSG1_pr1_edc0_sync0_out_0_0_to_TIMESYNC_EVENT_INTROUTER0_in_29_29)
                  7000c272    00000008                                                : sciclient_irq_rm.obj (.rodata.PRU_ICSSG1_pr1_edc0_sync1_out_1_1_to_TIMESYNC_EVENT_INTROUTER0_in_30_30)
                  7000c27a    00000008                                                : sciclient_irq_rm.obj (.rodata.PRU_ICSSG1_pr1_edc1_sync0_out_2_2_to_TIMESYNC_EVENT_INTROUTER0_in_31_31)
                  7000c282    00000008                                                : sciclient_irq_rm.obj (.rodata.PRU_ICSSG1_pr1_edc1_sync1_out_3_3_to_TIMESYNC_EVENT_INTROUTER0_in_32_32)
                  7000c28a    00000008                                                : sciclient_irq_rm.obj (.rodata.PRU_ICSSG1_pr1_host_intr_req_4_11_to_CMP_EVENT_INTROUTER0_in_8_15)
                  7000c292    00000008                                                : sciclient_irq_rm.obj (.rodata.PRU_ICSSG1_pr1_iep0_cmp_intr_req_12_27_to_CMP_EVENT_INTROUTER0_in_48_63)
                  7000c29a    00000008                                                : sciclient_irq_rm.obj (.rodata.PRU_ICSSG1_pr1_iep1_cmp_intr_req_28_43_to_CMP_EVENT_INTROUTER0_in_64_79)
                  7000c2a2    00000008                                                : sciclient_irq_rm.obj (.rodata.TIMER0_timer_pwm_0_0_to_TIMESYNC_EVENT_INTROUTER0_in_0_0)
                  7000c2aa    00000008                                                : sciclient_irq_rm.obj (.rodata.TIMER1_timer_pwm_0_0_to_TIMESYNC_EVENT_INTROUTER0_in_1_1)
                  7000c2b2    00000008                                                : sciclient_irq_rm.obj (.rodata.TIMER2_timer_pwm_0_0_to_TIMESYNC_EVENT_INTROUTER0_in_2_2)
                  7000c2ba    00000008                                                : sciclient_irq_rm.obj (.rodata.TIMER3_timer_pwm_0_0_to_TIMESYNC_EVENT_INTROUTER0_in_3_3)
                  7000c2c2    00000008                                                : sciclient_irq_rm.obj (.rodata.TIMESYNC_EVENT_INTROUTER0_outl_0_7_to_DMASS0_INTAGGR_0_intaggr_levi_pend_8_15)
                  7000c2ca    00000008                                                : sciclient_irq_rm.obj (.rodata.TIMESYNC_EVENT_INTROUTER0_outl_10_10_to_PRU_ICSSG0_pr1_edc1_latch0_in_2_2)
                  7000c2d2    00000008                                                : sciclient_irq_rm.obj (.rodata.TIMESYNC_EVENT_INTROUTER0_outl_11_11_to_PRU_ICSSG0_pr1_edc1_latch1_in_3_3)
                  7000c2da    00000008                                                : sciclient_irq_rm.obj (.rodata.TIMESYNC_EVENT_INTROUTER0_outl_12_12_to_PRU_ICSSG1_pr1_edc0_latch0_in_0_0)
                  7000c2e2    00000008                                                : sciclient_irq_rm.obj (.rodata.TIMESYNC_EVENT_INTROUTER0_outl_13_13_to_PRU_ICSSG1_pr1_edc0_latch1_in_1_1)
                  7000c2ea    00000008                                                : sciclient_irq_rm.obj (.rodata.TIMESYNC_EVENT_INTROUTER0_outl_14_14_to_PRU_ICSSG1_pr1_edc1_latch0_in_2_2)
                  7000c2f2    00000008                                                : sciclient_irq_rm.obj (.rodata.TIMESYNC_EVENT_INTROUTER0_outl_15_15_to_PRU_ICSSG1_pr1_edc1_latch1_in_3_3)
                  7000c2fa    00000008                                                : sciclient_irq_rm.obj (.rodata.TIMESYNC_EVENT_INTROUTER0_outl_16_16_to_CPTS0_cpts_hw1_push_0_0)
                  7000c302    00000008                                                : sciclient_irq_rm.obj (.rodata.TIMESYNC_EVENT_INTROUTER0_outl_17_17_to_CPTS0_cpts_hw2_push_1_1)
                  7000c30a    00000008                                                : sciclient_irq_rm.obj (.rodata.TIMESYNC_EVENT_INTROUTER0_outl_18_18_to_CPTS0_cpts_hw3_push_2_2)
                  7000c312    00000008                                                : sciclient_irq_rm.obj (.rodata.TIMESYNC_EVENT_INTROUTER0_outl_19_19_to_CPTS0_cpts_hw4_push_3_3)
                  7000c31a    00000008                                                : sciclient_irq_rm.obj (.rodata.TIMESYNC_EVENT_INTROUTER0_outl_20_20_to_CPTS0_cpts_hw5_push_4_4)
                  7000c322    00000008                                                : sciclient_irq_rm.obj (.rodata.TIMESYNC_EVENT_INTROUTER0_outl_21_21_to_CPTS0_cpts_hw6_push_5_5)
                  7000c32a    00000008                                                : sciclient_irq_rm.obj (.rodata.TIMESYNC_EVENT_INTROUTER0_outl_22_22_to_CPTS0_cpts_hw7_push_6_6)
                  7000c332    00000008                                                : sciclient_irq_rm.obj (.rodata.TIMESYNC_EVENT_INTROUTER0_outl_23_23_to_CPTS0_cpts_hw8_push_7_7)
                  7000c33a    00000008                                                : sciclient_irq_rm.obj (.rodata.TIMESYNC_EVENT_INTROUTER0_outl_29_29_to_PCIE0_pcie_cpts_hw2_push_0_0)
                  7000c342    00000008                                                : sciclient_irq_rm.obj (.rodata.TIMESYNC_EVENT_INTROUTER0_outl_30_30_to_CPSW0_cpts_hw1_push_0_0)
                  7000c34a    00000008                                                : sciclient_irq_rm.obj (.rodata.TIMESYNC_EVENT_INTROUTER0_outl_31_31_to_CPSW0_cpts_hw2_push_1_1)
                  7000c352    00000008                                                : sciclient_irq_rm.obj (.rodata.TIMESYNC_EVENT_INTROUTER0_outl_32_32_to_CPSW0_cpts_hw3_push_2_2)
                  7000c35a    00000008                                                : sciclient_irq_rm.obj (.rodata.TIMESYNC_EVENT_INTROUTER0_outl_33_33_to_CPSW0_cpts_hw4_push_3_3)
                  7000c362    00000008                                                : sciclient_irq_rm.obj (.rodata.TIMESYNC_EVENT_INTROUTER0_outl_34_34_to_CPSW0_cpts_hw5_push_4_4)
                  7000c36a    00000008                                                : sciclient_irq_rm.obj (.rodata.TIMESYNC_EVENT_INTROUTER0_outl_35_35_to_CPSW0_cpts_hw6_push_5_5)
                  7000c372    00000008                                                : sciclient_irq_rm.obj (.rodata.TIMESYNC_EVENT_INTROUTER0_outl_36_36_to_CPSW0_cpts_hw7_push_6_6)
                  7000c37a    00000008                                                : sciclient_irq_rm.obj (.rodata.TIMESYNC_EVENT_INTROUTER0_outl_37_37_to_CPSW0_cpts_hw8_push_7_7)
                  7000c382    00000008                                                : sciclient_irq_rm.obj (.rodata.TIMESYNC_EVENT_INTROUTER0_outl_8_8_to_PRU_ICSSG0_pr1_edc0_latch0_in_0_0)
                  7000c38a    00000008                                                : sciclient_irq_rm.obj (.rodata.TIMESYNC_EVENT_INTROUTER0_outl_9_9_to_PRU_ICSSG0_pr1_edc0_latch1_in_1_1)
                  7000c392    00000002     --HOLE-- [fill = 0]
                  7000c394    00000008                                                : sciclient_irq_rm.obj (.rodata.tisci_if_GPIO0)
                  7000c39c    00000008                                                : sciclient_irq_rm.obj (.rodata.tisci_if_GPIO1)
                  7000c3a4    00000008                                                : sciclient_irq_rm.obj (.rodata.tisci_if_MCU_GPIO0)
                  7000c3ac    00000008                                                : sciclient_irq_rm.obj (.rodata.tisci_irq_CMP_EVENT_INTROUTER0)
                  7000c3b4    00000008                                                : sciclient_irq_rm.obj (.rodata.tisci_irq_CPSW0)
                  7000c3bc    00000008                                                : sciclient_irq_rm.obj (.rodata.tisci_irq_CPTS0)
                  7000c3c4    00000008                                                : sciclient_irq_rm.obj (.rodata.tisci_irq_DMASS0_INTAGGR_0)
                  7000c3cc    00000008                                                : sciclient_irq_rm.obj (.rodata.tisci_irq_EPWM0)
                  7000c3d4    00000008                                                : sciclient_irq_rm.obj (.rodata.tisci_irq_EPWM3)
[...]
7000a900  CacheP_wbInv                                                                  
7000a93c  CacheP_wbAll                                                                  
7000a9e4  CacheP_wbInvAll                                                               
7000a9fc  CacheP_wbInvAllAsm                                                            
7000aa9c  CacheP_getEnabled                                                             
7000aad4  CacheP_getCacheLevelInfo                                                      
7000aae0  CacheP_configForceWrThru                                                      
7000ab00  CacheP_setDLFO                                                                
7000ab11  CacheP_init                                                                   
7000ab69  CacheP_disable                                                                
7000aba3  CacheP_enable                                                                 
7000abc3  CacheP_inv                                                                    
7000ac01  MpuP_RegionAttrs_init                                                         
7000ac0f  MpuP_setRegion                                                                
7000acbd  MpuP_isEnable                                                                 
7000acc1  MpuP_disable                                                                  
7000acf3  MpuP_enable                                                                   
7000ad2b  MpuP_init                                                                     
7000ad90  MpuP_disableAsm                                                               
7000ada8  MpuP_disableBRAsm                                                             
7000adb8  MpuP_enableAsm                                                                
7000add0  MpuP_enableBRAsm                                                              
7000ade0  MpuP_isEnableAsm                                                              
7000adf4  MpuP_setRegionAsm                                                             
7000ae18  _c_int00_sbl                                                                  
7000ae3c  _c_int00                                                                      
7000af15  _DebugP_assertNoLog                                                           
7000af33  __mpu_init                                                                    
7000af40  gUartDmaHandle                                                                
7000af40  vint_usage_count_DMASS0_INTAGGR_0                                             
7000b130  gRmIrInstances                                                                
7000b190  gUartParams                                                                   
7000b234  gRmIaInstances                                                                
7000b254  gDebugLogZone                                                                 
7000b258  gSciclientSecProxyCfg                                                         
7000b278  gClockConfig                                                                  
7000b290  gSocModulesClockFrequency                                                     
7000b2bc  gDebugP_uartDrvIndex                                                          
7000b2c0  gAddrTranslateConfig                                                          
7000b2cc  gI2cParams                                                                    
7000b2d8  gSocModules                                                                   
7000b2e4  gI2cConfig                                                                    
7000b2fc  gUartConfig                                                                   
7000b304  gHwiConfig                                                                    
7000b310  gI2cConfigNum                                                                 
7000b328  gUartConfigNum                                                                
7000b32c  gUartDmaChConfig                                                              
7000b338  gUdmaTxMappedChRingAttributes                                                 
7000b470  gSciclientMap                                                                 
7000b59c  gUdmaRxMappedChRingAttributes                                                 
7000b638  tisci_if_TIMESYNC_EVENT_INTROUTER0                                            
7000b6a0  gRmIrqTree                                                                    
7000b6f8  gCacheConfig                                                                  
7000b700  gMpuConfig                                                                    
7000b70c  gMpuRegionConfig                                                              
7000b74c  gCacheL1dCacheLineSize                                                        
7000b8b4  tisci_if_MAIN_GPIOMUX_INTROUTER0                                              
7000b918  tisci_if_DMASS0_INTAGGR_0                                                     
7000bac0  I2C_defaultTransaction                                                        
7000bae4  tisci_if_MCU_MCU_GPIOMUX_INTROUTER0                                           
7000bbac  tisci_if_CPTS0                                                                
7000bc64  tisci_if_PRU_ICSSG0                                                           
7000bc80  tisci_if_PRU_ICSSG1                                                           
7000be00  tisci_if_CMP_EVENT_INTROUTER0                                                 
7000be84  tisci_if_PCIE0                                                                
7000bf80  tisci_if_CPSW0                                                                
7000c012  CMP_EVENT_INTROUTER0_outp_0_15_to_GICSS0_spi_48_63                            
7000c01a  CMP_EVENT_INTROUTER0_outp_16_23_to_R5FSS0_CORE0_intr_48_55                    
7000c022  CMP_EVENT_INTROUTER0_outp_16_23_to_R5FSS0_CORE1_intr_48_55                    
7000c02a  CMP_EVENT_INTROUTER0_outp_24_31_to_R5FSS1_CORE0_intr_48_55                    
7000c032  CMP_EVENT_INTROUTER0_outp_24_31_to_R5FSS1_CORE1_intr_48_55                    
7000c03a  CMP_EVENT_INTROUTER0_outp_32_39_to_DMASS0_INTAGGR_0_intaggr_levi_pend_0_7     
7000c042  CPSW0_cpts_comp_0_0_to_CMP_EVENT_INTROUTER0_in_80_80                          
7000c04a  CPSW0_cpts_genf0_1_1_to_TIMESYNC_EVENT_INTROUTER0_in_21_21                    
7000c052  CPSW0_cpts_genf1_2_2_to_TIMESYNC_EVENT_INTROUTER0_in_22_22                    
7000c05a  CPSW0_cpts_sync_3_3_to_TIMESYNC_EVENT_INTROUTER0_in_34_34                     
7000c062  CPTS0_cpts_comp_0_0_to_CMP_EVENT_INTROUTER0_in_82_82                          
7000c06a  CPTS0_cpts_genf0_1_1_to_TIMESYNC_EVENT_INTROUTER0_in_16_16                    
7000c072  CPTS0_cpts_genf1_2_2_to_TIMESYNC_EVENT_INTROUTER0_in_17_17                    
7000c07a  CPTS0_cpts_genf2_3_3_to_TIMESYNC_EVENT_INTROUTER0_in_18_18                    
7000c082  CPTS0_cpts_genf3_4_4_to_TIMESYNC_EVENT_INTROUTER0_in_19_19                    
7000c08a  CPTS0_cpts_genf4_5_5_to_TIMESYNC_EVENT_INTROUTER0_in_20_20                    
7000c092  CPTS0_cpts_genf5_6_6_to_TIMESYNC_EVENT_INTROUTER0_in_24_24                    
7000c09a  CPTS0_cpts_sync_7_7_to_TIMESYNC_EVENT_INTROUTER0_in_35_35                     
7000c0a2  DMASS0_INTAGGR_0_intaggr_vintr_pend_0_39_to_GICSS0_spi_64_103                 
7000c0aa  DMASS0_INTAGGR_0_intaggr_vintr_pend_120_127_to_R5FSS1_CORE0_intr_8_15         
7000c0b2  DMASS0_INTAGGR_0_intaggr_vintr_pend_128_135_to_R5FSS1_CORE1_intr_8_15         
7000c0ba  DMASS0_INTAGGR_0_intaggr_vintr_pend_152_159_to_PRU_ICSSG0_pr1_slv_intr_16_23  
7000c0c2  DMASS0_INTAGGR_0_intaggr_vintr_pend_160_167_to_PRU_ICSSG1_pr1_slv_intr_16_23  
7000c0ca  DMASS0_INTAGGR_0_intaggr_vintr_pend_168_183_to_MCU_M4FSS0_CORE0_nvic_32_47    
7000c0d2  DMASS0_INTAGGR_0_intaggr_vintr_pend_40_71_to_R5FSS0_CORE0_intr_64_95          
7000c0da  DMASS0_INTAGGR_0_intaggr_vintr_pend_40_71_to_R5FSS0_CORE1_intr_64_95          
7000c0e2  DMASS0_INTAGGR_0_intaggr_vintr_pend_72_79_to_R5FSS0_CORE0_intr_8_15           
7000c0ea  DMASS0_INTAGGR_0_intaggr_vintr_pend_80_87_to_R5FSS0_CORE1_intr_8_15           
7000c0f2  DMASS0_INTAGGR_0_intaggr_vintr_pend_88_119_to_R5FSS1_CORE0_intr_64_95         
7000c0fa  DMASS0_INTAGGR_0_intaggr_vintr_pend_88_119_to_R5FSS1_CORE1_intr_64_95         
7000c102  EPWM0_epwm_synco_o_0_0_to_TIMESYNC_EVENT_INTROUTER0_in_39_39                  
7000c10a  EPWM3_epwm_synco_o_0_0_to_TIMESYNC_EVENT_INTROUTER0_in_40_40                  
7000c112  EPWM6_epwm_synco_o_0_0_to_TIMESYNC_EVENT_INTROUTER0_in_41_41                  
7000c11a  GPIO0_gpio_0_89_to_MAIN_GPIOMUX_INTROUTER0_in_0_89                            
7000c122  GPIO0_gpio_bank_90_98_to_MAIN_GPIOMUX_INTROUTER0_in_190_198                   
7000c12a  GPIO1_gpio_0_89_to_MAIN_GPIOMUX_INTROUTER0_in_90_179                          
7000c132  GPIO1_gpio_bank_90_98_to_MAIN_GPIOMUX_INTROUTER0_in_180_188                   
7000c13a  GPMC0_gpmc_sdmareq_0_0_to_DMASS0_INTAGGR_0_intaggr_levi_pend_29_29            
7000c142  GTC0_gtc_push_event_0_0_to_TIMESYNC_EVENT_INTROUTER0_in_36_36                 
7000c14a  MAIN_GPIOMUX_INTROUTER0_outp_0_15_to_GICSS0_spi_32_47                         
7000c152  MAIN_GPIOMUX_INTROUTER0_outp_0_15_to_R5FSS0_CORE0_intr_32_47                  
7000c15a  MAIN_GPIOMUX_INTROUTER0_outp_0_15_to_R5FSS0_CORE1_intr_32_47                  
7000c162  MAIN_GPIOMUX_INTROUTER0_outp_0_15_to_R5FSS1_CORE0_intr_32_47                  
7000c16a  MAIN_GPIOMUX_INTROUTER0_outp_0_15_to_R5FSS1_CORE1_intr_32_47                  
7000c172  MAIN_GPIOMUX_INTROUTER0_outp_16_17_to_DMASS0_INTAGGR_0_intaggr_levi_pend_24_25
7000c17a  MAIN_GPIOMUX_INTROUTER0_outp_18_23_to_PRU_ICSSG0_pr1_iep0_cap_intr_req_4_9    
7000c182  MAIN_GPIOMUX_INTROUTER0_outp_18_23_to_PRU_ICSSG1_pr1_iep0_cap_intr_req_4_9    
7000c18a  MAIN_GPIOMUX_INTROUTER0_outp_24_29_to_PRU_ICSSG0_pr1_iep1_cap_intr_req_10_15  
7000c192  MAIN_GPIOMUX_INTROUTER0_outp_24_29_to_PRU_ICSSG1_pr1_iep1_cap_intr_req_10_15  
7000c19a  MAIN_GPIOMUX_INTROUTER0_outp_30_37_to_DMASS0_INTAGGR_0_intaggr_levi_pend_16_23
7000c1a2  MAIN_GPIOMUX_INTROUTER0_outp_38_45_to_PRU_ICSSG0_pr1_slv_intr_46_53           
7000c1aa  MAIN_GPIOMUX_INTROUTER0_outp_46_53_to_PRU_ICSSG1_pr1_slv_intr_46_53           
7000c1b2  MCU_GPIO0_gpio_0_29_to_MCU_MCU_GPIOMUX_INTROUTER0_in_0_29                     
7000c1ba  MCU_GPIO0_gpio_bank_30_31_to_MCU_MCU_GPIOMUX_INTROUTER0_in_30_31              
7000c1c2  MCU_MCU_GPIOMUX_INTROUTER0_outp_0_3_to_GICSS0_spi_104_107                     
7000c1ca  MCU_MCU_GPIOMUX_INTROUTER0_outp_0_3_to_R5FSS0_CORE0_intr_104_107              
7000c1d2  MCU_MCU_GPIOMUX_INTROUTER0_outp_0_3_to_R5FSS0_CORE1_intr_104_107              
7000c1da  MCU_MCU_GPIOMUX_INTROUTER0_outp_0_3_to_R5FSS1_CORE0_intr_104_107              
7000c1e2  MCU_MCU_GPIOMUX_INTROUTER0_outp_0_3_to_R5FSS1_CORE1_intr_104_107              
7000c1ea  MCU_MCU_GPIOMUX_INTROUTER0_outp_4_7_to_MCU_M4FSS0_CORE0_nvic_0_3              
7000c1f2  MCU_MCU_GPIOMUX_INTROUTER0_outp_8_11_to_MCU_ESM0_esm_pls_event0_88_91         
7000c1fa  MCU_MCU_GPIOMUX_INTROUTER0_outp_8_11_to_MCU_ESM0_esm_pls_event1_92_95         
7000c202  MCU_MCU_GPIOMUX_INTROUTER0_outp_8_11_to_MCU_ESM0_esm_pls_event2_96_99         
7000c20a  PCIE0_pcie_cpts_comp_0_0_to_CMP_EVENT_INTROUTER0_in_81_81                     
7000c212  PCIE0_pcie_cpts_genf0_1_1_to_TIMESYNC_EVENT_INTROUTER0_in_23_23               
7000c21a  PCIE0_pcie_cpts_hw1_push_2_2_to_TIMESYNC_EVENT_INTROUTER0_in_37_37            
7000c222  PCIE0_pcie_cpts_sync_3_3_to_TIMESYNC_EVENT_INTROUTER0_in_33_33                
7000c22a  PCIE0_pcie_ptm_valid_pulse_4_4_to_TIMESYNC_EVENT_INTROUTER0_in_38_38          
7000c232  PRU_ICSSG0_pr1_edc0_sync0_out_0_0_to_TIMESYNC_EVENT_INTROUTER0_in_25_25       
7000c23a  PRU_ICSSG0_pr1_edc0_sync1_out_1_1_to_TIMESYNC_EVENT_INTROUTER0_in_26_26       
7000c242  PRU_ICSSG0_pr1_edc1_sync0_out_2_2_to_TIMESYNC_EVENT_INTROUTER0_in_27_27       
7000c24a  PRU_ICSSG0_pr1_edc1_sync1_out_3_3_to_TIMESYNC_EVENT_INTROUTER0_in_28_28       
7000c252  PRU_ICSSG0_pr1_host_intr_req_4_11_to_CMP_EVENT_INTROUTER0_in_0_7              
7000c25a  PRU_ICSSG0_pr1_iep0_cmp_intr_req_12_27_to_CMP_EVENT_INTROUTER0_in_16_31       
7000c262  PRU_ICSSG0_pr1_iep1_cmp_intr_req_28_43_to_CMP_EVENT_INTROUTER0_in_32_47       
7000c26a  PRU_ICSSG1_pr1_edc0_sync0_out_0_0_to_TIMESYNC_EVENT_INTROUTER0_in_29_29       
7000c272  PRU_ICSSG1_pr1_edc0_sync1_out_1_1_to_TIMESYNC_EVENT_INTROUTER0_in_30_30       
7000c27a  PRU_ICSSG1_pr1_edc1_sync0_out_2_2_to_TIMESYNC_EVENT_INTROUTER0_in_31_31       
7000c282  PRU_ICSSG1_pr1_edc1_sync1_out_3_3_to_TIMESYNC_EVENT_INTROUTER0_in_32_32       
7000c28a  PRU_ICSSG1_pr1_host_intr_req_4_11_to_CMP_EVENT_INTROUTER0_in_8_15             
7000c292  PRU_ICSSG1_pr1_iep0_cmp_intr_req_12_27_to_CMP_EVENT_INTROUTER0_in_48_63       
7000c29a  PRU_ICSSG1_pr1_iep1_cmp_intr_req_28_43_to_CMP_EVENT_INTROUTER0_in_64_79       
7000c2a2  TIMER0_timer_pwm_0_0_to_TIMESYNC_EVENT_INTROUTER0_in_0_0                      
7000c2aa  TIMER1_timer_pwm_0_0_to_TIMESYNC_EVENT_INTROUTER0_in_1_1                      
7000c2b2  TIMER2_timer_pwm_0_0_to_TIMESYNC_EVENT_INTROUTER0_in_2_2                      
7000c2ba  TIMER3_timer_pwm_0_0_to_TIMESYNC_EVENT_INTROUTER0_in_3_3                      
7000c2c2  TIMESYNC_EVENT_INTROUTER0_outl_0_7_to_DMASS0_INTAGGR_0_intaggr_levi_pend_8_15 
7000c2ca  TIMESYNC_EVENT_INTROUTER0_outl_10_10_to_PRU_ICSSG0_pr1_edc1_latch0_in_2_2     
7000c2d2  TIMESYNC_EVENT_INTROUTER0_outl_11_11_to_PRU_ICSSG0_pr1_edc1_latch1_in_3_3     
7000c2da  TIMESYNC_EVENT_INTROUTER0_outl_12_12_to_PRU_ICSSG1_pr1_edc0_latch0_in_0_0     
7000c2e2  TIMESYNC_EVENT_INTROUTER0_outl_13_13_to_PRU_ICSSG1_pr1_edc0_latch1_in_1_1     
7000c2ea  TIMESYNC_EVENT_INTROUTER0_outl_14_14_to_PRU_ICSSG1_pr1_edc1_latch0_in_2_2     
7000c2f2  TIMESYNC_EVENT_INTROUTER0_outl_15_15_to_PRU_ICSSG1_pr1_edc1_latch1_in_3_3     
7000c2fa  TIMESYNC_EVENT_INTROUTER0_outl_16_16_to_CPTS0_cpts_hw1_push_0_0               
7000c302  TIMESYNC_EVENT_INTROUTER0_outl_17_17_to_CPTS0_cpts_hw2_push_1_1               
7000c30a  TIMESYNC_EVENT_INTROUTER0_outl_18_18_to_CPTS0_cpts_hw3_push_2_2               
7000c312  TIMESYNC_EVENT_INTROUTER0_outl_19_19_to_CPTS0_cpts_hw4_push_3_3               
7000c31a  TIMESYNC_EVENT_INTROUTER0_outl_20_20_to_CPTS0_cpts_hw5_push_4_4               
7000c322  TIMESYNC_EVENT_INTROUTER0_outl_21_21_to_CPTS0_cpts_hw6_push_5_5               
7000c32a  TIMESYNC_EVENT_INTROUTER0_outl_22_22_to_CPTS0_cpts_hw7_push_6_6               
7000c332  TIMESYNC_EVENT_INTROUTER0_outl_23_23_to_CPTS0_cpts_hw8_push_7_7               
7000c33a  TIMESYNC_EVENT_INTROUTER0_outl_29_29_to_PCIE0_pcie_cpts_hw2_push_0_0          
7000c342  TIMESYNC_EVENT_INTROUTER0_outl_30_30_to_CPSW0_cpts_hw1_push_0_0               
7000c34a  TIMESYNC_EVENT_INTROUTER0_outl_31_31_to_CPSW0_cpts_hw2_push_1_1               
7000c352  TIMESYNC_EVENT_INTROUTER0_outl_32_32_to_CPSW0_cpts_hw3_push_2_2               
7000c35a  TIMESYNC_EVENT_INTROUTER0_outl_33_33_to_CPSW0_cpts_hw4_push_3_3               
7000c362  TIMESYNC_EVENT_INTROUTER0_outl_34_34_to_CPSW0_cpts_hw5_push_4_4               
7000c36a  TIMESYNC_EVENT_INTROUTER0_outl_35_35_to_CPSW0_cpts_hw6_push_5_5               
7000c372  TIMESYNC_EVENT_INTROUTER0_outl_36_36_to_CPSW0_cpts_hw7_push_6_6               
7000c37a  TIMESYNC_EVENT_INTROUTER0_outl_37_37_to_CPSW0_cpts_hw8_push_7_7               
7000c382  TIMESYNC_EVENT_INTROUTER0_outl_8_8_to_PRU_ICSSG0_pr1_edc0_latch0_in_0_0       
7000c38a  TIMESYNC_EVENT_INTROUTER0_outl_9_9_to_PRU_ICSSG0_pr1_edc0_latch1_in_1_1       
7000c394  tisci_if_GPIO0                                                                
7000c39c  tisci_if_GPIO1                                                                
7000c3a4  tisci_if_MCU_GPIO0                                                            
7000c468  gCacheL1pCacheLineSize                                                        
7000c46c  gRmIrqTreeCount                                                               
7000c478  tisci_if_EPWM0                                                                
7000c47c  tisci_if_EPWM3                                                                
7000c480  tisci_if_EPWM6                                                                
7000c484  tisci_if_GPMC0                                                                
7000c488  tisci_if_GTC0                                                                 
7000c48c  tisci_if_TIMER0                                                               
7000c490  tisci_if_TIMER1                                                               
7000c494  tisci_if_TIMER2                                                               
7000c498  tisci_if_TIMER3                                                               
70050000  __stack                                                                       
70050000  __start___llvm_prf_bits                                                       
70050000  __start___llvm_prf_cnts                                                       
70050000  __stop___llvm_prf_bits                                                        
70050000  __stop___llvm_prf_cnts                                                        
70054000  __BSS_START                                                                   
70054000  __STACK_END                                                                   
70054000  gHwiCtrl                                                                      
700554e8  gClockCtrl                                                                    
7005554c  gI2cHandle                                                                    
70055550  gUartHandle                                                                   
70055558  __BSS_END                                                                     
70055558  __IRQ_STACK_START                                                             
70055658  __FIQ_STACK_START                                                             
70055658  __IRQ_STACK_END                                                               
70055758  __FIQ_STACK_END                                                               
70055758  __SVC_STACK_START                                                             
70056758  __ABORT_STACK_START                                                           
70056758  __SVC_STACK_END                                                               
70056858  __ABORT_STACK_END                                                             
70056858  __UNDEFINED_STACK_START                                                       
70056958  __UNDEFINED_STACK_END                                                         
ffffffff  __TI_pprof_out_hndl                                                           
ffffffff  __TI_prof_data_size                                                           
ffffffff  __TI_prof_data_start                                                          
ffffffff  __binit__                                                                     
ffffffff  binit                                                                         
UNDEFED   __TI_CINIT_Base                                                               
UNDEFED   __TI_CINIT_Limit                                                              
UNDEFED   __TI_Handler_Table_Base                                                       
UNDEFED   __TI_Handler_Table_Limit                                                      
UNDEFED   _system_post_cinit                                                            

[536 symbols]
