******************************************************************************
            TI ARM Clang Linker Unix v3.2.0                    
******************************************************************************
>> Linked Wed Dec 13 14:59:40 2023

OUTPUT FILE NAME:   <sbl_jtag_uniflash.debug.out>
ENTRY POINT SYMBOL: "_vectors_sbl"  address: 70000000


MEMORY CONFIGURATION

         name            origin    length      used     unused   attr    fill
----------------------  --------  ---------  --------  --------  ----  --------
  R5F_VECS              00000000   00000040  00000000  00000040  RWIX
  R5F_TCMA              00000040   00007fc0  00000000  00007fc0  RWIX
  R5F_TCMB0             41010000   00008000  00000000  00008000  RWIX
  MSRAM_VECS            70000000   00000100  00000040  000000c0  RWIX
  MSRAM_0               70000100   0005ff00  00017eb0  00048050  RWIX
  MSRAM_1               70060000   00020000  00016f80  00009080  RWIX
  DDR                   80000000   00800000  00800000  00000000  RWIX


SEGMENT ALLOCATION MAP

run origin  load origin   length   init length attrs members
----------  ----------- ---------- ----------- ----- -------
70000000    70000000    00000040   00000040    r-x
  70000000    70000000    00000040   00000040    r-x .vectors
70000100    70000100    00014800   00014800    r-x
  70000100    70000100    00013480   00013480    r-x .text
  70013580    70013580    00000ae0   00000ae0    r-x .text.hwi
  70014060    70014060    000004a0   000004a0    r-x .text.cache
  70014500    70014500    000002c0   000002c0    r-x .text.mpu
  700147c0    700147c0    00000140   00000140    r-x .text.boot
70014900    70014900    00002880   00002880    rw-
  70014900    70014900    00002880   00002880    rw- .data
70017180    70017180    00000e30   00000e30    r--
  70017180    70017180    00000e30   00000e30    r-- .rodata
70060000    70060000    00015b80   00000000    rw-
  70060000    70060000    00009b80   00000000    rw- .bss
  70069b80    70069b80    00008000   00000000    rw- .sysmem
  70071b80    70071b80    00004000   00000000    rw- .stack
70075b80    70075b80    00001400   00000000    r--
  70075b80    70075b80    00001000   00000000    r-- .irqstack
  70076b80    70076b80    00000100   00000000    r-- .fiqstack
  70076c80    70076c80    00000100   00000000    r-- .svcstack
  70076d80    70076d80    00000100   00000000    r-- .abortstack
  70076e80    70076e80    00000100   00000000    r-- .undefinedstack


SECTION ALLOCATION MAP

 output                                  attributes/
section   page    origin      length       input sections
--------  ----  ----------  ----------   ----------------
.vectors   0    70000000    00000040     
                  70000000    00000040     nortos.am64x.r5f.ti-arm-clang.debug.lib : HwiP_armv7r_vectors_nortos_sbl_asm.obj (.vectors)

.text      0    70000100    00013480     
                  70000100    00000ddc     libc.a : _printfi.c.obj (.text:__TI_printfi_nofloat)
                  70000edc    00000004     libclang_rt.builtins.a : aeabi_memcpy.S.obj (.text.__aeabi_memcpy)
                  70000ee0    00000a34     nortos.am64x.r5f.ti-arm-clang.debug.lib : printf.obj (.text._vsnprintf)
                  70001914    0000000c     libc.a : aeabi_portable.c.obj (.text.__aeabi_errno_addr)
                  70001920    00000826     drivers.am64x.r5f.ti-arm-clang.debug.lib : ospi_phy.obj (.text.OSPI_phyFindOTP1)
                  70002146    00000002     --HOLE-- [fill = 0]
                  70002148    00000008     libc.a : exit.c.obj (.text:abort)
                  70002150    0000061e     drivers.am64x.r5f.ti-arm-clang.debug.lib : mmcsd_v0.obj (.text.MMCSD_transfer)
                  7000276e    00000002     --HOLE-- [fill = 0]
                  70002770    00000550                                              : ospi_phy.obj (.text.OSPI_phyFindOTP2)
                  70002cc0    0000051e     nortos.am64x.r5f.ti-arm-clang.debug.lib : printf.obj (.text._ftoa)
                  700031de    00000002     --HOLE-- [fill = 0]
                  700031e0    00000478                                             : printf.obj (.text._etoa)
                  70003658    00000004     libc.a : _lock.c.obj (.text._nop)
                  7000365c    00000004            : fseek.c.obj (.text.fseek)
                  70003660    000003fc     drivers.am64x.r5f.ti-arm-clang.debug.lib : mmcsd_v0.obj (.text.MMCSD_initEMMC)
                  70003a5c    00000004     libc.a : ftell.c.obj (.text.ftell)
                  70003a60    000003c2     drivers.am64x.r5f.ti-arm-clang.debug.lib : mmcsd_v0.obj (.text.MMCSD_initSD)
                  70003e22    00000002     --HOLE-- [fill = 0]
                  70003e24    0000000c     libclang_rt.builtins.a : aeabi_memset.S.obj (.text.__aeabi_memclr)
                  70003e30    0000039a     drivers.am64x.r5f.ti-arm-clang.debug.lib : mmcsd_v0.obj (.text.MMCSD_switchEmmcMode)
                  700041ca    00000002     --HOLE-- [fill = 0]
                  700041cc    00000014     libc.a : fgets.c.obj (.text.gets)
                  700041e0    00000390            : strcmp32.S.obj (.text:strcmp)
                  70004570    00000364     board.am64x.r5f.ti-arm-clang.debug.lib : flash_nor_ospi.obj (.text.Flash_setQeBit)
                  700048d4    0000000c     libc.a : memory.c.obj (.text.malloc)
                  700048e0    00000346     drivers.am64x.r5f.ti-arm-clang.debug.lib : bootloader_uniflash.obj (.text.Bootloader_uniflashProcessFlashCommands)
                  70004c26    00000002     --HOLE-- [fill = 0]
                  70004c28    00000004     libsysbm.a : remove.c.obj (.text.remove)
                  70004c2c    00000004     --HOLE-- [fill = 0]
                  70004c30    00000314     main.obj (.text.sbl_jtag_uniflash_load_file)
                  70004f44    0000000c     --HOLE-- [fill = 0]
                  70004f50    000002da     drivers.am64x.r5f.ti-arm-clang.debug.lib : sciclient.obj (.text.Sciclient_service)
                  7000522a    00000006     --HOLE-- [fill = 0]
                  70005230    000002d4                                              : mmcsd_v0.obj (.text.MMCSD_xferStatusPollingFxn)
                  70005504    0000000c     --HOLE-- [fill = 0]
                  70005510    0000029e                                              : mmcsd_v0.obj (.text.MMCSD_phyConfigure)
                  700057ae    00000002     --HOLE-- [fill = 0]
                  700057b0    0000029c                                              : bootloader_mmcsd_raw.obj (.text.Bootloader_MmcsdRaw_writeToOffset)
                  70005a4c    00000004     --HOLE-- [fill = 0]
                  70005a50    0000027a     nortos.am64x.r5f.ti-arm-clang.debug.lib : TimerP.obj (.text.TimerP_setup)
                  70005cca    00000002     --HOLE-- [fill = 0]
                  70005ccc    0000026c     libc.a : fgets.c.obj (.text._dofgets)
                  70005f38    00000008     --HOLE-- [fill = 0]
                  70005f40    0000026a     drivers.am64x.r5f.ti-arm-clang.debug.lib : lpddr4_16bit.obj (.text.LPDDR4_INTR_SanityFunction1)
                  700061aa    00000006     --HOLE-- [fill = 0]
                  700061b0    00000264                                              : ospi_v0.obj (.text.OSPI_programInstance)
                  70006414    0000000c     --HOLE-- [fill = 0]
                  70006420    0000025a                                              : lpddr4_16bit.obj (.text.LPDDR4_INTR_SanityFunction2)
                  7000667a    00000006     --HOLE-- [fill = 0]
                  70006680    00000252                                              : mmcsd_v0.obj (.text.MMCSD_open)
                  700068d2    0000000e     --HOLE-- [fill = 0]
                  700068e0    0000023e     nortos.am64x.r5f.ti-arm-clang.debug.lib : printf.obj (.text._ntoa_format)
                  70006b1e    00000002     --HOLE-- [fill = 0]
                  70006b20    0000023a     drivers.am64x.r5f.ti-arm-clang.debug.lib : bootloader_mmcsd_raw.obj (.text.Bootloader_MmcsdRaw_readFromOffset)
                  70006d5a    00000006     --HOLE-- [fill = 0]
                  70006d60    00000238     board.am64x.r5f.ti-arm-clang.debug.lib : flash_nor_ospi.obj (.text.Flash_norOspiOpen)
                  70006f98    00000008     --HOLE-- [fill = 0]
                  70006fa0    00000238                                            : flash_nor_ospi.obj (.text.Flash_set888mode)
                  700071d8    000001f8     libc.a : strtol.c.obj (.text.strtol)
                  700073d0    000001d2     drivers.am64x.r5f.ti-arm-clang.debug.lib : ospi_v0.obj (.text.OSPI_open)
                  700075a2    00000002     --HOLE-- [fill = 0]
                  700075a4    000001d0     libclang_rt.builtins.a : udivsi3.S.obj (.text.__udivsi3)
                  70007774    000001c0     libc.a : fopen.c.obj (.text._openfile)
                  70007934    0000000c     --HOLE-- [fill = 0]
                  70007940    000001be     drivers.am64x.r5f.ti-arm-clang.debug.lib : ddr.obj (.text.DDR_inlineECCCfg)
                  70007afe    00000002     --HOLE-- [fill = 0]
                  70007b00    000001b4                                              : soc.obj (.text.SOC_moduleSetClockFrequency)
                  70007cb4    000001b4     libc.a : memory.c.obj (.text.aligned_alloc)
                  70007e68    000001b0            : memory.c.obj (.text.free)
                  70008018    00000008     --HOLE-- [fill = 0]
                  70008020    00000188     drivers.am64x.r5f.ti-arm-clang.debug.lib : ospi_v0.obj (.text.OSPI_readCmd)
                  700081a8    00000008     --HOLE-- [fill = 0]
                  700081b0    00000184     board.am64x.r5f.ti-arm-clang.debug.lib : flash_nor_ospi.obj (.text.Flash_set444mode)
                  70008334    0000000c     --HOLE-- [fill = 0]
                  70008340    00000174     drivers.am64x.r5f.ti-arm-clang.debug.lib : ospi_v0.obj (.text.OSPI_readDirect)
                  700084b4    0000000c     --HOLE-- [fill = 0]
                  700084c0    00000162                                              : lpddr4.obj (.text.LPDDR4_INTR_SanityFunction3)
                  70008622    0000000e     --HOLE-- [fill = 0]
                  70008630    00000160                                              : ospi_v0.obj (.text.OSPI_writeIndirect)
                  70008790    00000156                                              : mmcsd_v0.obj (.text.MMCSD_read)
                  700088e6    0000000a     --HOLE-- [fill = 0]
                  700088f0    00000152                                              : lpddr4.obj (.text.LPDDR4_INTR_SanityFunction4)
                  70008a42    0000000e     --HOLE-- [fill = 0]
                  70008a50    00000150                                              : ospi_v0.obj (.text.OSPI_writeCmd)
                  70008ba0    00000144     board.am64x.r5f.ti-arm-clang.debug.lib : flash_nor_ospi.obj (.text.Flash_norOspiSetProtocol)
                  70008ce4    00000144     libc.a : setvbuf.c.obj (.text.setvbuf)
                  70008e28    00000008     --HOLE-- [fill = 0]
                  70008e30    00000142     drivers.am64x.r5f.ti-arm-clang.debug.lib : sciclient.obj (.text.Sciclient_sendMessage)
                  70008f72    0000000e     --HOLE-- [fill = 0]
                  70008f80    0000013e                                              : lpddr4_16bit.obj (.text.LPDDR4_AckCtlInterrupt_4)
                  700090be    00000002     --HOLE-- [fill = 0]
                  700090c0    0000013c     nortos.am64x.r5f.ti-arm-clang.debug.lib : ClockP_nortos_r5.obj (.text.ClockP_init)
                  700091fc    00000004     --HOLE-- [fill = 0]
                  70009200    0000013a     drivers.am64x.r5f.ti-arm-clang.debug.lib : lpddr4_16bit.obj (.text.LPDDR4_AckCtlInterrupt)
                  7000933a    00000006     --HOLE-- [fill = 0]
                  70009340    00000138     nortos.am64x.r5f.ti-arm-clang.debug.lib : printf.obj (.text._ntoa_long_long)
                  70009478    00000138     libsysbm.a : open.c.obj (.text.open)
                  700095b0    00000136     drivers.am64x.r5f.ti-arm-clang.debug.lib : ddr.obj (.text.DDR_start)
                  700096e6    0000000a     --HOLE-- [fill = 0]
                  700096f0    00000136                                              : mmcsd_v0.obj (.text.MMCSD_write)
                  70009826    0000000a     --HOLE-- [fill = 0]
                  70009830    00000134                                              : mmcsd_v0.obj (.text.MMCSD_setupADMA2)
                  70009964    0000000c     --HOLE-- [fill = 0]
                  70009970    00000134                                              : mmcsd_v0.obj (.text.MMCSD_xferStatusPollingFxnCMD19)
                  70009aa4    0000000c     --HOLE-- [fill = 0]
                  70009ab0    00000130                                              : sciclient.obj (.text.Sciclient_recvMessage)
                  70009be0    00000130     main.obj (.text.main)
                  70009d10    0000012a     drivers.am64x.r5f.ti-arm-clang.debug.lib : sciclient_pm.obj (.text.Sciclient_pmQueryModuleClkFreq)
                  70009e3a    00000006     --HOLE-- [fill = 0]
                  70009e40    00000126     board.am64x.r5f.ti-arm-clang.debug.lib : flash_nor_ospi.obj (.text.Flash_norOspiWrite)
                  70009f66    0000000a     --HOLE-- [fill = 0]
                  70009f70    00000126     drivers.am64x.r5f.ti-arm-clang.debug.lib : mmcsd_v0.obj (.text.MMCSD_getModeSd)
                  7000a096    0000000a     --HOLE-- [fill = 0]
                  7000a0a0    0000011c     board.am64x.r5f.ti-arm-clang.debug.lib : flash_nor_ospi.obj (.text.Flash_norOspiReset)
                  7000a1bc    00000004     --HOLE-- [fill = 0]
                  7000a1c0    00000118     drivers.am64x.r5f.ti-arm-clang.debug.lib : lpddr4_16bit.obj (.text.LPDDR4_CheckCtlInterrupt)
                  7000a2d8    00000118     libclang_rt.builtins.a : udivmoddi4.S.obj (.text)
                  7000a3f0    00000114     nortos.am64x.r5f.ti-arm-clang.debug.lib : printf.obj (.text._ntoa_long)
                  7000a504    0000000c     --HOLE-- [fill = 0]
                  7000a510    00000110     board.am64x.r5f.ti-arm-clang.debug.lib : flash_nor_ospi.obj (.text.Flash_norOspiWaitReady)
                  7000a620    00000110     drivers.am64x.r5f.ti-arm-clang.debug.lib : sciclient_pm.obj (.text.Sciclient_pmSetModuleClkFreq)
                  7000a730    0000010e                                              : ddr.obj (.text.DDR_changeFreqAck)
                  7000a83e    00000002     --HOLE-- [fill = 0]
                  7000a840    00000106                                              : lpddr4_16bit.obj (.text.LPDDR4_AckCtlInterrupt_3)
                  7000a946    0000000a     --HOLE-- [fill = 0]
                  7000a950    00000106                                              : mmcsd_priv.obj (.text.MMCSD_parseCSDSd)
                  7000aa56    0000000a     --HOLE-- [fill = 0]
                  7000aa60    00000106                                              : ospi_v0.obj (.text.OSPI_setProtocol)
                  7000ab66    0000000a     --HOLE-- [fill = 0]
                  7000ab70    00000102                                              : bootloader_uniflash.obj (.text.Bootloader_uniflashFlashFile)
                  7000ac72    0000000e     --HOLE-- [fill = 0]
                  7000ac80    00000100     board.am64x.r5f.ti-arm-clang.debug.lib : flash_nor_ospi.obj (.text.Flash_norOspiErase)
                  7000ad80    00000100                                            : flash_nor_ospi.obj (.text.Flash_norOspiEraseSector)
                  7000ae80    000000fe     drivers.am64x.r5f.ti-arm-clang.debug.lib : bootloader_uniflash.obj (.text.Bootloader_uniflashFlashErase)
                  7000af7e    00000002     --HOLE-- [fill = 0]
                  7000af80    000000fe                                              : bootloader_uniflash.obj (.text.Bootloader_uniflashFlashFileSector)
                  7000b07e    00000002     --HOLE-- [fill = 0]
                  7000b080    000000fa                                              : mmcsd_priv.obj (.text.MMCSD_parseCIDEmmc)
                  7000b17a    00000006     --HOLE-- [fill = 0]
                  7000b180    000000f6     nortos.am64x.r5f.ti-arm-clang.debug.lib : SemaphoreP_nortos.obj (.text.SemaphoreP_pend)
                  7000b276    00000002     --HOLE-- [fill = 0]
                  7000b278    000000f4     libc.a : fputc.c.obj (.text.fputc)
                  7000b36c    00000004     --HOLE-- [fill = 0]
                  7000b370    000000f2     drivers.am64x.r5f.ti-arm-clang.debug.lib : mmcsd_v0.obj (.text.MMCSD_phyTuneAuto)
                  7000b462    0000000e     --HOLE-- [fill = 0]
                  7000b470    000000f0                                              : mmcsd_priv.obj (.text.MMCSD_parseECSDEmmc)
                  7000b560    000000ee     board.am64x.r5f.ti-arm-clang.debug.lib : flash_nor_ospi.obj (.text.Flash_norOspiSet4ByteAddrMode)
                  7000b64e    00000002     --HOLE-- [fill = 0]
                  7000b650    000000ea     nortos.am64x.r5f.ti-arm-clang.debug.lib : AddrTranslateP.obj (.text.AddrTranslateP_getLocalAddr)
                  7000b73a    00000006     --HOLE-- [fill = 0]
                  7000b740    000000ea     drivers.am64x.r5f.ti-arm-clang.debug.lib : lpddr4_16bit.obj (.text.LPDDR4_CheckCtlInterrupt_2)
                  7000b82a    00000006     --HOLE-- [fill = 0]
                  7000b830    000000e8                                              : lpddr4_16bit.obj (.text.LPDDR4_AckCtlInterrupt_2)
                  7000b918    000000e8     libc.a : _bufread.c.obj (.text.__TI_buff_read)
                  7000ba00    000000e6     drivers.am64x.r5f.ti-arm-clang.debug.lib : mmcsd_v0.obj (.text.MMCSD_getModeEmmc)
                  7000bae6    0000000a     --HOLE-- [fill = 0]
                  7000baf0    000000e4     board.am64x.r5f.ti-arm-clang.debug.lib : flash_nor_ospi.obj (.text.Flash_norOspiReadId)
                  7000bbd4    0000000c     --HOLE-- [fill = 0]
                  7000bbe0    000000e4     drivers.am64x.r5f.ti-arm-clang.debug.lib : mmcsd_v0.obj (.text.MMCSD_halSetBusFreq)
                  7000bcc4    0000000c     --HOLE-- [fill = 0]
                  7000bcd0    000000e2                                              : bootloader_uniflash.obj (.text.Bootloader_uniflashFlashVerifyFile)
                  7000bdb2    0000000e     --HOLE-- [fill = 0]
                  7000bdc0    000000e2                                              : mmcsd_v0.obj (.text.MMCSD_phyInit)
                  7000bea2    0000000e     --HOLE-- [fill = 0]
                  7000beb0    000000e0                                              : bootloader_uniflash.obj (.text.Bootloader_uniflashFlashVerifyFileMMCSDRaw)
                  7000bf90    000000de                                              : mmcsd_v0.obj (.text.MMCSD_cmdStatusPollingFxn)
                  7000c06e    00000002     --HOLE-- [fill = 0]
                  7000c070    000000de                                              : sciclient.obj (.text.Sciclient_waitForMessage)
                  7000c14e    00000002     --HOLE-- [fill = 0]
                  7000c150    000000dc                                              : bootloader_uniflash.obj (.text.Bootloader_uniflashFlashOrVerifyXipFile)
                  7000c22c    00000004     --HOLE-- [fill = 0]
                  7000c230    000000da                                              : csl_emif.obj (.text.CSL_emifConfigController)
                  7000c30a    00000006     --HOLE-- [fill = 0]
                  7000c310    000000d8     board.am64x.r5f.ti-arm-clang.debug.lib : flash_nor_ospi.obj (.text.Flash_norOspiSetRegCfg)
                  7000c3e8    00000008     --HOLE-- [fill = 0]
                  7000c3f0    000000d6                                            : flash_nor_ospi.obj (.text.Flash_setOeBit)
                  7000c4c6    0000000a     --HOLE-- [fill = 0]
                  7000c4d0    000000d4     drivers.am64x.r5f.ti-arm-clang.debug.lib : pinmux.obj (.text.Pinmux_unlockMMR)
                  7000c5a4    0000000c     --HOLE-- [fill = 0]
                  7000c5b0    000000ce                                              : mmcsd_v0.obj (.text.MMCSD_enableBootPartition)
                  7000c67e    00000002     --HOLE-- [fill = 0]
                  7000c680    000000ce                                              : mmcsd_priv.obj (.text.MMCSD_parseCIDSd)
                  7000c74e    00000002     --HOLE-- [fill = 0]
                  7000c750    000000ca                                              : ospi_phy.obj (.text.OSPI_phyResyncDLL)
                  7000c81a    00000002     --HOLE-- [fill = 0]
                  7000c81c    000000c8     libc.a : getdevice.c.obj (.text.getdevice)
                  7000c8e4    0000000c     --HOLE-- [fill = 0]
                  7000c8f0    000000c0     drivers.am64x.r5f.ti-arm-clang.debug.lib : lpddr4_16bit.obj (.text.LPDDR4_CheckCtlInterrupt_4)
                  7000c9b0    000000c0                                              : lpddr4.obj (.text.LPDDR4_ReadReg)
                  7000ca70    000000c0     nortos.am64x.r5f.ti-arm-clang.debug.lib : printf.obj (.text._out_rev)
                  7000cb30    000000be     ti_board_open_close.obj (.text.Board_flashOpen)
                  7000cbee    00000002     --HOLE-- [fill = 0]
                  7000cbf0    000000be     nortos.am64x.r5f.ti-arm-clang.debug.lib : ClockP_nortos.obj (.text.ClockP_timerTickIsr)
                  7000ccae    00000002     --HOLE-- [fill = 0]
                  7000ccb0    000000bc     drivers.am64x.r5f.ti-arm-clang.debug.lib : ddr.obj (.text.DDR_setClock)
                  7000cd6c    00000004     --HOLE-- [fill = 0]
                  7000cd70    000000ba     nortos.am64x.r5f.ti-arm-clang.debug.lib : ClockP_nortos.obj (.text.ClockP_stop)
                  7000ce2a    00000006     --HOLE-- [fill = 0]
                  7000ce30    000000ba     drivers.am64x.r5f.ti-arm-clang.debug.lib : mmcsd_v0.obj (.text.MMCSD_halSendCommand)
                  7000ceea    00000006     --HOLE-- [fill = 0]
                  7000cef0    000000b8     board.am64x.r5f.ti-arm-clang.debug.lib : flash.obj (.text.Flash_offsetToSectorPage)
                  7000cfa8    00000008     --HOLE-- [fill = 0]
                  7000cfb0    000000b8     drivers.am64x.r5f.ti-arm-clang.debug.lib : lpddr4.obj (.text.LPDDR4_WriteReg)
                  7000d068    00000008     --HOLE-- [fill = 0]
                  7000d070    000000b6                                              : bootloader_uniflash.obj (.text.Bootloader_uniflashFlashOrVerifyRprcXipFile)
                  7000d126    0000000a     --HOLE-- [fill = 0]
                  7000d130    000000b6     board.am64x.r5f.ti-arm-clang.debug.lib : flash.obj (.text.Flash_offsetToBlkPage)
                  7000d1e6    0000000a     --HOLE-- [fill = 0]
                  7000d1f0    000000b6     drivers.am64x.r5f.ti-arm-clang.debug.lib : ospi_phy.obj (.text.OSPI_phyTuneDDR)
                  7000d2a6    0000000a     --HOLE-- [fill = 0]
                  7000d2b0    000000b4                                              : ospi_v0.obj (.text.OSPI_close)
                  7000d364    000000b4     libc.a : fclose.c.obj (.text.__TI_closefile)
                  7000d418    000000b4            : fseek.c.obj (.text.fseeko)
                  7000d4cc    000000b4            : ftell.c.obj (.text.ftello)
                  7000d580    000000b2     drivers.am64x.r5f.ti-arm-clang.debug.lib : ddr.obj (.text.DDR_initDrv)
                  7000d632    0000000e     --HOLE-- [fill = 0]
                  7000d640    000000b2                                              : sciclient.obj (.text.Sciclient_getCurrentContext)
                  7000d6f2    0000000e     --HOLE-- [fill = 0]
                  7000d700    000000a8     nortos.am64x.r5f.ti-arm-clang.debug.lib : ClockP_nortos.obj (.text.ClockP_addToList)
                  7000d7a8    00000008     --HOLE-- [fill = 0]
                  7000d7b0    000000a8                                             : ClockP_nortos.obj (.text.ClockP_destruct)
                  7000d858    00000008     --HOLE-- [fill = 0]
                  7000d860    000000a8                                             : PmuP_armv7r.obj (.text.pmu)
                  7000d908    00000008     --HOLE-- [fill = 0]
                  7000d910    000000a6     ti_drivers_open_close.obj (.text.Drivers_mmcsdOpen)
                  7000d9b6    0000000a     --HOLE-- [fill = 0]
                  7000d9c0    000000a6     ti_drivers_open_close.obj (.text.Drivers_ospiOpen)
                  7000da66    0000000a     --HOLE-- [fill = 0]
                  7000da70    000000a6     drivers.am64x.r5f.ti-arm-clang.debug.lib : mmcsd_v0.obj (.text.MMCSD_phyGetOtapDelay)
                  7000db16    0000000a     --HOLE-- [fill = 0]
                  7000db20    000000a6                                              : ospi_v0.obj (.text.OSPI_setXferOpCodes)
                  7000dbc6    0000000a     --HOLE-- [fill = 0]
                  7000dbd0    000000a6                                              : sciclient_pm.obj (.text.Sciclient_pmGetModuleClkNumParent)
                  7000dc76    0000000a     --HOLE-- [fill = 0]
                  7000dc80    000000a4                                              : ospi_v0.obj (.text.OSPI_flashExecCmd)
                  7000dd24    000000a4     libc.a : memory.c.obj (.text.split)
                  7000ddc8    00000008     --HOLE-- [fill = 0]
                  7000ddd0    000000a2     drivers.am64x.r5f.ti-arm-clang.debug.lib : ddr.obj (.text.DDR_init)
                  7000de72    00000002     --HOLE-- [fill = 0]
                  7000de74    000000a0     libsysbm.a : hostrename.c.obj (.text.HOSTrename)
                  7000df14    0000000c     --HOLE-- [fill = 0]
                  7000df20    0000009e     board.am64x.r5f.ti-arm-clang.debug.lib : flash_nor_ospi.obj (.text.Flash_norOspiSetModeDummy)
                  7000dfbe    00000002     --HOLE-- [fill = 0]
                  7000dfc0    0000009e     drivers.am64x.r5f.ti-arm-clang.debug.lib : mmcsd_v0.obj (.text.MMCSD_halCmdResponseGet)
                  7000e05e    00000002     --HOLE-- [fill = 0]
                  7000e060    0000009e                                              : ospi_v0.obj (.text.OSPI_isProtocolValid)
                  7000e0fe    00000002     --HOLE-- [fill = 0]
                  7000e100    0000009e                                              : sciclient_soc_priv.obj (.text.Sciclient_getContext)
                  7000e19e    00000002     --HOLE-- [fill = 0]
                  7000e1a0    0000009c                                              : pinmux.obj (.text.Pinmux_config)
                  7000e23c    0000009c     libc.a : _io_perm.c.obj (.text.__TI_wrt_ok)
                  7000e2d8    00000008     --HOLE-- [fill = 0]
                  7000e2e0    0000009a     drivers.am64x.r5f.ti-arm-clang.debug.lib : soc.obj (.text.SOC_controlModuleUnlockMMR)
                  7000e37a    00000006     --HOLE-- [fill = 0]
                  7000e380    0000009a                                              : sciclient_pm.obj (.text.Sciclient_pmGetModuleClkFreq)
                  7000e41a    00000006     --HOLE-- [fill = 0]
                  7000e420    0000009a                                              : sciclient_pm.obj (.text.Sciclient_pmGetModuleClkParent)
                  7000e4ba    00000006     --HOLE-- [fill = 0]
                  7000e4c0    0000009a                                              : sciclient_pm.obj (.text.Sciclient_pmSetModuleClkParent)
                  7000e55a    00000002     --HOLE-- [fill = 0]
                  7000e55c    00000098     libsysbm.a : hostlseek.c.obj (.text.HOSTlseek)
                  7000e5f4    0000000c     --HOLE-- [fill = 0]
                  7000e600    00000098     drivers.am64x.r5f.ti-arm-clang.debug.lib : sciclient_pm.obj (.text.Sciclient_pmModuleGetClkStatus)
                  7000e698    00000008     --HOLE-- [fill = 0]
                  7000e6a0    00000096                                              : sciclient.obj (.text.Sciclient_init)
                  7000e736    00000002     --HOLE-- [fill = 0]
                  7000e738    00000094     libsysbm.a : hostopen.c.obj (.text.HOSTopen)
                  7000e7cc    00000004     --HOLE-- [fill = 0]
                  7000e7d0    00000094     drivers.am64x.r5f.ti-arm-clang.debug.lib : mmcsd_v0.obj (.text.MMCSD_init)
                  7000e864    0000000c     --HOLE-- [fill = 0]
                  7000e870    00000094                                              : ospi_v0.obj (.text.OSPI_init)
                  7000e904    0000000c     --HOLE-- [fill = 0]
                  7000e910    00000092     nortos.am64x.r5f.ti-arm-clang.debug.lib : ClockP_nortos.obj (.text.ClockP_getTimeUsec)
                  7000e9a2    0000000e     --HOLE-- [fill = 0]
                  7000e9b0    00000092     drivers.am64x.r5f.ti-arm-clang.debug.lib : soc.obj (.text.SOC_moduleClockEnable)
                  7000ea42    0000000e     --HOLE-- [fill = 0]
                  7000ea50    00000090                                              : mmcsd_v0.obj (.text.MMCSD_halBusPower)
                  7000eae0    00000090                                              : mmcsd_v0.obj (.text.MMCSD_isReadyForTransfer)
                  7000eb70    0000008c                                              : ddr.obj (.text.DDR_initHwRegs)
                  7000ebfc    00000004     --HOLE-- [fill = 0]
                  7000ec00    0000008c     board.am64x.r5f.ti-arm-clang.debug.lib : flash_nor_ospi.obj (.text.Flash_norOspiSetAddressBytes)
                  7000ec8c    00000004     --HOLE-- [fill = 0]
                  7000ec90    0000008c     drivers.am64x.r5f.ti-arm-clang.debug.lib : sciclient_pm.obj (.text.Sciclient_pmGetModuleState)
                  7000ed1c    00000004     --HOLE-- [fill = 0]
                  7000ed20    0000008c                                              : sciclient_pm.obj (.text.Sciclient_pmModuleClkRequest)
                  7000edac    00000004     --HOLE-- [fill = 0]
                  7000edb0    0000008c                                              : sciclient_pm.obj (.text.Sciclient_pmSetModuleState)
                  7000ee3c    0000008c     libc.a : fflush.c.obj (.text.__TI_doflush)
                  7000eec8    0000008c     libsysbm.a : close.c.obj (.text.close)
                  7000ef54    0000000c     --HOLE-- [fill = 0]
                  7000ef60    0000008a     drivers.am64x.r5f.ti-arm-clang.debug.lib : lpddr4.obj (.text.LPDDR4_PollCtlIrq)
                  7000efea    00000006     --HOLE-- [fill = 0]
                  7000eff0    0000008a                                              : lpddr4.obj (.text.LPDDR4_PollPhyIndepIrq)
                  7000f07a    00000006     --HOLE-- [fill = 0]
                  7000f080    0000008a                                              : ospi_phy.obj (.text.OSPI_phySetRdDelayTxRxDLL)
                  7000f10a    00000006     --HOLE-- [fill = 0]
                  7000f110    00000086     board.am64x.r5f.ti-arm-clang.debug.lib : flash_nor_ospi.obj (.text.Flash_norOspiRead)
                  7000f196    0000000a     --HOLE-- [fill = 0]
                  7000f1a0    00000086     drivers.am64x.r5f.ti-arm-clang.debug.lib : lpddr4_16bit.obj (.text.LPDDR4_CheckCtlInterrupt_3)
                  7000f226    0000000a     --HOLE-- [fill = 0]
                  7000f230    00000086                                              : mmcsd_v0.obj (.text.MMCSD_halSetBusWidth)
                  7000f2b6    0000000a     --HOLE-- [fill = 0]
                  7000f2c0    00000086                                              : ospi_v0.obj (.text.OSPI_enablePhy)
                  7000f346    0000000a     --HOLE-- [fill = 0]
                  7000f350    00000084     board.am64x.r5f.ti-arm-clang.debug.lib : flash_nor_ospi.obj (.text.Flash_norOspiRegWrite)
                  7000f3d4    00000084     libsysbm.a : hostread.c.obj (.text.HOSTread)
                  7000f458    00000084                : hostwrite.c.obj (.text.HOSTwrite)
                  7000f4dc    00000004     --HOLE-- [fill = 0]
                  7000f4e0    00000084     drivers.am64x.r5f.ti-arm-clang.debug.lib : mmcsd_v0.obj (.text.MMCSD_halLinesResetCmd)
                  7000f564    0000000c     --HOLE-- [fill = 0]
                  7000f570    00000084                                              : mmcsd_v0.obj (.text.MMCSD_halLinesResetDat)
                  7000f5f4    0000000c     --HOLE-- [fill = 0]
                  7000f600    00000082                                              : mmcsd_v0.obj (.text.MMCSD_halSoftReset)
                  7000f682    0000000e     --HOLE-- [fill = 0]
                  7000f690    00000082                                              : mmcsd_v0.obj (.text.MMCSD_sendTuningDataEMMC)
                  7000f712    0000000e     --HOLE-- [fill = 0]
                  7000f720    00000082                                              : ospi_phy.obj (.text.OSPI_phyFindRxHigh)
                  7000f7a2    0000000e     --HOLE-- [fill = 0]
                  7000f7b0    00000082                                              : ospi_phy.obj (.text.OSPI_phyFindRxLow)
                  7000f832    0000000e     --HOLE-- [fill = 0]
                  7000f840    00000082                                              : ospi_phy.obj (.text.OSPI_phyFindTxHigh)
                  7000f8c2    0000000e     --HOLE-- [fill = 0]
                  7000f8d0    00000082                                              : ospi_phy.obj (.text.OSPI_phyFindTxLow)
                  7000f952    0000000e     --HOLE-- [fill = 0]
                  7000f960    00000080     board.am64x.r5f.ti-arm-clang.debug.lib : flash_nor_ospi.obj (.text.Flash_norOspiRegRead)
                  7000f9e0    00000080     libc.a : fopen.c.obj (.text._search_fp)
                  7000fa60    0000007e     drivers.am64x.r5f.ti-arm-clang.debug.lib : lpddr4.obj (.text.LPDDR4_StartSequenceController)
                  7000fade    00000002     --HOLE-- [fill = 0]
                  7000fae0    0000007c     nortos.am64x.r5f.ti-arm-clang.debug.lib : DebugP_log.obj (.text._DebugP_assert)
                  7000fb5c    00000004     --HOLE-- [fill = 0]
                  7000fb60    0000007a     drivers.am64x.r5f.ti-arm-clang.debug.lib : ospi_v0.obj (.text.OSPI_disablePhy)
                  7000fbda    00000006     --HOLE-- [fill = 0]
                  7000fbe0    00000078                                              : ospi_v0.obj (.text.OSPI_waitIndWriteComplete)
                  7000fc58    00000078     libc.a : snprintf.c.obj (.text.snprintf)
                  7000fcd0    00000076     drivers.am64x.r5f.ti-arm-clang.debug.lib : mmcsd_priv.obj (.text.MMCSD_parseCSDEmmc)
                  7000fd46    0000000a     --HOLE-- [fill = 0]
                  7000fd50    00000076                                              : ospi_v0.obj (.text.OSPI_isDmaRestrictedRegion)
                  7000fdc6    0000000a     --HOLE-- [fill = 0]
                  7000fdd0    00000076                                              : ospi_phy.obj (.text.OSPI_phyReadAttackVector)
                  7000fe46    0000000a     --HOLE-- [fill = 0]
                  7000fe50    00000076                                              : ospi_v0.obj (.text.OSPI_waitIdle)
                  7000fec6    0000000a     --HOLE-- [fill = 0]
                  7000fed0    00000074                                              : bootloader_uniflash.obj (.text.Bootloader_uniflashFlashPhyTuningData)
                  7000ff44    00000074     libc.a : _io_perm.c.obj (.text.__TI_rd_ok)
                  7000ffb8    00000008     --HOLE-- [fill = 0]
                  7000ffc0    00000072     nortos.am64x.r5f.ti-arm-clang.debug.lib : ClockP_nortos.obj (.text.ClockP_usleep)
                  70010032    0000000e     --HOLE-- [fill = 0]
                  70010040    00000072     drivers.am64x.r5f.ti-arm-clang.debug.lib : mmcsd_v0.obj (.text.MMCSD_close)
                  700100b2    0000000e     --HOLE-- [fill = 0]
                  700100c0    00000070     nortos.am64x.r5f.ti-arm-clang.debug.lib : ClockP_nortos.obj (.text.ClockP_construct)
                  70010130    00000070     drivers.am64x.r5f.ti-arm-clang.debug.lib : mmcsd_v0.obj (.text.MMCSD_halSetUHSMode)
                  700101a0    0000006e                                              : lpddr4_16bit.obj (.text.LPDDR4_EnablePIInitiator)
                  7001020e    00000002     --HOLE-- [fill = 0]
                  70010210    0000006c                                              : ddr_soc.obj (.text.DDR_socEnableVttRegulator)
                  7001027c    0000006c     libsysbm.a : hostunlink.c.obj (.text.HOSTunlink)
                  700102e8    00000008     --HOLE-- [fill = 0]
                  700102f0    0000006c     drivers.am64x.r5f.ti-arm-clang.debug.lib : ospi_dma.obj (.text.OSPI_dmaOpen)
                  7001035c    0000006c     libc.a : atoi.c.obj (.text.atoi)
                  700103c8    00000008     --HOLE-- [fill = 0]
                  700103d0    0000006a     board.am64x.r5f.ti-arm-clang.debug.lib : flash_nor_ospi.obj (.text.Flash_quirkSpansionUNHYSADisable)
                  7001043a    00000006     --HOLE-- [fill = 0]
                  70010440    0000006a     drivers.am64x.r5f.ti-arm-clang.debug.lib : lpddr4.obj (.text.LPDDR4_WriteCtlConfig)
                  700104aa    00000006     --HOLE-- [fill = 0]
                  700104b0    0000006a                                              : lpddr4.obj (.text.LPDDR4_WritePhyConfig)
                  7001051a    00000006     --HOLE-- [fill = 0]
                  70010520    0000006a                                              : lpddr4.obj (.text.LPDDR4_WritePhyIndepConfig)
                  7001058a    00000006     --HOLE-- [fill = 0]
                  70010590    0000006a                                              : pinmux.obj (.text.Pinmux_lockMMR)
                  700105fa    00000006     --HOLE-- [fill = 0]
                  70010600    00000068     board.am64x.r5f.ti-arm-clang.debug.lib : flash_nor_ospi.obj (.text.Flash_norOspiCmdRead)
                  70010668    00000008     --HOLE-- [fill = 0]
                  70010670    00000068     drivers.am64x.r5f.ti-arm-clang.debug.lib : ospi_v0.obj (.text.OSPI_waitWriteSRAMLevel)
                  700106d8    00000008     --HOLE-- [fill = 0]
                  700106e0    00000066                                              : bootloader_uniflash.obj (.text.Bootloader_uniflashFlashFileMMCSDRaw)
                  70010746    0000000a     --HOLE-- [fill = 0]
                  70010750    00000066     board.am64x.r5f.ti-arm-clang.debug.lib : flash.obj (.text.Flash_open)
                  700107b6    0000000a     --HOLE-- [fill = 0]
                  700107c0    00000064     drivers.am64x.r5f.ti-arm-clang.debug.lib : mmcsd_v0.obj (.text.MMCSD_getXferSpeedFromModeEmmc)
                  70010824    0000000c     --HOLE-- [fill = 0]
                  70010830    00000064                                              : ospi_v0.obj (.text.OSPI_getCmdExt)
                  70010894    0000000c     --HOLE-- [fill = 0]
                  700108a0    00000062                                              : ddr.obj (.text.DDR_probe)
                  70010902    00000002     --HOLE-- [fill = 0]
                  70010904    00000060     libsysbm.a : hostclose.c.obj (.text.HOSTclose)
                  70010964    0000000c     --HOLE-- [fill = 0]
                  70010970    00000060     main.obj (.text.sbl_jtag_uniflash_erase_all)
                  700109d0    0000005e     drivers.am64x.r5f.ti-arm-clang.debug.lib : lpddr4.obj (.text.LPDDR4_PollAndAckIrq)
                  70010a2e    00000002     --HOLE-- [fill = 0]
                  70010a30    0000005e                                              : sciclient_pm.obj (.text.Sciclient_pmSetModuleRst)
                  70010a8e    00000002     --HOLE-- [fill = 0]
                  70010a90    0000005e     nortos.am64x.r5f.ti-arm-clang.debug.lib : SemaphoreP_nortos.obj (.text.SemaphoreP_post)
                  70010aee    00000002     --HOLE-- [fill = 0]
                  70010af0    0000005c     drivers.am64x.r5f.ti-arm-clang.debug.lib : lpddr4.obj (.text.LPDDR4_CheckPhyIndepInterrupt)
                  70010b4c    00000004     --HOLE-- [fill = 0]
                  70010b50    0000005c                                              : lpddr4.obj (.text.LPDDR4_SanityFunction4)
                  70010bac    00000004     --HOLE-- [fill = 0]
                  70010bb0    0000005c     ti_power_clock_config.obj (.text.Module_clockSetFrequency)
                  70010c0c    00000004     --HOLE-- [fill = 0]
                  70010c10    0000005c     drivers.am64x.r5f.ti-arm-clang.debug.lib : ospi_v0.obj (.text.OSPI_configResetPin)
                  70010c6c    00000004     --HOLE-- [fill = 0]
                  70010c70    0000005c                                              : ospi_v0.obj (.text.OSPI_utilLog2)
                  70010ccc    00000004     --HOLE-- [fill = 0]
                  70010cd0    0000005a                                              : mmcsd_v0.obj (.text.MMCSD_halIsClockStable)
                  70010d2a    00000006     --HOLE-- [fill = 0]
                  70010d30    00000058     board.am64x.r5f.ti-arm-clang.debug.lib : flash_nor_ospi.obj (.text.Flash_norOspiCmdWrite)
                  70010d88    00000008     --HOLE-- [fill = 0]
                  70010d90    00000058     drivers.am64x.r5f.ti-arm-clang.debug.lib : ospi_v0.obj (.text.OSPI_writeFifoData)
                  70010de8    00000058     libc.a : fopen.c.obj (.text.__TI_cleanup)
                  70010e40    00000058     libsysbm.a : trgmsg.c.obj (.text.__TI_readmsg)
                  70010e98    00000058                : trgmsg.c.obj (.text.__TI_writemsg)
                  70010ef0    00000058     libc.a : snprintf.c.obj (.text._outs)
                  70010f48    00000058            : autoinit.c.obj (.text:__TI_auto_init_nobinit_nopinit)
                  70010fa0    00000056     drivers.am64x.r5f.ti-arm-clang.debug.lib : mmcsd_v0.obj (.text.CSL_REG64_FEXT_RAW)
                  70010ff6    0000000a     --HOLE-- [fill = 0]
                  70011000    00000054                                              : mmcsd_v0.obj (.text.MMCSD_halEnableInternalClock)
                  70011054    0000000c     --HOLE-- [fill = 0]
                  70011060    00000054                                              : ospi_v0.obj (.text.OSPI_setNumAddrBytes)
                  700110b4    00000054     libc.a : exit.c.obj (.text.exit)
                  70011108    00000054            : getdevice.c.obj (.text.finddevice)
                  7001115c    00000004     --HOLE-- [fill = 0]
                  70011160    00000052     drivers.am64x.r5f.ti-arm-clang.debug.lib : lpddr4.obj (.text.LPDDR4_AckPhyIndepInterrupt)
                  700111b2    0000000e     --HOLE-- [fill = 0]
                  700111c0    00000052                                              : ospi_dma.obj (.text.OSPI_dmaCopy)
                  70011212    0000000e     --HOLE-- [fill = 0]
                  70011220    00000052                                              : ospi_v0.obj (.text.OSPI_enableDacMode)
                  70011272    0000000e     --HOLE-- [fill = 0]
                  70011280    00000052                                              : soc.obj (.text.SOC_controlModuleLockMMR)
                  700112d2    0000000e     --HOLE-- [fill = 0]
                  700112e0    00000052     nortos.am64x.r5f.ti-arm-clang.debug.lib : SemaphoreP_nortos.obj (.text.SemaphoreP_construct)
                  70011332    0000000e     --HOLE-- [fill = 0]
                  70011340    00000050     ti_board_open_close.obj (.text.Board_flashClose)
                  70011390    00000050     ti_drivers_open_close.obj (.text.Drivers_mmcsdClose)
                  700113e0    00000050     ti_drivers_open_close.obj (.text.Drivers_ospiClose)
                  70011430    00000050     drivers.am64x.r5f.ti-arm-clang.debug.lib : ospi_v0.obj (.text.OSPI_disableDacMode)
                  70011480    0000004e                                              : mmcsd_v0.obj (.text.CSL_REG16_FINS_RAW)
                  700114ce    00000002     --HOLE-- [fill = 0]
                  700114d0    0000004e                                              : mmcsd_v0.obj (.text.CSL_REG8_FINS_RAW)
                  7001151e    00000002     --HOLE-- [fill = 0]
                  70011520    0000004e                                              : mmcsd_v0.obj (.text.MMCSD_getHandle)
                  7001156e    00000002     --HOLE-- [fill = 0]
                  70011570    0000004e                                              : ospi_v0.obj (.text.OSPI_setDeviceSize)
                  700115be    00000002     --HOLE-- [fill = 0]
                  700115c0    0000004c                                              : lpddr4.obj (.text.LPDDR4_SanityFunction5)
                  7001160c    00000004     --HOLE-- [fill = 0]
                  70011610    0000004c     ti_power_clock_config.obj (.text.Module_clockEnable)
                  7001165c    00000004     --HOLE-- [fill = 0]
                  70011660    0000004c     drivers.am64x.r5f.ti-arm-clang.debug.lib : ospi_v0.obj (.text.OSPI_getHandle)
                  700116ac    0000004c     libc.a : fclose.c.obj (.text.fclose)
                  700116f8    0000004c            : fopen.c.obj (.text.fopen)
                  70011744    0000000c     --HOLE-- [fill = 0]
                  70011750    0000004a     drivers.am64x.r5f.ti-arm-clang.debug.lib : mmcsd_priv.obj (.text.MMCSD_parseSCRSd)
                  7001179a    00000006     --HOLE-- [fill = 0]
                  700117a0    0000004a                                              : sciclient_soc_priv.obj (.text.Sciclient_getDevId)
                  700117ea    00000006     --HOLE-- [fill = 0]
                  700117f0    00000048     board.am64x.r5f.ti-arm-clang.debug.lib : flash.obj (.text.Flash_read)
                  70011838    00000008     --HOLE-- [fill = 0]
                  70011840    00000048                                            : flash.obj (.text.Flash_write)
                  70011888    00000008     --HOLE-- [fill = 0]
                  70011890    00000048     drivers.am64x.r5f.ti-arm-clang.debug.lib : lpddr4.obj (.text.LPDDR4_Init)
                  700118d8    00000008     --HOLE-- [fill = 0]
                  700118e0    00000048                                              : mmcsd_v0.obj (.text.MMCSD_halSetBusVolt)
                  70011928    00000008     --HOLE-- [fill = 0]
                  70011930    00000048                                              : ospi_v0.obj (.text.OSPI_setRdDataCaptureDelay)
                  70011978    00000008     --HOLE-- [fill = 0]
                  70011980    00000048     ti_drivers_config.obj (.text.System_init)
                  700119c8    00000048     libc.a : memccpy.c.obj (.text.memccpy)
                  70011a10    00000048     libsysbm.a : unlink.c.obj (.text.unlink)
                  70011a58    00000008     --HOLE-- [fill = 0]
                  70011a60    00000046     drivers.am64x.r5f.ti-arm-clang.debug.lib : ospi_dma.obj (.text.OSPI_dmaClose)
                  70011aa6    0000000a     --HOLE-- [fill = 0]
                  70011ab0    00000044                                              : ddr.obj (.text.DDR_setFreq)
                  70011af4    0000000c     --HOLE-- [fill = 0]
                  70011b00    00000044     ti_dpl_config.obj (.text.Dpl_init)
                  70011b44    0000000c     --HOLE-- [fill = 0]
                  70011b50    00000044     nortos.am64x.r5f.ti-arm-clang.debug.lib : DebugP_nortos.obj (.text._DebugP_logZone)
                  70011b94    0000000c     --HOLE-- [fill = 0]
                  70011ba0    00000044                                             : printf.obj (.text._strnlen_s)
                  70011be4    0000000c     --HOLE-- [fill = 0]
                  70011bf0    00000042                                             : ClockP_nortos.obj (.text.ClockP_start)
                  70011c32    00000002     --HOLE-- [fill = 0]
                  70011c34    00000040     libc.a : memory.c.obj (.text.free_list_insert)
                  70011c74    00000040            : memcmp.c.obj (.text.memcmp)
                  70011cb4    0000000c     --HOLE-- [fill = 0]
                  70011cc0    0000003e     drivers.am64x.r5f.ti-arm-clang.debug.lib : csl_emif.obj (.text.CSL_emifDisableECC)
                  70011cfe    00000002     --HOLE-- [fill = 0]
                  70011d00    0000003e                                              : csl_emif.obj (.text.CSL_emifEnableECC)
                  70011d3e    00000002     --HOLE-- [fill = 0]
                  70011d40    0000003e                                              : ddr.obj (.text.DDR_isEnabled)
                  70011d7e    00000002     --HOLE-- [fill = 0]
                  70011d80    0000003e     board.am64x.r5f.ti-arm-clang.debug.lib : flash.obj (.text.Flash_eraseBlk)
                  70011dbe    00000002     --HOLE-- [fill = 0]
                  70011dc0    0000003e                                            : flash.obj (.text.Flash_eraseSector)
                  70011dfe    00000002     --HOLE-- [fill = 0]
                  70011e00    0000003e                                            : flash.obj (.text.Flash_getAttrs)
                  70011e3e    00000002     --HOLE-- [fill = 0]
                  70011e40    0000003e     drivers.am64x.r5f.ti-arm-clang.debug.lib : mmcsd_v0.obj (.text.MMCSD_halErrorIntrStatusEnable)
                  70011e7e    00000002     --HOLE-- [fill = 0]
                  70011e80    0000003e                                              : mmcsd_v0.obj (.text.MMCSD_halErrorSigIntrDisable)
                  70011ebe    00000002     --HOLE-- [fill = 0]
                  70011ec0    0000003e                                              : mmcsd_v0.obj (.text.MMCSD_halErrorSigIntrEnable)
                  70011efe    00000002     --HOLE-- [fill = 0]
                  70011f00    0000003e                                              : mmcsd_v0.obj (.text.MMCSD_halNormalIntrStatusDisable)
                  70011f3e    00000002     --HOLE-- [fill = 0]
                  70011f40    0000003e                                              : mmcsd_v0.obj (.text.MMCSD_halNormalIntrStatusEnable)
                  70011f7e    00000002     --HOLE-- [fill = 0]
                  70011f80    0000003e                                              : mmcsd_v0.obj (.text.MMCSD_halNormalSigIntrDisable)
                  70011fbe    00000002     --HOLE-- [fill = 0]
                  70011fc0    0000003e                                              : mmcsd_v0.obj (.text.MMCSD_halNormalSigIntrEnable)
                  70011ffe    00000002     --HOLE-- [fill = 0]
                  70012000    0000003e                                              : ospi_v0.obj (.text.OSPI_setCmdDummyCycles)
                  7001203e    00000002     --HOLE-- [fill = 0]
                  70012040    0000003e                                              : ospi_v0.obj (.text.OSPI_setReadDummyCycles)
                  7001207e    00000002     --HOLE-- [fill = 0]
                  70012080    0000003e                                              : sciclient.obj (.text.Sciclient_secProxyWaitThread)
                  700120be    00000002     --HOLE-- [fill = 0]
                  700120c0    0000003c                                              : ospi_v0.obj (.text.OSPI_enableDdrRdCmds)
                  700120fc    00000004     --HOLE-- [fill = 0]
                  70012100    0000003a                                              : lpddr4.obj (.text.LPDDR4_SanityFunction2)
                  7001213a    00000006     --HOLE-- [fill = 0]
                  70012140    0000003a                                              : ospi_v0.obj (.text.OSPI_disablePhyPipeline)
                  7001217a    00000006     --HOLE-- [fill = 0]
                  70012180    0000003a                                              : ospi_v0.obj (.text.OSPI_enableDDR)
                  700121ba    00000006     --HOLE-- [fill = 0]
                  700121c0    0000003a     nortos.am64x.r5f.ti-arm-clang.debug.lib : printf.obj (.text._atoi)
                  700121fa    00000006     --HOLE-- [fill = 0]
                  70012200    00000038     drivers.am64x.r5f.ti-arm-clang.debug.lib : mmcsd_v0.obj (.text.CSL_REG32_FINS_RAW)
                  70012238    00000008     --HOLE-- [fill = 0]
                  70012240    00000038                                              : ospi_phy.obj (.text.CSL_REG32_FINS_RAW)
                  70012278    00000008     --HOLE-- [fill = 0]
                  70012280    00000038                                              : ospi_v0.obj (.text.CSL_REG32_FINS_RAW)
                  700122b8    00000008     --HOLE-- [fill = 0]
                  700122c0    00000038                                              : sciclient.obj (.text.Sciclient_secProxyFlush)
                  700122f8    00000008     --HOLE-- [fill = 0]
                  70012300    00000036     board.am64x.r5f.ti-arm-clang.debug.lib : flash.obj (.text.Flash_getHandle)
                  70012336    0000000a     --HOLE-- [fill = 0]
                  70012340    00000034     drivers.am64x.r5f.ti-arm-clang.debug.lib : lpddr4.obj (.text.LPDDR4_SanityFunction1)
                  70012374    0000000c     --HOLE-- [fill = 0]
                  70012380    00000034     nortos.am64x.r5f.ti-arm-clang.debug.lib : TimerP.obj (.text.TimerP_Params_init)
                  700123b4    00000034     libc.a : memory.c.obj (.text.free_list_remove)
                  700123e8    00000034     libsysbm.a : lseek.c.obj (.text.lseek)
                  7001241c    00000034                : read.c.obj (.text.read)
                  70012450    00000034                : write.c.obj (.text.write)
                  70012484    0000000c     --HOLE-- [fill = 0]
                  70012490    00000032     drivers.am64x.r5f.ti-arm-clang.debug.lib : bootloader_uniflash.obj (.text.Bootloader_uniflashInitRespHeader)
                  700124c2    0000000e     --HOLE-- [fill = 0]
                  700124d0    00000032                                              : mmcsd_v0.obj (.text.MMCSD_getBlockSize)
                  70012502    0000000e     --HOLE-- [fill = 0]
                  70012510    00000030                                              : mmcsd_v0.obj (.text.CSL_REG16_FEXT_RAW)
                  70012540    00000030                                              : mmcsd_v0.obj (.text.CSL_REG8_FEXT_RAW)
                  70012570    00000030                                              : csl_emif.obj (.text.CSL_emifConfig)
                  700125a0    00000030     board.am64x.r5f.ti-arm-clang.debug.lib : flash.obj (.text.Flash_close)
                  700125d0    00000030     drivers.am64x.r5f.ti-arm-clang.debug.lib : lpddr4.obj (.text.LPDDR4_Start)
                  70012600    00000030                                              : ospi_v0.obj (.text.OSPI_setModeBits)
                  70012630    00000030     libc.a : snprintf.c.obj (.text._outc)
                  70012660    00000030     nortos.am64x.r5f.ti-arm-clang.debug.lib : PmuP_armv7r_asm.obj (.text.pmu)
                  70012690    0000002e     drivers.am64x.r5f.ti-arm-clang.debug.lib : sciclient.obj (.text.CSL_secProxyGetMaxMsgSize)
                  700126be    00000002     --HOLE-- [fill = 0]
                  700126c0    0000002e                                              : mmcsd_v0.obj (.text.MMCSD_sendCmd23)
                  700126ee    00000002     --HOLE-- [fill = 0]
                  700126f0    0000002e                                              : ospi_v0.obj (.text.OSPI_enableModeBitsCmd)
                  7001271e    00000002     --HOLE-- [fill = 0]
                  70012720    0000002e                                              : ospi_v0.obj (.text.OSPI_enableModeBitsRead)
                  7001274e    00000002     --HOLE-- [fill = 0]
                  70012750    0000002e                                              : ospi_v0.obj (.text.OSPI_setDualOpCodeMode)
                  7001277e    00000002     --HOLE-- [fill = 0]
                  70012780    0000002e                                              : sciclient.obj (.text.Sciclient_secProxyReadThread32)
                  700127ae    00000002     --HOLE-- [fill = 0]
                  700127b0    0000002e     nortos.am64x.r5f.ti-arm-clang.debug.lib : printf.obj (.text._is_digit)
                  700127de    00000002     --HOLE-- [fill = 0]
                  700127e0    0000002c     drivers.am64x.r5f.ti-arm-clang.debug.lib : lpddr4.obj (.text.CPS_FldSet)
                  7001280c    00000004     --HOLE-- [fill = 0]
                  70012810    0000002c                                              : lpddr4_16bit.obj (.text.CPS_FldSet)
                  7001283c    00000004     --HOLE-- [fill = 0]
                  70012840    0000002c                                              : csl_emif.obj (.text.CSL_emifClearECCInterruptStatus)
                  7001286c    00000004     --HOLE-- [fill = 0]
                  70012870    0000002c                                              : csl_emif.obj (.text.CSL_emifEnableECCInterrupts)
                  7001289c    00000004     --HOLE-- [fill = 0]
                  700128a0    0000002c                                              : csl_emif.obj (.text.CSL_emifIsEmifConfigValid)
                  700128cc    00000004     --HOLE-- [fill = 0]
                  700128d0    0000002c     nortos.am64x.r5f.ti-arm-clang.debug.lib : DebugP_log.obj (.text.DebugP_logZoneEnable)
                  700128fc    00000004     --HOLE-- [fill = 0]
                  70012900    0000002c     drivers.am64x.r5f.ti-arm-clang.debug.lib : ospi_v0.obj (.text.OSPI_getBaudRateDivFromObj)
                  7001292c    00000004     --HOLE-- [fill = 0]
                  70012930    0000002c     nortos.am64x.r5f.ti-arm-clang.debug.lib : SemaphoreP_nortos.obj (.text.SemaphoreP_constructBinary)
                  7001295c    00000004     --HOLE-- [fill = 0]
                  70012960    0000002c                                             : TimerP.obj (.text.TimerP_clearOverflowInt)
                  7001298c    00000004     --HOLE-- [fill = 0]
                  70012990    0000002a     drivers.am64x.r5f.ti-arm-clang.debug.lib : bootloader_uniflash.obj (.text.Bootloader_uniflashFlashVerifyXipFile)
                  700129ba    00000006     --HOLE-- [fill = 0]
                  700129c0    0000002a     nortos.am64x.r5f.ti-arm-clang.debug.lib : ClockP_nortos.obj (.text.ClockP_sleepTicks)
                  700129ea    00000006     --HOLE-- [fill = 0]
                  700129f0    0000002a     drivers.am64x.r5f.ti-arm-clang.debug.lib : ddr.obj (.text.DDR_enableInlineECC)
                  70012a1a    00000006     --HOLE-- [fill = 0]
                  70012a20    0000002a                                              : ospi_v0.obj (.text.OSPI_ReadCmdParams_init)
                  70012a4a    00000006     --HOLE-- [fill = 0]
                  70012a50    00000028                                              : lpddr4_16bit.obj (.text.CPS_FldWrite)
                  70012a78    00000008     --HOLE-- [fill = 0]
                  70012a80    00000028                                              : mmcsd_v0.obj (.text.MMCSD_halErrorIntrStatusGet)
                  70012aa8    00000008     --HOLE-- [fill = 0]
                  70012ab0    00000028                                              : mmcsd_v0.obj (.text.MMCSD_halNormalIntrStatusGet)
                  70012ad8    00000008     --HOLE-- [fill = 0]
                  70012ae0    00000028                                              : mmcsd_v0.obj (.text.MMCSD_initTransaction)
                  70012b08    00000008     --HOLE-- [fill = 0]
                  70012b10    00000028                                              : sciclient.obj (.text.Sciclient_secProxyVerifyThread)
                  70012b38    00000008     --HOLE-- [fill = 0]
                  70012b40    00000028     nortos.am64x.r5f.ti-arm-clang.debug.lib : printf.obj (.text.vprintf_)
                  70012b68    00000008     --HOLE-- [fill = 0]
                  70012b70    00000026     board.am64x.r5f.ti-arm-clang.debug.lib : flash.obj (.text.Flash_getPhyTuningOffset)
                  70012b96    0000000a     --HOLE-- [fill = 0]
                  70012ba0    00000026     drivers.am64x.r5f.ti-arm-clang.debug.lib : lpddr4.obj (.text.LPDDR4_Probe)
                  70012bc6    0000000a     --HOLE-- [fill = 0]
                  70012bd0    00000026                                              : ospi_v0.obj (.text.OSPI_WriteCmdParams_init)
                  70012bf6    0000000a     --HOLE-- [fill = 0]
                  70012c00    00000024                                              : mmcsd_v0.obj (.text.CSL_REG32_FEXT_RAW)
                  70012c24    0000000c     --HOLE-- [fill = 0]
                  70012c30    00000024                                              : ospi_phy.obj (.text.CSL_REG32_FEXT_RAW)
                  70012c54    0000000c     --HOLE-- [fill = 0]
                  70012c60    00000024                                              : ospi_v0.obj (.text.CSL_REG32_FEXT_RAW)
                  70012c84    0000000c     --HOLE-- [fill = 0]
                  70012c90    00000024                                              : sciclient.obj (.text.CSL_REG32_FEXT_RAW)
                  70012cb4    0000000c     --HOLE-- [fill = 0]
                  70012cc0    00000024                                              : mmcsd_v0.obj (.text.MMCSD_halIsCardInserted)
                  70012ce4    0000000c     --HOLE-- [fill = 0]
                  70012cf0    00000024                                              : ospi_v0.obj (.text.OSPI_Transaction_init)
                  70012d14    0000000c     --HOLE-- [fill = 0]
                  70012d20    00000024                                              : soc.obj (.text.SOC_getSelfCpuClk)
                  70012d44    0000000c     --HOLE-- [fill = 0]
                  70012d50    00000024     nortos.am64x.r5f.ti-arm-clang.debug.lib : SemaphoreP_nortos.obj (.text.SemaphoreP_constructMutex)
                  70012d74    00000024     libclang_rt.builtins.a : aeabi_uldivmod.S.obj (.text.__aeabi_uldivmod)
                  70012d98    00000008     --HOLE-- [fill = 0]
                  70012da0    00000024     nortos.am64x.r5f.ti-arm-clang.debug.lib : printf.obj (.text._out_char)
                  70012dc4    0000000c     --HOLE-- [fill = 0]
                  70012dd0    00000024                                             : boot_armv7r.obj (.text._system_pre_init)
                  70012df4    0000000c     --HOLE-- [fill = 0]
                  70012e00    00000022     drivers.am64x.r5f.ti-arm-clang.debug.lib : lpddr4.obj (.text.LPDDR4_SanityFunction3)
                  70012e22    0000000e     --HOLE-- [fill = 0]
                  70012e30    00000022                                              : ospi_v0.obj (.text.OSPI_getFlashDataBaseAddr)
                  70012e52    0000000e     --HOLE-- [fill = 0]
                  70012e60    00000020                                              : bootloader_uniflash.obj (.text.Bootloader_uniflashFlashXipFile)
                  70012e80    00000020     nortos.am64x.r5f.ti-arm-clang.debug.lib : ClockP_nortos.obj (.text.ClockP_isActive)
                  70012ea0    00000020     drivers.am64x.r5f.ti-arm-clang.debug.lib : ospi_v0.obj (.text.OSPI_setCmdExtType)
                  70012ec0    00000020                                              : ospi_v0.obj (.text.OSPI_setPhyEnableSuccess)
                  70012ee0    00000020     ti_pinmux_config.obj (.text.Pinmux_init)
                  70012f00    00000020     libc.a : wcslen.c.obj (.text.wcslen)
                  70012f20    0000001e     nortos.am64x.r5f.ti-arm-clang.debug.lib : ClockP_nortos.obj (.text.ClockP_Params_init)
                  70012f3e    00000002     --HOLE-- [fill = 0]
                  70012f40    0000001e     drivers.am64x.r5f.ti-arm-clang.debug.lib : mmcsd_v0.obj (.text.MMCSD_halErrorIntrStatusClear)
                  70012f5e    00000002     --HOLE-- [fill = 0]
                  70012f60    0000001e                                              : mmcsd_v0.obj (.text.MMCSD_halNormalIntrStatusClear)
                  70012f7e    00000002     --HOLE-- [fill = 0]
                  70012f80    0000001e                                              : mmcsd_v0.obj (.text.MMCSD_phyDisableDLL)
                  70012f9e    00000002     --HOLE-- [fill = 0]
                  70012fa0    0000001c     ti_board_open_close.obj (.text.Board_driversOpen)
                  70012fbc    00000004     --HOLE-- [fill = 0]
                  70012fc0    0000001c     drivers.am64x.r5f.ti-arm-clang.debug.lib : csl_sec_proxy.obj (.text.CSL_secProxyGetDataAddr)
                  70012fdc    00000004     --HOLE-- [fill = 0]
                  70012fe0    0000001c                                              : ospi_phy.obj (.text.OSPI_phyGetTuningData)
                  70012ffc    0000001c     libc.a : _printfi.c.obj (.text.strlen)
                  70013018    0000001c     libsysbm.a : hostrename.c.obj (.text.strlen)
                  70013034    0000001c     libc.a : memcpy32.S.obj (.text:TI_memcpy_small)
                  70013050    0000001a     drivers.am64x.r5f.ti-arm-clang.debug.lib : lpddr4_16bit.obj (.text.CPS_FldRead)
                  7001306a    00000006     --HOLE-- [fill = 0]
                  70013070    0000001a                                              : lpddr4.obj (.text.LPDDR4_AddOffset)
                  7001308a    00000006     --HOLE-- [fill = 0]
                  70013090    0000001a                                              : lpddr4.obj (.text.LPDDR4_ConfigSF)
                  700130aa    00000006     --HOLE-- [fill = 0]
                  700130b0    0000001a                                              : lpddr4.obj (.text.LPDDR4_PrivateDataSF)
                  700130ca    00000006     --HOLE-- [fill = 0]
                  700130d0    0000001a                                              : ospi_v0.obj (.text.OSPI_isPhyEnable)
                  700130ea    00000006     --HOLE-- [fill = 0]
                  700130f0    00000018                                              : sciclient.obj (.text.Sciclient_secProxyThreadStatusReg)
                  70013108    00000008     --HOLE-- [fill = 0]
                  70013110    00000018     nortos.am64x.r5f.ti-arm-clang.debug.lib : SemaphoreP_nortos.obj (.text.SemaphoreP_Params_init)
                  70013128    00000008     --HOLE-- [fill = 0]
                  70013130    00000018                                             : TimerP.obj (.text.TimerP_start)
                  70013148    00000008     --HOLE-- [fill = 0]
                  70013150    00000018                                             : TimerP.obj (.text.TimerP_stop)
                  70013168    00000018     libc.a : memset32.S.obj (.text:TI_memset_small)
                  70013180    00000016     drivers.am64x.r5f.ti-arm-clang.debug.lib : mmcsd_v0.obj (.text.CSL_REG64_WR_RAW)
                  70013196    0000000a     --HOLE-- [fill = 0]
                  700131a0    00000016                                              : sciclient.obj (.text.Sciclient_secProxyReadThreadCount)
                  700131b6    0000000a     --HOLE-- [fill = 0]
                  700131c0    00000014                                              : lpddr4.obj (.text.CPS_RegWrite)
                  700131d4    0000000c     --HOLE-- [fill = 0]
                  700131e0    00000014                                              : lpddr4_16bit.obj (.text.CPS_RegWrite)
                  700131f4    0000000c     --HOLE-- [fill = 0]
                  70013200    00000014                                              : mmcsd_v0.obj (.text.CSL_REG16_WR_RAW)
                  70013214    0000000c     --HOLE-- [fill = 0]
                  70013220    00000014                                              : mmcsd_v0.obj (.text.CSL_REG8_WR_RAW)
                  70013234    0000000c     --HOLE-- [fill = 0]
                  70013240    00000014     board.am64x.r5f.ti-arm-clang.debug.lib : flash_nor_ospi.obj (.text.Flash_norOspiClose)
                  70013254    0000000c     --HOLE-- [fill = 0]
                  70013260    00000014     ti_dpl_config.obj (.text.putchar_)
                  70013274    00000014     libsysbm.a : hostrename.c.obj (.text.strcpy)
                  70013288    00000008     --HOLE-- [fill = 0]
                  70013290    00000012     nortos.am64x.r5f.ti-arm-clang.debug.lib : TimerP.obj (.text.TimerP_getCount)
                  700132a2    0000000e     --HOLE-- [fill = 0]
                  700132b0    00000012                                             : TimerP.obj (.text.TimerP_getReloadCount)
                  700132c2    0000000e     --HOLE-- [fill = 0]
                  700132d0    00000010     drivers.am64x.r5f.ti-arm-clang.debug.lib : lpddr4.obj (.text.CPS_RegRead)
                  700132e0    00000010                                              : lpddr4_16bit.obj (.text.CPS_RegRead)
                  700132f0    00000010                                              : lpddr4.obj (.text.CPS_UncachedWrite32)
                  70013300    00000010                                              : csl_emif.obj (.text.CSL_REG32_WR_RAW)
                  70013310    00000010                                              : mmcsd_v0.obj (.text.CSL_REG32_WR_RAW)
                  70013320    00000010                                              : ospi_phy.obj (.text.CSL_REG32_WR_RAW)
                  70013330    00000010                                              : ospi_v0.obj (.text.CSL_REG32_WR_RAW)
                  70013340    00000010                                              : pinmux.obj (.text.CSL_REG32_WR_RAW)
                  70013350    00000010                                              : sciclient.obj (.text.CSL_REG32_WR_RAW)
                  70013360    00000010                                              : soc.obj (.text.CSL_REG32_WR_RAW)
                  70013370    00000010     nortos.am64x.r5f.ti-arm-clang.debug.lib : ClockP_nortos_r5.obj (.text.ClockP_getTimerCount)
                  70013380    00000010                                             : ClockP_nortos_r5.obj (.text.ClockP_timerClearOverflowInt)
                  70013390    00000010     drivers.am64x.r5f.ti-arm-clang.debug.lib : ddr.obj (.text.HW_RD_REG32_RAW)
                  700133a0    00000010                                              : ddr_soc.obj (.text.HW_RD_REG32_RAW)
                  700133b0    00000010                                              : ddr.obj (.text.HW_WR_REG32_RAW)
                  700133c0    00000010                                              : ddr_soc.obj (.text.HW_WR_REG32_RAW)
                  700133d0    00000010                                              : mmcsd_v0.obj (.text.MMCSD_switchSdMode)
                  700133e0    00000010     libclang_rt.builtins.a : aeabi_memset.S.obj (.text.__aeabi_memset)
                  700133f0    00000010     nortos.am64x.r5f.ti-arm-clang.debug.lib : printf.obj (.text._out_null)
                  70013400    00000010     libc.a : fputc.c.obj (.text.putchar)
                  70013410    0000000e     drivers.am64x.r5f.ti-arm-clang.debug.lib : mmcsd_v0.obj (.text.CSL_REG64_RD_RAW)
                  7001341e    00000002     --HOLE-- [fill = 0]
                  70013420    0000000e                                              : mmcsd_v0.obj (.text.MMCSD_phyTuneManualEMMC)
                  7001342e    00000002     --HOLE-- [fill = 0]
                  70013430    0000000e                                              : mmcsd_v0.obj (.text.MMCSD_sendTuningDataSD)
                  7001343e    00000002     --HOLE-- [fill = 0]
                  70013440    0000000c                                              : lpddr4.obj (.text.CPS_UncachedRead32)
                  7001344c    00000004     --HOLE-- [fill = 0]
                  70013450    0000000c                                              : mmcsd_v0.obj (.text.CSL_REG16_RD_RAW)
                  7001345c    00000004     --HOLE-- [fill = 0]
                  70013460    0000000c                                              : mmcsd_v0.obj (.text.CSL_REG32_RD_RAW)
                  7001346c    00000004     --HOLE-- [fill = 0]
                  70013470    0000000c                                              : ospi_phy.obj (.text.CSL_REG32_RD_RAW)
                  7001347c    00000004     --HOLE-- [fill = 0]
                  70013480    0000000c                                              : ospi_v0.obj (.text.CSL_REG32_RD_RAW)
                  7001348c    00000004     --HOLE-- [fill = 0]
                  70013490    0000000c                                              : sciclient.obj (.text.CSL_REG32_RD_RAW)
                  7001349c    00000004     --HOLE-- [fill = 0]
                  700134a0    0000000c                                              : mmcsd_v0.obj (.text.CSL_REG8_RD_RAW)
                  700134ac    00000004     --HOLE-- [fill = 0]
                  700134b0    0000000c     ti_drivers_open_close.obj (.text.Drivers_close)
                  700134bc    00000004     --HOLE-- [fill = 0]
                  700134c0    0000000c     ti_drivers_open_close.obj (.text.Drivers_open)
                  700134cc    00000004     --HOLE-- [fill = 0]
                  700134d0    0000000c     ti_power_clock_config.obj (.text.PowerClock_init)
                  700134dc    00000004     --HOLE-- [fill = 0]
                  700134e0    0000000c     drivers.am64x.r5f.ti-arm-clang.debug.lib : sciclient.obj (.text.Sciclient_getSelfDevIdCore)
                  700134ec    00000004     --HOLE-- [fill = 0]
                  700134f0    0000000a     nortos.am64x.r5f.ti-arm-clang.debug.lib : HwiP_armv7r_vim.obj (.text.Hwip_dataAndInstructionBarrier)
                  700134fa    00000006     --HOLE-- [fill = 0]
                  70013500    0000000c     libc.a : strcmp32.S.obj (.text)
                  7001350c    00000004     --HOLE-- [fill = 0]
                  70013510    00000008     ti_board_open_close.obj (.text.Board_driversClose)
                  70013518    00000008     --HOLE-- [fill = 0]
                  70013520    00000008     drivers.am64x.r5f.ti-arm-clang.debug.lib : mmcsd_v0.obj (.text.MMCSD_isr)
                  70013528    00000008     --HOLE-- [fill = 0]
                  70013530    00000008                                              : ospi_v0.obj (.text.OSPI_isr)
                  70013538    00000008     --HOLE-- [fill = 0]
                  70013540    00000008     nortos.am64x.r5f.ti-arm-clang.debug.lib : SemaphoreP_nortos.obj (.text.SemaphoreP_destruct)
                  70013548    00000008     --HOLE-- [fill = 0]
                  70013550    00000004     libclang_rt.builtins.a : aeabi_div0.c.obj (.text.__aeabi_idiv0)
                  70013554    0000000c     --HOLE-- [fill = 0]
                  70013560    00000004                            : aeabi_div0.c.obj (.text.__aeabi_ldiv0)
                  70013564    0000001c     --HOLE-- [fill = 0]

.text.hwi 
*          0    70013580    00000ae0     
                  70013580    000005c6     nortos.am64x.r5f.ti-arm-clang.debug.lib : HwiP_armv7r_vim.obj (.text.hwi)
                  70013b46    0000000a     --HOLE-- [fill = 0]
                  70013b50    000003d4                                             : HwiP_armv7r_handlers_nortos.obj (.text.hwi)
                  70013f24    000000c0                                             : HwiP_armv7r_handlers_nortos_asm.obj (.text.hwi)
                  70013fe4    00000070                                             : HwiP_armv7r_asm.obj (.text.hwi)
                  70014054    0000000c     --HOLE-- [fill = 0]

.text.cache 
*          0    70014060    000004a0     
                  70014060    00000340     nortos.am64x.r5f.ti-arm-clang.debug.lib : CacheP_armv7r_asm.obj (.text.cache)
                  700143a0    00000158                                             : CacheP_armv7r.obj (.text.cache)
                  700144f8    00000008     --HOLE-- [fill = 0]

.text.mpu 
*          0    70014500    000002c0     
                  70014500    00000246     nortos.am64x.r5f.ti-arm-clang.debug.lib : MpuP_armv7r.obj (.text.mpu)
                  70014746    00000002     --HOLE-- [fill = 0]
                  70014748    00000078                                             : MpuP_armv7r_asm.obj (.text.mpu)

.text.boot 
*          0    700147c0    00000140     
                  700147c0    000000fc     nortos.am64x.r5f.ti-arm-clang.debug.lib : boot_armv7r_asm.obj (.text.boot)
                  700148bc    00000004     --HOLE-- [fill = 0]
                  700148c0    00000024                                             : DebugP_log.obj (.text.boot)
                  700148e4    0000000c     --HOLE-- [fill = 0]
                  700148f0    0000000c     ti_dpl_config.obj (.text.boot)
                  700148fc    00000004     --HOLE-- [fill = 0]

.data      0    70014900    00002880     
                  70014900    000007ec     ti_drivers_config.obj (.data.DDRSS_phyReg)
                  700150ec    0000069c     ti_drivers_config.obj (.data.DDRSS_ctlReg)
                  70015788    00000564     ti_drivers_config.obj (.data.DDRSS_phyIndepReg)
                  70015cec    000003f6     ti_drivers_config.obj (.data.DDRSS_phyRegNum)
                  700160e2    0000034e     ti_drivers_config.obj (.data.DDRSS_ctlRegNum)
                  70016430    000002b2     ti_drivers_config.obj (.data.DDRSS_phyIndepRegNum)
                  700166e2    00000132     drivers.am64x.r5f.ti-arm-clang.debug.lib : lpddr4_16bit.obj (.data.CtlIntMap)
                  70016814    000000f0     libc.a : defs.c.obj (.data._ftable)
                  70016904    000000c0     main.obj (.data.gMainMenu)
                  700169c4    0000009c     drivers.am64x.r5f.ti-arm-clang.debug.lib : mmcsd_v0.obj (.data.gMmcsdDrvObj)
                  70016a60    0000009c                                              : ospi_v0.obj (.data.gOspiDrvObj)
                  70016afc    00000084     ti_board_open_close.obj (.data.gFlashDevCfg_S28HS512T)
                  70016b80    00000080     drivers.am64x.r5f.ti-arm-clang.debug.lib : ospi_phy.obj (.data.gOspiFlashAttackVector)
                  70016c00    00000080                                              : ospi_phy.obj (.data.gReadBuf)
                  70016c80    00000080                                              : mmcsd_v0.obj (.data.gTuningPattern8Bit)
                  70016d00    00000078     libsysbm.a : host_device.c.obj (.data._device)
                  70016d78    00000060     ti_pinmux_config.obj (.data.gPinMuxMainDomainCfg)
[...]
70004c28  remove                                 
70004c31  sbl_jtag_uniflash_load_file            
70004f51  Sciclient_service                      
700057b1  Bootloader_MmcsdRaw_writeToOffset      
70005a51  TimerP_setup                           
70006681  MMCSD_open                             
70006b21  Bootloader_MmcsdRaw_readFromOffset     
700071d8  strtol                                 
700073d1  OSPI_open                              
700075a4  __aeabi_uidiv                          
700075a4  __udivsi3                              
70007b01  SOC_moduleSetClockFrequency            
70007cb4  aligned_alloc                          
70007cb4  memalign                               
70007e68  free                                   
70008021  OSPI_readCmd                           
70008341  OSPI_readDirect                        
70008631  OSPI_writeIndirect                     
70008791  MMCSD_read                             
70008a51  OSPI_writeCmd                          
70008ce4  setvbuf                                
700090c1  ClockP_init                            
70009201  LPDDR4_AckCtlInterrupt                 
70009478  open                                   
700096f1  MMCSD_write                            
70009be1  main                                   
70009d11  Sciclient_pmQueryModuleClkFreq         
7000a1c1  LPDDR4_CheckCtlInterrupt               
7000a2d8  __udivmoddi4                           
7000a621  Sciclient_pmSetModuleClkFreq           
7000a951  MMCSD_parseCSDSd                       
7000aa61  OSPI_setProtocol                       
7000b081  MMCSD_parseCIDEmmc                     
7000b181  SemaphoreP_pend                        
7000b278  fputc                                  
7000b471  MMCSD_parseECSDEmmc                    
7000b651  AddrTranslateP_getLocalAddr            
7000b918  __TI_buff_read                         
7000c4d1  Pinmux_unlockMMR                       
7000c5b1  MMCSD_enableBootPartition              
7000c681  MMCSD_parseCIDSd                       
7000c751  OSPI_phyResyncDLL                      
7000c81c  getdevice                              
7000c9b1  LPDDR4_ReadReg                         
7000cb31  Board_flashOpen                        
7000cbf1  ClockP_timerTickIsr                    
7000cd71  ClockP_stop                            
7000cef1  Flash_offsetToSectorPage               
7000cfb1  LPDDR4_WriteReg                        
7000d131  Flash_offsetToBlkPage                  
7000d1f1  OSPI_phyTuneDDR                        
7000d2b1  OSPI_close                             
7000d364  __TI_closefile                         
7000d418  fseeko                                 
7000d4cc  ftello                                 
7000d641  Sciclient_getCurrentContext            
7000d7b1  ClockP_destruct                        
7000d861  CycleCounterP_init                     
7000d881  CycleCounterP_reset                    
7000d8d1  CycleCounterP_nsToTicks                
7000d911  Drivers_mmcsdOpen                      
7000d9c1  Drivers_ospiOpen                       
7000db21  OSPI_setXferOpCodes                    
7000dbd1  Sciclient_pmGetModuleClkNumParent      
7000ddd1  DDR_init                               
7000de74  HOSTrename                             
7000e101  Sciclient_getContext                   
7000e1a1  Pinmux_config                          
7000e23c  __TI_wrt_ok                            
7000e2e1  SOC_controlModuleUnlockMMR             
7000e381  Sciclient_pmGetModuleClkFreq           
7000e421  Sciclient_pmGetModuleClkParent         
7000e4c1  Sciclient_pmSetModuleClkParent         
7000e55c  HOSTlseek                              
7000e601  Sciclient_pmModuleGetClkStatus         
7000e6a1  Sciclient_init                         
7000e738  HOSTopen                               
7000e7d1  MMCSD_init                             
7000e871  OSPI_init                              
7000e911  ClockP_getTimeUsec                     
7000e9b1  SOC_moduleClockEnable                  
7000ec91  Sciclient_pmGetModuleState             
7000ed21  Sciclient_pmModuleClkRequest           
7000edb1  Sciclient_pmSetModuleState             
7000ee3c  __TI_doflush                           
7000eec8  close                                  
7000ef61  LPDDR4_PollCtlIrq                      
7000f081  OSPI_phySetRdDelayTxRxDLL              
7000f2c1  OSPI_enablePhy                         
7000f3d4  HOSTread                               
7000f458  HOSTwrite                              
7000f721  OSPI_phyFindRxHigh                     
7000f7b1  OSPI_phyFindRxLow                      
7000f841  OSPI_phyFindTxHigh                     
7000f8d1  OSPI_phyFindTxLow                      
7000fae1  _DebugP_assert                         
7000fb61  OSPI_disablePhy                        
7000fc58  snprintf                               
7000fcd1  MMCSD_parseCSDEmmc                     
7000fdd1  OSPI_phyReadAttackVector               
7000ff44  __TI_rd_ok                             
7000ffc1  ClockP_usleep                          
70010041  MMCSD_close                            
700100c1  ClockP_construct                       
700101a1  LPDDR4_EnablePIInitiator               
70010211  DDR_socEnableVttRegulator              
7001027c  HOSTunlink                             
700102f1  OSPI_dmaOpen                           
7001035c  atoi                                   
700103d1  Flash_quirkSpansionUNHYSADisable       
70010441  LPDDR4_WriteCtlConfig                  
700104b1  LPDDR4_WritePhyConfig                  
70010521  LPDDR4_WritePhyIndepConfig             
70010591  Pinmux_lockMMR                         
70010751  Flash_open                             
70010904  HOSTclose                              
70010971  sbl_jtag_uniflash_erase_all            
70010a31  Sciclient_pmSetModuleRst               
70010a91  SemaphoreP_post                        
70010af1  LPDDR4_CheckPhyIndepInterrupt          
70010bb1  Module_clockSetFrequency               
70010c11  OSPI_configResetPin                    
70010de8  __TI_cleanup                           
70010e40  __TI_readmsg                           
70010e98  __TI_writemsg                          
70010ee4  C$$IO$$                                
70010f48  __TI_auto_init_nobinit_nopinit         
70011061  OSPI_setNumAddrBytes                   
700110b4  exit                                   
70011108  finddevice                             
70011161  LPDDR4_AckPhyIndepInterrupt            
700111c1  OSPI_dmaCopy                           
70011221  OSPI_enableDacMode                     
70011281  SOC_controlModuleLockMMR               
700112e1  SemaphoreP_construct                   
70011341  Board_flashClose                       
70011391  Drivers_mmcsdClose                     
700113e1  Drivers_ospiClose                      
70011431  OSPI_disableDacMode                    
70011521  MMCSD_getHandle                        
70011571  OSPI_setDeviceSize                     
70011611  Module_clockEnable                     
70011661  OSPI_getHandle                         
700116ac  fclose                                 
700116f8  fopen                                  
70011751  MMCSD_parseSCRSd                       
700117a1  Sciclient_getDevId                     
700117f1  Flash_read                             
70011841  Flash_write                            
70011891  LPDDR4_Init                            
70011931  OSPI_setRdDataCaptureDelay             
70011981  System_init                            
700119c8  memccpy                                
70011a10  unlink                                 
70011a61  OSPI_dmaClose                          
70011b01  Dpl_init                               
70011b51  _DebugP_logZone                        
70011bf1  ClockP_start                           
70011c74  memcmp                                 
70011cc1  CSL_emifDisableECC                     
70011d01  CSL_emifEnableECC                      
70011d81  Flash_eraseBlk                         
70011dc1  Flash_eraseSector                      
70011e01  Flash_getAttrs                         
70012001  OSPI_setCmdDummyCycles                 
70012041  OSPI_setReadDummyCycles                
700120c1  OSPI_enableDdrRdCmds                   
70012141  OSPI_disablePhyPipeline                
70012181  OSPI_enableDDR                         
70012301  Flash_getHandle                        
70012381  TimerP_Params_init                     
700123e8  lseek                                  
7001241c  read                                   
70012450  write                                  
700124d1  MMCSD_getBlockSize                     
70012571  CSL_emifConfig                         
700125a1  Flash_close                            
700125d1  LPDDR4_Start                           
70012601  OSPI_setModeBits                       
70012660  CycleCounterP_getCount32               
70012668  PmuP_setup                             
70012670  PmuP_enableCounters                    
70012678  PmuP_disableCounters                   
70012680  PmuP_getOverflowStatus                 
70012688  PmuP_clearOverflowStatus               
700126f1  OSPI_enableModeBitsCmd                 
70012721  OSPI_enableModeBitsRead                
70012751  OSPI_setDualOpCodeMode                 
70012841  CSL_emifClearECCInterruptStatus        
70012871  CSL_emifEnableECCInterrupts            
700128d1  DebugP_logZoneEnable                   
70012901  OSPI_getBaudRateDivFromObj             
70012931  SemaphoreP_constructBinary             
70012961  TimerP_clearOverflowInt                
700129f1  DDR_enableInlineECC                    
70012a21  OSPI_ReadCmdParams_init                
70012b41  vprintf_                               
70012b71  Flash_getPhyTuningOffset               
70012ba1  LPDDR4_Probe                           
70012bd1  OSPI_WriteCmdParams_init               
70012cf1  OSPI_Transaction_init                  
70012d21  SOC_getSelfCpuClk                      
70012d51  SemaphoreP_constructMutex              
70012d74  __aeabi_uldivmod                       
70012dd1  _system_pre_init                       
70012e31  OSPI_getFlashDataBaseAddr              
70012e81  ClockP_isActive                        
70012ea1  OSPI_setCmdExtType                     
70012ec1  OSPI_setPhyEnableSuccess               
70012ee1  Pinmux_init                            
70012f00  wcslen                                 
70012f21  ClockP_Params_init                     
70012fa1  Board_driversOpen                      
70012fc1  CSL_secProxyGetDataAddr                
70012fe1  OSPI_phyGetTuningData                  
70013034  TI_memcpy_small                        
70013071  LPDDR4_AddOffset                       
700130d1  OSPI_isPhyEnable                       
70013111  SemaphoreP_Params_init                 
70013131  TimerP_start                           
70013151  TimerP_stop                            
70013168  TI_memset_small                        
70013261  putchar_                               
70013291  TimerP_getCount                        
700132b1  TimerP_getReloadCount                  
700132f1  CPS_UncachedWrite32                    
70013371  ClockP_getTimerCount                   
70013381  ClockP_timerClearOverflowInt           
700133e0  __aeabi_memset                         
700133e0  __aeabi_memset4                        
700133e0  __aeabi_memset8                        
70013400  putchar                                
70013441  CPS_UncachedRead32                     
700134b1  Drivers_close                          
700134c1  Drivers_open                           
700134d1  PowerClock_init                        
700134e1  Sciclient_getSelfDevIdCore             
70013511  Board_driversClose                     
70013541  SemaphoreP_destruct                    
70013550  __aeabi_idiv0                          
70013560  __aeabi_ldiv0                          
70013581  HwiP_enableInt                         
700135c1  HwiP_disableInt                        
70013621  HwiP_restoreInt                        
70013651  HwiP_clearInt                          
70013691  HwiP_post                              
700136d1  HwiP_Params_init                       
70013701  HwiP_construct                         
70013901  HwiP_destruct                          
70013971  HwiP_init                              
70013b21  HwiP_inISR                             
70013b51  HwiP_irq_handler_c                     
70013c91  HwiP_fiq_handler                       
70013df1  HwiP_reserved_handler                  
70013e31  HwiP_undefined_handler                 
70013e71  HwiP_svc_handler                       
70013eb1  HwiP_prefetch_abort_handler            
70013ef1  HwiP_data_abort_handler_c              
70013f24  HwiP_irq_handler                       
70013f98  HwiP_data_abort_handler                
70013fe4  HwiP_disable                           
70013ff4  HwiP_disableFIQ                        
70014004  HwiP_enable                            
70014014  HwiP_enableFIQ                         
70014024  HwiP_restore                           
7001402c  HwiP_enableVIC                         
7001403c  HwiP_disableVIC                        
7001404c  HwiP_getCPSR                           
70014060  CacheP_disableL1d                      
70014088  CacheP_disableL1p                      
700140a0  CacheP_enableL1d                       
700140b8  CacheP_enableL1p                       
700140d0  CacheP_invL1d                          
70014108  CacheP_invL1p                          
70014144  CacheP_invL1dAll                       
7001414c  CacheP_invL1pAll                       
70014154  CacheP_wb                              
70014190  CacheP_wbInv                           
700141cc  CacheP_wbAll                           
70014274  CacheP_wbInvAll                        
7001428c  CacheP_wbInvAllAsm                     
7001432c  CacheP_getEnabled                      
70014364  CacheP_getCacheLevelInfo               
70014370  CacheP_configForceWrThru               
70014390  CacheP_setDLFO                         
700143a1  CacheP_init                            
70014431  CacheP_disable                         
70014481  CacheP_enable                          
700144c1  CacheP_inv                             
70014501  MpuP_RegionAttrs_init                  
70014531  MpuP_setRegion                         
70014621  MpuP_isEnable                          
70014631  MpuP_disable                           
70014671  MpuP_enable                            
700146b1  MpuP_init                              
70014748  MpuP_disableAsm                        
70014760  MpuP_disableBRAsm                      
70014770  MpuP_enableAsm                         
70014788  MpuP_enableBRAsm                       
70014798  MpuP_isEnableAsm                       
700147ac  MpuP_setRegionAsm                      
700147c0  _c_int00_sbl                           
700147e4  _c_int00                               
700148c1  _DebugP_assertNoLog                    
700148f1  __mpu_init                             
70014900  DDRSS_phyReg                           
70014900  gOspiDmaConfig                         
700150ec  DDRSS_ctlReg                           
70015788  DDRSS_phyIndepReg                      
70015cec  DDRSS_phyRegNum                        
700160e2  DDRSS_ctlRegNum                        
70016430  DDRSS_phyIndepRegNum                   
70016814  _ftable                                
70016904  gMainMenu                              
70016afc  gFlashDevCfg_S28HS512T                 
70016c80  gTuningPattern8Bit                     
70016d00  _device                                
70016dd8  _stream                                
70016eac  __TI_ft_end                            
70016ee8  gFlashAttrs_S28HS512T                  
70016f4c  gPhyTuneWindowParamsGTE133             
70016f74  gPhyTuneWindowParamsLT133              
70016f9c  gFlashToSpiProtocolMap                 
70016fc0  gSocModulesClockFrequency              
70017004  __aeabi_errno                          
70017008  gSciclientSecProxyCfg                  
70017028  gFlashNorOspiFxns                      
70017044  gSocModules                            
70017060  gClockConfig                           
70017090  gFlashConfig                           
700170a4  gAddrTranslateConfig                   
700170b0  __TI_cleanup_ptr                       
700170b4  __TI_dtors_ptr                         
700170b8  gFlashParams                           
700170c0  gMmcsdConfig                           
700170c8  gMmcsdParams                           
700170d0  gOspiConfig                            
700170e8  _lock                                  
700170ec  _unlock                                
700170f0  gDebugLogZone                          
700170f4  gFlashConfigNum                        
700170f8  gHwiConfig                             
700170fc  gMmcsdConfigNum                        
70017100  gOspiConfigNum                         
70017104  gOspiDmaConfigNum                      
70017108  gOspiParams                            
7001710c  gPhyTuneWindowParams                   
70017180  gSciclientMap                          
700172ac  gCacheL1dCacheLineSize                 
700172b0  __aeabi_ctype_table_                   
700172b0  __aeabi_ctype_table_C                  
700173b4  gCacheConfig                           
700173bc  gMpuConfig                             
700173c8  gMpuRegionConfig                       
7001750c  gCacheL1pCacheLineSize                 
70060000  __BSS_START                            
70060000  __start___llvm_prf_bits                
70060000  __start___llvm_prf_cnts                
70060000  __stop___llvm_prf_bits                 
70060000  __stop___llvm_prf_cnts                 
70060000  gVerifyBuf                             
70068000  gHwiCtrl                               
700693c8  gClockCtrl                             
70069400  gMmcsdDataBuf0                         
70069908  _CIOBUF_                               
70069908  __CIOBUF_                              
70069a28  __TI_tmpnams                           
70069ac8  gEmmcData0                             
70069b04  gFlashObject_S28HS512T                 
70069b38  gADMA2Desc                             
70069b44  parmbuf                                
70069b54  gFlashHandle                           
70069b58  gMmcsdHandle                           
70069b5c  gOspiHandle                            
70069b80  __BSS_END                              
70069b80  _sys_memory                            
70071b80  __stack                                
70075b80  __IRQ_STACK_START                      
70075b80  __STACK_END                            
70076b80  __FIQ_STACK_START                      
70076b80  __IRQ_STACK_END                        
70076c80  __FIQ_STACK_END                        
70076c80  __SVC_STACK_START                      
70076d80  __ABORT_STACK_START                    
70076d80  __SVC_STACK_END                        
70076e80  __ABORT_STACK_END                      
70076e80  __UNDEFINED_STACK_START                
70076f80  __UNDEFINED_STACK_END                  
80000000  gFileBuf                               
ffffffff  __TI_pprof_out_hndl                    
ffffffff  __TI_prof_data_size                    
ffffffff  __TI_prof_data_start                   
ffffffff  __binit__                              
ffffffff  binit                                  
UNDEFED   __TI_CINIT_Base                        
UNDEFED   __TI_CINIT_Limit                       
UNDEFED   __TI_Handler_Table_Base                
UNDEFED   __TI_Handler_Table_Limit               
UNDEFED   _system_post_cinit                     

[436 symbols]
