******************************************************************************
            TI ARM Clang Linker Unix v3.2.0                    
******************************************************************************
>> Linked Wed Dec 13 09:23:11 2023

OUTPUT FILE NAME:   <sbl_uart.release.out>
ENTRY POINT SYMBOL: "_vectors_sbl"  address: 43c00040


MEMORY CONFIGURATION

         name            origin    length      used     unused   attr    fill
----------------------  --------  ---------  --------  --------  ----  --------
  HSM_RAM_VECS          43c00000   00000100  00000080  00000080  RWIX
  HSM_RAM               43c00100   0003c700  00022090  0001a670  RWIX
  DDR                   84000000   40000000  40000000  00000000  RWIX


SEGMENT ALLOCATION MAP

run origin  load origin   length   init length attrs members
----------  ----------- ---------- ----------- ----- -------
43c00000    43c00000    00000080   00000080    r-x
  43c00000    43c00000    00000080   00000080    r-x .vectors
43c00100    43c00100    00012ca8   00012ca8    r-x
  43c00100    43c00100    000106c0   000106c0    r-x .text
  43c107c0    43c107c0    00001730   00001730    r-- .const
  43c11ef0    43c11ef0    00000718   00000718    r-x .text.hwi
  43c12608    43c12608    00000430   00000430    r-x .text.cache
  43c12a38    43c12a38    00000248   00000248    r-x .text.mpu
  43c12c80    43c12c80    00000128   00000128    r-x .text.boot
43c12da8    43c12da8    00003380   00003380    rw-
  43c12da8    43c12da8    00003380   00003380    rw- .data
43c16128    43c16128    00003b48   00003b48    r--
  43c16128    43c16128    00003b48   00003b48    r-- .rodata
43c19c80    43c19c80    00000800   00000800    r--
  43c19c80    43c19c80    00000800   00000800    r-- .boardcfg_data
43c1a480    43c1a480    00006910   00000000    rw-
  43c1a480    43c1a480    00004000   00000000    rw- .stack
  43c1e480    43c1e480    00002910   00000000    rw- .bss
43c20d90    43c20d90    00001400   00000000    r--
  43c20d90    43c20d90    00001000   00000000    r-- .irqstack
  43c21d90    43c21d90    00000100   00000000    r-- .fiqstack
  43c21e90    43c21e90    00000100   00000000    r-- .svcstack
  43c21f90    43c21f90    00000100   00000000    r-- .abortstack
  43c22090    43c22090    00000100   00000000    r-- .undefinedstack


SECTION ALLOCATION MAP

 output                                  attributes/
section   page    origin      length       input sections
--------  ----  ----------  ----------   ----------------
.vectors   0    43c00000    00000080     
                  43c00000    00000040     nortos.am62x.r5f.ti-arm-clang.release.lib : HwiP_armv7r_vectors_nortos_asm.obj (.vectors)
                  43c00040    00000040                                               : HwiP_armv7r_vectors_nortos_sbl_asm.obj (.vectors)

.text      0    43c00100    000106c0     
                  43c00100    00000740     rm_pm_hal_sbl.am62x.r5f.ti-arm-clang.release.lib : pll.obj (.text.pll_calc)
                  43c00840    0000062c                                                      : rm_udmap.obj (.text.rm_udmap_tx_ch_cfg)
                  43c00e6c    000005c4                                                      : rm_udmap.obj (.text.rm_udmap_rx_ch_cfg)
                  43c01430    00000598     nortos.am62x.r5f.ti-arm-clang.release.lib : printf.obj (.text._vsnprintf)
                  43c019c8    000004f2     drivers.am62x.r5f.ti-arm-clang.release.lib : uart_v0.obj (.text.UART_open)
                  43c01eba    00000002     ti_board_config.obj (.text.Board_deinit)
                  43c01ebc    0000043c     rm_pm_hal_sbl.am62x.r5f.ti-arm-clang.release.lib : rm_ra.obj (.text.rm_ra_cfg)
                  43c022f8    00000420     drivers.am62x.r5f.ti-arm-clang.release.lib : ddr.obj (.text.DDR_init)
                  43c02718    00000398     nortos.am62x.r5f.ti-arm-clang.release.lib : printf.obj (.text._ftoa)
                  43c02ab0    00000388     rm_pm_hal_sbl.am62x.r5f.ti-arm-clang.release.lib : psc.obj (.text.lpsc_module_sync_state)
                  43c02e38    0000031c     sciclient_direct_sbl.am62x.r5f.ti-arm-clang.release.lib : sciclient.obj (.text.Sciclient_serviceSecureProxy)
                  43c03154    00000004     ti_board_open_close.obj (.text.Board_driversOpen)
                  43c03158    00000310     nortos.am62x.r5f.ti-arm-clang.release.lib : printf.obj (.text._etoa)
                  43c03468    000002e8     rm_pm_hal_sbl.am62x.r5f.ti-arm-clang.release.lib : rm_udmap.obj (.text.rm_udmap_flow_cfg)
                  43c03750    00000292                                                      : pll.obj (.text.pll_consider)
                  43c039e2    00000290     drivers.am62x.r5f.ti-arm-clang.release.lib : uart_v0.obj (.text.UART_read)
                  43c03c72    00000002     ti_board_config.obj (.text.Board_init)
                  43c03c74    00000280     rm_pm_hal_sbl.am62x.r5f.ti-arm-clang.release.lib : clk_div.obj (.text.clk_div_set_freq)
                  43c03ef4    0000027c                                                      : clk_pll_16fft.obj (.text.clk_pll_16fft_hsdiv_set_freq)
                  43c04170    00000260                                                      : clk_pll_16fft.obj (.text.clk_pll_16fft_init)
                  43c043d0    0000024a     drivers.am62x.r5f.ti-arm-clang.release.lib : bootloader.obj (.text.Bootloader_verifyMulticoreImage)
                  43c0461a    00000002                                                : ddr_soc.obj (.text.DDR_socEnableVttRegulator)
                  43c0461c    00000248     rm_pm_hal_sbl.am62x.r5f.ti-arm-clang.release.lib : device_clk.obj (.text.dev_clk_set_freq)
                  43c04864    00000224                                                      : rm_irq.obj (.text.rm_irq_release)
                  43c04a88    00000220     drivers.am62x.r5f.ti-arm-clang.release.lib : uart_v0.obj (.text.UART_masterIsr)
                  43c04ca8    00000206                                                : xmodem.obj (.text.xmodemReceive)
                  43c04eae    00000002                                                : bootloader_mem.obj (.text.Mem_imgClose)
                  43c04eb0    00000200     rm_pm_hal_sbl.am62x.r5f.ti-arm-clang.release.lib : device.obj (.text.devices_init)
                  43c050b0    000001fe     drivers.am62x.r5f.ti-arm-clang.release.lib : uart_v0.obj (.text.UART_write)
                  43c052ae    00000002     nortos.am62x.r5f.ti-arm-clang.release.lib : SemaphoreP_nortos.obj (.text.SemaphoreP_destruct)
                  43c052b0    000001fc     rm_pm_hal_sbl.am62x.r5f.ti-arm-clang.release.lib : rm_irq.obj (.text.rm_irq_set)
                  43c054ac    000001f0     drivers.am62x.r5f.ti-arm-clang.release.lib : xmodem.obj (.text.xmodemTransmit)
                  43c0569c    000001e0     rm_pm_hal_sbl.am62x.r5f.ti-arm-clang.release.lib : clk_pll_16fft.obj (.text.clk_pll_16fft_program_freq)
                  43c0587c    000001d4     sciclient_direct_sbl.am62x.r5f.ti-arm-clang.release.lib : sciclient_direct.obj (.text.Sciclient_service)
                  43c05a50    000001d0                                                             : sciclient.obj (.text.Sciclient_init)
                  43c05c20    000001c0     nortos.am62x.r5f.ti-arm-clang.release.lib : TimerP.obj (.text.TimerP_setup)
                  43c05de0    000001b0     rm_pm_hal_sbl.am62x.r5f.ti-arm-clang.release.lib : psc.obj (.text.psc_pre_init)
                  43c05f90    000001ae     drivers.am62x.r5f.ti-arm-clang.release.lib : bootloader_soc.obj (.text.Bootloader_socCpuResetRelease)
                  43c0613e    000001a2                                                : ddr_soc.obj (.text.DDR_programPLL)
                  43c062e0    00000164     rm_pm_hal_sbl.am62x.r5f.ti-arm-clang.release.lib : rm_udmap.obj (.text.rm_udmap_gcfg_cfg)
                  43c06444    0000015c                                                      : device_process.obj (.text.set_device_handler)
                  43c065a0    00000158                                                      : rm_ir.obj (.text.rm_ir_configure)
                  43c066f8    00000152     nortos.am62x.r5f.ti-arm-clang.release.lib : printf.obj (.text._ntoa_format)
                  43c0684a    00000002                                               : TaskP_nortos.obj (.text.TaskP_yield)
                  43c0684c    0000014c     sciclient_direct_sbl.am62x.r5f.ti-arm-clang.release.lib : uart_print.obj (.text.UART_printf)
                  43c06998    0000014a     drivers.am62x.r5f.ti-arm-clang.release.lib : soc.obj (.text.SOC_moduleSetClockFrequency)
                  43c06ae2    00000002     nortos.am62x.r5f.ti-arm-clang.release.lib : printf.obj (.text._out_null)
                  43c06ae4    00000148     rm_pm_hal_sbl.am62x.r5f.ti-arm-clang.release.lib : clk.obj (.text.clk_init)
                  43c06c2c    00000146     sciclient_direct_sbl.am62x.r5f.ti-arm-clang.release.lib : sciclient_direct.obj (.text.Sciclient_ProcessPmMessage)
                  43c06d72    00000146     drivers.am62x.r5f.ti-arm-clang.release.lib : uart_v0.obj (.text.UART_close)
                  43c06eb8    00000134                                                : bootloader.obj (.text.Bootloader_parseMultiCoreAppImage)
                  43c06fec    00000134     rm_pm_hal_sbl.am62x.r5f.ti-arm-clang.release.lib : rm_ra.obj (.text.ra_get_ring_evt)
                  43c07120    00000134                                                      : rm_ra.obj (.text.ra_set_ring_evt)
                  43c07254    0000012c                                                      : psc.obj (.text.psc_uninit)
                  43c07380    00000124                                                      : clk_pll_16fft.obj (.text.clk_pll_16fft_get_freq)
                  43c074a4    00000122                                                      : rm_udmap.obj (.text.udmap_oes_index_validate)
                  43c075c6    00000120     drivers.am62x.r5f.ti-arm-clang.release.lib : lpddr4_am6x.obj (.text.LPDDR4_CheckCtlInterrupt)
                  43c076e6    00000002     rm_pm_hal_sbl.am62x.r5f.ti-arm-clang.release.lib : ioremap.obj (.text.ioremap_internal)
                  43c076e8    00000120                                                      : rm_udmap.obj (.text.udmap_get_ch_evt)
                  43c07808    0000011e     drivers.am62x.r5f.ti-arm-clang.release.lib : bootloader_dma.obj (.text.BootloaderDma_submitTR)
                  43c07926    00000002     rm_pm_hal_sbl.am62x.r5f.ti-arm-clang.release.lib : mmr_lock.obj (.text.mmr_lock_all)
                  43c07928    0000011c                                                      : clk_pll_16fft.obj (.text.clk_pll_16fft_internal_set_freq)
                  43c07a44    00000118     libclang_rt.builtins.a : udivmoddi4.S.obj (.text)
                  43c07b5c    00000116     drivers.am62x.r5f.ti-arm-clang.release.lib : bootloader_soc.obj (.text.Bootloader_socCpuPowerOnResetHSMM4f)
                  43c07c72    00000112                                                : bootloader.obj (.text.Bootloader_rprcImageLoad)
                  43c07d84    00000112                                                : bootloader_soc.obj (.text.Bootloader_socCpuPowerOnResetM4f)
                  43c07e96    00000112                                                : lpddr4_am6x.obj (.text.LPDDR4_AckCtlInterrupt)
                  43c07fa8    0000010c     main.obj (.text.main)
                  43c080b4    0000010c     rm_pm_hal_sbl.am62x.r5f.ti-arm-clang.release.lib : rm_core.obj (.text.rm_core_get_resource_range)
                  43c081c0    0000010c                                                      : rm_ia.obj (.text.rm_ia_vint_map)
                  43c082cc    00000104                                                      : device_clk.obj (.text.device_clk_get_parent)
                  43c083d0    00000100     sciclient_direct_sbl.am62x.r5f.ti-arm-clang.release.lib : sciclient_direct.obj (.text.Sciclient_ProcessRmMessage)
                  43c084d0    000000fc     nortos.am62x.r5f.ti-arm-clang.release.lib : ClockP_nortos_r5.obj (.text.ClockP_init)
                  43c085cc    000000f8     rm_pm_hal_sbl.am62x.r5f.ti-arm-clang.release.lib : rm_udmap.obj (.text.udmap_set_ch_evt)
                  43c086c4    000000f2                                                      : rm_ia.obj (.text.rm_ia_vint_unmap)
                  43c087b6    000000f0     drivers.am62x.r5f.ti-arm-clang.release.lib : bootloader_dma.obj (.text.Bootloader_dmaCopy)
                  43c088a6    00000002     rm_pm_hal_sbl.am62x.r5f.ti-arm-clang.release.lib : map.obj (.text.u32_get_bytes)
                  43c088a8    000000ec                                                      : clk_div.obj (.text.clk_div_notify_freq)
                  43c08994    000000ec                                                      : psc.obj (.text.psc_pd_get)
                  43c08a80    000000e8                                                      : rm_udmap.obj (.text.rm_udmap_is_managed_resasg_utype)
                  43c08b68    000000e6                                                      : rm_ia.obj (.text.ia_validate_evt)
                  43c08c4e    00000002     --HOLE-- [fill = 0]
                  43c08c50    000000e0                                                      : clk.obj (.text.clk_set_freq)
                  43c08d30    000000e0                                                      : device_clk.obj (.text.device_clk_set_gated)
                  43c08e10    000000e0                                                      : psc.obj (.text.lpsc_module_wait)
                  43c08ef0    000000dc                                                      : rm_ra.obj (.text.rm_ra_mon_cfg)
                  43c08fcc    000000d2     main.obj (.text.App_loadImages)
                  43c0909e    00000002     --HOLE-- [fill = 0]
                  43c090a0    000000d0     rm_pm_hal_sbl.am62x.r5f.ti-arm-clang.release.lib : rm_ia.obj (.text.ia_set_oes_evt)
                  43c09170    000000d0                                                      : psc.obj (.text.lpsc_module_put_internal)
                  43c09240    000000d0                                                      : psc.obj (.text.psc_pd_put)
                  43c09310    000000d0                                                      : rm_udmap.obj (.text.rm_udmap_flow_delegate)
                  43c093e0    000000ca                                                      : rm_ia.obj (.text.ia_get_oes_evt)
                  43c094aa    00000002     --HOLE-- [fill = 0]
                  43c094ac    000000c8                                                      : rm_ia.obj (.text.rm_ia_init)
                  43c09574    000000c4                                                      : clk_div.obj (.text.clk_div_set_freq_static_parent)
                  43c09638    000000c4                                                      : device_clk.obj (.text.device_clk_set_parent)
                  43c096fc    000000c0                                                      : clk_pll_16fft.obj (.text.clk_pll_16fft_wait_for_lock)
                  43c097bc    000000c0                                                      : clk_mux.obj (.text.clk_set_parent)
                  43c0987c    000000c0                                                      : clock.obj (.text.get_clock_handler)
                  43c0993c    000000c0                                                      : psc.obj (.text.psc_post_init)
                  43c099fc    000000c0                                                      : clock.obj (.text.set_clock_handler)
                  43c09abc    000000bc     sciclient_direct_sbl.am62x.r5f.ti-arm-clang.release.lib : sciclient_pm.obj (.text.Sciclient_pmQueryModuleClkFreq)
                  43c09b78    000000bc     rm_pm_hal_sbl.am62x.r5f.ti-arm-clang.release.lib : rm_core.obj (.text.rm_core_resasg_validate_resource)
                  43c09c34    000000bc                                                      : clock.obj (.text.set_freq_handler)
                  43c09cf0    000000bc                                                      : device_psc.obj (.text.soc_device_init)
                  43c09dac    000000b8     sciclient_direct_sbl.am62x.r5f.ti-arm-clang.release.lib : sciclient_direct.obj (.text.Sciclient_boardCfgParseHeader)
                  43c09e64    000000b8     drivers.am62x.r5f.ti-arm-clang.release.lib : uart_v0.obj (.text.UART_divisorLatchWrite)
                  43c09f1c    000000b8                                                : uart_v0.obj (.text.UART_flushTxFifo)
                  43c09fd4    000000b8     rm_pm_hal_sbl.am62x.r5f.ti-arm-clang.release.lib : clock.obj (.text.query_freq_handler)
                  43c0a08c    000000b6                                                      : map.obj (.text.map_add)
                  43c0a142    000000b6                                                      : div64.obj (.text.pm_div64)
                  43c0a1f8    000000b4                                                      : clk_div.obj (.text.clk_div_reg_go_set_div)
                  43c0a2ac    000000b4                                                      : init.obj (.text.pm_init)
                  43c0a360    000000b0     nortos.am62x.r5f.ti-arm-clang.release.lib : printf.obj (.text._ntoa_long_long)
                  43c0a410    000000b0     rm_pm_hal_sbl.am62x.r5f.ti-arm-clang.release.lib : rm_ra.obj (.text.rm_ra_init)
                  43c0a4c0    000000ae     sciclient_direct_sbl.am62x.r5f.ti-arm-clang.release.lib : sciclient_direct.obj (.text.boardcfgRmFindCertSize)
                  43c0a56e    00000002     --HOLE-- [fill = 0]
                  43c0a570    000000ac     rm_pm_hal_sbl.am62x.r5f.ti-arm-clang.release.lib : psc.obj (.text.lpsc_module_get_internal)
                  43c0a61c    000000ac                                                      : rm_udmap.obj (.text.rm_udmap_init)
                  43c0a6c8    000000aa     sciclient_direct_sbl.am62x.r5f.ti-arm-clang.release.lib : sciclient_pm.obj (.text.Sciclient_pmSetModuleClkFreq)
                  43c0a772    000000aa     drivers.am62x.r5f.ti-arm-clang.release.lib : uart_v0.obj (.text.UART_procLineStatusErr)
                  43c0a81c    000000a8     rm_pm_hal_sbl.am62x.r5f.ti-arm-clang.release.lib : rm_udmap.obj (.text.udmap_check_index_range)
                  43c0a8c4    000000a6     nortos.am62x.r5f.ti-arm-clang.release.lib : printf.obj (.text._out_rev)
                  43c0a96a    00000002     --HOLE-- [fill = 0]
                  43c0a96c    000000a4     rm_pm_hal_sbl.am62x.r5f.ti-arm-clang.release.lib : boardcfg-user.obj (.text.boardcfg_rm_receive_and_validate)
                  43c0aa10    000000a0                                                      : device_prepare.obj (.text.device_prepare)
                  43c0aab0    000000a0                                                      : device_process.obj (.text.get_device_handler)
                  43c0ab50    000000a0                                                      : rm_core.obj (.text.rm_core_init)
                  43c0abf0    000000a0                                                      : rm_ra.obj (.text.rm_ra_validate_ring_index)
                  43c0ac90    0000009e                                                      : rm_udmap.obj (.text.udmap_check_flow_index)
                  43c0ad2e    0000009c                                                      : clk.obj (.text.clk_generic_set_freq_parent)
                  43c0adca    00000002     --HOLE-- [fill = 0]
                  43c0adcc    0000009c                                                      : clk_pll_16fft.obj (.text.clk_pll_16fft_set_freq)
                  43c0ae68    0000009c                                                      : rm_ir.obj (.text.rm_ir_clear)
                  43c0af04    00000098     sciclient_direct_sbl.am62x.r5f.ti-arm-clang.release.lib : sciclient.obj (.text.Sciclient_serviceGetThreadIds)
                  43c0af9c    00000096     nortos.am62x.r5f.ti-arm-clang.release.lib : SemaphoreP_nortos.obj (.text.SemaphoreP_pend)
                  43c0b032    00000094     drivers.am62x.r5f.ti-arm-clang.release.lib : bootloader.obj (.text.Bootloader_getMsgLen)
                  43c0b0c6    00000094                                                : uart_v0.obj (.text.UART_init)
                  43c0b15a    00000002     --HOLE-- [fill = 0]
                  43c0b15c    00000094     rm_pm_hal_sbl.am62x.r5f.ti-arm-clang.release.lib : rm_irq.obj (.text.irq_trace_remaining_params)
                  43c0b1f0    00000090     drivers.am62x.r5f.ti-arm-clang.release.lib : bootloader.obj (.text.Bootloader_loadSelfCpu)
                  43c0b280    00000090     rm_pm_hal_sbl.am62x.r5f.ti-arm-clang.release.lib : device_pm.obj (.text.device_set_state)
                  43c0b310    00000090                                                      : rm_ir.obj (.text.ir_clear_rom_mapping)
                  43c0b3a0    00000090                                                      : psc.obj (.text.lpsc_module_set_local_reset)
                  43c0b430    0000008e     drivers.am62x.r5f.ti-arm-clang.release.lib : uart_v0.obj (.text.UART_readCancelNoCB)
                  43c0b4be    00000002     --HOLE-- [fill = 0]
                  43c0b4c0    0000008c     sciclient_direct_sbl.am62x.r5f.ti-arm-clang.release.lib : uart_print.obj (.text.UART_convertVal)
                  43c0b54c    0000008c     nortos.am62x.r5f.ti-arm-clang.release.lib : printf.obj (.text._ntoa_long)
                  43c0b5d8    0000008c     rm_pm_hal_sbl.am62x.r5f.ti-arm-clang.release.lib : clk_mux.obj (.text.clk_mux_set_parent)
                  43c0b664    0000008c                                                      : psc.obj (.text.psc_pd_wait)
                  43c0b6f0    0000008a                                                      : rm_ra.obj (.text.ra_check_index_range)
                  43c0b77a    00000002     --HOLE-- [fill = 0]
                  43c0b77c    00000088                                                      : psc.obj (.text.lpsc_module_set_module_reset)
                  43c0b804    00000086     sciclient_direct_sbl.am62x.r5f.ti-arm-clang.release.lib : sciclient_pm.obj (.text.Sciclient_pmGetModuleClkNumParent)
                  43c0b88a    00000086                                                             : sciclient_pm.obj (.text.Sciclient_pmGetModuleClkParent)
                  43c0b910    00000084                                                             : sciclient_boardcfg.obj (.text.Sciclient_boardCfgPm)
                  43c0b994    00000084                                                             : sciclient_boardcfg.obj (.text.Sciclient_boardCfgRm)
                  43c0ba18    00000084                                                             : sciclient_pm.obj (.text.Sciclient_pmGetModuleClkFreq)
                  43c0ba9c    00000084                                                             : sciclient_pm.obj (.text.Sciclient_pmModuleGetClkStatus)
                  43c0bb20    00000082                                                             : sciclient_pm.obj (.text.Sciclient_pmGetModuleState)
                  43c0bba2    00000002     --HOLE-- [fill = 0]
                  43c0bba4    00000080                                                             : sciclient.obj (.text.Sciclient_ISR)
                  43c0bc24    00000080                                                             : sciclient_secureproxy.obj (.text.Sciclient_sendMessage)
                  43c0bca4    00000080     rm_pm_hal_sbl.am62x.r5f.ti-arm-clang.release.lib : clk_div.obj (.text.clk_div_reg_set_div)
                  43c0bd24    00000080                                                      : clk_pll_16fft.obj (.text.clk_pll_16fft_postdiv_set_freq)
                  43c0bda4    00000080                                                      : clock.obj (.text.set_clock_parent_handler)
                  43c0be24    0000007e     drivers.am62x.r5f.ti-arm-clang.release.lib : bootloader_soc.obj (.text.Bootloader_socCpuSetClock)
                  43c0bea2    0000007e     sciclient_direct_sbl.am62x.r5f.ti-arm-clang.release.lib : sciclient_pm.obj (.text.Sciclient_pmModuleClkRequest)
                  43c0bf20    0000007e                                                             : sciclient_pm.obj (.text.Sciclient_pmSetModuleClkParent)
                  43c0bf9e    00000002     --HOLE-- [fill = 0]
                  43c0bfa0    0000007c     rm_pm_hal_sbl.am62x.r5f.ti-arm-clang.release.lib : clk.obj (.text.clk_notify_sibling_freq)
                  43c0c01c    0000007c                                                      : clk_pll_16fft.obj (.text.clk_pll_16fft_postdiv_set_div)
                  43c0c098    0000007c                                                      : clock.obj (.text.get_clock_parent_handler)
                  43c0c114    0000007c                                                      : clock.obj (.text.get_num_clock_parents_handler)
                  43c0c190    0000007c                                                      : rm_ra.obj (.text.rm_ra_is_managed_resasg_utype)
                  43c0c20c    0000007a                                                      : rm_udmap.obj (.text.udmap_clear_rom_oes)
                  43c0c286    00000002     --HOLE-- [fill = 0]
                  43c0c288    00000078     sciclient_direct_sbl.am62x.r5f.ti-arm-clang.release.lib : sciclient.obj (.text.Sciclient_servicePrepareHeader)
                  43c0c300    00000078     rm_pm_hal_sbl.am62x.r5f.ti-arm-clang.release.lib : psc.obj (.text.psc_drop_pwr_up_ref)
                  43c0c378    00000074                                                      : clk_dev.obj (.text.clk_from_device_get_state)
                  43c0c3ec    00000074                                                      : clk.obj (.text.clk_get)
                  43c0c460    00000074                                                      : device_process.obj (.text.set_device_resets_handler)
                  43c0c4d4    00000072     drivers.am62x.r5f.ti-arm-clang.release.lib : bootloader_soc.obj (.text.Bootloader_socCpuPowerOnResetA53)
                  43c0c546    00000002     --HOLE-- [fill = 0]
                  43c0c548    00000070     sciclient_direct_sbl.am62x.r5f.ti-arm-clang.release.lib : sciclient.obj (.text.Sciclient_configPrmsInit)
                  43c0c5b8    0000006e     drivers.am62x.r5f.ti-arm-clang.release.lib : ddr_soc.obj (.text.DDR_programHSDIV)
                  43c0c626    0000006e                                                : lpddr4.obj (.text.LPDDR4_Start)
                  43c0c694    0000006e                                                : soc.obj (.text.SOC_moduleClockEnable)
                  43c0c702    0000006e     rm_pm_hal_sbl.am62x.r5f.ti-arm-clang.release.lib : rm_core.obj (.text.core_resasg_get_range)
                  43c0c770    0000006c                                                      : device_clk.obj (.text.device_clk_init)
                  43c0c7dc    0000006c                                                      : device_clk.obj (.text.get_dev_clk)
                  43c0c848    0000006c                                                      : psc.obj (.text.lpsc_module_set_reset_iso)
                  43c0c8b4    0000006a                                                      : rm_ia.obj (.text.ia_unmap_clear_rom_mapping)
                  43c0c91e    00000068     nortos.am62x.r5f.ti-arm-clang.release.lib : AddrTranslateP.obj (.text.AddrTranslateP_getLocalAddr)
                  43c0c986    00000068     drivers.am62x.r5f.ti-arm-clang.release.lib : bootloader_soc.obj (.text.Bootloader_socCpuRelease)
                  43c0c9ee    00000068                                                : uart_v0.obj (.text.UART_writeCancelNoCB)
                  43c0ca56    00000002     --HOLE-- [fill = 0]
                  43c0ca58    00000068     rm_pm_hal_sbl.am62x.r5f.ti-arm-clang.release.lib : clk_mux.obj (.text.clk_mux_get_parent)
                  43c0cac0    00000068                                                      : rm_core.obj (.text.rm_core_validate_devgrp)
                  43c0cb28    00000068                                                      : rm_ir.obj (.text.rm_ir_get_outp)
                  43c0cb90    00000066     drivers.am62x.r5f.ti-arm-clang.release.lib : bootloader_soc.obj (.text.Bootloader_socCpuRequest)
                  43c0cbf6    00000064                                                : bootloader_soc.obj (.text.Bootloader_socCpuGetClock)
                  43c0cc5a    00000064                                                : bootloader_soc.obj (.text.Bootloader_socMemInitCpu)
                  43c0ccbe    00000064                                                : csl_emif.obj (.text.CSL_emifConfig)
                  43c0cd22    00000064     sciclient_direct_sbl.am62x.r5f.ti-arm-clang.release.lib : sciclient_procboot.obj (.text.Sciclient_procBootSetSequenceCtrl)
                  43c0cd86    00000002     --HOLE-- [fill = 0]
                  43c0cd88    00000064     rm_pm_hal_sbl.am62x.r5f.ti-arm-clang.release.lib : clk_div.obj (.text.clk_div_reg_get_div)
                  43c0cdec    00000064                                                      : clk_pll_16fft.obj (.text.clk_pll_16fft_get_state)
                  43c0ce50    00000064                                                      : psc.obj (.text.lpsc_module_clk_put)
                  43c0ceb4    00000064                                                      : resource.obj (.text.resource_get)
                  43c0cf18    00000064                                                      : rm_core.obj (.text.rm_core_resasg_get_utype_index)
                  43c0cf7c    00000062     sciclient_direct_sbl.am62x.r5f.ti-arm-clang.release.lib : sciclient.obj (.text.Sciclient_setDebugConfig)
                  43c0cfde    00000062     drivers.am62x.r5f.ti-arm-clang.release.lib : udma_ring_common.obj (.text.Udma_ringQueueRaw)
                  43c0d040    00000062                                                : utils.obj (.text.Utils_memcpyWord)
                  43c0d0a2    00000002     --HOLE-- [fill = 0]
                  43c0d0a4    00000060     sciclient_direct_sbl.am62x.r5f.ti-arm-clang.release.lib : sciclient_direct_wrapper.obj (.text.Sciclient_direct_init)
                  43c0d104    00000060                                                             : sciclient_pm.obj (.text.Sciclient_pmSetModuleState)
                  43c0d164    00000060     rm_pm_hal_sbl.am62x.r5f.ti-arm-clang.release.lib : clk.obj (.text.clk_notify_freq)
                  43c0d1c4    00000060                                                      : device_psc.obj (.text.soc_device_get_state)
                  43c0d224    0000005e     drivers.am62x.r5f.ti-arm-clang.release.lib : bootloader.obj (.text.Bootloader_runCpu)
                  43c0d282    0000005e     nortos.am62x.r5f.ti-arm-clang.release.lib : ClockP_nortos.obj (.text.ClockP_timerTickIsr)
                  43c0d2e0    0000005e     sciclient_direct_sbl.am62x.r5f.ti-arm-clang.release.lib : sciclient_procboot.obj (.text.Sciclient_procBootAuthAndStart)
                  43c0d33e    0000005c                                                             : sciclient_procboot.obj (.text.Sciclient_procBootReleaseProcessor)
                  43c0d39a    0000005c     nortos.am62x.r5f.ti-arm-clang.release.lib : DebugP_log.obj (.text._DebugP_assert)
                  43c0d3f6    00000002     --HOLE-- [fill = 0]
                  43c0d3f8    0000005c     rm_pm_hal_sbl.am62x.r5f.ti-arm-clang.release.lib : clk_div.obj (.text.clk_div_reg_go_get_div)
                  43c0d454    0000005c                                                      : clk_pllctrl.obj (.text.clk_pllctrl_mux_get_parent)
                  43c0d4b0    0000005c                                                      : device_clk.obj (.text.device_clk_get_hw_ready)
                  43c0d50c    0000005c                                                      : clock.obj (.text.get_freq_handler)
                  43c0d568    0000005c                                                      : rm_ra.obj (.text.ra_check_monitor_index_range)
                  43c0d5c4    0000005c                                                      : device_psc.obj (.text.soc_device_disable)
                  43c0d620    0000005a     drivers.am62x.r5f.ti-arm-clang.release.lib : udma_ring_common.obj (.text.Udma_ringDequeueRaw)
                  43c0d67a    00000058     sciclient_direct_sbl.am62x.r5f.ti-arm-clang.release.lib : sciclient_procboot.obj (.text.Sciclient_procBootGetProcessorState)
                  43c0d6d2    00000002     --HOLE-- [fill = 0]
                  43c0d6d4    00000058     rm_pm_hal_sbl.am62x.r5f.ti-arm-clang.release.lib : device_clk.obj (.text.device_clk_set_freq_change)
                  43c0d72c    00000058                                                      : device_clk.obj (.text.device_clk_set_ssc)
                  43c0d784    00000058                                                      : rm_irq.obj (.text.irq_validate_global_event)
                  43c0d7dc    00000058                                                      : itoa.obj (.text.lib_itoa)
                  43c0d834    00000058                                                      : mmr_lock.obj (.text.mmr_unlock_all)
                  43c0d88c    00000058                                                      : pll.obj (.text.pll_init)
                  43c0d8e4    00000058                                                      : rm_udmap.obj (.text.udmap_get_inst)
                  43c0d93c    00000058     libc.a : autoinit.c.obj (.text:__TI_auto_init_nobinit_nopinit)
                  43c0d994    00000056     ti_drivers_open_close.obj (.text.Drivers_uartOpen)
                  43c0d9ea    00000056     drivers.am62x.r5f.ti-arm-clang.release.lib : uart_dma.obj (.text.UART_dmaDisableChannel)
                  43c0da40    00000054     sciclient_direct_sbl.am62x.r5f.ti-arm-clang.release.lib : sciclient_pm.obj (.text.Sciclient_pmSetModuleRst)
                  43c0da94    00000054                                                             : sciclient_procboot.obj (.text.Sciclient_procBootRequestProcessor)
                  43c0dae8    00000054     drivers.am62x.r5f.ti-arm-clang.release.lib : uart_dma.obj (.text.UART_dmaClose)
                  43c0db3c    00000054     rm_pm_hal_sbl.am62x.r5f.ti-arm-clang.release.lib : clk_div.obj (.text.clk_div_init)
                  43c0db90    00000054                                                      : psc.obj (.text.lpsc_module_get_local_reset)
                  43c0dbe4    00000054                                                      : rm_irq.obj (.text.rm_irq_oes_src_register)
                  43c0dc38    00000054                                                      : device_psc.obj (.text.soc_device_enable)
                  43c0dc8c    00000052                                                      : rm_ra.obj (.text.ra_clear_rom_oes)
                  43c0dcde    00000050     drivers.am62x.r5f.ti-arm-clang.release.lib : bootloader.obj (.text.Bootloader_loadCpu)
                  43c0dd2e    00000050                                                : bootloader.obj (.text.Bootloader_rprcImageParseEntryPoint)
                  43c0dd7e    00000050     nortos.am62x.r5f.ti-arm-clang.release.lib : ClockP_nortos.obj (.text.ClockP_addToList)
                  43c0ddce    00000050                                               : ClockP_nortos.obj (.text.ClockP_construct)
                  43c0de1e    00000050     sciclient_direct_sbl.am62x.r5f.ti-arm-clang.release.lib : sciclient.obj (.text.Sciclient_abiCheck)
                  43c0de6e    00000002     --HOLE-- [fill = 0]
                  43c0de70    00000050                                                             : sciclient.obj (.text.Sciclient_getCurrentContext)
                  43c0dec0    00000050     rm_pm_hal_sbl.am62x.r5f.ti-arm-clang.release.lib : clk_pll_16fft.obj (.text.clk_pll_16fft_postdiv_get_div)
                  43c0df10    00000050                                                      : device_psc.obj (.text.soc_device_get_context_loss_count)
                  43c0df60    00000050                                                      : device_psc.obj (.text.soc_device_set_resets)
                  43c0dfb0    0000004e     main.obj (.text.App_runCpus)
                  43c0dffe    0000004e     drivers.am62x.r5f.ti-arm-clang.release.lib : bootloader.obj (.text.Bootloader_findSeq)
                  43c0e04c    0000004e                                                : lpddr4.obj (.text.LPDDR4_ReadReg)
                  43c0e09a    0000004e     rm_pm_hal_sbl.am62x.r5f.ti-arm-clang.release.lib : device_psc.obj (.text.soc_device_verify_mapping)
                  43c0e0e8    0000004c     sciclient_direct_sbl.am62x.r5f.ti-arm-clang.release.lib : sciclient.obj (.text.Sciclient_deinit)
                  43c0e134    0000004c                                                             : sciclient_boardcfg.obj (.text.Sciclient_getDefaultBoardCfgInfo)
                  43c0e180    0000004c                                                             : sciclient_procboot.obj (.text.Sciclient_procBootSetProcessorCfg)
                  43c0e1cc    0000004c     rm_pm_hal_sbl.am62x.r5f.ti-arm-clang.release.lib : clk_pll_16fft.obj (.text.clk_pll_16fft_cal_option4)
                  43c0e218    0000004c                                                      : psc.obj (.text.lpsc_module_get_reset_iso)
                  43c0e264    0000004c                                                      : rm_ra.obj (.text.ra_get_inst)
                  43c0e2b0    0000004c                                                      : device_psc.obj (.text.soc_device_get_resets)
                  43c0e2fc    0000004c                                                      : device_psc.obj (.text.soc_device_ret_disable)
                  43c0e348    0000004c                                                      : device_psc.obj (.text.soc_device_ret_enable)
                  43c0e394    0000004a     drivers.am62x.r5f.ti-arm-clang.release.lib : pinmux.obj (.text.Pinmux_unlockMMR)
                  43c0e3de    0000004a                                                : soc.obj (.text.SOC_controlModuleUnlockMMR)
                  43c0e428    00000048                                                : lpddr4.obj (.text.LPDDR4_WritePhyIndepConfig)
                  43c0e470    00000048     rm_pm_hal_sbl.am62x.r5f.ti-arm-clang.release.lib : clk_pll_16fft.obj (.text.clk_pll_16fft_bypass)
                  43c0e4b8    00000048                                                      : clk.obj (.text.clk_put)
                  43c0e500    00000048                                                      : device_clk.obj (.text.get_dev_clk_data)
                  43c0e548    00000046     nortos.am62x.r5f.ti-arm-clang.release.lib : ClockP_nortos.obj (.text.ClockP_getTimeUsec)
                  43c0e58e    00000046     drivers.am62x.r5f.ti-arm-clang.release.lib : lpddr4.obj (.text.LPDDR4_WritePhyConfig)
                  43c0e5d4    00000046                                                : pinmux.obj (.text.Pinmux_config)
                  43c0e61a    00000046                                                : bootloader_xmodem.obj (.text._inbyte)
                  43c0e660    00000046     rm_pm_hal_sbl.am62x.r5f.ti-arm-clang.release.lib : rm_irq.obj (.text.irq_cfg_is_ia_cfg)
                  43c0e6a6    00000046                                                      : rm_irq.obj (.text.irq_cfg_is_ir_cfg)
                  43c0e6ec    00000046                                                      : rm_irq.obj (.text.irq_cfg_is_oes_only)
                  43c0e732    00000002     --HOLE-- [fill = 0]
                  43c0e734    00000044     sciclient_direct_sbl.am62x.r5f.ti-arm-clang.release.lib : sciclient_direct_wrapper.obj (.text.Sciclient_waitForBootNotification)
                  43c0e778    00000044     rm_pm_hal_sbl.am62x.r5f.ti-arm-clang.release.lib : dmsc.obj (.text.am62x_sys_reset_handler)
                  43c0e7bc    00000044                                                      : clk.obj (.text.clk_get_state)
                  43c0e800    00000042     drivers.am62x.r5f.ti-arm-clang.release.lib : bootloader_mem.obj (.text.Mem_imgRead)
                  43c0e842    00000042     rm_pm_hal_sbl.am62x.r5f.ti-arm-clang.release.lib : device_clk.obj (.text.device_clk_disable)
                  43c0e884    00000042                                                      : device_clk.obj (.text.device_clk_enable)
                  43c0e8c6    00000040     nortos.am62x.r5f.ti-arm-clang.release.lib : ClockP_nortos.obj (.text.ClockP_stop)
                  43c0e906    00000040     ti_dpl_config.obj (.text.Dpl_init)
                  43c0e946    00000040     drivers.am62x.r5f.ti-arm-clang.release.lib : lpddr4.obj (.text.LPDDR4_WriteCtlConfig)
                  43c0e986    00000040     nortos.am62x.r5f.ti-arm-clang.release.lib : SemaphoreP_nortos.obj (.text.SemaphoreP_constructBinary)
                  43c0e9c6    00000002     --HOLE-- [fill = 0]
                  43c0e9c8    00000040     rm_pm_hal_sbl.am62x.r5f.ti-arm-clang.release.lib : clk_mux.obj (.text.clk_get_parent)
                  43c0ea08    00000040                                                      : psc.obj (.text.psc_lookup_lpsc)
                  43c0ea48    00000040                                                      : rm_ia.obj (.text.rm_ia_is_managed_resasg_utype)
                  43c0ea88    00000040                                                      : device_psc.obj (.text.soc_device_set_reset_iso)
                  43c0eac8    00000040                                                      : trace.obj (.text.trace_debug_internal)
                  43c0eb08    0000003e     nortos.am62x.r5f.ti-arm-clang.release.lib : SemaphoreP_nortos.obj (.text.SemaphoreP_constructMutex)
                  43c0eb46    0000003e     rm_pm_hal_sbl.am62x.r5f.ti-arm-clang.release.lib : device_clk.obj (.text.device_clk_get_num_parents)
                  43c0eb84    0000003e                                                      : device_psc.obj (.text.soc_device_ret_enable_internal)
                  43c0ebc2    0000003e                                                      : rm_udmap.obj (.text.udmap_validate_chan_type)
                  43c0ec00    0000003c     drivers.am62x.r5f.ti-arm-clang.release.lib : bootloader_soc.obj (.text.Bootloader_socTranslateSectionAddr)
                  43c0ec3c    0000003c     nortos.am62x.r5f.ti-arm-clang.release.lib : ClockP_nortos.obj (.text.ClockP_usleep)
                  43c0ec78    0000003c     rm_pm_hal_sbl.am62x.r5f.ti-arm-clang.release.lib : device_pm.obj (.text.device_disable)
                  43c0ecb4    0000003c                                                      : rm_ir.obj (.text.ir_get_inst)
                  43c0ecf0    0000003c                                                      : psc.obj (.text.lpsc_module_clk_get)
                  43c0ed2c    0000003c                                                      : mmr_lock.obj (.text.mmr_unlock)
                  43c0ed68    0000003c                                                      : device_psc.obj (.text.soc_device_get_reset_iso)
                  43c0eda4    0000003c                                                      : device_psc.obj (.text.soc_device_ret_disable_internal)
                  43c0ede0    0000003a     drivers.am62x.r5f.ti-arm-clang.release.lib : bootloader.obj (.text.Bootloader_open)
                  43c0ee1a    0000003a     nortos.am62x.r5f.ti-arm-clang.release.lib : ClockP_nortos.obj (.text.ClockP_destruct)
                  43c0ee54    0000003a                                               : DebugP_uartLogWriter.obj (.text.DebugP_uartLogWriterPutChar)
                  43c0ee8e    0000003a     drivers.am62x.r5f.ti-arm-clang.release.lib : uart_dma.obj (.text.UART_dmaOpen)
                  43c0eec8    0000003a     rm_pm_hal_sbl.am62x.r5f.ti-arm-clang.release.lib : boardcfg-user.obj (.text.boardcfg_pm_receive_and_validate)
                  43c0ef02    00000038     nortos.am62x.r5f.ti-arm-clang.release.lib : DebugP_nortos.obj (.text._DebugP_logZone)
                  43c0ef3a    00000002     --HOLE-- [fill = 0]
                  43c0ef3c    00000038     rm_pm_hal_sbl.am62x.r5f.ti-arm-clang.release.lib : clk.obj (.text.clk_drop_pwr_up_en)
                  43c0ef74    00000038                                                      : clk_pll_16fft.obj (.text.clk_pll_16fft_cal_option3)
                  43c0efac    00000038                                                      : clk.obj (.text.clk_value_set_freq)
                  43c0efe4    00000038                                                      : device_clk.obj (.text.device_clk_get_freq)
                  43c0f01c    00000038                                                      : rm_ir.obj (.text.rm_ir_init)
                  43c0f054    00000038                                                      : rm_irq.obj (.text.rm_irq_is_managed_resasg_utype)
                  43c0f08c    00000036     ti_power_clock_config.obj (.text.Module_clockSetFrequency)
                  43c0f0c2    00000036     drivers.am62x.r5f.ti-arm-clang.release.lib : bootloader_xmodem.obj (.text._outbyte)
                  43c0f0f8    00000034                                                : bootloader.obj (.text.Bootloader_BootImageInfo_init)
                  43c0f12c    00000034     nortos.am62x.r5f.ti-arm-clang.release.lib : ClockP_nortos.obj (.text.ClockP_start)
                  43c0f160    00000034     drivers.am62x.r5f.ti-arm-clang.release.lib : lpddr4_am6x.obj (.text.LPDDR4_EnablePIInitiator)
                  43c0f194    00000034                                                : lpddr4.obj (.text.LPDDR4_PollCtlIrq)
                  43c0f1c8    00000034     ti_drivers_config.obj (.text.System_init)
                  43c0f1fc    00000034     sciclient_direct_sbl.am62x.r5f.ti-arm-clang.release.lib : uart_print.obj (.text.UART_dataWrite)
                  43c0f230    00000034     rm_pm_hal_sbl.am62x.r5f.ti-arm-clang.release.lib : clk.obj (.text.clk_set_state)
                  43c0f264    00000034                                                      : device.obj (.text.devices_init_rw)
                  43c0f298    00000034                                                      : psc.obj (.text.psc_lookup)
                  43c0f2cc    00000034                                                      : psc.obj (.text.psc_lookup_pd)
                  43c0f300    00000034                                                      : rm.obj (.text.rm_init)
                  43c0f334    00000032     drivers.am62x.r5f.ti-arm-clang.release.lib : bootloader_xmodem.obj (.text.Bootloader_xmodemReceive)
                  43c0f366    00000032                                                : bootloader_xmodem.obj (.text.Bootloader_xmodemTransmit)
                  43c0f398    00000032     nortos.am62x.r5f.ti-arm-clang.release.lib : SemaphoreP_nortos.obj (.text.SemaphoreP_post)
                  43c0f3ca    00000032     drivers.am62x.r5f.ti-arm-clang.release.lib : uart_v0.obj (.text.UART_getHandle)
                  43c0f3fc    00000032     rm_pm_hal_sbl.am62x.r5f.ti-arm-clang.release.lib : device_pm.obj (.text.device_set_retention)
                  43c0f42e    00000002     --HOLE-- [fill = 0]
                  43c0f430    00000030                                                      : clk_fixed.obj (.text.clk_fixed_get_freq)
                  43c0f460    00000030                                                      : clk.obj (.text.clk_get_freq)
                  43c0f490    00000030                                                      : clk.obj (.text.clk_get_parent_freq)
                  43c0f4c0    00000030                                                      : trace-uart.obj (.text.trace_debug_uart)
                  43c0f4f0    0000002e     drivers.am62x.r5f.ti-arm-clang.release.lib : ddr.obj (.text.DDR_setFreq)
                  43c0f51e    0000002e     ti_power_clock_config.obj (.text.Module_clockDisable)
                  43c0f54c    0000002e     ti_power_clock_config.obj (.text.Module_clockEnable)
                  43c0f57a    0000002e     rm_pm_hal_sbl.am62x.r5f.ti-arm-clang.release.lib : clk_pll_16fft.obj (.text.clk_pll_16fft_set_state)
                  43c0f5a8    0000002c     drivers.am62x.r5f.ti-arm-clang.release.lib : bootloader_soc.obj (.text.Bootloader_socIsMCUResetIsoEnabled)
                  43c0f5d4    0000002c     sciclient_direct_sbl.am62x.r5f.ti-arm-clang.release.lib : sciclient_secureproxy.obj (.text.Sciclient_flush)
                  43c0f600    0000002c     rm_pm_hal_sbl.am62x.r5f.ti-arm-clang.release.lib : boardcfg-user.obj (.text.boardcfg_memcpy_rm)
                  43c0f62c    0000002c                                                      : clk_div.obj (.text.clk_get_div)
                  43c0f658    0000002c                                                      : clk.obj (.text.clk_lookup)
                  43c0f684    0000002c                                                      : clk_div.obj (.text.clk_lookup)
                  43c0f6b0    0000002c                                                      : clk_mux.obj (.text.clk_lookup)
                  43c0f6dc    0000002c                                                      : clk_pll_16fft.obj (.text.clk_lookup)
                  43c0f708    0000002c                                                      : device_clk.obj (.text.clk_lookup)
                  43c0f734    0000002c                                                      : psc.obj (.text.clk_lookup)
                  43c0f760    0000002c     drivers.am62x.r5f.ti-arm-clang.release.lib : crc16.obj (.text.crc16_ccitt)
                  43c0f78c    0000002c     rm_pm_hal_sbl.am62x.r5f.ti-arm-clang.release.lib : psc.obj (.text.device_lookup)
                  43c0f7b8    0000002c                                                      : rm_irq.obj (.text.irq_is_evt_src)
                  43c0f7e4    0000002c                                                      : psc.obj (.text.lpsc_module_get_state)
                  43c0f810    0000002c                                                      : fw_caps.obj (.text.query_fw_caps_handler)
                  43c0f83c    0000002a     drivers.am62x.r5f.ti-arm-clang.release.lib : soc.obj (.text.SOC_controlModuleLockMMR)
                  43c0f866    0000002a     rm_pm_hal_sbl.am62x.r5f.ti-arm-clang.release.lib : rm_ir.obj (.text.ir_clear_outp)
                  43c0f890    0000002a                                                      : device_psc.obj (.text.soc_device_get_state_internal)
                  43c0f8ba    00000028     drivers.am62x.r5f.ti-arm-clang.release.lib : bootloader_soc.obj (.text.Bootloader_socRprcToCslCoreId)
                  43c0f8e2    00000028     nortos.am62x.r5f.ti-arm-clang.release.lib : ClockP_nortos.obj (.text.ClockP_sleepTicks)
                  43c0f90a    00000028     drivers.am62x.r5f.ti-arm-clang.release.lib : uart_v0.obj (.text.UART_statusIsDataReady)
                  43c0f932    00000028                                                : udma_ch.obj (.text.Udma_chGetCqRingHandle)
                  43c0f95a    00000028                                                : udma_ch.obj (.text.Udma_chGetFqRingHandle)
                  43c0f982    00000002     --HOLE-- [fill = 0]
                  43c0f984    00000028     libclang_rt.builtins.a : ashldi3.S.obj (.text.__ashldi3)
                  43c0f9ac    00000028                            : lshrdi3.S.obj (.text.__lshrdi3)
                  43c0f9d4    00000028     rm_pm_hal_sbl.am62x.r5f.ti-arm-clang.release.lib : clk.obj (.text.clk_value_get_freq)
                  43c0f9fc    00000028                                                      : psc.obj (.text.lpsc_module_idx)
                  43c0fa24    00000028                                                      : psc.obj (.text.pd_initiate)
                  43c0fa4c    00000028                                                      : rm_ia.obj (.text.rm_ia_validate_vint)
                  43c0fa74    00000028                                                      : rm_ir.obj (.text.rm_ir_is_managed_resasg_utype)
                  43c0fa9c    00000028                                                      : rm_ir.obj (.text.rm_ir_validate_output)
                  43c0fac4    00000028                                                      : device_psc.obj (.text.soc_device_disable_internal)
                  43c0faec    00000028                                                      : device_psc.obj (.text.soc_device_enable_internal)
                  43c0fb14    00000026     drivers.am62x.r5f.ti-arm-clang.release.lib : bootloader_soc.obj (.text.Bootloader_socCpuPowerOnReset)
                  43c0fb3a    00000026     nortos.am62x.r5f.ti-arm-clang.release.lib : ClockP_nortos.obj (.text.ClockP_sleep)
                  43c0fb60    00000026     rm_pm_hal_sbl.am62x.r5f.ti-arm-clang.release.lib : rm_udmap.obj (.text.udmap_validate_ch_fetch_size)
                  43c0fb86    00000026                                                      : rm_udmap.obj (.text.udmap_validate_ch_pause_on_err)
                  43c0fbac    00000026                                                      : rm_udmap.obj (.text.udmap_validate_orderid)
                  43c0fbd2    00000026                                                      : rm_udmap.obj (.text.udmap_validate_priority)
                  43c0fbf8    00000026                                                      : rm_udmap.obj (.text.udmap_validate_qos)
                  43c0fc1e    00000024     drivers.am62x.r5f.ti-arm-clang.release.lib : gtc_soc.obj (.text.GTC_setFID)
                  43c0fc42    00000002     --HOLE-- [fill = 0]
                  43c0fc44    00000024     sciclient_direct_sbl.am62x.r5f.ti-arm-clang.release.lib : sciclient_secureproxy.obj (.text.Sciclient_waitThread)
                  43c0fc68    00000024     libclang_rt.builtins.a : aeabi_uldivmod.S.obj (.text.__aeabi_uldivmod)
                  43c0fc8c    00000024     rm_pm_hal_sbl.am62x.r5f.ti-arm-clang.release.lib : boardcfg-user.obj (.text.boardcfg_get_rm_devgrp)
                  43c0fcb0    00000024                                                      : clk_soc_hfosc0.obj (.text.clk_soc_hfosc0_get_freq)
                  43c0fcd4    00000024                                                      : map.obj (.text.closest)
                  43c0fcf8    00000024                                                      : device_prepare.obj (.text.device_prepare_exclusive)
                  43c0fd1c    00000024                                                      : device_pm.obj (.text.device_suspend)
                  43c0fd40    00000024                                                      : dmsc.obj (.text.dmsc_init)
                  43c0fd64    00000024                                                      : psc.obj (.text.psc_pd_idx)
                  43c0fd88    00000024                                                      : rm_ia.obj (.text.rm_ia_vint_get_info)
                  43c0fdac    00000024                                                      : rm_irq.obj (.text.rm_irq_init)
                  43c0fdd0    00000024                                                      : rm_udmap.obj (.text.udmap_validate_atype)
                  43c0fdf4    00000024                                                      : rm_udmap.obj (.text.udmap_validate_sched_priority)
                  43c0fe18    00000024     nortos.am62x.r5f.ti-arm-clang.release.lib : printf.obj (.text.vprintf_)
                  43c0fe3c    00000022                                               : ClockP_nortos.obj (.text.ClockP_deinit)
                  43c0fe5e    00000022     drivers.am62x.r5f.ti-arm-clang.release.lib : ddr_soc.obj (.text.DDR_ResetDDR_PLL)
                  43c0fe80    00000022     ti_pinmux_config.obj (.text.Pinmux_init)
                  43c0fea2    00000022     rm_pm_hal_sbl.am62x.r5f.ti-arm-clang.release.lib : clk.obj (.text.clk_ssc_allow)
                  43c0fec4    00000022                                                      : device_clk.obj (.text.device_clk_set_input_term)
                  43c0fee6    00000022                                                      : rm_ir.obj (.text.ir_get_inp)
                  43c0ff08    00000022                                                      : osal_glue.obj (.text.osal_delay)
                  43c0ff2a    00000022                                                      : clk_div.obj (.text.pm_writel_verified)
                  43c0ff4c    00000022                                                      : clk_pll_16fft.obj (.text.pm_writel_verified)
                  43c0ff6e    00000020     drivers.am62x.r5f.ti-arm-clang.release.lib : bootloader_soc.obj (.text.Bootloader_socGetCoreName)
                  43c0ff8e    00000020     nortos.am62x.r5f.ti-arm-clang.release.lib : DebugP_log.obj (.text.DebugP_logZoneEnable)
                  43c0ffae    00000020     sciclient_direct_sbl.am62x.r5f.ti-arm-clang.release.lib : sciclient_direct.obj (.text.Sciclient_query_fw_caps_handler)
                  43c0ffce    00000020     ti_drivers_config.obj (.text.System_deinit)
                  43c0ffee    00000020     nortos.am62x.r5f.ti-arm-clang.release.lib : TimerP.obj (.text.TimerP_Params_init)
                  43c1000e    00000002     --HOLE-- [fill = 0]
                  43c10010    00000020     rm_pm_hal_sbl.am62x.r5f.ti-arm-clang.release.lib : clk_div.obj (.text.clk_div_fixed_get_div)
                  43c10030    00000020                                                      : clk.obj (.text.clk_ssc_block)
                  43c10050    00000020                                                      : rm_ia.obj (.text.ia_get_inst)
                  43c10070    00000020                                                      : clk_pll_16fft.obj (.text.pll_16fft_pllm_valid)
                  43c10090    00000020                                                      : device_psc.obj (.text.soc_device_get_context_loss_count_internal)
                  43c100b0    0000001e     ti_drivers_open_close.obj (.text.Drivers_close)
                  43c100ce    0000001e     rm_pm_hal_sbl.am62x.r5f.ti-arm-clang.release.lib : resource.obj (.text.device_resource_mem)
                  43c100ec    0000001e                                                      : psc.obj (.text.psc_pd_clk_put)
                  43c1010a    0000001e                                                      : core.obj (.text.sys_reset_handler)
                  43c10128    0000001e                                                      : map.obj (.text.u32map_get)
                  43c10146    0000001c     drivers.am62x.r5f.ti-arm-clang.release.lib : bootloader.obj (.text.Bootloader_JumpSelfCpu)
                  43c10162    0000001c                                                : bootloader_soc.obj (.text.Bootloader_socCpuGetClkDefault)
                  43c1017e    0000001c                                                : bootloader_soc.obj (.text.Bootloader_socIsAuthRequired)
                  43c1019a    0000001c                                                : bootloader_mem.obj (.text.Mem_imgOpen)
                  43c101b6    00000002     --HOLE-- [fill = 0]
                  43c101b8    0000001c     sciclient_direct_sbl.am62x.r5f.ti-arm-clang.release.lib : sciclient_secureproxy.obj (.text.Sciclient_readThread32)
                  43c101d4    0000001c     nortos.am62x.r5f.ti-arm-clang.release.lib : boot_armv7r.obj (.text._system_pre_init)
                  43c101f0    0000001c     rm_pm_hal_sbl.am62x.r5f.ti-arm-clang.release.lib : rm_irq.obj (.text.irq_oes_src_lookup)
                  43c1020c    0000001c                                                      : notifier.obj (.text.notifier_call)
                  43c10228    0000001c                                                      : psc.obj (.text.psc_read)
                  43c10244    0000001c                                                      : sleep.obj (.text.sleep_modes_register)
                  43c10260    0000001c     libc.a : memcpy32.S.obj (.text:TI_memcpy_small)
                  43c1027c    0000001a     drivers.am62x.r5f.ti-arm-clang.release.lib : uart_v0.obj (.text.UART_deinit)
                  43c10296    0000001a                                                : uart_dma.obj (.text.UART_readInterruptDma)
                  43c102b0    0000001a                                                : uart_dma.obj (.text.UART_writeInterruptDma)
                  43c102ca    0000001a     rm_pm_hal_sbl.am62x.r5f.ti-arm-clang.release.lib : psc.obj (.text.psc_write)
                  43c102e4    00000018     drivers.am62x.r5f.ti-arm-clang.release.lib : bootloader_soc.obj (.text.Bootloader_socAuthImage)
                  43c102fc    00000018                                                : lpddr4.obj (.text.LPDDR4_Init)
                  43c10314    00000018     rm_pm_hal_sbl.am62x.r5f.ti-arm-clang.release.lib : boardcfg-user.obj (.text.boardcfg_get_rm_resasg_size)
                  43c1032c    00000018                                                      : clk_pll_16fft.obj (.text.clk_pll_16fft_postdiv_valid_div)
                  43c10344    00000018                                                      : clk_soc_lfosc0.obj (.text.clk_soc_lfosc0_get_freq)
                  43c1035c    00000018                                                      : device_clk.obj (.text.dev_get_clk)
                  43c10374    00000018                                                      : clk_pll_16fft.obj (.text.pll_16fft_clkod_valid)
                  43c1038c    00000018     libc.a : memset32.S.obj (.text:TI_memset_small)
                  43c103a4    00000016     rm_pm_hal_sbl.am62x.r5f.ti-arm-clang.release.lib : clk_div.obj (.text.clk_div_get_freq)
                  43c103ba    00000016                                                      : clk_pll_16fft.obj (.text.clk_pll_16fft_check_lock)
                  43c103d0    00000016                                                      : device_clk.obj (.text.device_clk_set_freq)
                  43c103e6    00000002     --HOLE-- [fill = 0]
                  43c103e8    00000014     sciclient_direct_sbl.am62x.r5f.ti-arm-clang.release.lib : sciclient_secureproxy.obj (.text.Sciclient_readThreadCount)
                  43c103fc    00000014                                                             : sciclient_secureproxy.obj (.text.Sciclient_verifyThread)
                  43c10410    00000014     rm_pm_hal_sbl.am62x.r5f.ti-arm-clang.release.lib : boardcfg-user.obj (.text.boardcfg_get_rm_resasg)
                  43c10424    00000014                                                      : clk_pll_16fft.obj (.text.clk_pll_16fft_is_bypass)
                  43c10438    00000014                                                      : device_clk.obj (.text.device_clk_get_freq_change)
                  43c1044c    00000014                                                      : device_clk.obj (.text.device_clk_get_input_term)
                  43c10460    00000014                                                      : device_clk.obj (.text.device_clk_get_ssc)
                  43c10474    00000014                                                      : device_clk.obj (.text.device_clk_get_sw_gated)
                  43c10488    00000014                                                      : rm_core.obj (.text.rm_core_unmap_region)
                  43c1049c    00000014                                                      : sys-reset.obj (.text.system_reset)
                  43c104b0    00000012     drivers.am62x.r5f.ti-arm-clang.release.lib : csl_emif.obj (.text.CSL_emifClearECCInterruptStatus)
                  43c104c2    00000012                                                : csl_emif.obj (.text.CSL_emifEnableECCInterrupts)
                  43c104d4    00000012                                                : gtc.obj (.text.GTC_init)
                  43c104e6    00000012     nortos.am62x.r5f.ti-arm-clang.release.lib : TimerP.obj (.text.TimerP_clearOverflowInt)
                  43c104f8    00000010     drivers.am62x.r5f.ti-arm-clang.release.lib : bootloader.obj (.text.Bootloader_close)
                  43c10508    00000010                                                : bootloader.obj (.text.Bootloader_isCorePresent)
                  43c10518    00000010     nortos.am62x.r5f.ti-arm-clang.release.lib : ClockP_nortos.obj (.text.ClockP_ticksToUsec)
                  43c10528    00000010     drivers.am62x.r5f.ti-arm-clang.release.lib : lpddr4.obj (.text.LPDDR4_Probe)
                  43c10538    00000010     sciclient_direct_sbl.am62x.r5f.ti-arm-clang.release.lib : sciclient_secureproxy.obj (.text.Sciclient_threadStatusReg)
                  43c10548    00000010                                                             : sciclient.obj (.text.Sciclient_utilByteCopy)
                  43c10558    00000010     libclang_rt.builtins.a : aeabi_memset.S.obj (.text.__aeabi_memset)
                  43c10568    00000010     rm_pm_hal_sbl.am62x.r5f.ti-arm-clang.release.lib : device_clk.obj (.text.device_clk_query_freq)
                  43c10578    00000010                                                      : device_pm.obj (.text.device_notify)
                  43c10588    00000010                                                      : device.obj (.text.pm_devgroup_is_enabled)
                  43c10598    00000010                                                      : device.obj (.text.pm_devgroup_set_enabled)
                  43c105a8    00000010                                                      : rm_core.obj (.text.rm_core_map_region)
                  43c105b8    0000000e     drivers.am62x.r5f.ti-arm-clang.release.lib : bootloader_soc.obj (.text.Bootloader_socCpuSetEntryPoint)
                  43c105c6    0000000e     ti_dpl_config.obj (.text.Dpl_deinit)
                  43c105d4    0000000e     drivers.am62x.r5f.ti-arm-clang.release.lib : gtc_soc.obj (.text.GTC_enable)
                  43c105e2    0000000e     ti_power_clock_config.obj (.text.PowerClock_init)
                  43c105f0    0000000c     drivers.am62x.r5f.ti-arm-clang.release.lib : bootloader.obj (.text.Bootloader_Params_init)
                  43c105fc    0000000c                                                : bootloader_soc.obj (.text.Bootloader_socSelfCPUjump)
                  43c10608    0000000c     nortos.am62x.r5f.ti-arm-clang.release.lib : ClockP_nortos.obj (.text.ClockP_getTicks)
                  43c10614    0000000c                                               : DebugP_uartLogWriter.obj (.text.DebugP_uartSetDrvIndex)
                  43c10620    0000000c     libclang_rt.builtins.a : aeabi_memset.S.obj (.text.__aeabi_memclr)
                  43c1062c    0000000c     rm_pm_hal_sbl.am62x.r5f.ti-arm-clang.release.lib : device_prepare.obj (.text.device_prepare_nonexclusive)
                  43c10638    0000000c                                                      : sys-reset.obj (.text.sys_reset_handler_register)
                  43c10644    0000000c                                                      : trace.obj (.text.trace_reconfigure)
                  43c10650    0000000a     drivers.am62x.r5f.ti-arm-clang.release.lib : bootloader_soc.obj (.text.Bootloader_socGetSBLMem)
                  43c1065a    0000000a                                                : bootloader_soc.obj (.text.Bootloader_socIsSmpEnable)
                  43c10664    0000000a                                                : csl_sec_proxy.obj (.text.CSL_secProxyGetDataAddr)
                  43c1066e    0000000a     nortos.am62x.r5f.ti-arm-clang.release.lib : ClockP_nortos.obj (.text.ClockP_Params_init)
                  43c10678    0000000a                                               : ClockP_nortos.obj (.text.ClockP_isActive)
                  43c10682    0000000a                                               : TimerP.obj (.text.TimerP_start)
                  43c1068c    0000000a                                               : TimerP.obj (.text.TimerP_stop)
                  43c10696    0000000a     rm_pm_hal_sbl.am62x.r5f.ti-arm-clang.release.lib : clk.obj (.text.clk_notify_children_freq)
                  43c106a0    0000000a                                                      : clk_div.obj (.text.readl)
                  43c106aa    0000000a                                                      : clk_mux.obj (.text.readl)
                  43c106b4    0000000a                                                      : clk_pll_16fft.obj (.text.readl)
                  43c106be    0000000a                                                      : clk_pllctrl.obj (.text.readl)
                  43c106c8    0000000a                                                      : dmsc.obj (.text.readl)
                  43c106d2    0000000a                                                      : mmr_lock.obj (.text.readl)
                  43c106dc    00000008     drivers.am62x.r5f.ti-arm-clang.release.lib : soc.obj (.text.SOC_moduleGetClockFrequency)
                  43c106e4    00000008     nortos.am62x.r5f.ti-arm-clang.release.lib : printf.obj (.text._out_char)
                  43c106ec    00000008     rm_pm_hal_sbl.am62x.r5f.ti-arm-clang.release.lib : clk.obj (.text.clk_freq_change_allow)
                  43c106f4    00000008                                                      : clk.obj (.text.clk_freq_change_block)
                  43c106fc    00000008                                                      : psc.obj (.text.lpsc_module_get)
                  43c10704    00000008                                                      : psc.obj (.text.lpsc_module_get_module_reset)
                  43c1070c    00000008                                                      : psc.obj (.text.lpsc_module_put)
                  43c10714    00000008                                                      : psc.obj (.text.lpsc_module_ret_get)
                  43c1071c    00000008                                                      : psc.obj (.text.lpsc_module_ret_put)
                  43c10724    00000008                                                      : rm_core.obj (.text.rm_core_param_is_valid)
                  43c1072c    00000008     libc.a : exit.c.obj (.text:abort)
                  43c10734    00000006     rm_pm_hal_sbl.am62x.r5f.ti-arm-clang.release.lib : clk_pll_16fft.obj (.text.pll_16fft_bin)
                  43c1073a    00000004     drivers.am62x.r5f.ti-arm-clang.release.lib : bootloader_soc.obj (.text.Bootloader_socWaitForFWBoot)
                  43c1073e    00000004                                                : lpddr4.obj (.text.CPS_UncachedRead32)
                  43c10742    00000004                                                : lpddr4.obj (.text.CPS_UncachedWrite32)
                  43c10746    00000004     nortos.am62x.r5f.ti-arm-clang.release.lib : ClockP_nortos_r5.obj (.text.ClockP_getTimerCount)
                  43c1074a    00000004                                               : ClockP_nortos_r5.obj (.text.ClockP_timerClearOverflowInt)
                  43c1074e    00000004     ti_drivers_open_close.obj (.text.Drivers_open)
                  43c10752    00000004     drivers.am62x.r5f.ti-arm-clang.release.lib : bootloader_mem.obj (.text.Mem_imgGetCurOffset)
                  43c10756    00000004                                                : bootloader_mem.obj (.text.Mem_imgSeek)
                  43c1075a    00000004     ti_power_clock_config.obj (.text.PowerClock_deinit)
                  43c1075e    00000004     nortos.am62x.r5f.ti-arm-clang.release.lib : TimerP.obj (.text.TimerP_getCount)
                  43c10762    00000004                                               : TimerP.obj (.text.TimerP_getReloadCount)
                  43c10766    00000004     drivers.am62x.r5f.ti-arm-clang.release.lib : udma_utils.obj (.text.Udma_defaultVirtToPhyFxn)
                  43c1076a    00000002     --HOLE-- [fill = 0]
                  43c1076c    00000004     libclang_rt.builtins.a : aeabi_memcpy.S.obj (.text.__aeabi_memcpy)
                  43c10770    00000004                            : aeabi_div0.c.obj (.text.__aeabi_ldiv0)
                  43c10774    00000004     rm_pm_hal_sbl.am62x.r5f.ti-arm-clang.release.lib : clk_fixed.obj (.text.clk_fixed_get_state)
                  43c10778    00000004                                                      : clk_dev.obj (.text.clk_from_device_notify_freq)
                  43c1077c    00000004                                                      : clk_dev.obj (.text.clk_from_device_set_state)
                  43c10780    00000004                                                      : clk_soc_hfosc0.obj (.text.clk_soc_hfosc0_get_state)
                  43c10784    00000004                                                      : clk_soc_lfosc0.obj (.text.clk_soc_lfosc0_get_state)
                  43c10788    00000004                                                      : device_clk.obj (.text.device_clk_get_hw_ssc)
                  43c1078c    00000004                                                      : clk_pll_16fft.obj (.text.pll_16fft_vco_fitness)
                  43c10790    00000004     ti_dpl_config.obj (.text.putchar_)
                  43c10794    00000004     rm_pm_hal_sbl.am62x.r5f.ti-arm-clang.release.lib : rm_udmap.obj (.text.rm_udmap_flow_size_thresh_cfg)
                  43c10798    00000004                                                      : device_psc.obj (.text.soc_device_init_complete)
                  43c1079c    00000004                                                      : trace.obj (.text.trace_debug)
                  43c107a0    00000008     nortos.am62x.r5f.ti-arm-clang.release.lib : HwiP_armv7r_asm.obj (.tramp.HwiP_disable.1)
                  43c107a8    00000008                                               : HwiP_armv7r_asm.obj (.tramp.HwiP_enable.1)
                  43c107b0    00000008                                               : HwiP_armv7r_asm.obj (.tramp.HwiP_restore.1)
                  43c107b8    00000008     libclang_rt.builtins.a : aeabi_memcpy.S.obj (.tramp.__aeabi_memcpy.1)

.const     0    43c107c0    00001730     
                  43c107c0    00001330     rm_pm_hal_sbl.am62x.r5f.ti-arm-clang.release.lib : devices.obj (.const.devgroup.MAIN)
                  43c11af0    000003f6                                                      : devices.obj (.const.devgroup.MCU_WAKEUP)
                  43c11ee6    0000000a                                                      : devices.obj (.const.devgroup.TIFS_INTERNAL)

.text.hwi 
*          0    43c11ef0    00000718     
                  43c11ef0    00000408     nortos.am62x.r5f.ti-arm-clang.release.lib : HwiP_armv7r_vim.obj (.text.hwi)
                  43c122f8    00000220                                               : HwiP_armv7r_handlers_nortos.obj (.text.hwi)
                  43c12518    00000078                                               : HwiP_armv7r_handlers_nortos_asm.obj (.text.hwi)
                  43c12590    00000070                                               : HwiP_armv7r_asm.obj (.text.hwi)
                  43c12600    00000008                                               : HwiP_armv7r_asm.obj (.tramp.HwiP_enableFIQ.1)

.text.cache 
*          0    43c12608    00000430     
                  43c12608    00000340     nortos.am62x.r5f.ti-arm-clang.release.lib : CacheP_armv7r_asm.obj (.text.cache)
                  43c12948    000000d8                                               : CacheP_armv7r.obj (.text.cache)
                  43c12a20    00000008                                               : CacheP_armv7r_asm.obj (.tramp.CacheP_invL1d.1)
                  43c12a28    00000008                                               : CacheP_armv7r_asm.obj (.tramp.CacheP_enableL1p.1)
                  43c12a30    00000008                                               : HwiP_armv7r_asm.obj (.tramp.HwiP_restore.2)

.text.mpu 
*          0    43c12a38    00000248     
                  43c12a38    000001b8     nortos.am62x.r5f.ti-arm-clang.release.lib : MpuP_armv7r.obj (.text.mpu)
                  43c12bf0    00000078                                               : MpuP_armv7r_asm.obj (.text.mpu)
                  43c12c68    00000008                                               : MpuP_armv7r_asm.obj (.tramp.MpuP_setRegionAsm.1)
                  43c12c70    00000008                                               : HwiP_armv7r_asm.obj (.tramp.HwiP_restore.3)
                  43c12c78    00000008                                               : MpuP_armv7r_asm.obj (.tramp.MpuP_isEnableAsm.1)

.text.boot 
*          0    43c12c80    00000128     
                  43c12c80    000000fc     nortos.am62x.r5f.ti-arm-clang.release.lib : boot_armv7r_asm.obj (.text.boot)
                  43c12d7c    0000001e                                               : DebugP_log.obj (.text.boot)
                  43c12d9a    0000000e     ti_dpl_config.obj (.text.boot)

.data      0    43c12da8    00003380     
                  43c12da8    00000afc     rm_pm_hal_sbl.am62x.r5f.ti-arm-clang.release.lib : boardcfg-user.obj (.data.local_rm_config)
                  43c138a4    000007ec     ti_drivers_config.obj (.data.DDRSS_phyReg)
                  43c14090    0000069c     ti_drivers_config.obj (.data.DDRSS_ctlReg)
                  43c1472c    00000564     ti_drivers_config.obj (.data.DDRSS_phyIndepReg)
                  43c14c90    000003f6     ti_drivers_config.obj (.data.DDRSS_phyRegNum)
                  43c15086    0000034e     ti_drivers_config.obj (.data.DDRSS_ctlRegNum)
                  43c153d4    000002b2     ti_drivers_config.obj (.data.DDRSS_phyIndepRegNum)
                  43c15686    00000001     rm_pm_hal_sbl.am62x.r5f.ti-arm-clang.release.lib : rm_core.obj (.data.region_mapped)
                  43c15687    00000001     --HOLE-- [fill = 0]
                  43c15688    000001ec                                                      : rm_core.obj (.data.resasg_indexer)
                  43c15874    00000138                                                      : ra_cfg.obj (.data.ra_inst)
                  43c159ac    000000f0                                                      : udmap_cfg.obj (.data.udmap_inst)
                  43c15a9c    000000c4     drivers.am62x.r5f.ti-arm-clang.release.lib : bootloader_soc.obj (.data.gAddrTranslateInfo)
                  43c15b60    000000a8                                                : bootloader_soc.obj (.data.gCoreBootInfo)
                  43c15c08    0000009c                                                : uart_v0.obj (.data.gUartDrvObj)
                  43c15ca4    00000090     ti_dpl_config.obj (.data.gMpuRegionConfig)
                  43c15d34    00000070     rm_pm_hal_sbl.am62x.r5f.ti-arm-clang.release.lib : ir_cfg.obj (.data.ir_inst)
[...]
43c0d88d  pll_init                             
43c0d93c  __TI_auto_init_nobinit_nopinit       
43c0d995  Drivers_uartOpen                     
43c0d9eb  UART_dmaDisableChannel               
43c0da41  Sciclient_pmSetModuleRst             
43c0da95  Sciclient_procBootRequestProcessor   
43c0dae9  UART_dmaClose                        
43c0db3d  clk_div_init                         
43c0db91  lpsc_module_get_local_reset          
43c0dbe5  rm_irq_oes_src_register              
43c0dc39  soc_device_enable                    
43c0dcdf  Bootloader_loadCpu                   
43c0dd2f  Bootloader_rprcImageParseEntryPoint  
43c0ddcf  ClockP_construct                     
43c0de1f  Sciclient_abiCheck                   
43c0de71  Sciclient_getCurrentContext          
43c0df11  soc_device_get_context_loss_count    
43c0df61  soc_device_set_resets                
43c0dfb1  App_runCpus                          
43c0dfff  Bootloader_findSeq                   
43c0e04d  LPDDR4_ReadReg                       
43c0e0e9  Sciclient_deinit                     
43c0e135  Sciclient_getDefaultBoardCfgInfo     
43c0e181  Sciclient_procBootSetProcessorCfg    
43c0e219  lpsc_module_get_reset_iso            
43c0e2b1  soc_device_get_resets                
43c0e2fd  soc_device_ret_disable               
43c0e349  soc_device_ret_enable                
43c0e395  Pinmux_unlockMMR                     
43c0e3df  SOC_controlModuleUnlockMMR           
43c0e429  LPDDR4_WritePhyIndepConfig           
43c0e4b9  clk_put                              
43c0e501  get_dev_clk_data                     
43c0e549  ClockP_getTimeUsec                   
43c0e58f  LPDDR4_WritePhyConfig                
43c0e5d5  Pinmux_config                        
43c0e61b  _inbyte                              
43c0e735  Sciclient_waitForBootNotification    
43c0e7bd  clk_get_state                        
43c0e843  device_clk_disable                   
43c0e885  device_clk_enable                    
43c0e8c7  ClockP_stop                          
43c0e907  Dpl_init                             
43c0e947  LPDDR4_WriteCtlConfig                
43c0e987  SemaphoreP_constructBinary           
43c0e9c9  clk_get_parent                       
43c0ea09  psc_lookup_lpsc                      
43c0ea49  rm_ia_is_managed_resasg_utype        
43c0ea89  soc_device_set_reset_iso             
43c0eb09  SemaphoreP_constructMutex            
43c0eb47  device_clk_get_num_parents           
43c0ec01  Bootloader_socTranslateSectionAddr   
43c0ec3d  ClockP_usleep                        
43c0ec79  device_disable                       
43c0ed2d  mmr_unlock                           
43c0ed69  soc_device_get_reset_iso             
43c0ede1  Bootloader_open                      
43c0ee1b  ClockP_destruct                      
43c0ee55  DebugP_uartLogWriterPutChar          
43c0ee8f  UART_dmaOpen                         
43c0eec9  boardcfg_pm_receive_and_validate     
43c0ef03  _DebugP_logZone                      
43c0ef3d  clk_drop_pwr_up_en                   
43c0efad  clk_value_set_freq                   
43c0efe5  device_clk_get_freq                  
43c0f01d  rm_ir_init                           
43c0f055  rm_irq_is_managed_resasg_utype       
43c0f08d  Module_clockSetFrequency             
43c0f0c3  _outbyte                             
43c0f0f9  Bootloader_BootImageInfo_init        
43c0f12d  ClockP_start                         
43c0f161  LPDDR4_EnablePIInitiator             
43c0f195  LPDDR4_PollCtlIrq                    
43c0f1c9  System_init                          
43c0f231  clk_set_state                        
43c0f265  devices_init_rw                      
43c0f299  psc_lookup                           
43c0f2cd  psc_lookup_pd                        
43c0f301  rm_init                              
43c0f335  Bootloader_xmodemReceive             
43c0f367  Bootloader_xmodemTransmit            
43c0f399  SemaphoreP_post                      
43c0f3cb  UART_getHandle                       
43c0f3fd  device_set_retention                 
43c0f461  clk_get_freq                         
43c0f491  clk_get_parent_freq                  
43c0f4c1  trace_debug_uart                     
43c0f51f  Module_clockDisable                  
43c0f54d  Module_clockEnable                   
43c0f5a9  Bootloader_socIsMCUResetIsoEnabled   
43c0f5d5  Sciclient_flush                      
43c0f601  boardcfg_memcpy_rm                   
43c0f62d  clk_get_div                          
43c0f761  crc16_ccitt                          
43c0f7e5  lpsc_module_get_state                
43c0f811  query_fw_caps_handler                
43c0f83d  SOC_controlModuleLockMMR             
43c0f8bb  Bootloader_socRprcToCslCoreId        
43c0f933  Udma_chGetCqRingHandle               
43c0f95b  Udma_chGetFqRingHandle               
43c0f984  __aeabi_llsl                         
43c0f984  __ashldi3                            
43c0f9ac  __aeabi_llsr                         
43c0f9ac  __lshrdi3                            
43c0f9d5  clk_value_get_freq                   
43c0f9fd  lpsc_module_idx                      
43c0fa4d  rm_ia_validate_vint                  
43c0fa75  rm_ir_is_managed_resasg_utype        
43c0fa9d  rm_ir_validate_output                
43c0fb15  Bootloader_socCpuPowerOnReset        
43c0fb3b  ClockP_sleep                         
43c0fc1f  GTC_setFID                           
43c0fc45  Sciclient_waitThread                 
43c0fc68  __aeabi_uldivmod                     
43c0fc8d  boardcfg_get_rm_devgrp               
43c0fcf9  device_prepare_exclusive             
43c0fd1d  device_suspend                       
43c0fd41  dmsc_init                            
43c0fd65  psc_pd_idx                           
43c0fd89  rm_ia_vint_get_info                  
43c0fdad  rm_irq_init                          
43c0fe19  vprintf_                             
43c0fe3d  ClockP_deinit                        
43c0fe5f  DDR_ResetDDR_PLL                     
43c0fe81  Pinmux_init                          
43c0fea3  clk_ssc_allow                        
43c0fec5  device_clk_set_input_term            
43c0ff09  osal_delay                           
43c0ff6f  Bootloader_socGetCoreName            
43c0ff8f  DebugP_logZoneEnable                 
43c0ffaf  Sciclient_query_fw_caps_handler      
43c0ffcf  System_deinit                        
43c0ffef  TimerP_Params_init                   
43c10031  clk_ssc_block                        
43c100b1  Drivers_close                        
43c100cf  device_resource_mem                  
43c1010b  sys_reset_handler                    
43c10129  u32map_get                           
43c10147  Bootloader_JumpSelfCpu               
43c10163  Bootloader_socCpuGetClkDefault       
43c1017f  Bootloader_socIsAuthRequired         
43c101b9  Sciclient_readThread32               
43c101d5  _system_pre_init                     
43c1020d  notifier_call                        
43c10245  sleep_modes_register                 
43c10260  TI_memcpy_small                      
43c1027d  UART_deinit                          
43c10297  UART_readInterruptDma                
43c102b1  UART_writeInterruptDma               
43c102e5  Bootloader_socAuthImage              
43c102fd  LPDDR4_Init                          
43c10315  boardcfg_get_rm_resasg_size          
43c1035d  dev_get_clk                          
43c1038c  TI_memset_small                      
43c103a5  clk_div_get_freq                     
43c103d1  device_clk_set_freq                  
43c103e9  Sciclient_readThreadCount            
43c103fd  Sciclient_verifyThread               
43c10411  boardcfg_get_rm_resasg               
43c10439  device_clk_get_freq_change           
43c1044d  device_clk_get_input_term            
43c10461  device_clk_get_ssc                   
43c10475  device_clk_get_sw_gated              
43c10489  rm_core_unmap_region                 
43c1049d  system_reset                         
43c104b1  CSL_emifClearECCInterruptStatus      
43c104c3  CSL_emifEnableECCInterrupts          
43c104d5  GTC_init                             
43c104e7  TimerP_clearOverflowInt              
43c104f9  Bootloader_close                     
43c10509  Bootloader_isCorePresent             
43c10519  ClockP_ticksToUsec                   
43c10529  LPDDR4_Probe                         
43c10539  Sciclient_threadStatusReg            
43c10558  __aeabi_memset                       
43c10558  __aeabi_memset4                      
43c10558  __aeabi_memset8                      
43c10569  device_clk_query_freq                
43c10589  pm_devgroup_is_enabled               
43c10599  pm_devgroup_set_enabled              
43c105a9  rm_core_map_region                   
43c105b9  Bootloader_socCpuSetEntryPoint       
43c105c7  Dpl_deinit                           
43c105d5  GTC_enable                           
43c105e3  PowerClock_init                      
43c105f1  Bootloader_Params_init               
43c105fd  Bootloader_socSelfCPUjump            
43c10609  ClockP_getTicks                      
43c10615  DebugP_uartSetDrvIndex               
43c10620  __aeabi_memclr                       
43c10620  __aeabi_memclr4                      
43c10620  __aeabi_memclr8                      
43c1062d  device_prepare_nonexclusive          
43c10639  sys_reset_handler_register           
43c10645  trace_reconfigure                    
43c10651  Bootloader_socGetSBLMem              
43c1065b  Bootloader_socIsSmpEnable            
43c10665  CSL_secProxyGetDataAddr              
43c1066f  ClockP_Params_init                   
43c10679  ClockP_isActive                      
43c10683  TimerP_start                         
43c1068d  TimerP_stop                          
43c10697  clk_notify_children_freq             
43c106dd  SOC_moduleGetClockFrequency          
43c106ed  clk_freq_change_allow                
43c106f5  clk_freq_change_block                
43c106fd  lpsc_module_get                      
43c10705  lpsc_module_get_module_reset         
43c1070d  lpsc_module_put                      
43c10715  lpsc_module_ret_get                  
43c1071d  lpsc_module_ret_put                  
43c10725  rm_core_param_is_valid               
43c1072c  C$$EXIT                              
43c1072c  abort                                
43c1073b  Bootloader_socWaitForFWBoot          
43c1073f  CPS_UncachedRead32                   
43c10743  CPS_UncachedWrite32                  
43c10747  ClockP_getTimerCount                 
43c1074b  ClockP_timerClearOverflowInt         
43c1074f  Drivers_open                         
43c1075b  PowerClock_deinit                    
43c1075f  TimerP_getCount                      
43c10763  TimerP_getReloadCount                
43c10767  Udma_defaultVirtToPhyFxn             
43c1076c  __aeabi_memcpy                       
43c1076c  __aeabi_memcpy4                      
43c1076c  __aeabi_memcpy8                      
43c10770  __aeabi_ldiv0                        
43c10789  device_clk_get_hw_ssc                
43c10791  putchar_                             
43c10795  rm_udmap_flow_size_thresh_cfg        
43c10799  soc_device_init_complete             
43c1079d  trace_debug                          
43c11ef1  HwiP_enableInt                       
43c11f19  HwiP_disableInt                      
43c11f4b  HwiP_restoreInt                      
43c11fa1  HwiP_clearInt                        
43c11fc1  HwiP_post                            
43c11fe9  HwiP_Params_init                     
43c11ffb  HwiP_construct                       
43c12145  HwiP_destruct                        
43c12217  HwiP_init                            
43c122e7  HwiP_inISR                           
43c122f9  HwiP_irq_handler_c                   
43c1237f  HwiP_fiq_handler                     
43c12433  HwiP_reserved_handler                
43c12461  HwiP_undefined_handler               
43c1248f  HwiP_svc_handler                     
43c124bd  HwiP_prefetch_abort_handler          
43c124eb  HwiP_data_abort_handler              
43c12518  HwiP_irq_handler                     
43c12590  HwiP_disable                         
43c125a0  HwiP_disableFIQ                      
43c125b0  HwiP_enable                          
43c125c0  HwiP_enableFIQ                       
43c125d0  HwiP_restore                         
43c125d8  HwiP_enableVIC                       
43c125e8  HwiP_disableVIC                      
43c125f8  HwiP_getCPSR                         
43c12608  CacheP_disableL1d                    
43c12630  CacheP_disableL1p                    
43c12648  CacheP_enableL1d                     
43c12660  CacheP_enableL1p                     
43c12678  CacheP_invL1d                        
43c126b0  CacheP_invL1p                        
43c126ec  CacheP_invL1dAll                     
43c126f4  CacheP_invL1pAll                     
43c126fc  CacheP_wb                            
43c12738  CacheP_wbInv                         
43c12774  CacheP_wbAll                         
43c1281c  CacheP_wbInvAll                      
43c12834  CacheP_wbInvAllAsm                   
43c128d4  CacheP_getEnabled                    
43c1290c  CacheP_getCacheLevelInfo             
43c12918  CacheP_configForceWrThru             
43c12938  CacheP_setDLFO                       
43c12949  CacheP_init                          
43c129a1  CacheP_disable                       
43c129db  CacheP_enable                        
43c129fb  CacheP_inv                           
43c12a39  MpuP_RegionAttrs_init                
43c12a47  MpuP_setRegion                       
43c12af5  MpuP_isEnable                        
43c12af9  MpuP_disable                         
43c12b2b  MpuP_enable                          
43c12b69  MpuP_resetRegion                     
43c12b73  MpuP_init                            
43c12bf0  MpuP_disableAsm                      
43c12c08  MpuP_disableBRAsm                    
43c12c18  MpuP_enableAsm                       
43c12c30  MpuP_enableBRAsm                     
43c12c40  MpuP_isEnableAsm                     
43c12c54  MpuP_setRegionAsm                    
43c12c80  _c_int00_sbl                         
43c12ca4  _c_int00                             
43c12d7d  _DebugP_assertNoLog                  
43c12d9b  __mpu_init                           
43c12da8  gUartDmaConfig                       
43c138a4  DDRSS_phyReg                         
43c14090  DDRSS_ctlReg                         
43c1472c  DDRSS_phyIndepReg                    
43c14c90  DDRSS_phyRegNum                      
43c15086  DDRSS_ctlRegNum                      
43c153d4  DDRSS_phyIndepRegNum                 
43c15688  resasg_indexer                       
43c15874  ra_inst                              
43c159ac  udmap_inst                           
43c15a9c  gAddrTranslateInfo                   
43c15b60  gCoreBootInfo                        
43c15ca4  gMpuRegionConfig                     
43c15d34  ir_inst                              
43c15da8  gSciclientHandle                     
43c15e04  ia_inst                              
43c15e60  gUartParams                          
43c15efc  gBootloaderConfigNum                 
43c15f38  gBootloaderConfig                    
43c15f58  gBootloaderUdmaArgs                  
43c15f78  gMemBootloaderConfig                 
43c15f98  gSciclientRomSecProxyCfg             
43c15fb8  gSciclient_secProxyCfg               
43c15fd8  gBootloaderMemFxns                   
43c15ff0  gClockConfig                         
43c16020  gSocModulesClockFrequency            
43c16050  gResMemSection                       
43c16074  gBootloader0Args                     
43c16084  gMemBootloaderArgs                   
43c16094  gSocModules                          
43c160a4  gDebugLogZone                        
43c160a8  gAddrTranslateConfig                 
43c160b4  gMpuConfig                           
43c160c0  gUartConfig                          
43c160dc  gCacheConfig                         
43c160f4  socCpuCores                          
43c160fc  gDebugP_uartDrvIndex                 
43c16100  gEndOfFilesTransferWord              
43c16104  gHwiConfig                           
43c16108  gUartConfigNum                       
43c1610c  gUartDmaConfigNum                    
43c16110  operatingMode                        
43c16114  pSciclient_secProxyCfg               
43c16120  selfcoreEntry                        
43c16128  soc_clock_data                       
43c16128  soc_psc_multiple_domains             
43c17138  soc_device_data_arr                  
43c176c8  soc_pll_table                        
43c1797a  soc_host_indexes                     
43c17a78  gSciclientMap                        
43c17c50  soc_clock_freq_defaults              
43c17d1d  soc_host_indexes_sz                  
43c17e20  gSOC_r5fVectors                      
43c17e68  soc_devgroups                        
43c17ff2  ia_soc_pe_init_list                  
43c18624  soc_clock_ranges                     
43c1869c  clk_drv_div_fixed                    
43c186c0  clk_drv_div_pll_16fft_hsdiv          
43c186e4  clk_drv_div_pll_16fft_postdiv        
43c18708  clk_drv_div_reg                      
43c1872c  clk_drv_div_reg_go                   
43c18884  clk_drv_mux_reg                      
43c188a4  clk_drv_pllctrl_mux_reg_ro           
43c188c8  soc_fw_caps                          
43c18984  irq_global_event_types               
43c18b68  clk_drv_fixed                        
43c18b80  clk_drv_from_device                  
43c18b98  clk_drv_pll_16fft                    
43c18bb0  clk_drv_soc_hfosc0                   
43c18bc8  clk_drv_soc_lfosc0                   
43c195b0  psc_drv                              
43c199bc  gcSciclientDirectExtBootX509MagicWord
43c19c1e  evt_rt_srcs                          
43c19c24  evt_rt_srcs_count                    
43c19c28  gCacheL1dCacheLineSize               
43c19c2c  gCacheL1pCacheLineSize               
43c19c50  ra_inst_count                        
43c19c54  soc_clock_count                      
43c19c58  soc_devgroup_count                   
43c19c5c  soc_device_count                     
43c19c6c  udmap_inst_count                     
43c19c80  gSciclient_boardCfgLow               
43c19d00  gSciclient_boardCfgLow_rm            
43c1a280  gSciclient_boardCfgLow_sec           
43c1a400  gSciclient_boardCfgLow_pm            
43c1a480  __stack                              
43c1e480  __BSS_START                          
43c1e480  __STACK_END                          
43c1e480  gHwiCtrl                             
43c1fe94  soc_clocks                           
43c20298  soc_devices                          
43c208a8  soc_clock_values                     
43c20c40  bootCpuInfo                          
43c20ccc  _freertosresetvectors                
43c20d10  gClockCtrl                           
43c20d80  bootHandle                           
43c20d84  gUartHandle                          
43c20d90  __BSS_END                            
43c20d90  __IRQ_STACK_START                    
43c21d90  __FIQ_STACK_START                    
43c21d90  __IRQ_STACK_END                      
43c21e90  __FIQ_STACK_END                      
43c21e90  __SVC_STACK_START                    
43c21f90  __ABORT_STACK_START                  
43c21f90  __SVC_STACK_END                      
43c22090  __ABORT_STACK_END                    
43c22090  __UNDEFINED_STACK_START              
43c22190  __UNDEFINED_STACK_END                
84000000  gAppImageBuf                         
ffffffff  __TI_pprof_out_hndl                  
ffffffff  __TI_prof_data_size                  
ffffffff  __TI_prof_data_start                 
ffffffff  __binit__                            
ffffffff  binit                                
UNDEFED   __TI_CINIT_Base                      
UNDEFED   __TI_CINIT_Limit                     
UNDEFED   __TI_Handler_Table_Base              
UNDEFED   __TI_Handler_Table_Limit             
UNDEFED   _system_post_cinit                   

[599 symbols]
