******************************************************************************
            TI ARM Clang Linker Unix v3.2.2                    
******************************************************************************
>> Linked Thu Jun  6 10:58:44 2024

OUTPUT FILE NAME:   <sbl_null.debug.out>
ENTRY POINT SYMBOL: "_vectors_sbl"  address: 70000000


MEMORY CONFIGURATION

         name            origin    length      used     unused   attr    fill
----------------------  --------  ---------  --------  --------  ----  --------
  R5F_VECS              00000000   00000040  00000000  00000040  RWIX
  R5F_TCMA              00000040   00007fc0  00000000  00007fc0  RWIX
  R5F_TCMB0             41010000   00008000  00000000  00008000  RWIX
  MSRAM_VECS            70000000   00000100  00000040  000000c0  RWIX
  MSRAM_0               70000100   0004ff00  0001a9d0  00035530  RWIX
  MSRAM_1               70050000   00030000  00006800  00029800  RWIX


SEGMENT ALLOCATION MAP

run origin  load origin   length   init length attrs members
----------  ----------- ---------- ----------- ----- -------
70000000    70000000    00000040   00000040    r-x
  70000000    70000000    00000040   00000040    r-x .vectors
70000100    70000100    00016e20   00016e20    r-x
  70000100    70000100    00015aa0   00015aa0    r-x .text
  70015ba0    70015ba0    00000ae0   00000ae0    r-x .text.hwi
  70016680    70016680    000004a0   000004a0    r-x .text.cache
  70016b20    70016b20    000002c0   000002c0    r-x .text.mpu
  70016de0    70016de0    00000140   00000140    r-x .text.boot
70016f20    70016f20    00002430   00002430    rw-
  70016f20    70016f20    00002430   00002430    rw- .data
70019350    70019350    00001780   00001780    r--
  70019350    70019350    00001780   00001780    r-- .rodata
70050000    70050000    00005400   00000000    rw-
  70050000    70050000    00004000   00000000    rw- .stack
  70054000    70054000    00001400   00000000    rw- .bss
70055400    70055400    00001400   00000000    r--
  70055400    70055400    00001000   00000000    r-- .irqstack
  70056400    70056400    00000100   00000000    r-- .fiqstack
  70056500    70056500    00000100   00000000    r-- .svcstack
  70056600    70056600    00000100   00000000    r-- .abortstack
  70056700    70056700    00000100   00000000    r-- .undefinedstack


SECTION ALLOCATION MAP

 output                                  attributes/
section   page    origin      length       input sections
--------  ----  ----------  ----------   ----------------
.vectors   0    70000000    00000040     
                  70000000    00000040     nortos.am64x.r5f.ti-arm-clang.debug.lib : HwiP_armv7r_vectors_nortos_sbl_asm.obj (.vectors)

.text      0    70000100    00015aa0     
                  70000100    00000a34     nortos.am64x.r5f.ti-arm-clang.debug.lib : printf.obj (.text._vsnprintf)
                  70000b34    0000000c     libclang_rt.builtins.a : aeabi_memset.S.obj (.text.__aeabi_memclr)
                  70000b40    000005f4     drivers.am64x.r5f.ti-arm-clang.debug.lib : sciclient_rm_irq.obj (.text.Sciclient_rmIrqRouteValidate)
                  70001134    00000008     libc.a : exit.c.obj (.text:abort)
                  7000113c    00000004     libclang_rt.builtins.a : aeabi_memcpy.S.obj (.text.__aeabi_memcpy)
                  70001140    0000051e     nortos.am64x.r5f.ti-arm-clang.debug.lib : printf.obj (.text._ftoa)
                  7000165e    00000002     --HOLE-- [fill = 0]
                  70001660    00000478                                             : printf.obj (.text._etoa)
                  70001ad8    00000008     --HOLE-- [fill = 0]
                  70001ae0    0000042c     drivers.am64x.r5f.ti-arm-clang.debug.lib : uart_v0.obj (.text.UART_open)
                  70001f0c    00000004     --HOLE-- [fill = 0]
                  70001f10    0000039c                                              : udma_ch.obj (.text.Udma_chAllocResource)
                  700022ac    00000004     --HOLE-- [fill = 0]
                  700022b0    00000360                                              : udma_ch.obj (.text.Udma_chDisableTxChan)
                  70002610    0000035a                                              : udma_event.obj (.text.Udma_eventConfig)
                  7000296a    00000006     --HOLE-- [fill = 0]
                  70002970    00000306                                              : sciclient_rm_irq.obj (.text.Sciclient_rmIrqGetRoute)
                  70002c76    0000000a     --HOLE-- [fill = 0]
                  70002c80    000002f4                                              : udma_event.obj (.text.Udma_eventReset)
                  70002f74    0000000c     --HOLE-- [fill = 0]
                  70002f80    000002da                                              : sciclient.obj (.text.Sciclient_service)
                  7000325a    00000006     --HOLE-- [fill = 0]
                  70003260    000002c8                                              : udma_ch.obj (.text.Udma_chDisableRxChan)
                  70003528    00000008     --HOLE-- [fill = 0]
                  70003530    00000294                                              : csl_bcdma.obj (.text.CSL_bcdmaChanOpCfgChan)
                  700037c4    0000000c     --HOLE-- [fill = 0]
                  700037d0    0000027a     nortos.am64x.r5f.ti-arm-clang.debug.lib : TimerP.obj (.text.TimerP_setup)
                  70003a4a    00000006     --HOLE-- [fill = 0]
                  70003a50    0000026a     drivers.am64x.r5f.ti-arm-clang.debug.lib : lpddr4_16bit.obj (.text.LPDDR4_INTR_SanityFunction1)
                  70003cba    00000006     --HOLE-- [fill = 0]
                  70003cc0    00000260                                              : udma_ch.obj (.text.Udma_chConfigRx)
                  70003f20    0000025a                                              : lpddr4_16bit.obj (.text.LPDDR4_INTR_SanityFunction2)
                  7000417a    00000006     --HOLE-- [fill = 0]
                  70004180    00000248                                              : sciclient_rm_irq.obj (.text.Sciclient_rmIrqFindRoute)
                  700043c8    00000008     --HOLE-- [fill = 0]
                  700043d0    00000242                                              : uart_v0_lld.obj (.text.UART_fifoConfig)
                  70004612    0000000e     --HOLE-- [fill = 0]
                  70004620    0000023e     nortos.am64x.r5f.ti-arm-clang.debug.lib : printf.obj (.text._ntoa_format)
                  7000485e    00000002     --HOLE-- [fill = 0]
                  70004860    00000222     drivers.am64x.r5f.ti-arm-clang.debug.lib : udma_event.obj (.text.Udma_eventRegister)
                  70004a82    0000000e     --HOLE-- [fill = 0]
                  70004a90    0000021e                                              : udma_event.obj (.text.Udma_eventAllocResource)
                  70004cae    00000002     --HOLE-- [fill = 0]
                  70004cb0    0000020c                                              : udma_ch.obj (.text.Udma_chFreeResource)
                  70004ebc    00000004     --HOLE-- [fill = 0]
                  70004ec0    0000020a                                              : bootloader_soc.obj (.text.Bootloader_socCpuPowerOnResetR5f)
                  700050ca    00000006     --HOLE-- [fill = 0]
                  700050d0    0000020a                                              : udma_ring_common.obj (.text.Udma_ringAlloc)
                  700052da    00000006     --HOLE-- [fill = 0]
                  700052e0    000001f6                                              : bootloader_soc.obj (.text.Bootloader_socCpuResetRelease)
                  700054d6    0000000a     --HOLE-- [fill = 0]
                  700054e0    000001e6                                              : udma_ch.obj (.text.Udma_chDisableBlkCpyChan)
                  700056c6    0000000a     --HOLE-- [fill = 0]
                  700056d0    000001dc                                              : bootloader_soc.obj (.text.Bootloader_socCpuResetReleaseSelf)
                  700058ac    00000004     --HOLE-- [fill = 0]
                  700058b0    000001d8                                              : udma_flow.obj (.text.Udma_flowConfig)
                  70005a88    00000008     --HOLE-- [fill = 0]
                  70005a90    000001ca     main.obj (.text.main)
                  70005c5a    00000006     --HOLE-- [fill = 0]
                  70005c60    000001be     drivers.am64x.r5f.ti-arm-clang.debug.lib : ddr.obj (.text.DDR_inlineECCCfg)
                  70005e1e    00000002     --HOLE-- [fill = 0]
                  70005e20    000001b4                                              : soc.obj (.text.SOC_moduleSetClockFrequency)
                  70005fd4    0000000c     --HOLE-- [fill = 0]
                  70005fe0    000001b2                                              : uart_v0.obj (.text.UART_close)
                  70006192    0000000e     --HOLE-- [fill = 0]
                  700061a0    000001a8                                              : uart_v0_lld.obj (.text.UART_lld_controllerIsr)
                  70006348    00000008     --HOLE-- [fill = 0]
                  70006350    000001a2                                              : uart_v0.obj (.text.UART_write)
                  700064f2    0000000e     --HOLE-- [fill = 0]
                  70006500    00000198                                              : sciclient_rm_irq.obj (.text.Sciclient_rmClearInterruptRoute)
                  70006698    00000008     --HOLE-- [fill = 0]
                  700066a0    00000196                                              : udma_ch.obj (.text.Udma_chConfigTx)
                  70006836    0000000a     --HOLE-- [fill = 0]
                  70006840    0000018a                                              : sciclient_rm_irq.obj (.text.Sciclient_rmIrqDeleteRoute)
                  700069ca    00000006     --HOLE-- [fill = 0]
                  700069d0    0000018a                                              : sciclient_rm_irq.obj (.text.Sciclient_rmProgramInterruptRoute)
                  70006b5a    00000006     --HOLE-- [fill = 0]
                  70006b60    00000186                                              : sciclient_rm_irq.obj (.text.Sciclient_rmIrqProgramRoute)
                  70006ce6    0000000a     --HOLE-- [fill = 0]
                  70006cf0    00000182                                              : udma_ch.obj (.text.Udma_chEnableLocal)
                  70006e72    0000000e     --HOLE-- [fill = 0]
                  70006e80    0000017e                                              : udma_ch.obj (.text.Udma_chConfigPdma)
                  70006ffe    00000002     --HOLE-- [fill = 0]
                  70007000    0000016c                                              : csl_bcdma.obj (.text.CSL_bcdmaChanOpTeardownChan)
                  7000716c    00000004     --HOLE-- [fill = 0]
                  70007170    00000168                                              : csl_bcdma.obj (.text.CSL_bcdmaChanOp)
                  700072d8    00000008     --HOLE-- [fill = 0]
                  700072e0    00000168                                              : udma_ch.obj (.text.Udma_chOpen)
                  70007448    00000008     --HOLE-- [fill = 0]
                  70007450    00000162                                              : lpddr4.obj (.text.LPDDR4_INTR_SanityFunction3)
                  700075b2    0000000e     --HOLE-- [fill = 0]
                  700075c0    0000015a                                              : udma_rm.obj (.text.Udma_rmAllocMappedRxCh)
                  7000771a    00000006     --HOLE-- [fill = 0]
                  70007720    0000015a                                              : udma_rm.obj (.text.Udma_rmAllocMappedTxCh)
                  7000787a    00000006     --HOLE-- [fill = 0]
                  70007880    00000158                                              : csl_bcdma.obj (.text.CSL_bcdmaChanOpGetChanStats)
                  700079d8    00000008     --HOLE-- [fill = 0]
                  700079e0    00000152                                              : lpddr4.obj (.text.LPDDR4_INTR_SanityFunction4)
                  70007b32    0000000e     --HOLE-- [fill = 0]
                  70007b40    00000152                                              : uart_v0_lld.obj (.text.UART_lld_initDma)
                  70007c92    0000000e     --HOLE-- [fill = 0]
                  70007ca0    00000146                                              : udma_ch.obj (.text.Udma_chAssignRegOverlay)
                  70007de6    0000000a     --HOLE-- [fill = 0]
                  70007df0    00000142                                              : sciclient.obj (.text.Sciclient_sendMessage)
                  70007f32    0000000e     --HOLE-- [fill = 0]
                  70007f40    00000140                                              : sciclient_rm_irq.obj (.text.Sciclient_rmIaValidateMapping)
                  70008080    00000140                                              : udma_rm.obj (.text.Udma_rmAllocMappedRing)
                  700081c0    0000013e                                              : lpddr4_16bit.obj (.text.LPDDR4_AckCtlInterrupt_4)
                  700082fe    00000002     --HOLE-- [fill = 0]
                  70008300    0000013e                                              : uart_v0_lld.obj (.text.UART_procLineStatusErr)
                  7000843e    00000002     --HOLE-- [fill = 0]
                  70008440    0000013c     nortos.am64x.r5f.ti-arm-clang.debug.lib : ClockP_nortos_r5.obj (.text.ClockP_init)
                  7000857c    00000004     --HOLE-- [fill = 0]
                  70008580    0000013a     drivers.am64x.r5f.ti-arm-clang.debug.lib : lpddr4_16bit.obj (.text.LPDDR4_AckCtlInterrupt)
                  700086ba    00000006     --HOLE-- [fill = 0]
                  700086c0    00000138     nortos.am64x.r5f.ti-arm-clang.debug.lib : printf.obj (.text._ntoa_long_long)
                  700087f8    00000008     --HOLE-- [fill = 0]
                  70008800    00000136     drivers.am64x.r5f.ti-arm-clang.debug.lib : ddr.obj (.text.DDR_start)
                  70008936    0000000a     --HOLE-- [fill = 0]
                  70008940    00000136                                              : sciclient_rm_irq.obj (.text.Sciclient_rmIrqVintDelete)
                  70008a76    0000000a     --HOLE-- [fill = 0]
                  70008a80    00000134                                              : uart_v0_lld.obj (.text.UART_writePolling)
                  70008bb4    0000000c     --HOLE-- [fill = 0]
                  70008bc0    00000130                                              : sciclient.obj (.text.Sciclient_recvMessage)
                  70008cf0    0000012e                                              : udma_rm.obj (.text.Udma_rmAllocIrIntr)
                  70008e1e    00000002     --HOLE-- [fill = 0]
                  70008e20    0000012c                                              : uart_v0_lld.obj (.text.UART_lld_init)
                  70008f4c    00000004     --HOLE-- [fill = 0]
                  70008f50    0000012a                                              : sciclient_pm.obj (.text.Sciclient_pmQueryModuleClkFreq)
                  7000907a    00000006     --HOLE-- [fill = 0]
                  70009080    00000122                                              : bootloader.obj (.text.Bootloader_rprcImageLoad)
                  700091a2    0000000e     --HOLE-- [fill = 0]
                  700091b0    00000122                                              : udma_rm.obj (.text.Udma_rmAllocBlkCopyCh)
                  700092d2    0000000e     --HOLE-- [fill = 0]
                  700092e0    00000122                                              : udma_rm.obj (.text.Udma_rmAllocBlkCopyHcCh)
                  70009402    0000000e     --HOLE-- [fill = 0]
                  70009410    00000122                                              : udma_rm.obj (.text.Udma_rmAllocBlkCopyUhcCh)
                  70009532    0000000e     --HOLE-- [fill = 0]
                  70009540    00000122                                              : udma_rm.obj (.text.Udma_rmAllocRxCh)
                  70009662    0000000e     --HOLE-- [fill = 0]
                  70009670    00000122                                              : udma_rm.obj (.text.Udma_rmAllocRxHcCh)
                  70009792    0000000e     --HOLE-- [fill = 0]
                  700097a0    00000122                                              : udma_rm.obj (.text.Udma_rmAllocRxUhcCh)
                  700098c2    0000000e     --HOLE-- [fill = 0]
                  700098d0    00000122                                              : udma_rm.obj (.text.Udma_rmAllocTxCh)
                  700099f2    0000000e     --HOLE-- [fill = 0]
                  70009a00    00000122                                              : udma_rm.obj (.text.Udma_rmAllocTxHcCh)
                  70009b22    0000000e     --HOLE-- [fill = 0]
                  70009b30    00000122                                              : udma_rm.obj (.text.Udma_rmAllocTxUhcCh)
                  70009c52    0000000e     --HOLE-- [fill = 0]
                  70009c60    0000011e                                              : sciclient_rm_irq.obj (.text.Sciclient_rmIaValidateEvt)
                  70009d7e    00000002     --HOLE-- [fill = 0]
                  70009d80    0000011e                                              : sciclient_rm_irq.obj (.text.Sciclient_rmIrqVintAdd)
                  70009e9e    00000002     --HOLE-- [fill = 0]
                  70009ea0    00000118                                              : lpddr4_16bit.obj (.text.LPDDR4_CheckCtlInterrupt)
                  70009fb8    00000118     libclang_rt.builtins.a : udivmoddi4.S.obj (.text)
                  7000a0d0    00000116     drivers.am64x.r5f.ti-arm-clang.debug.lib : csl_bcdma.obj (.text.CSL_bcdmaChanOpDecChanStats)
                  7000a1e6    0000000a     --HOLE-- [fill = 0]
                  7000a1f0    00000116                                              : uart_v0_lld.obj (.text.UART_divisorLatchWrite)
                  7000a306    0000000a     --HOLE-- [fill = 0]
                  7000a310    00000114     nortos.am64x.r5f.ti-arm-clang.debug.lib : printf.obj (.text._ntoa_long)
                  7000a424    0000000c     --HOLE-- [fill = 0]
                  7000a430    00000110     drivers.am64x.r5f.ti-arm-clang.debug.lib : sciclient_pm.obj (.text.Sciclient_pmSetModuleClkFreq)
                  7000a540    0000010e                                              : ddr.obj (.text.DDR_changeFreqAck)
                  7000a64e    00000002     --HOLE-- [fill = 0]
                  7000a650    0000010c                                              : bootloader.obj (.text.Bootloader_loadSelfCpu)
                  7000a75c    00000004     --HOLE-- [fill = 0]
                  7000a760    00000106                                              : lpddr4_16bit.obj (.text.LPDDR4_AckCtlInterrupt_3)
                  7000a866    0000000a     --HOLE-- [fill = 0]
                  7000a870    00000106                                              : udma_event.obj (.text.Udma_eventCheckParams)
                  7000a976    0000000a     --HOLE-- [fill = 0]
                  7000a980    00000104                                              : csl_pktdma.obj (.text.CSL_pktdmaTeardownChan)
                  7000aa84    0000000c     --HOLE-- [fill = 0]
                  7000aa90    00000104                                              : uart_v0_lld.obj (.text.UART_configInstance)
                  7000ab94    0000000c     --HOLE-- [fill = 0]
                  7000aba0    00000104                                              : uart_dma_udma.obj (.text.UART_udmaInitRxCh)
                  7000aca4    0000000c     --HOLE-- [fill = 0]
                  7000acb0    00000104                                              : uart_dma_udma.obj (.text.UART_udmaInitTxCh)
                  7000adb4    0000000c     --HOLE-- [fill = 0]
                  7000adc0    000000fe                                              : sciclient_rm_irq.obj (.text.Sciclient_rmIrGetOutp)
                  7000aebe    00000002     --HOLE-- [fill = 0]
                  7000aec0    000000f6     nortos.am64x.r5f.ti-arm-clang.debug.lib : SemaphoreP_nortos.obj (.text.SemaphoreP_pend)
                  7000afb6    0000000a     --HOLE-- [fill = 0]
                  7000afc0    000000f4     drivers.am64x.r5f.ti-arm-clang.debug.lib : sciclient.obj (.text.Sciclient_getVersionCheck)
                  7000b0b4    0000000c     --HOLE-- [fill = 0]
                  7000b0c0    000000f2                                              : bootloader_soc.obj (.text.Bootloader_socCpuPowerOnResetM4f)
                  7000b1b2    0000000e     --HOLE-- [fill = 0]
                  7000b1c0    000000ec                                              : udma_event.obj (.text.Udma_eventIsrFxn)
                  7000b2ac    00000004     --HOLE-- [fill = 0]
                  7000b2b0    000000ea     nortos.am64x.r5f.ti-arm-clang.debug.lib : AddrTranslateP.obj (.text.AddrTranslateP_getLocalAddr)
                  7000b39a    00000006     --HOLE-- [fill = 0]
                  7000b3a0    000000ea     drivers.am64x.r5f.ti-arm-clang.debug.lib : lpddr4_16bit.obj (.text.LPDDR4_CheckCtlInterrupt_2)
                  7000b48a    00000006     --HOLE-- [fill = 0]
                  7000b490    000000e8                                              : lpddr4_16bit.obj (.text.LPDDR4_AckCtlInterrupt_2)
                  7000b578    00000008     --HOLE-- [fill = 0]
                  7000b580    000000e8                                              : udma_event.obj (.text.Udma_eventFreeResource)
                  7000b668    00000008     --HOLE-- [fill = 0]
                  7000b670    000000e2                                              : sciclient_rm_irq.obj (.text.Sciclient_rmIrqGetNode)
                  7000b752    0000000e     --HOLE-- [fill = 0]
                  7000b760    000000de                                              : sciclient.obj (.text.Sciclient_waitForMessage)
                  7000b83e    00000002     --HOLE-- [fill = 0]
                  7000b840    000000de                                              : uart_v0_lld.obj (.text.UART_intrEnable)
                  7000b91e    00000002     --HOLE-- [fill = 0]
                  7000b920    000000da                                              : csl_emif.obj (.text.CSL_emifConfigController)
                  7000b9fa    00000006     --HOLE-- [fill = 0]
                  7000ba00    000000da                                              : sciclient_rm_irq.obj (.text.Sciclient_rmIrInpIsFree)
                  7000bada    00000006     --HOLE-- [fill = 0]
                  7000bae0    000000da                                              : uart_v0_lld.obj (.text.UART_intrDisable)
                  7000bbba    00000006     --HOLE-- [fill = 0]
                  7000bbc0    000000d8                                              : uart_dma_udma.obj (.text.UART_udmaConfigPdmaTx)
                  7000bc98    00000008     --HOLE-- [fill = 0]
                  7000bca0    000000d4                                              : bootloader_soc.obj (.text.Bootloader_socOpenFirewalls)
                  7000bd74    0000000c     --HOLE-- [fill = 0]
                  7000bd80    000000d4                                              : csl_bcdma.obj (.text.CSL_bcdmaChanOpGetChanRT)
                  7000be54    0000000c     --HOLE-- [fill = 0]
                  7000be60    000000d4                                              : pinmux.obj (.text.Pinmux_unlockMMR)
                  7000bf34    0000000c     --HOLE-- [fill = 0]
                  7000bf40    000000d4                                              : sciclient_procboot.obj (.text.Sciclient_procBootWaitProcessorState)
                  7000c014    0000000c     --HOLE-- [fill = 0]
                  7000c020    000000d2                                              : uart_v0_lld.obj (.text.UART_lld_write)
                  7000c0f2    0000000e     --HOLE-- [fill = 0]
                  7000c100    000000d2                                              : uart_dma_udma.obj (.text.UART_udmaDeInitCh)
                  7000c1d2    0000000e     --HOLE-- [fill = 0]
                  7000c1e0    000000d2                                              : uart_dma_udma.obj (.text.UART_udmaHpdInit)
                  7000c2b2    0000000e     --HOLE-- [fill = 0]
                  7000c2c0    000000cc                                              : udma_rm.obj (.text.Udma_rmAllocVintrBit)
                  7000c38c    00000004     --HOLE-- [fill = 0]
                  7000c390    000000ca                                              : csl_bcdma.obj (.text.CSL_bcdmaChanOpSetBurstSize)
                  7000c45a    00000006     --HOLE-- [fill = 0]
                  7000c460    000000ca                                              : udma_ring_common.obj (.text.Udma_ringCheckParams)
                  7000c52a    00000006     --HOLE-- [fill = 0]
                  7000c530    000000c8                                              : uart_v0_lld.obj (.text.UART_lld_writeDma)
                  7000c5f8    00000008     --HOLE-- [fill = 0]
                  7000c600    000000c8                                              : udma_event.obj (.text.Udma_eventCheckUnRegister)
                  7000c6c8    00000008     --HOLE-- [fill = 0]
                  7000c6d0    000000c8                                              : udma_ring_common.obj (.text.Udma_ringFree)
                  7000c798    00000008     --HOLE-- [fill = 0]
                  7000c7a0    000000c6                                              : soc.obj (.text.SOC_isR5FDualCoreMode)
                  7000c866    0000000a     --HOLE-- [fill = 0]
                  7000c870    000000c6                                              : uart_v0_lld.obj (.text.UART_lld_writeIntr)
                  7000c936    0000000a     --HOLE-- [fill = 0]
                  7000c940    000000c6                                              : udma_event.obj (.text.Udma_eventUnRegister)
                  7000ca06    0000000a     --HOLE-- [fill = 0]
                  7000ca10    000000c4                                              : sciclient_rm_irq.obj (.text.Sciclient_rmIrqIsVintRouteSet)
                  7000cad4    0000000c     --HOLE-- [fill = 0]
                  7000cae0    000000c4                                              : uart_v0.obj (.text.UART_flushTxFifo)
                  7000cba4    0000000c     --HOLE-- [fill = 0]
                  7000cbb0    000000c2                                              : udma_ch.obj (.text.Udma_chClose)
                  7000cc72    0000000e     --HOLE-- [fill = 0]
                  7000cc80    000000c0                                              : csl_bcdma.obj (.text.CSL_bcdmaChanOpAccessRemotePeerReg)
                  7000cd40    000000c0                                              : lpddr4_16bit.obj (.text.LPDDR4_CheckCtlInterrupt_4)
                  7000ce00    000000c0                                              : lpddr4.obj (.text.LPDDR4_ReadReg)
                  7000cec0    000000c0     nortos.am64x.r5f.ti-arm-clang.debug.lib : printf.obj (.text._out_rev)
                  7000cf80    000000be                                             : ClockP_nortos.obj (.text.ClockP_timerTickIsr)
                  7000d03e    00000002     --HOLE-- [fill = 0]
                  7000d040    000000bc     drivers.am64x.r5f.ti-arm-clang.debug.lib : ddr.obj (.text.DDR_setClock)
                  7000d0fc    00000004     --HOLE-- [fill = 0]
                  7000d100    000000ba     nortos.am64x.r5f.ti-arm-clang.debug.lib : ClockP_nortos.obj (.text.ClockP_stop)
                  7000d1ba    00000006     --HOLE-- [fill = 0]
                  7000d1c0    000000b8     drivers.am64x.r5f.ti-arm-clang.debug.lib : lpddr4.obj (.text.LPDDR4_WriteReg)
                  7000d278    00000008     --HOLE-- [fill = 0]
                  7000d280    000000b6                                              : csl_pktdma.obj (.text.CSL_pktdmaAccessChanPeerReg)
                  7000d336    0000000a     --HOLE-- [fill = 0]
                  7000d340    000000b6                                              : uart_v0_lld.obj (.text.UART_fifoWrite)
                  7000d3f6    0000000a     --HOLE-- [fill = 0]
                  7000d400    000000b2                                              : ddr.obj (.text.DDR_initDrv)
                  7000d4b2    0000000e     --HOLE-- [fill = 0]
                  7000d4c0    000000b2                                              : sciclient.obj (.text.Sciclient_getCurrentContext)
                  7000d572    0000000e     --HOLE-- [fill = 0]
                  7000d580    000000b0                                              : uart_v0.obj (.text.UART_init)
                  7000d630    000000b0                                              : udma_ch.obj (.text.Udma_chCheckParams)
                  7000d6e0    000000ae                                              : udma_soc.obj (.text.Udma_getMappedChRingAttributes)
                  7000d78e    00000002     --HOLE-- [fill = 0]
                  7000d790    000000ac                                              : udma_ch.obj (.text.UdmaChRxPrms_init)
                  7000d83c    00000004     --HOLE-- [fill = 0]
                  7000d840    000000ac                                              : udma_ch.obj (.text.UdmaChTxPrms_init)
                  7000d8ec    00000004     --HOLE-- [fill = 0]
                  7000d8f0    000000ac                                              : udma_ch.obj (.text.Udma_chDisable)
                  7000d99c    00000004     --HOLE-- [fill = 0]
                  7000d9a0    000000aa                                              : csl_bcdma.obj (.text.CSL_bcdmaChanOpSetChanPause)
                  7000da4a    00000006     --HOLE-- [fill = 0]
                  7000da50    000000aa                                              : csl_bcdma.obj (.text.CSL_bcdmaChanOpSetChanRT)
                  7000dafa    00000006     --HOLE-- [fill = 0]
                  7000db00    000000a8     nortos.am64x.r5f.ti-arm-clang.debug.lib : ClockP_nortos.obj (.text.ClockP_addToList)
                  7000dba8    00000008     --HOLE-- [fill = 0]
                  7000dbb0    000000a8                                             : ClockP_nortos.obj (.text.ClockP_destruct)
                  7000dc58    00000008     --HOLE-- [fill = 0]
                  7000dc60    000000a8     ti_drivers_open_close.obj (.text.Drivers_uartOpen)
                  7000dd08    00000008     --HOLE-- [fill = 0]
                  7000dd10    000000a8     drivers.am64x.r5f.ti-arm-clang.debug.lib : sciclient_rm_irq.obj (.text.Sciclient_rmIrInpRomMapped)
                  7000ddb8    00000008     --HOLE-- [fill = 0]
                  7000ddc0    000000a8                                              : sciclient_rm_irq.obj (.text.Sciclient_rmIrOutpRomMapped)
                  7000de68    00000008     --HOLE-- [fill = 0]
                  7000de70    000000a6                                              : sciclient_pm.obj (.text.Sciclient_pmGetModuleClkNumParent)
                  7000df16    0000000a     --HOLE-- [fill = 0]
                  7000df20    000000a4                                              : bootloader_soc.obj (.text.Bootloader_socOpenFirewallRegion)
                  7000dfc4    0000000c     --HOLE-- [fill = 0]
                  7000dfd0    000000a4                                              : csl_intaggr.obj (.text.CSL_intaggrIsIntrPending)
                  7000e074    0000000c     --HOLE-- [fill = 0]
                  7000e080    000000a4                                              : sciclient_rm_irq.obj (.text.Sciclient_rmIrqCheckLoop)
                  7000e124    0000000c     --HOLE-- [fill = 0]
                  7000e130    000000a4                                              : uart_v0_lld.obj (.text.UART_IsBaseAddrValid)
                  7000e1d4    0000000c     --HOLE-- [fill = 0]
                  7000e1e0    000000a2                                              : ddr.obj (.text.DDR_init)
                  7000e282    0000000e     --HOLE-- [fill = 0]
                  7000e290    000000a0                                              : udma_rm.obj (.text.Udma_rmAllocEvent)
                  7000e330    000000a0                                              : udma_rm.obj (.text.Udma_rmAllocVintr)
                  7000e3d0    0000009e                                              : bootloader_soc.obj (.text.Bootloader_socCpuSetEntryPoint)
                  7000e46e    00000002     --HOLE-- [fill = 0]
                  7000e470    0000009e                                              : sciclient_soc_priv.obj (.text.Sciclient_getContext)
                  7000e50e    00000002     --HOLE-- [fill = 0]
                  7000e510    0000009c                                              : pinmux.obj (.text.Pinmux_config)
                  7000e5ac    00000004     --HOLE-- [fill = 0]
                  7000e5b0    0000009a                                              : bootloader_soc.obj (.text.Bootloader_socCpuSetClock)
                  7000e64a    00000006     --HOLE-- [fill = 0]
                  7000e650    0000009a                                              : bootloader_soc.obj (.text.Bootloader_socTranslateSectionAddr)
                  7000e6ea    00000006     --HOLE-- [fill = 0]
                  7000e6f0    0000009a                                              : soc.obj (.text.SOC_controlModuleUnlockMMR)
                  7000e78a    00000006     --HOLE-- [fill = 0]
                  7000e790    0000009a                                              : sciclient_pm.obj (.text.Sciclient_pmGetModuleClkFreq)
                  7000e82a    00000006     --HOLE-- [fill = 0]
                  7000e830    0000009a                                              : sciclient_pm.obj (.text.Sciclient_pmGetModuleClkParent)
                  7000e8ca    00000006     --HOLE-- [fill = 0]
                  7000e8d0    0000009a                                              : sciclient_pm.obj (.text.Sciclient_pmSetModuleClkParent)
                  7000e96a    00000006     --HOLE-- [fill = 0]
                  7000e970    0000009a                                              : sciclient_procboot.obj (.text.Sciclient_procBootSetSequenceCtrl)
                  7000ea0a    00000006     --HOLE-- [fill = 0]
                  7000ea10    0000009a                                              : sciclient_rm_irq.obj (.text.Sciclient_rmIrOutpIsFree)
                  7000eaaa    00000006     --HOLE-- [fill = 0]
                  7000eab0    0000009a                                              : udma_ring_common.obj (.text.Udma_ringQueueRaw)
                  7000eb4a    00000006     --HOLE-- [fill = 0]
                  7000eb50    00000098                                              : csl_bcdma.obj (.text.CSL_bcdmaChanOpSetChanEnable)
                  7000ebe8    00000008     --HOLE-- [fill = 0]
                  7000ebf0    00000098                                              : sciclient_boardcfg.obj (.text.Sciclient_boardCfgPm)
                  7000ec88    00000008     --HOLE-- [fill = 0]
                  7000ec90    00000098                                              : sciclient_boardcfg.obj (.text.Sciclient_boardCfgRm)
                  7000ed28    00000008     --HOLE-- [fill = 0]
                  7000ed30    00000098                                              : sciclient_pm.obj (.text.Sciclient_pmModuleGetClkStatus)
                  7000edc8    00000008     --HOLE-- [fill = 0]
                  7000edd0    00000096                                              : bootloader.obj (.text.Bootloader_runCpu)
                  7000ee66    0000000a     --HOLE-- [fill = 0]
                  7000ee70    00000096                                              : sciclient.obj (.text.Sciclient_init)
                  7000ef06    0000000a     --HOLE-- [fill = 0]
                  7000ef10    00000096                                              : uart_v0_lld.obj (.text.UART_subConfigTCRTLRModeEn)
                  7000efa6    0000000a     --HOLE-- [fill = 0]
                  7000efb0    00000096                                              : uart_dma_udma.obj (.text.UART_udmaIsrRx)
                  7000f046    0000000a     --HOLE-- [fill = 0]
                  7000f050    00000096                                              : uart_dma_udma.obj (.text.UART_udmaIsrTx)
                  7000f0e6    0000000a     --HOLE-- [fill = 0]
                  7000f0f0    00000096                                              : udma_flow.obj (.text.UdmaFlowPrms_init)
                  7000f186    0000000a     --HOLE-- [fill = 0]
                  7000f190    00000096                                              : udma_ring_common.obj (.text.Udma_ringDequeueRaw)
                  7000f226    0000000a     --HOLE-- [fill = 0]
                  7000f230    00000094                                              : sciclient.obj (.text.Sciclient_waitForBootNotification)
                  7000f2c4    0000000c     --HOLE-- [fill = 0]
                  7000f2d0    00000094                                              : uart_dma_udma.obj (.text.UART_lld_dmaDisableChannel)
                  7000f364    0000000c     --HOLE-- [fill = 0]
                  7000f370    00000092     nortos.am64x.r5f.ti-arm-clang.debug.lib : ClockP_nortos.obj (.text.ClockP_getTimeUsec)
                  7000f402    0000000e     --HOLE-- [fill = 0]
                  7000f410    00000092     drivers.am64x.r5f.ti-arm-clang.debug.lib : soc.obj (.text.SOC_moduleClockEnable)
                  7000f4a2    0000000e     --HOLE-- [fill = 0]
                  7000f4b0    00000092                                              : sciclient_rm_irq.obj (.text.Sciclient_rmPsPop)
                  7000f542    0000000e     --HOLE-- [fill = 0]
                  7000f550    0000008e                                              : udma_rm.obj (.text.Udma_rmFreeMappedRing)
                  7000f5de    00000002     --HOLE-- [fill = 0]
                  7000f5e0    0000008c                                              : ddr.obj (.text.DDR_initHwRegs)
                  7000f66c    00000004     --HOLE-- [fill = 0]
                  7000f670    0000008c                                              : sciclient_pm.obj (.text.Sciclient_pmGetModuleState)
                  7000f6fc    00000004     --HOLE-- [fill = 0]
                  7000f700    0000008c                                              : sciclient_pm.obj (.text.Sciclient_pmModuleClkRequest)
                  7000f78c    00000004     --HOLE-- [fill = 0]
                  7000f790    0000008c                                              : sciclient_pm.obj (.text.Sciclient_pmSetModuleState)
                  7000f81c    00000004     --HOLE-- [fill = 0]
                  7000f820    0000008c                                              : sciclient_rm_irq.obj (.text.Sciclient_rmIaEvtRomMapped)
                  7000f8ac    00000004     --HOLE-- [fill = 0]
                  7000f8b0    0000008c                                              : uart_v0_lld.obj (.text.UART_writeCancelNoCB)
                  7000f93c    00000004     --HOLE-- [fill = 0]
                  7000f940    0000008a                                              : lpddr4.obj (.text.LPDDR4_PollCtlIrq)
                  7000f9ca    00000006     --HOLE-- [fill = 0]
                  7000f9d0    0000008a                                              : lpddr4.obj (.text.LPDDR4_PollPhyIndepIrq)
                  7000fa5a    00000006     --HOLE-- [fill = 0]
                  7000fa60    0000008a                                              : udma_ring_common.obj (.text.Udma_ringFlushRaw)
                  7000faea    00000006     --HOLE-- [fill = 0]
                  7000faf0    00000088                                              : bootloader_soc.obj (.text.Bootloader_socCpuGetClock)
                  7000fb78    00000008     --HOLE-- [fill = 0]
                  7000fb80    00000088                                              : csl_bcdma.obj (.text.CSL_bcdmaGetCfg)
                  7000fc08    00000008     --HOLE-- [fill = 0]
                  7000fc10    00000088                                              : sciclient_procboot.obj (.text.Sciclient_procBootReleaseProcessor)
                  7000fc98    00000008     --HOLE-- [fill = 0]
                  7000fca0    00000088                                              : udma_rm.obj (.text.Udma_rmFreeVintrBit)
                  7000fd28    00000008     --HOLE-- [fill = 0]
                  7000fd30    00000086                                              : lpddr4_16bit.obj (.text.LPDDR4_CheckCtlInterrupt_3)
                  7000fdb6    0000000a     --HOLE-- [fill = 0]
                  7000fdc0    00000086                                              : uart_v0_lld.obj (.text.UART_lld_flushTxFifo)
                  7000fe46    0000000a     --HOLE-- [fill = 0]
                  7000fe50    00000086                                              : uart_v0_lld.obj (.text.UART_tcrTlrBitValRestore)
                  7000fed6    0000000a     --HOLE-- [fill = 0]
                  7000fee0    00000082                                              : uart_dma_udma.obj (.text.CSL_udmapCppi5SetReturnPolicy)
                  7000ff62    0000000e     --HOLE-- [fill = 0]
                  7000ff70    00000082                                              : udma_ch.obj (.text.Udma_chPair)
                  7000fff2    0000000e     --HOLE-- [fill = 0]
                  70010000    00000082                                              : udma_ch.obj (.text.Udma_chUnpair)
                  70010082    0000000e     --HOLE-- [fill = 0]
                  70010090    00000080                                              : uart_v0_lld.obj (.text.UART_moduleReset)
                  70010110    0000007e                                              : csl_bcdma.obj (.text.CSL_bcdmaChanOpIsChanEnabled)
                  7001018e    00000002     --HOLE-- [fill = 0]
                  70010190    0000007e                                              : csl_bcdma.obj (.text.CSL_bcdmaChanOpIsValidChanIdx)
                  7001020e    00000002     --HOLE-- [fill = 0]
                  70010210    0000007e                                              : csl_bcdma.obj (.text.CSL_bcdmaMapChanIdx)
                  7001028e    00000002     --HOLE-- [fill = 0]
                  70010290    0000007e                                              : lpddr4.obj (.text.LPDDR4_StartSequenceController)
                  7001030e    00000002     --HOLE-- [fill = 0]
                  70010310    0000007e                                              : uart_v0_lld.obj (.text.UART_readData)
                  7001038e    00000002     --HOLE-- [fill = 0]
                  70010390    0000007c     nortos.am64x.r5f.ti-arm-clang.debug.lib : DebugP_log.obj (.text._DebugP_assert)
                  7001040c    00000004     --HOLE-- [fill = 0]
                  70010410    0000007a     drivers.am64x.r5f.ti-arm-clang.debug.lib : uart_v0.obj (.text.UART_Params_init)
                  7001048a    00000006     --HOLE-- [fill = 0]
                  70010490    00000076                                              : csl_bcdma.obj (.text.CSL_bcdmaChanOpClearError)
                  70010506    0000000a     --HOLE-- [fill = 0]
                  70010510    00000076                                              : csl_bcdma.obj (.text.CSL_bcdmaDoChanOp)
                  70010586    0000000a     --HOLE-- [fill = 0]
                  70010590    00000076                                              : udma_ch.obj (.text.Udma_chGetCqRingHandle)
                  70010606    0000000a     --HOLE-- [fill = 0]
                  70010610    00000076                                              : udma_ch.obj (.text.Udma_chGetFqRingHandle)
                  70010686    0000000a     --HOLE-- [fill = 0]
                  70010690    00000074                                              : udma_ch.obj (.text.Udma_chEnable)
                  70010704    0000000c     --HOLE-- [fill = 0]
                  70010710    00000072                                              : csl_bcdma.obj (.text.CSL_bcdmaChanOpTriggerChan)
                  70010782    0000000e     --HOLE-- [fill = 0]
                  70010790    00000072     nortos.am64x.r5f.ti-arm-clang.debug.lib : ClockP_nortos.obj (.text.ClockP_usleep)
                  70010802    0000000e     --HOLE-- [fill = 0]
                  70010810    00000070     drivers.am64x.r5f.ti-arm-clang.debug.lib : bootloader.obj (.text.Bootloader_open)
                  70010880    00000070                                              : csl_intaggr.obj (.text.CSL_intaggrClrIntr)
                  700108f0    00000070     nortos.am64x.r5f.ti-arm-clang.debug.lib : ClockP_nortos.obj (.text.ClockP_construct)
                  70010960    00000070     drivers.am64x.r5f.ti-arm-clang.debug.lib : sciclient_rm.obj (.text.Sciclient_rmGetResourceRange)
                  700109d0    00000070                                              : udma_rm.obj (.text.Udma_rmFreeMappedRxCh)
                  70010a40    00000070                                              : udma_rm.obj (.text.Udma_rmFreeMappedTxCh)
                  70010ab0    0000006e                                              : bootloader_soc.obj (.text.Bootloader_socCpuPowerOnResetA53)
                  70010b1e    00000002     --HOLE-- [fill = 0]
                  70010b20    0000006e                                              : bootloader_soc.obj (.text.Bootloader_socGetR5fBtcmAddrAndSize)
                  70010b8e    00000002     --HOLE-- [fill = 0]
                  70010b90    0000006e                                              : lpddr4_16bit.obj (.text.LPDDR4_EnablePIInitiator)
                  70010bfe    00000002     --HOLE-- [fill = 0]
                  70010c00    0000006e                                              : sciclient_rm_irq.obj (.text.Sciclient_rmIaVintGetInfo)
                  70010c6e    00000002     --HOLE-- [fill = 0]
                  70010c70    0000006c                                              : bootloader.obj (.text.Bootloader_bootSelfCpu)
                  70010cdc    00000004     --HOLE-- [fill = 0]
                  70010ce0    0000006c                                              : bootloader_soc.obj (.text.Bootloader_socGetR5fAtcmAddrAndSize)
                  70010d4c    00000004     --HOLE-- [fill = 0]
                  70010d50    0000006c                                              : ddr_soc.obj (.text.DDR_socEnableVttRegulator)
                  70010dbc    00000004     --HOLE-- [fill = 0]
                  70010dc0    0000006c                                              : udma_ch.obj (.text.UdmaChPrms_init)
                  70010e2c    00000004     --HOLE-- [fill = 0]
                  70010e30    0000006a                                              : lpddr4.obj (.text.LPDDR4_WriteCtlConfig)
                  70010e9a    00000006     --HOLE-- [fill = 0]
                  70010ea0    0000006a                                              : lpddr4.obj (.text.LPDDR4_WritePhyConfig)
                  70010f0a    00000006     --HOLE-- [fill = 0]
                  70010f10    0000006a                                              : lpddr4.obj (.text.LPDDR4_WritePhyIndepConfig)
                  70010f7a    00000006     --HOLE-- [fill = 0]
                  70010f80    0000006a                                              : pinmux.obj (.text.Pinmux_lockMMR)
                  70010fea    00000006     --HOLE-- [fill = 0]
                  70010ff0    00000068                                              : bootloader.obj (.text.Bootloader_loadCpu)
                  70011058    00000008     --HOLE-- [fill = 0]
                  70011060    00000068                                              : bootloader_soc.obj (.text.Bootloader_socCpuRelease)
                  700110c8    00000008     --HOLE-- [fill = 0]
                  700110d0    00000068                                              : sciclient_rm_irq.obj (.text.Sciclient_rmIrqCfgIsDirectEvent)
                  70011138    00000008     --HOLE-- [fill = 0]
                  70011140    00000068                                              : sciclient_rm_irq.obj (.text.Sciclient_rmIrqCfgIsDirectNonEvent)
                  700111a8    00000008     --HOLE-- [fill = 0]
                  700111b0    00000068                                              : sciclient_rm_irq.obj (.text.Sciclient_rmIrqCfgIsEventToVintMappingOnly)
                  70011218    00000008     --HOLE-- [fill = 0]
                  70011220    00000068                                              : sciclient_rm_irq.obj (.text.Sciclient_rmIrqCfgIsOesOnly)
                  70011288    00000008     --HOLE-- [fill = 0]
                  70011290    00000068                                              : sciclient_rm_irq.obj (.text.Sciclient_rmIrqCfgIsUnmappedVintDirectEvent)
                  700112f8    00000008     --HOLE-- [fill = 0]
                  70011300    00000068                                              : uart_v0_lld.obj (.text.UART_divisorValCompute)
                  70011368    00000008     --HOLE-- [fill = 0]
                  70011370    00000066                                              : bootloader_soc.obj (.text.Bootloader_socCpuRequest)
                  700113d6    0000000a     --HOLE-- [fill = 0]
                  700113e0    00000066                                              : bootloader_soc.obj (.text.Bootloader_socInitR5FAtcmBtcm)
                  70011446    0000000a     --HOLE-- [fill = 0]
                  70011450    00000066                                              : uart_dma_udma.obj (.text.CSL_udmapCppi5SetIds)
                  700114b6    0000000a     --HOLE-- [fill = 0]
                  700114c0    00000066                                              : sciclient_pm.obj (.text.Sciclient_pmSetModuleRst_flags)
                  70011526    0000000a     --HOLE-- [fill = 0]
                  70011530    00000064                                              : sciclient_procboot.obj (.text.Sciclient_procBootGetProcessorState)
                  70011594    0000000c     --HOLE-- [fill = 0]
                  700115a0    00000064                                              : sciclient_rm_irq.obj (.text.Sciclient_rmIrGetInst)
                  70011604    0000000c     --HOLE-- [fill = 0]
                  70011610    00000064                                              : uart_v0_lld.obj (.text.UART_fifoRegisterWrite)
                  70011674    0000000c     --HOLE-- [fill = 0]
                  70011680    00000064                                              : uart_v0_lld.obj (.text.UART_lld_deInitDma)
                  700116e4    0000000c     --HOLE-- [fill = 0]
                  700116f0    00000064                                              : udma_rm.obj (.text.Udma_rmFreeEvent)
                  70011754    0000000c     --HOLE-- [fill = 0]
                  70011760    00000064                                              : udma_rm.obj (.text.Udma_rmFreeIrIntr)
                  700117c4    0000000c     --HOLE-- [fill = 0]
                  700117d0    00000064                                              : udma_rm.obj (.text.Udma_rmFreeVintr)
                  70011834    0000000c     --HOLE-- [fill = 0]
                  70011840    00000062                                              : ddr.obj (.text.DDR_probe)
                  700118a2    0000000e     --HOLE-- [fill = 0]
                  700118b0    00000062                                              : udma_event.obj (.text.UdmaEventPrms_init)
                  70011912    0000000e     --HOLE-- [fill = 0]
                  70011920    00000062                                              : udma_rm.obj (.text.Udma_rmFreeBlkCopyCh)
                  70011982    0000000e     --HOLE-- [fill = 0]
                  70011990    00000062                                              : udma_rm.obj (.text.Udma_rmFreeBlkCopyHcCh)
                  700119f2    0000000e     --HOLE-- [fill = 0]
                  70011a00    00000062                                              : udma_rm.obj (.text.Udma_rmFreeBlkCopyUhcCh)
                  70011a62    0000000e     --HOLE-- [fill = 0]
                  70011a70    00000062                                              : udma_rm.obj (.text.Udma_rmFreeRxCh)
                  70011ad2    0000000e     --HOLE-- [fill = 0]
                  70011ae0    00000062                                              : udma_rm.obj (.text.Udma_rmFreeRxHcCh)
                  70011b42    0000000e     --HOLE-- [fill = 0]
                  70011b50    00000062                                              : udma_rm.obj (.text.Udma_rmFreeRxUhcCh)
                  70011bb2    0000000e     --HOLE-- [fill = 0]
                  70011bc0    00000062                                              : udma_rm.obj (.text.Udma_rmFreeTxCh)
                  70011c22    0000000e     --HOLE-- [fill = 0]
                  70011c30    00000062                                              : udma_rm.obj (.text.Udma_rmFreeTxHcCh)
                  70011c92    0000000e     --HOLE-- [fill = 0]
                  70011ca0    00000062                                              : udma_rm.obj (.text.Udma_rmFreeTxUhcCh)
                  70011d02    0000000e     --HOLE-- [fill = 0]
                  70011d10    00000060                                              : uart_v0_lld.obj (.text.UART_getChar)
                  70011d70    00000060                                              : uart_v0_lld.obj (.text.UART_writeData)
                  70011dd0    00000060                                              : udma_utils.obj (.text.Udma_virtToPhyFxn)
                  70011e30    0000005e                                              : lpddr4.obj (.text.LPDDR4_PollAndAckIrq)
                  70011e8e    00000002     --HOLE-- [fill = 0]
                  70011e90    0000005e                                              : sciclient_pm.obj (.text.Sciclient_pmSetModuleRst)
                  70011eee    00000002     --HOLE-- [fill = 0]
                  70011ef0    0000005e                                              : sciclient_procboot.obj (.text.Sciclient_procBootRequestProcessor)
                  70011f4e    00000002     --HOLE-- [fill = 0]
                  70011f50    0000005e     nortos.am64x.r5f.ti-arm-clang.debug.lib : SemaphoreP_nortos.obj (.text.SemaphoreP_post)
                  70011fae    00000002     --HOLE-- [fill = 0]
                  70011fb0    0000005c     drivers.am64x.r5f.ti-arm-clang.debug.lib : lpddr4.obj (.text.LPDDR4_CheckPhyIndepInterrupt)
                  7001200c    00000004     --HOLE-- [fill = 0]
                  70012010    0000005c                                              : lpddr4.obj (.text.LPDDR4_SanityFunction4)
                  7001206c    00000004     --HOLE-- [fill = 0]
                  70012070    0000005c     ti_power_clock_config.obj (.text.Module_clockSetFrequency)
                  700120cc    00000004     --HOLE-- [fill = 0]
                  700120d0    0000005c     drivers.am64x.r5f.ti-arm-clang.debug.lib : sciclient_rm_irq.obj (.text.Sciclient_rmIaGetInst)
                  7001212c    00000004     --HOLE-- [fill = 0]
                  70012130    0000005c                                              : sciclient_rm_irq.obj (.text.Sciclient_rmPsPush)
                  7001218c    00000004     --HOLE-- [fill = 0]
                  70012190    0000005c                                              : sciclient.obj (.text.Sciclient_triggerSecHandover)
                  700121ec    00000004     --HOLE-- [fill = 0]
                  700121f0    0000005c                                              : uart_v0_lld.obj (.text.UART_lld_deInit)
                  7001224c    00000004     --HOLE-- [fill = 0]
                  70012250    0000005c                                              : uart_v0.obj (.text.UART_lld_writeCompleteCallback)
                  700122ac    00000004     --HOLE-- [fill = 0]
                  700122b0    0000005a                                              : sciclient_rm_irq.obj (.text.Sciclient_rmIaValidateGlobalEvt)
                  7001230a    00000006     --HOLE-- [fill = 0]
                  70012310    0000005a                                              : uart_v0.obj (.text.UART_lld_readCompleteCallback)
                  7001236a    00000006     --HOLE-- [fill = 0]
                  70012370    0000005a                                              : uart_v0_lld.obj (.text.UART_regConfigModeEnable)
                  700123ca    00000006     --HOLE-- [fill = 0]
                  700123d0    00000058                                              : bootloader_soc.obj (.text.Bootloader_socEnableICSSCores)
                  70012428    00000008     --HOLE-- [fill = 0]
                  70012430    00000058                                              : sciclient_firewall.obj (.text.Sciclient_firewallChangeOwnerInfo)
                  70012488    00000008     --HOLE-- [fill = 0]
                  70012490    00000058                                              : sciclient_firewall.obj (.text.Sciclient_firewallSetRegion)
                  700124e8    00000008     --HOLE-- [fill = 0]
                  700124f0    00000058                                              : sciclient_rm.obj (.text.Sciclient_rmIrqSetRaw)
                  70012548    00000008     --HOLE-- [fill = 0]
                  70012550    00000058                                              : sciclient_rm_irq.obj (.text.Sciclient_rmIrqUnmappedVintRouteDelete)
                  700125a8    00000008     --HOLE-- [fill = 0]
                  700125b0    00000058                                              : sciclient_rm.obj (.text.Sciclient_rmRingCfg)
                  70012608    00000008     --HOLE-- [fill = 0]
                  70012610    00000058                                              : sciclient_rm.obj (.text.Sciclient_rmUdmapFlowCfg)
                  70012668    00000008     --HOLE-- [fill = 0]
                  70012670    00000058                                              : sciclient_rm.obj (.text.Sciclient_rmUdmapFlowSizeThreshCfg)
                  700126c8    00000008     --HOLE-- [fill = 0]
                  700126d0    00000058                                              : sciclient_rm.obj (.text.Sciclient_rmUdmapRxChCfg)
                  70012728    00000008     --HOLE-- [fill = 0]
                  70012730    00000058                                              : sciclient_rm.obj (.text.Sciclient_rmUdmapTxChCfg)
                  70012788    00000058     libc.a : autoinit.c.obj (.text:__TI_auto_init_nobinit_nopinit)
                  700127e0    00000056     drivers.am64x.r5f.ti-arm-clang.debug.lib : bootloader.obj (.text.Bootloader_BootImageInfo_init)
                  70012836    0000000a     --HOLE-- [fill = 0]
                  70012840    00000056                                              : sciclient_rm.obj (.text.Sciclient_rmIrqReleaseRaw)
                  70012896    0000000a     --HOLE-- [fill = 0]
                  700128a0    00000056                                              : sciclient_rm.obj (.text.Sciclient_rmPsilPair)
                  700128f6    0000000a     --HOLE-- [fill = 0]
                  70012900    00000056                                              : sciclient_rm.obj (.text.Sciclient_rmPsilUnpair)
                  70012956    0000000a     --HOLE-- [fill = 0]
                  70012960    00000056                                              : udma_ch.obj (.text.Udma_chSetPeerReg)
                  700129b6    0000000a     --HOLE-- [fill = 0]
                  700129c0    00000056                                              : udma_event.obj (.text.Udma_eventGetGlobalHandle)
                  70012a16    0000000a     --HOLE-- [fill = 0]
                  70012a20    00000054                                              : csl_pktdma.obj (.text.CSL_pktdmaIsValidChanIdx)
                  70012a74    0000000c     --HOLE-- [fill = 0]
                  70012a80    00000054                                              : sciclient_procboot.obj (.text.Sciclient_procBootSetProcessorCfg)
                  70012ad4    0000000c     --HOLE-- [fill = 0]
                  70012ae0    00000054                                              : sciclient_rm_irq.obj (.text.Sciclient_rmUnmappedVintRouteCreate)
                  70012b34    0000000c     --HOLE-- [fill = 0]
                  70012b40    00000054                                              : uart_v0_lld.obj (.text.UART_OperModeValid)
                  70012b94    0000000c     --HOLE-- [fill = 0]
                  70012ba0    00000054                                              : udma_ring_common.obj (.text.UdmaRingPrms_init)
                  70012bf4    0000000c     --HOLE-- [fill = 0]
                  70012c00    00000052                                              : lpddr4.obj (.text.LPDDR4_AckPhyIndepInterrupt)
                  70012c52    0000000e     --HOLE-- [fill = 0]
                  70012c60    00000052                                              : soc.obj (.text.SOC_controlModuleLockMMR)
                  70012cb2    0000000e     --HOLE-- [fill = 0]
                  70012cc0    00000052     nortos.am64x.r5f.ti-arm-clang.debug.lib : SemaphoreP_nortos.obj (.text.SemaphoreP_construct)
                  70012d12    0000000e     --HOLE-- [fill = 0]
                  70012d20    00000052     drivers.am64x.r5f.ti-arm-clang.debug.lib : udma_ch.obj (.text.Udma_chInitRegs)
                  70012d72    0000000e     --HOLE-- [fill = 0]
                  70012d80    00000050                                              : bootloader_soc.obj (.text.Bootloader_socCpuPowerOnReset)
                  70012dd0    00000050     ti_drivers_open_close.obj (.text.Drivers_uartClose)
                  70012e20    00000050     drivers.am64x.r5f.ti-arm-clang.debug.lib : uart_v0_lld.obj (.text.UART_checkCharsAvailInFifo)
                  70012e70    0000004e                                              : csl_pktdma.obj (.text.CSL_pktdmaIsChanEnabled)
                  70012ebe    00000002     --HOLE-- [fill = 0]
                  70012ec0    0000004e                                              : uart_v0.obj (.text.UART_getHandle)
                  70012f0e    00000002     --HOLE-- [fill = 0]
                  70012f10    0000004c                                              : lpddr4.obj (.text.LPDDR4_SanityFunction5)
                  70012f5c    00000004     --HOLE-- [fill = 0]
                  70012f60    0000004c     ti_power_clock_config.obj (.text.Module_clockDisable)
                  70012fac    00000004     --HOLE-- [fill = 0]
                  70012fb0    0000004c     ti_power_clock_config.obj (.text.Module_clockEnable)
                  70012ffc    00000004     --HOLE-- [fill = 0]
                  70013000    0000004c     drivers.am64x.r5f.ti-arm-clang.debug.lib : sciclient_rm_irq.obj (.text.Sciclient_rmPsSetInp)
                  7001304c    00000004     --HOLE-- [fill = 0]
                  70013050    0000004c                                              : sciclient_rm_irq.obj (.text.Sciclient_rmPsSetOutp)
                  7001309c    00000004     --HOLE-- [fill = 0]
                  700130a0    0000004c                                              : udma_event.obj (.text.Udma_eventGetId)
                  700130ec    00000004     --HOLE-- [fill = 0]
                  700130f0    0000004a                                              : csl_pktdma.obj (.text.CSL_pktdmaGetRxRT)
                  7001313a    00000006     --HOLE-- [fill = 0]
                  70013140    0000004a                                              : csl_pktdma.obj (.text.CSL_pktdmaGetTxRT)
                  7001318a    00000006     --HOLE-- [fill = 0]
                  70013190    0000004a     ti_dpl_config.obj (.text.Dpl_init)
                  700131da    00000006     --HOLE-- [fill = 0]
                  700131e0    0000004a     drivers.am64x.r5f.ti-arm-clang.debug.lib : sciclient_soc_priv.obj (.text.Sciclient_getDevId)
                  7001322a    00000006     --HOLE-- [fill = 0]
                  70013230    0000004a                                              : uart_v0_lld.obj (.text.UART_getIntrIdentityStatus)
                  7001327a    00000006     --HOLE-- [fill = 0]
                  70013280    0000004a                                              : uart_v0_lld.obj (.text.UART_lineCharConfig)
                  700132ca    00000006     --HOLE-- [fill = 0]
                  700132d0    0000004a                                              : uart_dma_udma.obj (.text.UART_lld_dmaInit)
                  7001331a    00000006     --HOLE-- [fill = 0]
                  70013320    00000048                                              : lpddr4.obj (.text.LPDDR4_Init)
                  70013368    00000008     --HOLE-- [fill = 0]
                  70013370    00000048                                              : uart_v0_lld.obj (.text.UART_resetModule)
                  700133b8    00000008     --HOLE-- [fill = 0]
                  700133c0    00000046                                              : bootloader_soc.obj (.text.Bootloader_socGetCoreVariant)
                  70013406    0000000a     --HOLE-- [fill = 0]
                  70013410    00000046                                              : bootloader_soc.obj (.text.Bootloader_socIsR5FSSDual)
                  70013456    0000000a     --HOLE-- [fill = 0]
                  70013460    00000046                                              : csl_bcdma.obj (.text.CSL_bcdmaTeardownRxChan)
                  700134a6    0000000a     --HOLE-- [fill = 0]
                  700134b0    00000046                                              : csl_bcdma.obj (.text.CSL_bcdmaTeardownTxChan)
                  700134f6    0000000a     --HOLE-- [fill = 0]
                  70013500    00000046     nortos.am64x.r5f.ti-arm-clang.debug.lib : DebugP_uartLogWriter.obj (.text.DebugP_uartLogWriterPutChar)
                  70013546    0000000a     --HOLE-- [fill = 0]
                  70013550    00000046     drivers.am64x.r5f.ti-arm-clang.debug.lib : soc.obj (.text.SOC_getWarmResetCauseMcuDomain)
                  70013596    0000000a     --HOLE-- [fill = 0]
                  700135a0    00000046                                              : uart_v0_lld.obj (.text.UART_readLineStatus)
                  700135e6    0000000a     --HOLE-- [fill = 0]
                  700135f0    00000044                                              : csl_bcdma.obj (.text.CSL_bcdmaGetChanPeerReg)
                  70013634    0000000c     --HOLE-- [fill = 0]
                  70013640    00000044                                              : ddr.obj (.text.DDR_setFreq)
                  70013684    0000000c     --HOLE-- [fill = 0]
                  70013690    00000044                                              : soc.obj (.text.SOC_generateSwWarmResetMcuDomain)
                  700136d4    0000000c     --HOLE-- [fill = 0]
                  700136e0    00000044     nortos.am64x.r5f.ti-arm-clang.debug.lib : DebugP_nortos.obj (.text._DebugP_logZone)
                  70013724    0000000c     --HOLE-- [fill = 0]
                  70013730    00000044                                             : printf.obj (.text._strnlen_s)
                  70013774    0000000c     --HOLE-- [fill = 0]
                  70013780    00000042     drivers.am64x.r5f.ti-arm-clang.debug.lib : uart_dma_udma.obj (.text.CSL_udmapCppi5SetPktLen)
                  700137c2    0000000e     --HOLE-- [fill = 0]
                  700137d0    00000042     nortos.am64x.r5f.ti-arm-clang.debug.lib : ClockP_nortos.obj (.text.ClockP_start)
                  70013812    0000000e     --HOLE-- [fill = 0]
                  70013820    00000042     drivers.am64x.r5f.ti-arm-clang.debug.lib : sciclient_rm_irq.obj (.text.Sciclient_rmIrqGetNodeItf)
                  70013862    0000000e     --HOLE-- [fill = 0]
                  70013870    00000042                                              : uart_v0.obj (.text.UART_checkOpenParams)
                  700138b2    0000000e     --HOLE-- [fill = 0]
                  700138c0    00000042                                              : udma_utils.obj (.text.UdmaUtils_getRingMemSize)
                  70013902    0000000e     --HOLE-- [fill = 0]
                  70013910    00000040                                              : csl_lcdma_ringacc.obj (.text.CSL_lcdma_ringaccIsTeardownComplete)
                  70013950    00000040                                              : sciclient_rm_irq.obj (.text.Sciclient_rmIrqProgramOesRegister)
                  70013990    00000040                                              : sciclient_rm_irq.obj (.text.Sciclient_rmPsGetIfIdx)
                  700139d0    00000040                                              : sciclient_rm_irq.obj (.text.Sciclient_rmPsGetInp)
                  70013a10    00000040                                              : sciclient_rm_irq.obj (.text.Sciclient_rmPsGetOutp)
                  70013a50    0000003e                                              : bootloader_soc.obj (.text.Bootloader_enableMCUPLL)
                  70013a8e    00000002     --HOLE-- [fill = 0]
                  70013a90    0000003e                                              : csl_emif.obj (.text.CSL_emifDisableECC)
                  70013ace    00000002     --HOLE-- [fill = 0]
                  70013ad0    0000003e                                              : csl_emif.obj (.text.CSL_emifEnableECC)
                  70013b0e    00000002     --HOLE-- [fill = 0]
                  70013b10    0000003e                                              : ddr.obj (.text.DDR_isEnabled)
                  70013b4e    00000002     --HOLE-- [fill = 0]
                  70013b50    0000003e                                              : soc.obj (.text.SOC_clearResetCauseMainMcuDomain)
                  70013b8e    00000002     --HOLE-- [fill = 0]
                  70013b90    0000003e                                              : sciclient.obj (.text.Sciclient_secProxyWaitThread)
                  70013bce    00000002     --HOLE-- [fill = 0]
                  70013bd0    0000003e                                              : uart_v0_lld.obj (.text.UART_IsHWFlowCtrlValid)
                  70013c0e    00000002     --HOLE-- [fill = 0]
                  70013c10    0000003e                                              : uart_v0_lld.obj (.text.UART_IsRxTrigLvlValid)
                  70013c4e    00000002     --HOLE-- [fill = 0]
                  70013c50    0000003e                                              : uart_v0_lld.obj (.text.UART_IsTxTrigLvlValid)
                  70013c8e    00000002     --HOLE-- [fill = 0]
                  70013c90    0000003e                                              : uart_v0_lld.obj (.text.UART_i2310WA)
                  70013cce    00000002     --HOLE-- [fill = 0]
                  70013cd0    0000003e                                              : uart_v0_lld.obj (.text.UART_spaceAvail)
                  70013d0e    00000002     --HOLE-- [fill = 0]
                  70013d10    0000003c                                              : csl_bcdma.obj (.text.CSL_bcdmaSetChanPeerReg)
                  70013d4c    00000004     --HOLE-- [fill = 0]
                  70013d50    0000003c                                              : csl_intaggr.obj (.text.CSL_intaggrIsValidStatusBitNum)
                  70013d8c    00000004     --HOLE-- [fill = 0]
                  70013d90    0000003c                                              : csl_pktdma.obj (.text.CSL_pktdmaSetRxRT)
                  70013dcc    00000004     --HOLE-- [fill = 0]
                  70013dd0    0000003c                                              : csl_pktdma.obj (.text.CSL_pktdmaSetTxRT)
                  70013e0c    00000004     --HOLE-- [fill = 0]
                  70013e10    0000003c                                              : sciclient_rm_irq.obj (.text.Sciclient_rmIrqClearOesRegister)
                  70013e4c    00000004     --HOLE-- [fill = 0]
                  70013e50    0000003c     ti_drivers_config.obj (.text.System_init)
                  70013e8c    00000004     --HOLE-- [fill = 0]
                  70013e90    0000003c     drivers.am64x.r5f.ti-arm-clang.debug.lib : uart_v0_lld.obj (.text.UART_IsParityTypeValid)
                  70013ecc    00000004     --HOLE-- [fill = 0]
                  70013ed0    0000003c                                              : uart_v0_lld.obj (.text.UART_IsTxRxFifoEmpty)
                  70013f0c    00000004     --HOLE-- [fill = 0]
                  70013f10    0000003c                                              : uart_v0_lld.obj (.text.UART_enhanFuncEnable)
                  70013f4c    00000004     --HOLE-- [fill = 0]
                  70013f50    0000003c                                              : uart_dma_udma.obj (.text.UART_lld_dmaDeInit)
                  70013f8c    00000004     --HOLE-- [fill = 0]
                  70013f90    0000003a                                              : bootloader.obj (.text.Bootloader_rprcImageParseEntryPoint)
                  70013fca    00000006     --HOLE-- [fill = 0]
                  70013fd0    0000003a                                              : bootloader_soc.obj (.text.Bootloader_socIsMCUResetIsoEnabled)
                  7001400a    00000006     --HOLE-- [fill = 0]
                  70014010    0000003a                                              : lpddr4.obj (.text.LPDDR4_SanityFunction2)
                  7001404a    00000006     --HOLE-- [fill = 0]
                  70014050    0000003a     nortos.am64x.r5f.ti-arm-clang.debug.lib : printf.obj (.text._atoi)
                  7001408a    00000006     --HOLE-- [fill = 0]
                  70014090    00000038     drivers.am64x.r5f.ti-arm-clang.debug.lib : csl_bcdma.obj (.text.CSL_REG32_FINS_RAW)
                  700140c8    00000008     --HOLE-- [fill = 0]
                  700140d0    00000038                                              : soc.obj (.text.CSL_REG32_FINS_RAW)
                  70014108    00000008     --HOLE-- [fill = 0]
                  70014110    00000038                                              : bootloader_mem.obj (.text.Mem_imgRead)
                  70014148    00000008     --HOLE-- [fill = 0]
                  70014150    00000038                                              : sciclient.obj (.text.Sciclient_secProxyFlush)
                  70014188    00000008     --HOLE-- [fill = 0]
                  70014190    00000038                                              : uart_v0_lld.obj (.text.UART_writeDataPolling)
                  700141c8    00000008     --HOLE-- [fill = 0]
                  700141d0    00000036                                              : bootloader_mem.obj (.text.Mem_imgOpen)
                  70014206    0000000a     --HOLE-- [fill = 0]
                  70014210    00000034                                              : bootloader.obj (.text.Bootloader_close)
                  70014244    0000000c     --HOLE-- [fill = 0]
                  70014250    00000034                                              : bootloader_soc.obj (.text.Bootloader_socGetSciclientCpuClkId)
                  70014284    0000000c     --HOLE-- [fill = 0]
                  70014290    00000034                                              : bootloader_soc.obj (.text.Bootloader_socGetSciclientCpuDevId)
                  700142c4    0000000c     --HOLE-- [fill = 0]
                  700142d0    00000034                                              : csl_pktdma.obj (.text.CSL_pktdmaTeardownRxChan)
                  70014304    0000000c     --HOLE-- [fill = 0]
                  70014310    00000034                                              : csl_pktdma.obj (.text.CSL_pktdmaTeardownTxChan)
                  70014344    0000000c     --HOLE-- [fill = 0]
                  70014350    00000034                                              : lpddr4.obj (.text.LPDDR4_SanityFunction1)
                  70014384    0000000c     --HOLE-- [fill = 0]
                  70014390    00000034     nortos.am64x.r5f.ti-arm-clang.debug.lib : TimerP.obj (.text.TimerP_Params_init)
                  700143c4    0000000c     --HOLE-- [fill = 0]
                  700143d0    00000034     drivers.am64x.r5f.ti-arm-clang.debug.lib : uart_v0_lld.obj (.text.UART_IsDataLengthValid)
                  70014404    0000000c     --HOLE-- [fill = 0]
                  70014410    00000034                                              : uart_v0_lld.obj (.text.UART_checkTransaction)
                  70014444    0000000c     --HOLE-- [fill = 0]
                  70014450    00000032                                              : bootloader_soc.obj (.text.Bootloader_socGetSciclientCpuProcId)
                  70014482    0000000e     --HOLE-- [fill = 0]
                  70014490    00000032                                              : bootloader_soc.obj (.text.Bootloader_socMemInitCpu)
                  700144c2    0000000e     --HOLE-- [fill = 0]
                  700144d0    00000032                                              : uart_v0_lld.obj (.text.HW_WR_FIELD32_RAW)
                  70014502    0000000e     --HOLE-- [fill = 0]
                  70014510    00000032                                              : uart_v0_lld.obj (.text.UART_enhanFuncBitValRestore)
                  70014542    0000000e     --HOLE-- [fill = 0]
                  70014550    00000032                                              : uart_v0_lld.obj (.text.UART_hardwareFlowCtrlOptSet)
                  70014582    0000000e     --HOLE-- [fill = 0]
                  70014590    00000030                                              : bootloader.obj (.text.Bootloader_runSelfCpu)
                  700145c0    00000030                                              : csl_emif.obj (.text.CSL_emifConfig)
                  700145f0    00000030                                              : csl_pktdma.obj (.text.CSL_pktdmaGetChanPeerReg)
                  70014620    00000030                                              : csl_pktdma.obj (.text.CSL_pktdmaSetChanPeerReg)
                  70014650    00000030                                              : lpddr4.obj (.text.LPDDR4_Start)
                  70014680    00000030                                              : uart_v0_lld.obj (.text.UART_flowCtrlTrigLvlConfig)
                  700146b0    0000002e                                              : bootloader.obj (.text.Bootloader_bootCpu)
                  700146de    00000002     --HOLE-- [fill = 0]
                  700146e0    0000002e                                              : bootloader_soc.obj (.text.Bootloader_socCpuGetClkDefault)
[...]
70016ae1  CacheP_inv                                                                    
70016b21  MpuP_RegionAttrs_init                                                         
70016b51  MpuP_setRegion                                                                
70016c41  MpuP_isEnable                                                                 
70016c51  MpuP_disable                                                                  
70016c91  MpuP_enable                                                                   
70016cd1  MpuP_init                                                                     
70016d68  MpuP_disableAsm                                                               
70016d80  MpuP_disableBRAsm                                                             
70016d90  MpuP_enableAsm                                                                
70016da8  MpuP_enableBRAsm                                                              
70016db8  MpuP_isEnableAsm                                                              
70016dcc  MpuP_setRegionAsm                                                             
70016de0  _c_int00_sbl                                                                  
70016e04  _c_int00                                                                      
70016ee1  _DebugP_assertNoLog                                                           
70016f11  __mpu_init                                                                    
70016f20  DDRSS_phyReg                                                                  
70016f20  gUartDmaHandle                                                                
7001770c  DDRSS_ctlReg                                                                  
70017da8  DDRSS_phyIndepReg                                                             
7001830c  DDRSS_phyRegNum                                                               
70018702  DDRSS_ctlRegNum                                                               
70018a50  DDRSS_phyIndepRegNum                                                          
70018e34  gAddrTranslateInfo                                                            
70018ef8  vint_usage_count_DMASS0_INTAGGR_0                                             
70018fb0  gCoreBootInfo                                                                 
700190f4  gRmIrInstances                                                                
70019154  gUartParams                                                                   
700191ac  gBootloaderConfigNum                                                          
700191e8  gBootloaderConfig                                                             
70019210  gRmIaInstances                                                                
70019230  gSciclientSecProxyCfg                                                         
70019250  gClockConfig                                                                  
70019298  gSocModulesClockFrequency                                                     
700192b0  gBootloaderMemFxns                                                            
700192c4  gResMemSection                                                                
700192ec  gSocModules                                                                   
700192fc  gAddrTranslateConfig                                                          
70019308  gBootloaderSelfCpuList                                                        
70019314  gBootloader0Args                                                              
7001932c  gUartConfig                                                                   
70019334  gDebugLogZone                                                                 
70019338  gDebugP_uartDrvIndex                                                          
7001933c  gHwiConfig                                                                    
70019340  gUartConfigNum                                                                
70019344  gUartDmaChConfig                                                              
70019348  operatingMode                                                                 
70019350  gUdmaTxMappedChRingAttributes                                                 
70019488  gSciclientMap                                                                 
700195b4  gUdmaRxMappedChRingAttributes                                                 
70019650  tisci_if_TIMESYNC_EVENT_INTROUTER0                                            
700196b8  gCacheConfig                                                                  
700196c0  gMpuConfig                                                                    
700196cc  gMpuRegionConfig                                                              
70019780  gRmIrqTree                                                                    
70019828  gSOC_r5fVectors                                                               
70019a28  tisci_if_MAIN_GPIOMUX_INTROUTER0                                              
70019b58  tisci_if_DMASS0_INTAGGR_0                                                     
70019f98  tisci_if_MCU_MCU_GPIOMUX_INTROUTER0                                           
7001a0c8  tisci_if_CPTS0                                                                
7001a1fc  tisci_if_PRU_ICSSG0                                                           
7001a218  tisci_if_PRU_ICSSG1                                                           
7001a3d4  tisci_if_CMP_EVENT_INTROUTER0                                                 
7001a498  tisci_if_PCIE0                                                                
7001a594  tisci_if_CPSW0                                                                
7001a63a  CMP_EVENT_INTROUTER0_outp_0_15_to_GICSS0_spi_48_63                            
7001a642  CMP_EVENT_INTROUTER0_outp_16_23_to_R5FSS0_CORE0_intr_48_55                    
7001a64a  CMP_EVENT_INTROUTER0_outp_16_23_to_R5FSS0_CORE1_intr_48_55                    
7001a652  CMP_EVENT_INTROUTER0_outp_24_31_to_R5FSS1_CORE0_intr_48_55                    
7001a65a  CMP_EVENT_INTROUTER0_outp_24_31_to_R5FSS1_CORE1_intr_48_55                    
7001a662  CMP_EVENT_INTROUTER0_outp_32_39_to_DMASS0_INTAGGR_0_intaggr_levi_pend_0_7     
7001a66a  CPSW0_cpts_comp_0_0_to_CMP_EVENT_INTROUTER0_in_80_80                          
7001a672  CPSW0_cpts_genf0_1_1_to_TIMESYNC_EVENT_INTROUTER0_in_21_21                    
7001a67a  CPSW0_cpts_genf1_2_2_to_TIMESYNC_EVENT_INTROUTER0_in_22_22                    
7001a682  CPSW0_cpts_sync_3_3_to_TIMESYNC_EVENT_INTROUTER0_in_34_34                     
7001a68a  CPTS0_cpts_comp_0_0_to_CMP_EVENT_INTROUTER0_in_82_82                          
7001a692  CPTS0_cpts_genf0_1_1_to_TIMESYNC_EVENT_INTROUTER0_in_16_16                    
7001a69a  CPTS0_cpts_genf1_2_2_to_TIMESYNC_EVENT_INTROUTER0_in_17_17                    
7001a6a2  CPTS0_cpts_genf2_3_3_to_TIMESYNC_EVENT_INTROUTER0_in_18_18                    
7001a6aa  CPTS0_cpts_genf3_4_4_to_TIMESYNC_EVENT_INTROUTER0_in_19_19                    
7001a6b2  CPTS0_cpts_genf4_5_5_to_TIMESYNC_EVENT_INTROUTER0_in_20_20                    
7001a6ba  CPTS0_cpts_genf5_6_6_to_TIMESYNC_EVENT_INTROUTER0_in_24_24                    
7001a6c2  CPTS0_cpts_sync_7_7_to_TIMESYNC_EVENT_INTROUTER0_in_35_35                     
7001a6ca  DMASS0_INTAGGR_0_intaggr_vintr_pend_0_39_to_GICSS0_spi_64_103                 
7001a6d2  DMASS0_INTAGGR_0_intaggr_vintr_pend_120_127_to_R5FSS1_CORE0_intr_8_15         
7001a6da  DMASS0_INTAGGR_0_intaggr_vintr_pend_128_135_to_R5FSS1_CORE1_intr_8_15         
7001a6e2  DMASS0_INTAGGR_0_intaggr_vintr_pend_152_159_to_PRU_ICSSG0_pr1_slv_intr_16_23  
7001a6ea  DMASS0_INTAGGR_0_intaggr_vintr_pend_160_167_to_PRU_ICSSG1_pr1_slv_intr_16_23  
7001a6f2  DMASS0_INTAGGR_0_intaggr_vintr_pend_168_183_to_MCU_M4FSS0_CORE0_nvic_32_47    
7001a6fa  DMASS0_INTAGGR_0_intaggr_vintr_pend_40_71_to_R5FSS0_CORE0_intr_64_95          
7001a702  DMASS0_INTAGGR_0_intaggr_vintr_pend_40_71_to_R5FSS0_CORE1_intr_64_95          
7001a70a  DMASS0_INTAGGR_0_intaggr_vintr_pend_72_79_to_R5FSS0_CORE0_intr_8_15           
7001a712  DMASS0_INTAGGR_0_intaggr_vintr_pend_80_87_to_R5FSS0_CORE1_intr_8_15           
7001a71a  DMASS0_INTAGGR_0_intaggr_vintr_pend_88_119_to_R5FSS1_CORE0_intr_64_95         
7001a722  DMASS0_INTAGGR_0_intaggr_vintr_pend_88_119_to_R5FSS1_CORE1_intr_64_95         
7001a72a  EPWM0_epwm_synco_o_0_0_to_TIMESYNC_EVENT_INTROUTER0_in_39_39                  
7001a732  EPWM3_epwm_synco_o_0_0_to_TIMESYNC_EVENT_INTROUTER0_in_40_40                  
7001a73a  EPWM6_epwm_synco_o_0_0_to_TIMESYNC_EVENT_INTROUTER0_in_41_41                  
7001a742  GPIO0_gpio_0_89_to_MAIN_GPIOMUX_INTROUTER0_in_0_89                            
7001a74a  GPIO0_gpio_bank_90_98_to_MAIN_GPIOMUX_INTROUTER0_in_190_198                   
7001a752  GPIO1_gpio_0_89_to_MAIN_GPIOMUX_INTROUTER0_in_90_179                          
7001a75a  GPIO1_gpio_bank_90_98_to_MAIN_GPIOMUX_INTROUTER0_in_180_188                   
7001a762  GPMC0_gpmc_sdmareq_0_0_to_DMASS0_INTAGGR_0_intaggr_levi_pend_29_29            
7001a76a  GTC0_gtc_push_event_0_0_to_TIMESYNC_EVENT_INTROUTER0_in_36_36                 
7001a772  MAIN_GPIOMUX_INTROUTER0_outp_0_15_to_GICSS0_spi_32_47                         
7001a77a  MAIN_GPIOMUX_INTROUTER0_outp_0_15_to_R5FSS0_CORE0_intr_32_47                  
7001a782  MAIN_GPIOMUX_INTROUTER0_outp_0_15_to_R5FSS0_CORE1_intr_32_47                  
7001a78a  MAIN_GPIOMUX_INTROUTER0_outp_0_15_to_R5FSS1_CORE0_intr_32_47                  
7001a792  MAIN_GPIOMUX_INTROUTER0_outp_0_15_to_R5FSS1_CORE1_intr_32_47                  
7001a79a  MAIN_GPIOMUX_INTROUTER0_outp_16_17_to_DMASS0_INTAGGR_0_intaggr_levi_pend_24_25
7001a7a2  MAIN_GPIOMUX_INTROUTER0_outp_18_23_to_PRU_ICSSG0_pr1_iep0_cap_intr_req_4_9    
7001a7aa  MAIN_GPIOMUX_INTROUTER0_outp_18_23_to_PRU_ICSSG1_pr1_iep0_cap_intr_req_4_9    
7001a7b2  MAIN_GPIOMUX_INTROUTER0_outp_24_29_to_PRU_ICSSG0_pr1_iep1_cap_intr_req_10_15  
7001a7ba  MAIN_GPIOMUX_INTROUTER0_outp_24_29_to_PRU_ICSSG1_pr1_iep1_cap_intr_req_10_15  
7001a7c2  MAIN_GPIOMUX_INTROUTER0_outp_30_37_to_DMASS0_INTAGGR_0_intaggr_levi_pend_16_23
7001a7ca  MAIN_GPIOMUX_INTROUTER0_outp_38_45_to_PRU_ICSSG0_pr1_slv_intr_46_53           
7001a7d2  MAIN_GPIOMUX_INTROUTER0_outp_46_53_to_PRU_ICSSG1_pr1_slv_intr_46_53           
7001a7da  MCU_GPIO0_gpio_0_29_to_MCU_MCU_GPIOMUX_INTROUTER0_in_0_29                     
7001a7e2  MCU_GPIO0_gpio_bank_30_31_to_MCU_MCU_GPIOMUX_INTROUTER0_in_30_31              
7001a7ea  MCU_MCU_GPIOMUX_INTROUTER0_outp_0_3_to_GICSS0_spi_104_107                     
7001a7f2  MCU_MCU_GPIOMUX_INTROUTER0_outp_0_3_to_R5FSS0_CORE0_intr_104_107              
7001a7fa  MCU_MCU_GPIOMUX_INTROUTER0_outp_0_3_to_R5FSS0_CORE1_intr_104_107              
7001a802  MCU_MCU_GPIOMUX_INTROUTER0_outp_0_3_to_R5FSS1_CORE0_intr_104_107              
7001a80a  MCU_MCU_GPIOMUX_INTROUTER0_outp_0_3_to_R5FSS1_CORE1_intr_104_107              
7001a812  MCU_MCU_GPIOMUX_INTROUTER0_outp_4_7_to_MCU_M4FSS0_CORE0_nvic_0_3              
7001a81a  MCU_MCU_GPIOMUX_INTROUTER0_outp_8_11_to_MCU_ESM0_esm_pls_event0_88_91         
7001a822  MCU_MCU_GPIOMUX_INTROUTER0_outp_8_11_to_MCU_ESM0_esm_pls_event1_92_95         
7001a82a  MCU_MCU_GPIOMUX_INTROUTER0_outp_8_11_to_MCU_ESM0_esm_pls_event2_96_99         
7001a832  PCIE0_pcie_cpts_comp_0_0_to_CMP_EVENT_INTROUTER0_in_81_81                     
7001a83a  PCIE0_pcie_cpts_genf0_1_1_to_TIMESYNC_EVENT_INTROUTER0_in_23_23               
7001a842  PCIE0_pcie_cpts_hw1_push_2_2_to_TIMESYNC_EVENT_INTROUTER0_in_37_37            
7001a84a  PCIE0_pcie_cpts_sync_3_3_to_TIMESYNC_EVENT_INTROUTER0_in_33_33                
7001a852  PCIE0_pcie_ptm_valid_pulse_4_4_to_TIMESYNC_EVENT_INTROUTER0_in_38_38          
7001a85a  PRU_ICSSG0_pr1_edc0_sync0_out_0_0_to_TIMESYNC_EVENT_INTROUTER0_in_25_25       
7001a862  PRU_ICSSG0_pr1_edc0_sync1_out_1_1_to_TIMESYNC_EVENT_INTROUTER0_in_26_26       
7001a86a  PRU_ICSSG0_pr1_edc1_sync0_out_2_2_to_TIMESYNC_EVENT_INTROUTER0_in_27_27       
7001a872  PRU_ICSSG0_pr1_edc1_sync1_out_3_3_to_TIMESYNC_EVENT_INTROUTER0_in_28_28       
7001a87a  PRU_ICSSG0_pr1_host_intr_req_4_11_to_CMP_EVENT_INTROUTER0_in_0_7              
7001a882  PRU_ICSSG0_pr1_iep0_cmp_intr_req_12_27_to_CMP_EVENT_INTROUTER0_in_16_31       
7001a88a  PRU_ICSSG0_pr1_iep1_cmp_intr_req_28_43_to_CMP_EVENT_INTROUTER0_in_32_47       
7001a892  PRU_ICSSG1_pr1_edc0_sync0_out_0_0_to_TIMESYNC_EVENT_INTROUTER0_in_29_29       
7001a89a  PRU_ICSSG1_pr1_edc0_sync1_out_1_1_to_TIMESYNC_EVENT_INTROUTER0_in_30_30       
7001a8a2  PRU_ICSSG1_pr1_edc1_sync0_out_2_2_to_TIMESYNC_EVENT_INTROUTER0_in_31_31       
7001a8aa  PRU_ICSSG1_pr1_edc1_sync1_out_3_3_to_TIMESYNC_EVENT_INTROUTER0_in_32_32       
7001a8b2  PRU_ICSSG1_pr1_host_intr_req_4_11_to_CMP_EVENT_INTROUTER0_in_8_15             
7001a8ba  PRU_ICSSG1_pr1_iep0_cmp_intr_req_12_27_to_CMP_EVENT_INTROUTER0_in_48_63       
7001a8c2  PRU_ICSSG1_pr1_iep1_cmp_intr_req_28_43_to_CMP_EVENT_INTROUTER0_in_64_79       
7001a8ca  TIMER0_timer_pwm_0_0_to_TIMESYNC_EVENT_INTROUTER0_in_0_0                      
7001a8d2  TIMER1_timer_pwm_0_0_to_TIMESYNC_EVENT_INTROUTER0_in_1_1                      
7001a8da  TIMER2_timer_pwm_0_0_to_TIMESYNC_EVENT_INTROUTER0_in_2_2                      
7001a8e2  TIMER3_timer_pwm_0_0_to_TIMESYNC_EVENT_INTROUTER0_in_3_3                      
7001a8ea  TIMESYNC_EVENT_INTROUTER0_outl_0_7_to_DMASS0_INTAGGR_0_intaggr_levi_pend_8_15 
7001a8f2  TIMESYNC_EVENT_INTROUTER0_outl_10_10_to_PRU_ICSSG0_pr1_edc1_latch0_in_2_2     
7001a8fa  TIMESYNC_EVENT_INTROUTER0_outl_11_11_to_PRU_ICSSG0_pr1_edc1_latch1_in_3_3     
7001a902  TIMESYNC_EVENT_INTROUTER0_outl_12_12_to_PRU_ICSSG1_pr1_edc0_latch0_in_0_0     
7001a90a  TIMESYNC_EVENT_INTROUTER0_outl_13_13_to_PRU_ICSSG1_pr1_edc0_latch1_in_1_1     
7001a912  TIMESYNC_EVENT_INTROUTER0_outl_14_14_to_PRU_ICSSG1_pr1_edc1_latch0_in_2_2     
7001a91a  TIMESYNC_EVENT_INTROUTER0_outl_15_15_to_PRU_ICSSG1_pr1_edc1_latch1_in_3_3     
7001a922  TIMESYNC_EVENT_INTROUTER0_outl_16_16_to_CPTS0_cpts_hw1_push_0_0               
7001a92a  TIMESYNC_EVENT_INTROUTER0_outl_17_17_to_CPTS0_cpts_hw2_push_1_1               
7001a932  TIMESYNC_EVENT_INTROUTER0_outl_18_18_to_CPTS0_cpts_hw3_push_2_2               
7001a93a  TIMESYNC_EVENT_INTROUTER0_outl_19_19_to_CPTS0_cpts_hw4_push_3_3               
7001a942  TIMESYNC_EVENT_INTROUTER0_outl_20_20_to_CPTS0_cpts_hw5_push_4_4               
7001a94a  TIMESYNC_EVENT_INTROUTER0_outl_21_21_to_CPTS0_cpts_hw6_push_5_5               
7001a952  TIMESYNC_EVENT_INTROUTER0_outl_22_22_to_CPTS0_cpts_hw7_push_6_6               
7001a95a  TIMESYNC_EVENT_INTROUTER0_outl_23_23_to_CPTS0_cpts_hw8_push_7_7               
7001a962  TIMESYNC_EVENT_INTROUTER0_outl_29_29_to_PCIE0_pcie_cpts_hw2_push_0_0          
7001a96a  TIMESYNC_EVENT_INTROUTER0_outl_30_30_to_CPSW0_cpts_hw1_push_0_0               
7001a972  TIMESYNC_EVENT_INTROUTER0_outl_31_31_to_CPSW0_cpts_hw2_push_1_1               
7001a97a  TIMESYNC_EVENT_INTROUTER0_outl_32_32_to_CPSW0_cpts_hw3_push_2_2               
7001a982  TIMESYNC_EVENT_INTROUTER0_outl_33_33_to_CPSW0_cpts_hw4_push_3_3               
7001a98a  TIMESYNC_EVENT_INTROUTER0_outl_34_34_to_CPSW0_cpts_hw5_push_4_4               
7001a992  TIMESYNC_EVENT_INTROUTER0_outl_35_35_to_CPSW0_cpts_hw6_push_5_5               
7001a99a  TIMESYNC_EVENT_INTROUTER0_outl_36_36_to_CPSW0_cpts_hw7_push_6_6               
7001a9a2  TIMESYNC_EVENT_INTROUTER0_outl_37_37_to_CPSW0_cpts_hw8_push_7_7               
7001a9aa  TIMESYNC_EVENT_INTROUTER0_outl_8_8_to_PRU_ICSSG0_pr1_edc0_latch0_in_0_0       
7001a9b2  TIMESYNC_EVENT_INTROUTER0_outl_9_9_to_PRU_ICSSG0_pr1_edc0_latch1_in_1_1       
7001a9bc  tisci_if_GPIO0                                                                
7001a9c4  tisci_if_GPIO1                                                                
7001a9cc  tisci_if_MCU_GPIO0                                                            
7001aa94  gCacheL1dCacheLineSize                                                        
7001aa98  gCacheL1pCacheLineSize                                                        
7001aa9c  gRmIrqTreeCount                                                               
7001aaa8  tisci_if_EPWM0                                                                
7001aaac  tisci_if_EPWM3                                                                
7001aab0  tisci_if_EPWM6                                                                
7001aab4  tisci_if_GPMC0                                                                
7001aab8  tisci_if_GTC0                                                                 
7001aabc  tisci_if_TIMER0                                                               
7001aac0  tisci_if_TIMER1                                                               
7001aac4  tisci_if_TIMER2                                                               
7001aac8  tisci_if_TIMER3                                                               
70050000  __stack                                                                       
70050000  __start___llvm_prf_bits                                                       
70050000  __start___llvm_prf_cnts                                                       
70050000  __stop___llvm_prf_bits                                                        
70050000  __stop___llvm_prf_cnts                                                        
70054000  __BSS_START                                                                   
70054000  __STACK_END                                                                   
70054000  gHwiCtrl                                                                      
70055370  gClockCtrl                                                                    
700553f8  gUartHandle                                                                   
70055400  __BSS_END                                                                     
70055400  __IRQ_STACK_START                                                             
70056400  __FIQ_STACK_START                                                             
70056400  __IRQ_STACK_END                                                               
70056500  __FIQ_STACK_END                                                               
70056500  __SVC_STACK_START                                                             
70056600  __ABORT_STACK_START                                                           
70056600  __SVC_STACK_END                                                               
70056700  __ABORT_STACK_END                                                             
70056700  __UNDEFINED_STACK_START                                                       
70056800  __UNDEFINED_STACK_END                                                         
ffffffff  __TI_pprof_out_hndl                                                           
ffffffff  __TI_prof_data_size                                                           
ffffffff  __TI_prof_data_start                                                          
ffffffff  __binit__                                                                     
ffffffff  binit                                                                         
UNDEFED   __TI_CINIT_Base                                                               
UNDEFED   __TI_CINIT_Limit                                                              
UNDEFED   __TI_Handler_Table_Base                                                       
UNDEFED   __TI_Handler_Table_Limit                                                      
UNDEFED   _system_post_cinit                                                            

[612 symbols]
