******************************************************************************
            TI ARM Clang Linker Unix v3.2.0                    
******************************************************************************
>> Linked Wed Dec 13 15:00:14 2023

OUTPUT FILE NAME:   <ext_otp.debug.out>
ENTRY POINT SYMBOL: "_vectors"  address: 70000000


MEMORY CONFIGURATION

         name            origin    length      used     unused   attr    fill
----------------------  --------  ---------  --------  --------  ----  --------
  R5F_VECS              00000000   00000040  00000000  00000040  RWIX
  R5F_TCMA              00000040   00007fc0  00000000  00007fc0  RWIX
  R5F_TCMB0             41010000   00008000  00000000  00008000  RWIX
  MSRAM_VECS            70000000   00000100  00000040  000000c0  RWIX
  MSRAM_0               70000100   0004ff00  00016be8  00039318  RWIX
  MSRAM_1               70050000   00030000  00006958  000296a8  RWIX


SEGMENT ALLOCATION MAP

run origin  load origin   length   init length attrs members
----------  ----------- ---------- ----------- ----- -------
70000000    70000000    00000040   00000040    r-x
  70000000    70000000    00000040   00000040    r-x .vectors
70000100    70000100    000155c0   000155c0    r-x
  70000100    70000100    00014240   00014240    r-x .text
  70014340    70014340    00000ae0   00000ae0    r-x .text.hwi
  70014e20    70014e20    000004a0   000004a0    r-x .text.cache
  700152c0    700152c0    000002c0   000002c0    r-x .text.mpu
  70015580    70015580    00000140   00000140    r-x .text.boot
700156c0    700156c0    00000400   00000400    rw-
  700156c0    700156c0    00000400   00000400    rw- .data
70015ac0    70015ac0    00001228   00001228    r--
  70015ac0    70015ac0    00001228   00001228    r-- .rodata
70050000    70050000    00005558   00000000    rw-
  70050000    70050000    00004000   00000000    rw- .stack
  70054000    70054000    00001558   00000000    rw- .bss
70055558    70055558    00001400   00000000    r--
  70055558    70055558    00000100   00000000    r-- .irqstack
  70055658    70055658    00000100   00000000    r-- .fiqstack
  70055758    70055758    00001000   00000000    r-- .svcstack
  70056758    70056758    00000100   00000000    r-- .abortstack
  70056858    70056858    00000100   00000000    r-- .undefinedstack


SECTION ALLOCATION MAP

 output                                  attributes/
section   page    origin      length       input sections
--------  ----  ----------  ----------   ----------------
.vectors   0    70000000    00000040     
                  70000000    00000040     nortos.am64x.r5f.ti-arm-clang.debug.lib : HwiP_armv7r_vectors_nortos_asm.obj (.vectors)

.text      0    70000100    00014240     
                  70000100    00000a34     nortos.am64x.r5f.ti-arm-clang.debug.lib : printf.obj (.text._vsnprintf)
                  70000b34    0000000c     libclang_rt.builtins.a : aeabi_memset.S.obj (.text.__aeabi_memclr)
                  70000b40    000006b2     drivers.am64x.r5f.ti-arm-clang.debug.lib : i2c_v0.obj (.text.I2C_primeTransfer)
                  700011f2    00000002     --HOLE-- [fill = 0]
                  700011f4    00000008     libc.a : exit.c.obj (.text:abort)
                  700011fc    00000004     libclang_rt.builtins.a : aeabi_memcpy.S.obj (.text.__aeabi_memcpy)
                  70001200    000005f4     drivers.am64x.r5f.ti-arm-clang.debug.lib : sciclient_rm_irq.obj (.text.Sciclient_rmIrqRouteValidate)
                  700017f4    0000000c     --HOLE-- [fill = 0]
                  70001800    0000051e     nortos.am64x.r5f.ti-arm-clang.debug.lib : printf.obj (.text._ftoa)
                  70001d1e    00000002     --HOLE-- [fill = 0]
                  70001d20    00000478                                             : printf.obj (.text._etoa)
                  70002198    00000008     --HOLE-- [fill = 0]
                  700021a0    0000042c     drivers.am64x.r5f.ti-arm-clang.debug.lib : uart_v0.obj (.text.UART_open)
                  700025cc    00000004     --HOLE-- [fill = 0]
                  700025d0    000003dc                                              : i2c_v0.obj (.text.I2C_hwiFxnController)
                  700029ac    00000004     --HOLE-- [fill = 0]
                  700029b0    0000039c                                              : udma_ch.obj (.text.Udma_chAllocResource)
                  70002d4c    00000004     --HOLE-- [fill = 0]
                  70002d50    0000036e                                              : i2c_v0.obj (.text.I2C_open)
                  700030be    00000002     --HOLE-- [fill = 0]
                  700030c0    00000360                                              : udma_ch.obj (.text.Udma_chDisableTxChan)
                  70003420    0000035a                                              : udma_event.obj (.text.Udma_eventConfig)
                  7000377a    00000006     --HOLE-- [fill = 0]
                  70003780    0000034e                                              : i2c_v0.obj (.text.I2C_hwiFxnTarget)
                  70003ace    00000002     --HOLE-- [fill = 0]
                  70003ad0    00000318     ext_otp.obj (.text.ext_otp_writeMmr)
                  70003de8    00000008     --HOLE-- [fill = 0]
                  70003df0    00000306     drivers.am64x.r5f.ti-arm-clang.debug.lib : sciclient_rm_irq.obj (.text.Sciclient_rmIrqGetRoute)
                  700040f6    0000000a     --HOLE-- [fill = 0]
                  70004100    000002f4                                              : udma_event.obj (.text.Udma_eventReset)
                  700043f4    0000000c     --HOLE-- [fill = 0]
                  70004400    000002da                                              : sciclient.obj (.text.Sciclient_service)
                  700046da    00000006     --HOLE-- [fill = 0]
                  700046e0    000002c8                                              : udma_ch.obj (.text.Udma_chDisableRxChan)
                  700049a8    00000008     --HOLE-- [fill = 0]
                  700049b0    00000294                                              : csl_bcdma.obj (.text.CSL_bcdmaChanOpCfgChan)
                  70004c44    0000000c     --HOLE-- [fill = 0]
                  70004c50    0000027a     nortos.am64x.r5f.ti-arm-clang.debug.lib : TimerP.obj (.text.TimerP_setup)
                  70004eca    00000006     --HOLE-- [fill = 0]
                  70004ed0    00000260     drivers.am64x.r5f.ti-arm-clang.debug.lib : udma_ch.obj (.text.Udma_chConfigRx)
                  70005130    00000248                                              : sciclient_rm_irq.obj (.text.Sciclient_rmIrqFindRoute)
                  70005378    00000008     --HOLE-- [fill = 0]
                  70005380    00000242                                              : uart_v0_lld.obj (.text.UART_fifoConfig)
                  700055c2    0000000e     --HOLE-- [fill = 0]
                  700055d0    0000023e     nortos.am64x.r5f.ti-arm-clang.debug.lib : printf.obj (.text._ntoa_format)
                  7000580e    00000002     --HOLE-- [fill = 0]
                  70005810    00000222     drivers.am64x.r5f.ti-arm-clang.debug.lib : udma_event.obj (.text.Udma_eventRegister)
                  70005a32    0000000e     --HOLE-- [fill = 0]
                  70005a40    0000021e                                              : udma_event.obj (.text.Udma_eventAllocResource)
                  70005c5e    00000002     --HOLE-- [fill = 0]
                  70005c60    0000020c                                              : udma_ch.obj (.text.Udma_chFreeResource)
                  70005e6c    00000004     --HOLE-- [fill = 0]
                  70005e70    0000020a                                              : udma_ring_common.obj (.text.Udma_ringAlloc)
                  7000607a    00000006     --HOLE-- [fill = 0]
                  70006080    000001e6                                              : udma_ch.obj (.text.Udma_chDisableBlkCpyChan)
                  70006266    0000000a     --HOLE-- [fill = 0]
                  70006270    000001d8                                              : udma_flow.obj (.text.Udma_flowConfig)
                  70006448    00000008     --HOLE-- [fill = 0]
                  70006450    000001cc                                              : i2c_v0.obj (.text.I2C_transfer)
                  7000661c    00000004     --HOLE-- [fill = 0]
                  70006620    000001b4                                              : soc.obj (.text.SOC_moduleSetClockFrequency)
                  700067d4    0000000c     --HOLE-- [fill = 0]
                  700067e0    000001b2                                              : uart_v0.obj (.text.UART_close)
                  70006992    0000000e     --HOLE-- [fill = 0]
                  700069a0    000001a8                                              : uart_v0_lld.obj (.text.UART_lld_controllerIsr)
                  70006b48    00000008     --HOLE-- [fill = 0]
                  70006b50    000001a2                                              : uart_v0.obj (.text.UART_write)
                  70006cf2    0000000e     --HOLE-- [fill = 0]
                  70006d00    00000198                                              : sciclient_rm_irq.obj (.text.Sciclient_rmClearInterruptRoute)
                  70006e98    00000008     --HOLE-- [fill = 0]
                  70006ea0    00000196                                              : udma_ch.obj (.text.Udma_chConfigTx)
                  70007036    0000000a     --HOLE-- [fill = 0]
                  70007040    0000018a                                              : sciclient_rm_irq.obj (.text.Sciclient_rmIrqDeleteRoute)
                  700071ca    00000006     --HOLE-- [fill = 0]
                  700071d0    0000018a                                              : sciclient_rm_irq.obj (.text.Sciclient_rmProgramInterruptRoute)
                  7000735a    00000006     --HOLE-- [fill = 0]
                  70007360    00000186                                              : sciclient_rm_irq.obj (.text.Sciclient_rmIrqProgramRoute)
                  700074e6    0000000a     --HOLE-- [fill = 0]
                  700074f0    00000182                                              : udma_ch.obj (.text.Udma_chEnableLocal)
                  70007672    0000000e     --HOLE-- [fill = 0]
                  70007680    0000017e                                              : udma_ch.obj (.text.Udma_chConfigPdma)
                  700077fe    00000002     --HOLE-- [fill = 0]
                  70007800    0000016c                                              : csl_bcdma.obj (.text.CSL_bcdmaChanOpTeardownChan)
                  7000796c    00000004     --HOLE-- [fill = 0]
                  70007970    00000168                                              : csl_bcdma.obj (.text.CSL_bcdmaChanOp)
                  70007ad8    00000008     --HOLE-- [fill = 0]
                  70007ae0    00000168                                              : udma_ch.obj (.text.Udma_chOpen)
                  70007c48    00000008     --HOLE-- [fill = 0]
                  70007c50    00000160                                              : i2c_v0.obj (.text.I2C_ctrlInit)
                  70007db0    0000015a                                              : udma_rm.obj (.text.Udma_rmAllocMappedRxCh)
                  70007f0a    00000006     --HOLE-- [fill = 0]
                  70007f10    0000015a                                              : udma_rm.obj (.text.Udma_rmAllocMappedTxCh)
                  7000806a    00000006     --HOLE-- [fill = 0]
                  70008070    00000158                                              : csl_bcdma.obj (.text.CSL_bcdmaChanOpGetChanStats)
                  700081c8    00000008     --HOLE-- [fill = 0]
                  700081d0    00000158     main.obj (.text.main)
                  70008328    00000008     --HOLE-- [fill = 0]
                  70008330    0000014e     drivers.am64x.r5f.ti-arm-clang.debug.lib : uart_v0_lld.obj (.text.UART_writePolling)
                  7000847e    00000002     --HOLE-- [fill = 0]
                  70008480    00000146                                              : udma_ch.obj (.text.Udma_chAssignRegOverlay)
                  700085c6    0000000a     --HOLE-- [fill = 0]
                  700085d0    00000142                                              : sciclient.obj (.text.Sciclient_sendMessage)
                  70008712    0000000e     --HOLE-- [fill = 0]
                  70008720    00000140                                              : sciclient_rm_irq.obj (.text.Sciclient_rmIaValidateMapping)
                  70008860    00000140                                              : udma_rm.obj (.text.Udma_rmAllocMappedRing)
                  700089a0    0000013e                                              : uart_v0_lld.obj (.text.UART_procLineStatusErr)
                  70008ade    00000002     --HOLE-- [fill = 0]
                  70008ae0    0000013c     nortos.am64x.r5f.ti-arm-clang.debug.lib : ClockP_nortos_r5.obj (.text.ClockP_init)
                  70008c1c    00000004     --HOLE-- [fill = 0]
                  70008c20    00000138     drivers.am64x.r5f.ti-arm-clang.debug.lib : uart_v0_lld.obj (.text.UART_lld_initDma)
                  70008d58    00000008     --HOLE-- [fill = 0]
                  70008d60    00000138     nortos.am64x.r5f.ti-arm-clang.debug.lib : printf.obj (.text._ntoa_long_long)
                  70008e98    00000008     --HOLE-- [fill = 0]
                  70008ea0    00000136     drivers.am64x.r5f.ti-arm-clang.debug.lib : sciclient_rm_irq.obj (.text.Sciclient_rmIrqVintDelete)
                  70008fd6    0000000a     --HOLE-- [fill = 0]
                  70008fe0    00000130                                              : i2c_v0.obj (.text.I2C_recoverBus)
                  70009110    00000130                                              : sciclient.obj (.text.Sciclient_recvMessage)
                  70009240    0000012e                                              : udma_rm.obj (.text.Udma_rmAllocIrIntr)
                  7000936e    00000002     --HOLE-- [fill = 0]
                  70009370    0000012a                                              : sciclient_pm.obj (.text.Sciclient_pmQueryModuleClkFreq)
                  7000949a    00000006     --HOLE-- [fill = 0]
                  700094a0    00000122                                              : udma_rm.obj (.text.Udma_rmAllocBlkCopyCh)
                  700095c2    0000000e     --HOLE-- [fill = 0]
                  700095d0    00000122                                              : udma_rm.obj (.text.Udma_rmAllocBlkCopyHcCh)
                  700096f2    0000000e     --HOLE-- [fill = 0]
                  70009700    00000122                                              : udma_rm.obj (.text.Udma_rmAllocBlkCopyUhcCh)
                  70009822    0000000e     --HOLE-- [fill = 0]
                  70009830    00000122                                              : udma_rm.obj (.text.Udma_rmAllocRxCh)
                  70009952    0000000e     --HOLE-- [fill = 0]
                  70009960    00000122                                              : udma_rm.obj (.text.Udma_rmAllocRxHcCh)
                  70009a82    0000000e     --HOLE-- [fill = 0]
                  70009a90    00000122                                              : udma_rm.obj (.text.Udma_rmAllocRxUhcCh)
                  70009bb2    0000000e     --HOLE-- [fill = 0]
                  70009bc0    00000122                                              : udma_rm.obj (.text.Udma_rmAllocTxCh)
                  70009ce2    0000000e     --HOLE-- [fill = 0]
                  70009cf0    00000122                                              : udma_rm.obj (.text.Udma_rmAllocTxHcCh)
                  70009e12    0000000e     --HOLE-- [fill = 0]
                  70009e20    00000122                                              : udma_rm.obj (.text.Udma_rmAllocTxUhcCh)
                  70009f42    0000000e     --HOLE-- [fill = 0]
                  70009f50    00000120     board.am64x.r5f.ti-arm-clang.debug.lib : ioexp_tca6424.obj (.text.TCA6424_setOutput)
                  7000a070    0000011e     drivers.am64x.r5f.ti-arm-clang.debug.lib : sciclient_rm_irq.obj (.text.Sciclient_rmIaValidateEvt)
                  7000a18e    00000002     --HOLE-- [fill = 0]
                  7000a190    0000011e                                              : sciclient_rm_irq.obj (.text.Sciclient_rmIrqVintAdd)
                  7000a2ae    00000002     --HOLE-- [fill = 0]
                  7000a2b0    0000011e     board.am64x.r5f.ti-arm-clang.debug.lib : ioexp_tca6424.obj (.text.TCA6424_config)
                  7000a3ce    00000002     --HOLE-- [fill = 0]
                  7000a3d0    00000118     libclang_rt.builtins.a : udivmoddi4.S.obj (.text)
                  7000a4e8    00000008     --HOLE-- [fill = 0]
                  7000a4f0    00000116     drivers.am64x.r5f.ti-arm-clang.debug.lib : csl_bcdma.obj (.text.CSL_bcdmaChanOpDecChanStats)
                  7000a606    0000000a     --HOLE-- [fill = 0]
                  7000a610    00000116                                              : uart_v0_lld.obj (.text.UART_divisorLatchWrite)
                  7000a726    0000000a     --HOLE-- [fill = 0]
                  7000a730    00000114     nortos.am64x.r5f.ti-arm-clang.debug.lib : printf.obj (.text._ntoa_long)
                  7000a844    0000000c     --HOLE-- [fill = 0]
                  7000a850    00000112     drivers.am64x.r5f.ti-arm-clang.debug.lib : uart_v0_lld.obj (.text.UART_lld_init)
                  7000a962    0000000e     --HOLE-- [fill = 0]
                  7000a970    00000110                                              : sciclient_pm.obj (.text.Sciclient_pmSetModuleClkFreq)
                  7000aa80    00000106                                              : udma_event.obj (.text.Udma_eventCheckParams)
                  7000ab86    0000000a     --HOLE-- [fill = 0]
                  7000ab90    00000104                                              : csl_pktdma.obj (.text.CSL_pktdmaTeardownChan)
                  7000ac94    0000000c     --HOLE-- [fill = 0]
                  7000aca0    00000104                                              : uart_v0_lld.obj (.text.UART_configInstance)
                  7000ada4    0000000c     --HOLE-- [fill = 0]
                  7000adb0    00000104                                              : uart_dma_udma.obj (.text.UART_udmaInitRxCh)
                  7000aeb4    0000000c     --HOLE-- [fill = 0]
                  7000aec0    00000104                                              : uart_dma_udma.obj (.text.UART_udmaInitTxCh)
                  7000afc4    0000000c     --HOLE-- [fill = 0]
                  7000afd0    000000fe                                              : sciclient_rm_irq.obj (.text.Sciclient_rmIrGetOutp)
                  7000b0ce    00000002     --HOLE-- [fill = 0]
                  7000b0d0    000000f6                                              : i2c_v0.obj (.text.I2CControllerInitExpClk)
                  7000b1c6    0000000a     --HOLE-- [fill = 0]
                  7000b1d0    000000f6     nortos.am64x.r5f.ti-arm-clang.debug.lib : SemaphoreP_nortos.obj (.text.SemaphoreP_pend)
                  7000b2c6    0000000a     --HOLE-- [fill = 0]
                  7000b2d0    000000ec     drivers.am64x.r5f.ti-arm-clang.debug.lib : udma_event.obj (.text.Udma_eventIsrFxn)
                  7000b3bc    00000004     --HOLE-- [fill = 0]
                  7000b3c0    000000ea     nortos.am64x.r5f.ti-arm-clang.debug.lib : AddrTranslateP.obj (.text.AddrTranslateP_getLocalAddr)
                  7000b4aa    00000006     --HOLE-- [fill = 0]
                  7000b4b0    000000e8     drivers.am64x.r5f.ti-arm-clang.debug.lib : udma_event.obj (.text.Udma_eventFreeResource)
                  7000b598    00000008     --HOLE-- [fill = 0]
                  7000b5a0    000000e2                                              : sciclient_rm_irq.obj (.text.Sciclient_rmIrqGetNode)
                  7000b682    0000000e     --HOLE-- [fill = 0]
                  7000b690    000000de                                              : sciclient.obj (.text.Sciclient_waitForMessage)
                  7000b76e    00000002     --HOLE-- [fill = 0]
                  7000b770    000000de                                              : uart_v0_lld.obj (.text.UART_intrEnable)
                  7000b84e    00000002     --HOLE-- [fill = 0]
                  7000b850    000000da                                              : sciclient_rm_irq.obj (.text.Sciclient_rmIrInpIsFree)
                  7000b92a    00000006     --HOLE-- [fill = 0]
                  7000b930    000000da                                              : uart_v0_lld.obj (.text.UART_intrDisable)
                  7000ba0a    00000006     --HOLE-- [fill = 0]
                  7000ba10    000000d8                                              : uart_dma_udma.obj (.text.UART_udmaConfigPdmaTx)
                  7000bae8    00000008     --HOLE-- [fill = 0]
                  7000baf0    000000d4                                              : csl_bcdma.obj (.text.CSL_bcdmaChanOpGetChanRT)
                  7000bbc4    0000000c     --HOLE-- [fill = 0]
                  7000bbd0    000000d4                                              : pinmux.obj (.text.Pinmux_unlockMMR)
                  7000bca4    0000000c     --HOLE-- [fill = 0]
                  7000bcb0    000000d2                                              : i2c_v0.obj (.text.I2C_close)
                  7000bd82    0000000e     --HOLE-- [fill = 0]
                  7000bd90    000000d2                                              : uart_v0_lld.obj (.text.UART_lld_write)
                  7000be62    0000000e     --HOLE-- [fill = 0]
                  7000be70    000000d2                                              : uart_dma_udma.obj (.text.UART_udmaDeInitCh)
                  7000bf42    0000000e     --HOLE-- [fill = 0]
                  7000bf50    000000d2                                              : uart_dma_udma.obj (.text.UART_udmaHpdInit)
                  7000c022    0000000e     --HOLE-- [fill = 0]
                  7000c030    000000cc                                              : udma_rm.obj (.text.Udma_rmAllocVintrBit)
                  7000c0fc    00000004     --HOLE-- [fill = 0]
                  7000c100    000000ca                                              : csl_bcdma.obj (.text.CSL_bcdmaChanOpSetBurstSize)
                  7000c1ca    00000006     --HOLE-- [fill = 0]
                  7000c1d0    000000ca                                              : udma_ring_common.obj (.text.Udma_ringCheckParams)
                  7000c29a    00000006     --HOLE-- [fill = 0]
                  7000c2a0    000000c8                                              : uart_v0_lld.obj (.text.UART_lld_writeDma)
                  7000c368    00000008     --HOLE-- [fill = 0]
                  7000c370    000000c8                                              : udma_event.obj (.text.Udma_eventCheckUnRegister)
                  7000c438    00000008     --HOLE-- [fill = 0]
                  7000c440    000000c8                                              : udma_ring_common.obj (.text.Udma_ringFree)
                  7000c508    00000008     --HOLE-- [fill = 0]
                  7000c510    000000c6                                              : uart_v0_lld.obj (.text.UART_lld_writeIntr)
                  7000c5d6    0000000a     --HOLE-- [fill = 0]
                  7000c5e0    000000c6                                              : udma_event.obj (.text.Udma_eventUnRegister)
                  7000c6a6    0000000a     --HOLE-- [fill = 0]
                  7000c6b0    000000c4                                              : sciclient_rm_irq.obj (.text.Sciclient_rmIrqIsVintRouteSet)
                  7000c774    0000000c     --HOLE-- [fill = 0]
                  7000c780    000000c4                                              : uart_v0.obj (.text.UART_flushTxFifo)
                  7000c844    0000000c     --HOLE-- [fill = 0]
                  7000c850    000000c2                                              : udma_ch.obj (.text.Udma_chClose)
                  7000c912    0000000e     --HOLE-- [fill = 0]
                  7000c920    000000c0                                              : csl_bcdma.obj (.text.CSL_bcdmaChanOpAccessRemotePeerReg)
                  7000c9e0    000000c0     nortos.am64x.r5f.ti-arm-clang.debug.lib : printf.obj (.text._out_rev)
                  7000caa0    000000be                                             : ClockP_nortos.obj (.text.ClockP_timerTickIsr)
                  7000cb5e    00000002     --HOLE-- [fill = 0]
                  7000cb60    000000bc     ext_otp.obj (.text.ext_otp_writeRow)
                  7000cc1c    00000004     --HOLE-- [fill = 0]
                  7000cc20    000000ba     nortos.am64x.r5f.ti-arm-clang.debug.lib : ClockP_nortos.obj (.text.ClockP_stop)
                  7000ccda    00000006     --HOLE-- [fill = 0]
                  7000cce0    000000ba     ext_otp.obj (.text.ext_otp_readMmr)
                  7000cd9a    00000006     --HOLE-- [fill = 0]
                  7000cda0    000000b6     drivers.am64x.r5f.ti-arm-clang.debug.lib : csl_pktdma.obj (.text.CSL_pktdmaAccessChanPeerReg)
                  7000ce56    0000000a     --HOLE-- [fill = 0]
                  7000ce60    000000b6                                              : uart_v0_lld.obj (.text.UART_fifoWrite)
                  7000cf16    0000000a     --HOLE-- [fill = 0]
                  7000cf20    000000b2                                              : sciclient.obj (.text.Sciclient_getCurrentContext)
                  7000cfd2    0000000e     --HOLE-- [fill = 0]
                  7000cfe0    000000b0                                              : uart_v0.obj (.text.UART_init)
                  7000d090    000000b0                                              : udma_ch.obj (.text.Udma_chCheckParams)
                  7000d140    000000ae                                              : udma_soc.obj (.text.Udma_getMappedChRingAttributes)
                  7000d1ee    00000002     --HOLE-- [fill = 0]
                  7000d1f0    000000ac                                              : udma_ch.obj (.text.UdmaChRxPrms_init)
                  7000d29c    00000004     --HOLE-- [fill = 0]
                  7000d2a0    000000ac                                              : udma_ch.obj (.text.UdmaChTxPrms_init)
                  7000d34c    00000004     --HOLE-- [fill = 0]
                  7000d350    000000ac                                              : udma_ch.obj (.text.Udma_chDisable)
                  7000d3fc    00000004     --HOLE-- [fill = 0]
                  7000d400    000000aa                                              : csl_bcdma.obj (.text.CSL_bcdmaChanOpSetChanPause)
                  7000d4aa    00000006     --HOLE-- [fill = 0]
                  7000d4b0    000000aa                                              : csl_bcdma.obj (.text.CSL_bcdmaChanOpSetChanRT)
                  7000d55a    00000006     --HOLE-- [fill = 0]
                  7000d560    000000aa     ti_drivers_open_close.obj (.text.Drivers_i2cOpen)
                  7000d60a    00000006     --HOLE-- [fill = 0]
                  7000d610    000000a8     nortos.am64x.r5f.ti-arm-clang.debug.lib : ClockP_nortos.obj (.text.ClockP_addToList)
                  7000d6b8    00000008     --HOLE-- [fill = 0]
                  7000d6c0    000000a8                                             : ClockP_nortos.obj (.text.ClockP_destruct)
                  7000d768    00000008     --HOLE-- [fill = 0]
                  7000d770    000000a8     ti_drivers_open_close.obj (.text.Drivers_uartOpen)
                  7000d818    00000008     --HOLE-- [fill = 0]
                  7000d820    000000a8     drivers.am64x.r5f.ti-arm-clang.debug.lib : sciclient_rm_irq.obj (.text.Sciclient_rmIrInpRomMapped)
                  7000d8c8    00000008     --HOLE-- [fill = 0]
                  7000d8d0    000000a8                                              : sciclient_rm_irq.obj (.text.Sciclient_rmIrOutpRomMapped)
                  7000d978    00000008     --HOLE-- [fill = 0]
                  7000d980    000000a8     nortos.am64x.r5f.ti-arm-clang.debug.lib : PmuP_armv7r.obj (.text.pmu)
                  7000da28    00000008     --HOLE-- [fill = 0]
                  7000da30    000000a6     drivers.am64x.r5f.ti-arm-clang.debug.lib : sciclient_pm.obj (.text.Sciclient_pmGetModuleClkNumParent)
                  7000dad6    0000000a     --HOLE-- [fill = 0]
                  7000dae0    000000a4                                              : csl_intaggr.obj (.text.CSL_intaggrIsIntrPending)
                  7000db84    0000000c     --HOLE-- [fill = 0]
                  7000db90    000000a4                                              : sciclient_rm_irq.obj (.text.Sciclient_rmIrqCheckLoop)
                  7000dc34    0000000c     --HOLE-- [fill = 0]
                  7000dc40    000000a4                                              : uart_v0_lld.obj (.text.UART_IsBaseAddrValid)
                  7000dce4    0000000c     --HOLE-- [fill = 0]
                  7000dcf0    000000a0                                              : udma_rm.obj (.text.Udma_rmAllocEvent)
                  7000dd90    000000a0                                              : udma_rm.obj (.text.Udma_rmAllocVintr)
                  7000de30    0000009e                                              : sciclient_soc_priv.obj (.text.Sciclient_getContext)
                  7000dece    00000002     --HOLE-- [fill = 0]
                  7000ded0    0000009c                                              : pinmux.obj (.text.Pinmux_config)
                  7000df6c    00000004     --HOLE-- [fill = 0]
                  7000df70    0000009a                                              : soc.obj (.text.SOC_controlModuleUnlockMMR)
                  7000e00a    00000006     --HOLE-- [fill = 0]
                  7000e010    0000009a                                              : sciclient_pm.obj (.text.Sciclient_pmGetModuleClkFreq)
                  7000e0aa    00000006     --HOLE-- [fill = 0]
                  7000e0b0    0000009a                                              : sciclient_pm.obj (.text.Sciclient_pmGetModuleClkParent)
                  7000e14a    00000006     --HOLE-- [fill = 0]
                  7000e150    0000009a                                              : sciclient_pm.obj (.text.Sciclient_pmSetModuleClkParent)
                  7000e1ea    00000006     --HOLE-- [fill = 0]
                  7000e1f0    0000009a                                              : sciclient_rm_irq.obj (.text.Sciclient_rmIrOutpIsFree)
                  7000e28a    00000006     --HOLE-- [fill = 0]
                  7000e290    0000009a                                              : udma_ring_common.obj (.text.Udma_ringQueueRaw)
                  7000e32a    00000006     --HOLE-- [fill = 0]
                  7000e330    00000098                                              : csl_bcdma.obj (.text.CSL_bcdmaChanOpSetChanEnable)
                  7000e3c8    00000008     --HOLE-- [fill = 0]
                  7000e3d0    00000098                                              : sciclient_pm.obj (.text.Sciclient_pmModuleGetClkStatus)
                  7000e468    00000008     --HOLE-- [fill = 0]
                  7000e470    00000096                                              : sciclient.obj (.text.Sciclient_init)
                  7000e506    0000000a     --HOLE-- [fill = 0]
                  7000e510    00000096                                              : uart_v0_lld.obj (.text.UART_subConfigTCRTLRModeEn)
                  7000e5a6    0000000a     --HOLE-- [fill = 0]
                  7000e5b0    00000096                                              : uart_dma_udma.obj (.text.UART_udmaIsrRx)
                  7000e646    0000000a     --HOLE-- [fill = 0]
                  7000e650    00000096                                              : uart_dma_udma.obj (.text.UART_udmaIsrTx)
                  7000e6e6    0000000a     --HOLE-- [fill = 0]
                  7000e6f0    00000096                                              : udma_flow.obj (.text.UdmaFlowPrms_init)
                  7000e786    0000000a     --HOLE-- [fill = 0]
                  7000e790    00000096                                              : udma_ring_common.obj (.text.Udma_ringDequeueRaw)
                  7000e826    0000000a     --HOLE-- [fill = 0]
                  7000e830    00000094                                              : sciclient.obj (.text.Sciclient_waitForBootNotification)
                  7000e8c4    0000000c     --HOLE-- [fill = 0]
                  7000e8d0    00000094                                              : uart_dma_udma.obj (.text.UART_lld_dmaDisableChannel)
                  7000e964    0000000c     --HOLE-- [fill = 0]
                  7000e970    00000092     nortos.am64x.r5f.ti-arm-clang.debug.lib : ClockP_nortos.obj (.text.ClockP_getTimeUsec)
                  7000ea02    0000000e     --HOLE-- [fill = 0]
                  7000ea10    00000092     drivers.am64x.r5f.ti-arm-clang.debug.lib : soc.obj (.text.SOC_moduleClockEnable)
                  7000eaa2    0000000e     --HOLE-- [fill = 0]
                  7000eab0    00000092                                              : sciclient_rm_irq.obj (.text.Sciclient_rmPsPop)
                  7000eb42    0000000e     --HOLE-- [fill = 0]
                  7000eb50    00000090                                              : i2c_v0.obj (.text.I2C_completeCurrTransfer)
                  7000ebe0    0000008e                                              : udma_rm.obj (.text.Udma_rmFreeMappedRing)
                  7000ec6e    00000002     --HOLE-- [fill = 0]
                  7000ec70    0000008c                                              : sciclient_pm.obj (.text.Sciclient_pmGetModuleState)
                  7000ecfc    00000004     --HOLE-- [fill = 0]
                  7000ed00    0000008c                                              : sciclient_pm.obj (.text.Sciclient_pmModuleClkRequest)
                  7000ed8c    00000004     --HOLE-- [fill = 0]
                  7000ed90    0000008c                                              : sciclient_pm.obj (.text.Sciclient_pmSetModuleState)
                  7000ee1c    00000004     --HOLE-- [fill = 0]
                  7000ee20    0000008c                                              : sciclient_rm_irq.obj (.text.Sciclient_rmIaEvtRomMapped)
                  7000eeac    00000004     --HOLE-- [fill = 0]
                  7000eeb0    0000008c                                              : uart_v0_lld.obj (.text.UART_writeCancelNoCB)
                  7000ef3c    00000004     --HOLE-- [fill = 0]
                  7000ef40    0000008a                                              : udma_ring_common.obj (.text.Udma_ringFlushRaw)
                  7000efca    00000006     --HOLE-- [fill = 0]
                  7000efd0    00000088                                              : csl_bcdma.obj (.text.CSL_bcdmaGetCfg)
                  7000f058    00000008     --HOLE-- [fill = 0]
                  7000f060    00000088                                              : i2c_v0.obj (.text.I2C_waitForPin)
                  7000f0e8    00000008     --HOLE-- [fill = 0]
                  7000f0f0    00000088                                              : udma_rm.obj (.text.Udma_rmFreeVintrBit)
                  7000f178    00000008     --HOLE-- [fill = 0]
                  7000f180    00000086                                              : uart_v0_lld.obj (.text.UART_lld_flushTxFifo)
                  7000f206    0000000a     --HOLE-- [fill = 0]
                  7000f210    00000086                                              : uart_v0_lld.obj (.text.UART_tcrTlrBitValRestore)
                  7000f296    0000000a     --HOLE-- [fill = 0]
                  7000f2a0    00000082                                              : uart_dma_udma.obj (.text.CSL_udmapCppi5SetReturnPolicy)
                  7000f322    0000000e     --HOLE-- [fill = 0]
                  7000f330    00000082                                              : udma_ch.obj (.text.Udma_chPair)
                  7000f3b2    0000000e     --HOLE-- [fill = 0]
                  7000f3c0    00000082                                              : udma_ch.obj (.text.Udma_chUnpair)
                  7000f442    0000000e     --HOLE-- [fill = 0]
                  7000f450    00000080                                              : uart_v0_lld.obj (.text.UART_moduleReset)
                  7000f4d0    0000007e                                              : csl_bcdma.obj (.text.CSL_bcdmaChanOpIsChanEnabled)
                  7000f54e    00000002     --HOLE-- [fill = 0]
                  7000f550    0000007e                                              : csl_bcdma.obj (.text.CSL_bcdmaChanOpIsValidChanIdx)
                  7000f5ce    00000002     --HOLE-- [fill = 0]
                  7000f5d0    0000007e                                              : csl_bcdma.obj (.text.CSL_bcdmaMapChanIdx)
                  7000f64e    00000002     --HOLE-- [fill = 0]
                  7000f650    0000007e                                              : uart_v0_lld.obj (.text.UART_readData)
                  7000f6ce    00000002     --HOLE-- [fill = 0]
                  7000f6d0    0000007c     board.am64x.r5f.ti-arm-clang.debug.lib : ioexp_tca6424.obj (.text.TCA6424_open)
                  7000f74c    00000004     --HOLE-- [fill = 0]
                  7000f750    0000007c     nortos.am64x.r5f.ti-arm-clang.debug.lib : DebugP_log.obj (.text._DebugP_assert)
                  7000f7cc    00000004     --HOLE-- [fill = 0]
                  7000f7d0    0000007c     ext_otp.obj (.text.ext_otp_setVpp)
                  7000f84c    00000004     --HOLE-- [fill = 0]
                  7000f850    0000007a     drivers.am64x.r5f.ti-arm-clang.debug.lib : uart_v0.obj (.text.UART_Params_init)
                  7000f8ca    00000006     --HOLE-- [fill = 0]
                  7000f8d0    00000076                                              : csl_bcdma.obj (.text.CSL_bcdmaChanOpClearError)
                  7000f946    0000000a     --HOLE-- [fill = 0]
                  7000f950    00000076                                              : csl_bcdma.obj (.text.CSL_bcdmaDoChanOp)
                  7000f9c6    0000000a     --HOLE-- [fill = 0]
                  7000f9d0    00000076                                              : udma_ch.obj (.text.Udma_chGetCqRingHandle)
                  7000fa46    0000000a     --HOLE-- [fill = 0]
                  7000fa50    00000076                                              : udma_ch.obj (.text.Udma_chGetFqRingHandle)
                  7000fac6    0000000a     --HOLE-- [fill = 0]
                  7000fad0    00000074                                              : i2c_v0.obj (.text.I2C_init)
                  7000fb44    0000000c     --HOLE-- [fill = 0]
                  7000fb50    00000074                                              : udma_ch.obj (.text.Udma_chEnable)
                  7000fbc4    0000000c     --HOLE-- [fill = 0]
                  7000fbd0    00000072                                              : csl_bcdma.obj (.text.CSL_bcdmaChanOpTriggerChan)
                  7000fc42    0000000e     --HOLE-- [fill = 0]
                  7000fc50    00000072     nortos.am64x.r5f.ti-arm-clang.debug.lib : ClockP_nortos.obj (.text.ClockP_usleep)
                  7000fcc2    0000000e     --HOLE-- [fill = 0]
                  7000fcd0    00000070     drivers.am64x.r5f.ti-arm-clang.debug.lib : csl_intaggr.obj (.text.CSL_intaggrClrIntr)
                  7000fd40    00000070     nortos.am64x.r5f.ti-arm-clang.debug.lib : ClockP_nortos.obj (.text.ClockP_construct)
                  7000fdb0    00000070     drivers.am64x.r5f.ti-arm-clang.debug.lib : sciclient_rm.obj (.text.Sciclient_rmGetResourceRange)
                  7000fe20    00000070                                              : udma_rm.obj (.text.Udma_rmFreeMappedRxCh)
                  7000fe90    00000070                                              : udma_rm.obj (.text.Udma_rmFreeMappedTxCh)
                  7000ff00    0000006e                                              : sciclient_rm_irq.obj (.text.Sciclient_rmIaVintGetInfo)
                  7000ff6e    00000002     --HOLE-- [fill = 0]
                  7000ff70    0000006c                                              : udma_ch.obj (.text.UdmaChPrms_init)
                  7000ffdc    00000004     --HOLE-- [fill = 0]
                  7000ffe0    0000006a                                              : pinmux.obj (.text.Pinmux_lockMMR)
                  7001004a    00000006     --HOLE-- [fill = 0]
                  70010050    0000006a     ext_otp.obj (.text.ext_otp_setRomConfig)
                  700100ba    00000006     --HOLE-- [fill = 0]
                  700100c0    00000068     drivers.am64x.r5f.ti-arm-clang.debug.lib : sciclient_rm_irq.obj (.text.Sciclient_rmIrqCfgIsDirectEvent)
                  70010128    00000008     --HOLE-- [fill = 0]
                  70010130    00000068                                              : sciclient_rm_irq.obj (.text.Sciclient_rmIrqCfgIsDirectNonEvent)
                  70010198    00000008     --HOLE-- [fill = 0]
                  700101a0    00000068                                              : sciclient_rm_irq.obj (.text.Sciclient_rmIrqCfgIsEventToVintMappingOnly)
                  70010208    00000008     --HOLE-- [fill = 0]
                  70010210    00000068                                              : sciclient_rm_irq.obj (.text.Sciclient_rmIrqCfgIsOesOnly)
                  70010278    00000008     --HOLE-- [fill = 0]
                  70010280    00000068                                              : sciclient_rm_irq.obj (.text.Sciclient_rmIrqCfgIsUnmappedVintDirectEvent)
                  700102e8    00000008     --HOLE-- [fill = 0]
                  700102f0    00000068                                              : uart_v0_lld.obj (.text.UART_divisorValCompute)
                  70010358    00000008     --HOLE-- [fill = 0]
                  70010360    00000066                                              : uart_dma_udma.obj (.text.CSL_udmapCppi5SetIds)
                  700103c6    0000000a     --HOLE-- [fill = 0]
                  700103d0    00000064                                              : sciclient_rm_irq.obj (.text.Sciclient_rmIrGetInst)
                  70010434    0000000c     --HOLE-- [fill = 0]
                  70010440    00000064                                              : uart_v0_lld.obj (.text.UART_lld_deInitDma)
                  700104a4    0000000c     --HOLE-- [fill = 0]
                  700104b0    00000064                                              : udma_rm.obj (.text.Udma_rmFreeEvent)
                  70010514    0000000c     --HOLE-- [fill = 0]
                  70010520    00000064                                              : udma_rm.obj (.text.Udma_rmFreeIrIntr)
                  70010584    0000000c     --HOLE-- [fill = 0]
                  70010590    00000064                                              : udma_rm.obj (.text.Udma_rmFreeVintr)
                  700105f4    0000000c     --HOLE-- [fill = 0]
                  70010600    00000062                                              : udma_event.obj (.text.UdmaEventPrms_init)
                  70010662    0000000e     --HOLE-- [fill = 0]
                  70010670    00000062                                              : udma_rm.obj (.text.Udma_rmFreeBlkCopyCh)
                  700106d2    0000000e     --HOLE-- [fill = 0]
                  700106e0    00000062                                              : udma_rm.obj (.text.Udma_rmFreeBlkCopyHcCh)
                  70010742    0000000e     --HOLE-- [fill = 0]
                  70010750    00000062                                              : udma_rm.obj (.text.Udma_rmFreeBlkCopyUhcCh)
                  700107b2    0000000e     --HOLE-- [fill = 0]
                  700107c0    00000062                                              : udma_rm.obj (.text.Udma_rmFreeRxCh)
                  70010822    0000000e     --HOLE-- [fill = 0]
                  70010830    00000062                                              : udma_rm.obj (.text.Udma_rmFreeRxHcCh)
                  70010892    0000000e     --HOLE-- [fill = 0]
                  700108a0    00000062                                              : udma_rm.obj (.text.Udma_rmFreeRxUhcCh)
                  70010902    0000000e     --HOLE-- [fill = 0]
                  70010910    00000062                                              : udma_rm.obj (.text.Udma_rmFreeTxCh)
                  70010972    0000000e     --HOLE-- [fill = 0]
                  70010980    00000062                                              : udma_rm.obj (.text.Udma_rmFreeTxHcCh)
                  700109e2    0000000e     --HOLE-- [fill = 0]
                  700109f0    00000062                                              : udma_rm.obj (.text.Udma_rmFreeTxUhcCh)
                  70010a52    0000000e     --HOLE-- [fill = 0]
                  70010a60    00000060                                              : i2c_v0.obj (.text.I2CBufferStatus)
                  70010ac0    00000060                                              : uart_v0_lld.obj (.text.UART_getChar)
                  70010b20    00000060                                              : uart_v0_lld.obj (.text.UART_writeData)
                  70010b80    00000060                                              : udma_utils.obj (.text.Udma_virtToPhyFxn)
                  70010be0    0000005e                                              : sciclient_pm.obj (.text.Sciclient_pmSetModuleRst)
                  70010c3e    00000002     --HOLE-- [fill = 0]
                  70010c40    0000005e     nortos.am64x.r5f.ti-arm-clang.debug.lib : SemaphoreP_nortos.obj (.text.SemaphoreP_post)
                  70010c9e    00000002     --HOLE-- [fill = 0]
                  70010ca0    0000005c     ti_power_clock_config.obj (.text.Module_clockSetFrequency)
                  70010cfc    00000004     --HOLE-- [fill = 0]
                  70010d00    0000005c     drivers.am64x.r5f.ti-arm-clang.debug.lib : sciclient_rm_irq.obj (.text.Sciclient_rmIaGetInst)
                  70010d5c    00000004     --HOLE-- [fill = 0]
                  70010d60    0000005c                                              : sciclient_rm_irq.obj (.text.Sciclient_rmPsPush)
                  70010dbc    00000004     --HOLE-- [fill = 0]
                  70010dc0    0000005c                                              : uart_v0_lld.obj (.text.UART_lld_deInit)
                  70010e1c    00000004     --HOLE-- [fill = 0]
                  70010e20    0000005c                                              : uart_v0.obj (.text.UART_lld_writeCompleteCallback)
                  70010e7c    00000004     --HOLE-- [fill = 0]
                  70010e80    0000005c     ext_otp.obj (.text.ext_otp_printMmrs)
                  70010edc    00000004     --HOLE-- [fill = 0]
                  70010ee0    0000005a     drivers.am64x.r5f.ti-arm-clang.debug.lib : sciclient_rm_irq.obj (.text.Sciclient_rmIaValidateGlobalEvt)
                  70010f3a    00000006     --HOLE-- [fill = 0]
                  70010f40    0000005a                                              : uart_v0.obj (.text.UART_lld_readCompleteCallback)
                  70010f9a    00000006     --HOLE-- [fill = 0]
                  70010fa0    0000005a                                              : uart_v0_lld.obj (.text.UART_regConfigModeEnable)
                  70010ffa    00000006     --HOLE-- [fill = 0]
                  70011000    00000058                                              : sciclient_rm.obj (.text.Sciclient_rmIrqSetRaw)
                  70011058    00000008     --HOLE-- [fill = 0]
                  70011060    00000058                                              : sciclient_rm_irq.obj (.text.Sciclient_rmIrqUnmappedVintRouteDelete)
                  700110b8    00000008     --HOLE-- [fill = 0]
                  700110c0    00000058                                              : sciclient_rm.obj (.text.Sciclient_rmRingCfg)
                  70011118    00000008     --HOLE-- [fill = 0]
                  70011120    00000058                                              : sciclient_rm.obj (.text.Sciclient_rmUdmapFlowCfg)
                  70011178    00000008     --HOLE-- [fill = 0]
                  70011180    00000058                                              : sciclient_rm.obj (.text.Sciclient_rmUdmapFlowSizeThreshCfg)
                  700111d8    00000008     --HOLE-- [fill = 0]
                  700111e0    00000058                                              : sciclient_rm.obj (.text.Sciclient_rmUdmapRxChCfg)
                  70011238    00000008     --HOLE-- [fill = 0]
                  70011240    00000058                                              : sciclient_rm.obj (.text.Sciclient_rmUdmapTxChCfg)
                  70011298    00000058     libc.a : autoinit.c.obj (.text:__TI_auto_init_nobinit_nopinit)
                  700112f0    00000056     drivers.am64x.r5f.ti-arm-clang.debug.lib : i2c_v0.obj (.text.I2C_getHandle)
                  70011346    0000000a     --HOLE-- [fill = 0]
                  70011350    00000056                                              : sciclient_rm.obj (.text.Sciclient_rmIrqReleaseRaw)
                  700113a6    0000000a     --HOLE-- [fill = 0]
                  700113b0    00000056                                              : sciclient_rm.obj (.text.Sciclient_rmPsilPair)
                  70011406    0000000a     --HOLE-- [fill = 0]
                  70011410    00000056                                              : sciclient_rm.obj (.text.Sciclient_rmPsilUnpair)
                  70011466    0000000a     --HOLE-- [fill = 0]
                  70011470    00000056                                              : udma_ch.obj (.text.Udma_chSetPeerReg)
                  700114c6    0000000a     --HOLE-- [fill = 0]
                  700114d0    00000056                                              : udma_event.obj (.text.Udma_eventGetGlobalHandle)
                  70011526    0000000a     --HOLE-- [fill = 0]
                  70011530    00000054                                              : csl_pktdma.obj (.text.CSL_pktdmaIsValidChanIdx)
                  70011584    0000000c     --HOLE-- [fill = 0]
                  70011590    00000054                                              : sciclient_rm_irq.obj (.text.Sciclient_rmUnmappedVintRouteCreate)
                  700115e4    0000000c     --HOLE-- [fill = 0]
                  700115f0    00000054                                              : uart_v0_lld.obj (.text.UART_OperModeValid)
                  70011644    0000000c     --HOLE-- [fill = 0]
                  70011650    00000054                                              : udma_ring_common.obj (.text.UdmaRingPrms_init)
                  700116a4    0000000c     --HOLE-- [fill = 0]
                  700116b0    00000052                                              : i2c_v0.obj (.text.I2COwnAddressSet)
                  70011702    0000000e     --HOLE-- [fill = 0]
                  70011710    00000052                                              : soc.obj (.text.SOC_controlModuleLockMMR)
                  70011762    0000000e     --HOLE-- [fill = 0]
                  70011770    00000052     nortos.am64x.r5f.ti-arm-clang.debug.lib : SemaphoreP_nortos.obj (.text.SemaphoreP_construct)
                  700117c2    0000000e     --HOLE-- [fill = 0]
                  700117d0    00000052     drivers.am64x.r5f.ti-arm-clang.debug.lib : udma_ch.obj (.text.Udma_chInitRegs)
                  70011822    0000000e     --HOLE-- [fill = 0]
                  70011830    00000050     ti_drivers_open_close.obj (.text.Drivers_i2cClose)
                  70011880    00000050     ti_drivers_open_close.obj (.text.Drivers_uartClose)
                  700118d0    00000050     drivers.am64x.r5f.ti-arm-clang.debug.lib : uart_v0_lld.obj (.text.UART_checkCharsAvailInFifo)
                  70011920    0000004e                                              : csl_pktdma.obj (.text.CSL_pktdmaIsChanEnabled)
                  7001196e    00000002     --HOLE-- [fill = 0]
                  70011970    0000004e                                              : uart_v0.obj (.text.UART_getHandle)
                  700119be    00000002     --HOLE-- [fill = 0]
                  700119c0    0000004c                                              : i2c_v0.obj (.text.I2C_resetCtrl)
                  70011a0c    00000004     --HOLE-- [fill = 0]
                  70011a10    0000004c     ti_power_clock_config.obj (.text.Module_clockDisable)
                  70011a5c    00000004     --HOLE-- [fill = 0]
                  70011a60    0000004c     ti_power_clock_config.obj (.text.Module_clockEnable)
                  70011aac    00000004     --HOLE-- [fill = 0]
                  70011ab0    0000004c     drivers.am64x.r5f.ti-arm-clang.debug.lib : sciclient_rm_irq.obj (.text.Sciclient_rmPsSetInp)
                  70011afc    00000004     --HOLE-- [fill = 0]
                  70011b00    0000004c                                              : sciclient_rm_irq.obj (.text.Sciclient_rmPsSetOutp)
                  70011b4c    00000004     --HOLE-- [fill = 0]
                  70011b50    0000004c                                              : uart_v0_lld.obj (.text.UART_fifoRegisterWrite)
                  70011b9c    00000004     --HOLE-- [fill = 0]
                  70011ba0    0000004c                                              : udma_event.obj (.text.Udma_eventGetId)
                  70011bec    00000004     --HOLE-- [fill = 0]
                  70011bf0    0000004a                                              : csl_pktdma.obj (.text.CSL_pktdmaGetRxRT)
                  70011c3a    00000006     --HOLE-- [fill = 0]
                  70011c40    0000004a                                              : csl_pktdma.obj (.text.CSL_pktdmaGetTxRT)
                  70011c8a    00000006     --HOLE-- [fill = 0]
                  70011c90    0000004a                                              : sciclient_soc_priv.obj (.text.Sciclient_getDevId)
                  70011cda    00000006     --HOLE-- [fill = 0]
                  70011ce0    0000004a                                              : uart_v0_lld.obj (.text.UART_getIntrIdentityStatus)
                  70011d2a    00000006     --HOLE-- [fill = 0]
                  70011d30    0000004a                                              : uart_v0_lld.obj (.text.UART_lineCharConfig)
                  70011d7a    00000006     --HOLE-- [fill = 0]
                  70011d80    0000004a                                              : uart_dma_udma.obj (.text.UART_lld_dmaInit)
                  70011dca    00000006     --HOLE-- [fill = 0]
                  70011dd0    0000004a     ext_otp.obj (.text.ext_otp_writePcieVidPid)
                  70011e1a    00000006     --HOLE-- [fill = 0]
                  70011e20    0000004a     ext_otp.obj (.text.ext_otp_writeUsbVidPid)
                  70011e6a    00000006     --HOLE-- [fill = 0]
                  70011e70    00000048     drivers.am64x.r5f.ti-arm-clang.debug.lib : uart_v0_lld.obj (.text.UART_resetModule)
                  70011eb8    00000008     --HOLE-- [fill = 0]
                  70011ec0    00000046                                              : csl_bcdma.obj (.text.CSL_bcdmaTeardownRxChan)
                  70011f06    0000000a     --HOLE-- [fill = 0]
                  70011f10    00000046                                              : csl_bcdma.obj (.text.CSL_bcdmaTeardownTxChan)
                  70011f56    0000000a     --HOLE-- [fill = 0]
                  70011f60    00000046     nortos.am64x.r5f.ti-arm-clang.debug.lib : DebugP_uartLogWriter.obj (.text.DebugP_uartLogWriterPutChar)
                  70011fa6    0000000a     --HOLE-- [fill = 0]
                  70011fb0    00000046     drivers.am64x.r5f.ti-arm-clang.debug.lib : uart_v0_lld.obj (.text.UART_readLineStatus)
                  70011ff6    0000000a     --HOLE-- [fill = 0]
                  70012000    00000044                                              : csl_bcdma.obj (.text.CSL_bcdmaGetChanPeerReg)
                  70012044    0000000c     --HOLE-- [fill = 0]
                  70012050    00000044     nortos.am64x.r5f.ti-arm-clang.debug.lib : DebugP_nortos.obj (.text._DebugP_logZone)
                  70012094    0000000c     --HOLE-- [fill = 0]
                  700120a0    00000044                                             : printf.obj (.text._strnlen_s)
                  700120e4    0000000c     --HOLE-- [fill = 0]
                  700120f0    00000042     drivers.am64x.r5f.ti-arm-clang.debug.lib : uart_dma_udma.obj (.text.CSL_udmapCppi5SetPktLen)
                  70012132    0000000e     --HOLE-- [fill = 0]
                  70012140    00000042     nortos.am64x.r5f.ti-arm-clang.debug.lib : ClockP_nortos.obj (.text.ClockP_start)
                  70012182    0000000e     --HOLE-- [fill = 0]
                  70012190    00000042     drivers.am64x.r5f.ti-arm-clang.debug.lib : sciclient_rm_irq.obj (.text.Sciclient_rmIrqGetNodeItf)
                  700121d2    0000000e     --HOLE-- [fill = 0]
                  700121e0    00000042                                              : uart_v0.obj (.text.UART_checkOpenParams)
                  70012222    0000000e     --HOLE-- [fill = 0]
                  70012230    00000042                                              : udma_utils.obj (.text.UdmaUtils_getRingMemSize)
                  70012272    0000000e     --HOLE-- [fill = 0]
                  70012280    00000040                                              : csl_lcdma_ringacc.obj (.text.CSL_lcdma_ringaccIsTeardownComplete)
                  700122c0    00000040                                              : i2c_v0.obj (.text.I2C_hwiFxn)
                  70012300    00000040                                              : sciclient_rm_irq.obj (.text.Sciclient_rmIrqProgramOesRegister)
                  70012340    00000040                                              : sciclient_rm_irq.obj (.text.Sciclient_rmPsGetIfIdx)
                  70012380    00000040                                              : sciclient_rm_irq.obj (.text.Sciclient_rmPsGetInp)
                  700123c0    00000040                                              : sciclient_rm_irq.obj (.text.Sciclient_rmPsGetOutp)
                  70012400    0000003e     ti_dpl_config.obj (.text.Dpl_init)
                  7001243e    00000002     --HOLE-- [fill = 0]
                  70012440    0000003e     drivers.am64x.r5f.ti-arm-clang.debug.lib : sciclient.obj (.text.Sciclient_secProxyWaitThread)
                  7001247e    00000002     --HOLE-- [fill = 0]
                  70012480    0000003e                                              : uart_v0_lld.obj (.text.UART_IsHWFlowCtrlValid)
                  700124be    00000002     --HOLE-- [fill = 0]
                  700124c0    0000003e                                              : uart_v0_lld.obj (.text.UART_IsRxTrigLvlValid)
                  700124fe    00000002     --HOLE-- [fill = 0]
                  70012500    0000003e                                              : uart_v0_lld.obj (.text.UART_IsTxTrigLvlValid)
                  7001253e    00000002     --HOLE-- [fill = 0]
                  70012540    0000003e                                              : uart_v0_lld.obj (.text.UART_i2310WA)
                  7001257e    00000002     --HOLE-- [fill = 0]
                  70012580    0000003e                                              : uart_v0_lld.obj (.text.UART_spaceAvail)
                  700125be    00000002     --HOLE-- [fill = 0]
                  700125c0    0000003c                                              : csl_bcdma.obj (.text.CSL_bcdmaSetChanPeerReg)
                  700125fc    00000004     --HOLE-- [fill = 0]
                  70012600    0000003c                                              : csl_intaggr.obj (.text.CSL_intaggrIsValidStatusBitNum)
                  7001263c    00000004     --HOLE-- [fill = 0]
                  70012640    0000003c                                              : csl_pktdma.obj (.text.CSL_pktdmaSetRxRT)
                  7001267c    00000004     --HOLE-- [fill = 0]
                  70012680    0000003c                                              : csl_pktdma.obj (.text.CSL_pktdmaSetTxRT)
                  700126bc    00000004     --HOLE-- [fill = 0]
                  700126c0    0000003c                                              : sciclient_rm_irq.obj (.text.Sciclient_rmIrqClearOesRegister)
                  700126fc    00000004     --HOLE-- [fill = 0]
                  70012700    0000003c     ti_drivers_config.obj (.text.System_init)
                  7001273c    00000004     --HOLE-- [fill = 0]
                  70012740    0000003c     drivers.am64x.r5f.ti-arm-clang.debug.lib : uart_v0_lld.obj (.text.UART_IsParityTypeValid)
                  7001277c    00000004     --HOLE-- [fill = 0]
                  70012780    0000003c                                              : uart_v0_lld.obj (.text.UART_enhanFuncEnable)
                  700127bc    00000004     --HOLE-- [fill = 0]
                  700127c0    0000003c                                              : uart_dma_udma.obj (.text.UART_lld_dmaDeInit)
                  700127fc    00000004     --HOLE-- [fill = 0]
                  70012800    0000003a     nortos.am64x.r5f.ti-arm-clang.debug.lib : printf.obj (.text._atoi)
                  7001283a    00000006     --HOLE-- [fill = 0]
                  70012840    00000038     drivers.am64x.r5f.ti-arm-clang.debug.lib : csl_bcdma.obj (.text.CSL_REG32_FINS_RAW)
                  70012878    00000008     --HOLE-- [fill = 0]
                  70012880    00000038     ext_otp.obj (.text.CSL_REG32_FINS_RAW)
                  700128b8    00000008     --HOLE-- [fill = 0]
                  700128c0    00000038     drivers.am64x.r5f.ti-arm-clang.debug.lib : i2c_v0.obj (.text.I2C_checkTimeout)
                  700128f8    00000008     --HOLE-- [fill = 0]
                  70012900    00000038                                              : sciclient.obj (.text.Sciclient_secProxyFlush)
                  70012938    00000008     --HOLE-- [fill = 0]
                  70012940    00000038                                              : uart_v0_lld.obj (.text.UART_writeDataPolling)
                  70012978    00000008     --HOLE-- [fill = 0]
                  70012980    00000036                                              : i2c_v0.obj (.text.I2CFIFOClear)
                  700129b6    0000000a     --HOLE-- [fill = 0]
                  700129c0    00000034                                              : csl_pktdma.obj (.text.CSL_pktdmaTeardownRxChan)
                  700129f4    0000000c     --HOLE-- [fill = 0]
                  70012a00    00000034                                              : csl_pktdma.obj (.text.CSL_pktdmaTeardownTxChan)
                  70012a34    0000000c     --HOLE-- [fill = 0]
                  70012a40    00000034     nortos.am64x.r5f.ti-arm-clang.debug.lib : TimerP.obj (.text.TimerP_Params_init)
                  70012a74    0000000c     --HOLE-- [fill = 0]
                  70012a80    00000034     drivers.am64x.r5f.ti-arm-clang.debug.lib : uart_v0_lld.obj (.text.UART_IsDataLengthValid)
                  70012ab4    0000000c     --HOLE-- [fill = 0]
                  70012ac0    00000034                                              : uart_v0_lld.obj (.text.UART_checkTransaction)
                  70012af4    0000000c     --HOLE-- [fill = 0]
                  70012b00    00000032                                              : i2c_v0.obj (.text.HW_WR_FIELD32_RAW)
                  70012b32    0000000e     --HOLE-- [fill = 0]
                  70012b40    00000032                                              : uart_v0_lld.obj (.text.HW_WR_FIELD32_RAW)
                  70012b72    0000000e     --HOLE-- [fill = 0]
                  70012b80    00000032     board.am64x.r5f.ti-arm-clang.debug.lib : ioexp_tca6424.obj (.text.TCA6424_close)
                  70012bb2    0000000e     --HOLE-- [fill = 0]
                  70012bc0    00000032     drivers.am64x.r5f.ti-arm-clang.debug.lib : uart_v0_lld.obj (.text.UART_enhanFuncBitValRestore)
                  70012bf2    0000000e     --HOLE-- [fill = 0]
                  70012c00    00000032                                              : uart_v0_lld.obj (.text.UART_hardwareFlowCtrlOptSet)
                  70012c32    0000000e     --HOLE-- [fill = 0]
                  70012c40    00000032     ext_otp.obj (.text.ext_otp_getMaskSize32)
                  70012c72    0000000e     --HOLE-- [fill = 0]
                  70012c80    00000030     drivers.am64x.r5f.ti-arm-clang.debug.lib : csl_pktdma.obj (.text.CSL_pktdmaGetChanPeerReg)
                  70012cb0    00000030                                              : csl_pktdma.obj (.text.CSL_pktdmaSetChanPeerReg)
                  70012ce0    00000030                                              : uart_v0_lld.obj (.text.UART_flowCtrlTrigLvlConfig)
                  70012d10    00000030     nortos.am64x.r5f.ti-arm-clang.debug.lib : PmuP_armv7r_asm.obj (.text.pmu)
                  70012d40    0000002e     drivers.am64x.r5f.ti-arm-clang.debug.lib : sciclient.obj (.text.CSL_secProxyGetMaxMsgSize)
                  70012d6e    00000002     --HOLE-- [fill = 0]
                  70012d70    0000002e                                              : i2c_v0.obj (.text.I2C_deinit)
                  70012d9e    00000002     --HOLE-- [fill = 0]
                  70012da0    0000002e                                              : sciclient_rm_irq.obj (.text.Sciclient_rmIaIsIa)
                  70012dce    00000002     --HOLE-- [fill = 0]
                  70012dd0    0000002e                                              : sciclient_rm_irq.obj (.text.Sciclient_rmIrIsIr)
                  70012dfe    00000002     --HOLE-- [fill = 0]
                  70012e00    0000002e                                              : sciclient.obj (.text.Sciclient_secProxyReadThread32)
                  70012e2e    00000002     --HOLE-- [fill = 0]
                  70012e30    0000002e     ti_drivers_config.obj (.text.System_deinit)
                  70012e5e    00000002     --HOLE-- [fill = 0]
                  70012e60    0000002e     drivers.am64x.r5f.ti-arm-clang.debug.lib : uart_v0.obj (.text.UART_deinit)
                  70012e8e    00000002     --HOLE-- [fill = 0]
                  70012e90    0000002e     nortos.am64x.r5f.ti-arm-clang.debug.lib : printf.obj (.text._is_digit)
                  70012ebe    00000002     --HOLE-- [fill = 0]
                  70012ec0    0000002c     drivers.am64x.r5f.ti-arm-clang.debug.lib : csl_bcdma.obj (.text.CSL_bcdmaGetRxRT)
                  70012eec    00000004     --HOLE-- [fill = 0]
                  70012ef0    0000002c                                              : csl_bcdma.obj (.text.CSL_bcdmaGetTxRT)
                  70012f1c    00000004     --HOLE-- [fill = 0]
                  70012f20    0000002c                                              : csl_bcdma.obj (.text.CSL_bcdmaSetRxRT)
                  70012f4c    00000004     --HOLE-- [fill = 0]
                  70012f50    0000002c                                              : csl_bcdma.obj (.text.CSL_bcdmaSetTxRT)
                  70012f7c    00000004     --HOLE-- [fill = 0]
                  70012f80    0000002c     nortos.am64x.r5f.ti-arm-clang.debug.lib : DebugP_log.obj (.text.DebugP_logZoneEnable)
                  70012fac    00000004     --HOLE-- [fill = 0]
                  70012fb0    0000002c     drivers.am64x.r5f.ti-arm-clang.debug.lib : i2c_v0.obj (.text.I2CControllerBusBusy)
                  70012fdc    00000004     --HOLE-- [fill = 0]
                  70012fe0    0000002c                                              : sciclient_rm_irq.obj (.text.Sciclient_getIrAddr)
                  7001300c    00000004     --HOLE-- [fill = 0]
                  70013010    0000002c     nortos.am64x.r5f.ti-arm-clang.debug.lib : SemaphoreP_nortos.obj (.text.SemaphoreP_constructBinary)
                  7001303c    00000004     --HOLE-- [fill = 0]
                  70013040    0000002c                                             : TimerP.obj (.text.TimerP_clearOverflowInt)
                  7001306c    00000004     --HOLE-- [fill = 0]
                  70013070    0000002a                                             : ClockP_nortos.obj (.text.ClockP_sleepTicks)
                  7001309a    00000006     --HOLE-- [fill = 0]
                  700130a0    0000002a     drivers.am64x.r5f.ti-arm-clang.debug.lib : sciclient_rm_irq.obj (.text.Sciclient_rmParamIsValid)
                  700130ca    00000006     --HOLE-- [fill = 0]
                  700130d0    0000002a                                              : sciclient_rm_irq.obj (.text.Sciclient_rmPsIsEmpty)
                  700130fa    00000006     --HOLE-- [fill = 0]
                  70013100    0000002a                                              : uart_v0.obj (.text.UART_Transaction_init)
                  7001312a    00000006     --HOLE-- [fill = 0]
                  70013130    0000002a                                              : uart_v0_lld.obj (.text.UART_intr2Disable)
                  7001315a    00000006     --HOLE-- [fill = 0]
                  70013160    0000002a                                              : uart_v0_lld.obj (.text.UART_lld_Transaction_init)
                  7001318a    00000006     --HOLE-- [fill = 0]
                  70013190    0000002a                                              : uart_dma_udma.obj (.text.UART_lld_dmaWrite)
                  700131ba    00000006     --HOLE-- [fill = 0]
                  700131c0    0000002a                                              : uart_v0_lld.obj (.text.UART_operatingModeSelect)
                  700131ea    00000006     --HOLE-- [fill = 0]
                  700131f0    0000002a                                              : udma_event.obj (.text.Udma_eventProgramSteering)
                  7001321a    00000006     --HOLE-- [fill = 0]
                  70013220    0000002a                                              : udma_event.obj (.text.Udma_eventResetSteering)
                  7001324a    00000006     --HOLE-- [fill = 0]
                  70013250    00000028                                              : i2c_v0.obj (.text.I2CControllerIntEnableEx)
                  70013278    00000008     --HOLE-- [fill = 0]
                  70013280    00000028                                              : i2c_v0.obj (.text.I2CTargetIntEnableEx)
                  700132a8    00000008     --HOLE-- [fill = 0]
                  700132b0    00000028                                              : sciclient.obj (.text.Sciclient_secProxyVerifyThread)
                  700132d8    00000008     --HOLE-- [fill = 0]
                  700132e0    00000028     nortos.am64x.r5f.ti-arm-clang.debug.lib : printf.obj (.text.vprintf_)
                  70013308    00000008     --HOLE-- [fill = 0]
                  70013310    00000026     drivers.am64x.r5f.ti-arm-clang.debug.lib : udma_ring_common.obj (.text.Udma_ringGetForwardRingOcc)
                  70013336    0000000a     --HOLE-- [fill = 0]
                  70013340    00000026                                              : udma_ring_common.obj (.text.Udma_ringGetReverseRingOcc)
                  70013366    0000000a     --HOLE-- [fill = 0]
                  70013370    00000024                                              : csl_bcdma.obj (.text.CSL_REG32_FEXT_RAW)
                  70013394    0000000c     --HOLE-- [fill = 0]
                  700133a0    00000024                                              : csl_lcdma_ringacc.obj (.text.CSL_REG32_FEXT_RAW)
                  700133c4    0000000c     --HOLE-- [fill = 0]
                  700133d0    00000024                                              : csl_pktdma.obj (.text.CSL_REG32_FEXT_RAW)
                  700133f4    0000000c     --HOLE-- [fill = 0]
                  70013400    00000024                                              : sciclient.obj (.text.CSL_REG32_FEXT_RAW)
                  70013424    0000000c     --HOLE-- [fill = 0]
                  70013430    00000024                                              : sciclient_rm_irq.obj (.text.CSL_REG32_FEXT_RAW)
                  70013454    0000000c     --HOLE-- [fill = 0]
                  70013460    00000024                                              : i2c_v0.obj (.text.I2C_Transaction_init)
                  70013484    0000000c     --HOLE-- [fill = 0]
                  70013490    00000024                                              : i2c_v0.obj (.text.I2C_transferCallback)
                  700134b4    0000000c     --HOLE-- [fill = 0]
                  700134c0    00000024                                              : soc.obj (.text.SOC_getSelfCpuClk)
                  700134e4    0000000c     --HOLE-- [fill = 0]
                  700134f0    00000024     nortos.am64x.r5f.ti-arm-clang.debug.lib : SemaphoreP_nortos.obj (.text.SemaphoreP_constructMutex)
                  70013514    0000000c     --HOLE-- [fill = 0]
                  70013520    00000024     drivers.am64x.r5f.ti-arm-clang.debug.lib : uart_v0_lld.obj (.text.UART_IsStopBitsValid)
                  70013544    00000024     libclang_rt.builtins.a : aeabi_uldivmod.S.obj (.text.__aeabi_uldivmod)
                  70013568    00000008     --HOLE-- [fill = 0]
                  70013570    00000024     nortos.am64x.r5f.ti-arm-clang.debug.lib : printf.obj (.text._out_char)
                  70013594    0000000c     --HOLE-- [fill = 0]
                  700135a0    00000024                                             : boot_armv7r.obj (.text._system_pre_init)
                  700135c4    0000000c     --HOLE-- [fill = 0]
                  700135d0    00000022     drivers.am64x.r5f.ti-arm-clang.debug.lib : udma_rm.obj (.text.Udma_rmTranslateCoreIntrInput)
                  700135f2    0000000e     --HOLE-- [fill = 0]
                  70013600    00000022                                              : udma_rm.obj (.text.Udma_rmTranslateIrOutput)
                  70013622    0000000e     --HOLE-- [fill = 0]
                  70013630    00000022     ext_otp.obj (.text.ext_otp_getPciePid)
                  70013652    0000000e     --HOLE-- [fill = 0]
                  70013660    00000022     ext_otp.obj (.text.ext_otp_getPcieVid)
                  70013682    0000000e     --HOLE-- [fill = 0]
                  70013690    00000022     ext_otp.obj (.text.ext_otp_getUsbPid)
                  700136b2    0000000e     --HOLE-- [fill = 0]
                  700136c0    00000022     ext_otp.obj (.text.ext_otp_getUsbVid)
                  700136e2    0000000e     --HOLE-- [fill = 0]
                  700136f0    00000020     nortos.am64x.r5f.ti-arm-clang.debug.lib : ClockP_nortos.obj (.text.ClockP_isActive)
                  70013710    00000020                                             : ClockP_nortos.obj (.text.ClockP_usecToTicks)
                  70013730    00000020     drivers.am64x.r5f.ti-arm-clang.debug.lib : i2c_v0.obj (.text.HW_RD_FIELD32_RAW)
                  70013750    00000020                                              : uart_v0_lld.obj (.text.HW_RD_FIELD32_RAW)
                  70013770    00000020     ti_pinmux_config.obj (.text.Pinmux_init)
                  70013790    0000001e     drivers.am64x.r5f.ti-arm-clang.debug.lib : uart_dma_udma.obj (.text.CSL_udmapCppi5SetEpiDataPresent)
                  700137ae    00000002     --HOLE-- [fill = 0]
                  700137b0    0000001e     nortos.am64x.r5f.ti-arm-clang.debug.lib : ClockP_nortos.obj (.text.ClockP_Params_init)
                  700137ce    00000002     --HOLE-- [fill = 0]
                  700137d0    0000001e     drivers.am64x.r5f.ti-arm-clang.debug.lib : sciclient_rm_irq.obj (.text.Sciclient_rmPsGetIrqNode)
                  700137ee    00000002     --HOLE-- [fill = 0]
                  700137f0    0000001e                                              : sciclient_rm_irq.obj (.text.Sciclient_rmPsInit)
                  7001380e    00000002     --HOLE-- [fill = 0]
                  70013810    0000001e                                              : uart_v0_lld.obj (.text.UART_breakCtl)
                  7001382e    00000002     --HOLE-- [fill = 0]
                  70013830    0000001e                                              : uart_v0_lld.obj (.text.UART_lld_Transaction_deInit)
                  7001384e    00000002     --HOLE-- [fill = 0]
                  70013850    0000001e                                              : uart_v0_lld.obj (.text.UART_writeInterrupt)
                  7001386e    00000002     --HOLE-- [fill = 0]
                  70013870    0000001e                                              : udma_ch.obj (.text.UdmaChPdmaPrms_init)
                  7001388e    00000002     --HOLE-- [fill = 0]
                  70013890    0000001c                                              : csl_sec_proxy.obj (.text.CSL_secProxyGetDataAddr)
                  700138ac    00000004     --HOLE-- [fill = 0]
                  700138b0    0000001c                                              : i2c_v0.obj (.text.I2C_udelay)
                  700138cc    00000004     --HOLE-- [fill = 0]
                  700138d0    0000001c                                              : uart_v0_lld.obj (.text.UART_IsParameter)
                  700138ec    0000001c     libc.a : memcpy32.S.obj (.text:TI_memcpy_small)
                  70013908    00000008     --HOLE-- [fill = 0]
                  70013910    0000001a     drivers.am64x.r5f.ti-arm-clang.debug.lib : uart_dma_udma.obj (.text.CSL_udmapCppi5SetDescType)
                  7001392a    00000006     --HOLE-- [fill = 0]
                  70013930    0000001a                                              : i2c_v0.obj (.text.I2CControllerControl)
                  7001394a    00000006     --HOLE-- [fill = 0]
                  70013950    0000001a                                              : i2c_v0.obj (.text.I2CControllerDataGet)
                  7001396a    00000006     --HOLE-- [fill = 0]
                  70013970    0000001a                                              : i2c_v0.obj (.text.I2CControllerDataPut)
                  7001398a    00000006     --HOLE-- [fill = 0]
                  70013990    0000001a                                              : i2c_v0.obj (.text.I2CControllerDisable)
                  700139aa    00000006     --HOLE-- [fill = 0]
                  700139b0    0000001a                                              : i2c_v0.obj (.text.I2CControllerEnable)
                  700139ca    00000006     --HOLE-- [fill = 0]
                  700139d0    0000001a                                              : i2c_v0.obj (.text.I2CControllerEnableFreeRun)
[...]
70014f8c  CacheP_wbAll                                                                  
70015034  CacheP_wbInvAll                                                               
7001504c  CacheP_wbInvAllAsm                                                            
700150ec  CacheP_getEnabled                                                             
70015124  CacheP_getCacheLevelInfo                                                      
70015130  CacheP_configForceWrThru                                                      
70015150  CacheP_setDLFO                                                                
70015161  CacheP_init                                                                   
700151f1  CacheP_disable                                                                
70015241  CacheP_enable                                                                 
70015281  CacheP_inv                                                                    
700152c1  MpuP_RegionAttrs_init                                                         
700152f1  MpuP_setRegion                                                                
700153e1  MpuP_isEnable                                                                 
700153f1  MpuP_disable                                                                  
70015431  MpuP_enable                                                                   
70015471  MpuP_init                                                                     
70015508  MpuP_disableAsm                                                               
70015520  MpuP_disableBRAsm                                                             
70015530  MpuP_enableAsm                                                                
70015548  MpuP_enableBRAsm                                                              
70015558  MpuP_isEnableAsm                                                              
7001556c  MpuP_setRegionAsm                                                             
70015580  _c_int00_sbl                                                                  
700155a4  _c_int00                                                                      
70015681  _DebugP_assertNoLog                                                           
700156b1  __mpu_init                                                                    
700156c0  gUartDmaHandle                                                                
700156c0  vint_usage_count_DMASS0_INTAGGR_0                                             
700158b0  gRmIrInstances                                                                
70015910  gUartParams                                                                   
700159b4  gRmIaInstances                                                                
700159d4  gCtrlMmrPtr                                                                   
700159d8  gSciclientSecProxyCfg                                                         
700159f8  gClockConfig                                                                  
70015a28  gSocModulesClockFrequency                                                     
70015a54  gAddrTranslateConfig                                                          
70015a60  gI2cParams                                                                    
70015a6c  gSocModules                                                                   
70015a78  gI2cConfig                                                                    
70015a90  gUartConfig                                                                   
70015aa0  gDebugLogZone                                                                 
70015aa4  gDebugP_uartDrvIndex                                                          
70015aa8  gHwiConfig                                                                    
70015aac  gI2cConfigNum                                                                 
70015ab0  gUartConfigNum                                                                
70015ab4  gUartDmaChConfig                                                              
70015ac0  gUdmaTxMappedChRingAttributes                                                 
70015bf8  gSciclientMap                                                                 
70015d24  gUdmaRxMappedChRingAttributes                                                 
70015dc0  tisci_if_TIMESYNC_EVENT_INTROUTER0                                            
70015e28  gRmIrqTree                                                                    
70015e80  gCacheConfig                                                                  
70015e88  gMpuConfig                                                                    
70015e94  gMpuRegionConfig                                                              
7001608c  tisci_if_MAIN_GPIOMUX_INTROUTER0                                              
700160c0  tisci_if_DMASS0_INTAGGR_0                                                     
700162c0  I2C_defaultTransaction                                                        
700162e4  tisci_if_MCU_MCU_GPIOMUX_INTROUTER0                                           
7001636c  tisci_if_CPTS0                                                                
70016460  tisci_if_PRU_ICSSG0                                                           
7001647c  tisci_if_PRU_ICSSG1                                                           
700165e4  tisci_if_CMP_EVENT_INTROUTER0                                                 
70016650  tisci_if_PCIE0                                                                
700167c4  tisci_if_CPSW0                                                                
70016854  CMP_EVENT_INTROUTER0_outp_0_15_to_GICSS0_spi_48_63                            
7001685c  CMP_EVENT_INTROUTER0_outp_16_23_to_R5FSS0_CORE0_intr_48_55                    
70016864  CMP_EVENT_INTROUTER0_outp_16_23_to_R5FSS0_CORE1_intr_48_55                    
7001686c  CMP_EVENT_INTROUTER0_outp_24_31_to_R5FSS1_CORE0_intr_48_55                    
70016874  CMP_EVENT_INTROUTER0_outp_24_31_to_R5FSS1_CORE1_intr_48_55                    
7001687c  CMP_EVENT_INTROUTER0_outp_32_39_to_DMASS0_INTAGGR_0_intaggr_levi_pend_0_7     
70016884  CPSW0_cpts_comp_0_0_to_CMP_EVENT_INTROUTER0_in_80_80                          
7001688c  CPSW0_cpts_genf0_1_1_to_TIMESYNC_EVENT_INTROUTER0_in_21_21                    
70016894  CPSW0_cpts_genf1_2_2_to_TIMESYNC_EVENT_INTROUTER0_in_22_22                    
7001689c  CPSW0_cpts_sync_3_3_to_TIMESYNC_EVENT_INTROUTER0_in_34_34                     
700168a4  CPTS0_cpts_comp_0_0_to_CMP_EVENT_INTROUTER0_in_82_82                          
700168ac  CPTS0_cpts_genf0_1_1_to_TIMESYNC_EVENT_INTROUTER0_in_16_16                    
700168b4  CPTS0_cpts_genf1_2_2_to_TIMESYNC_EVENT_INTROUTER0_in_17_17                    
700168bc  CPTS0_cpts_genf2_3_3_to_TIMESYNC_EVENT_INTROUTER0_in_18_18                    
700168c4  CPTS0_cpts_genf3_4_4_to_TIMESYNC_EVENT_INTROUTER0_in_19_19                    
700168cc  CPTS0_cpts_genf4_5_5_to_TIMESYNC_EVENT_INTROUTER0_in_20_20                    
700168d4  CPTS0_cpts_genf5_6_6_to_TIMESYNC_EVENT_INTROUTER0_in_24_24                    
700168dc  CPTS0_cpts_sync_7_7_to_TIMESYNC_EVENT_INTROUTER0_in_35_35                     
700168e4  DMASS0_INTAGGR_0_intaggr_vintr_pend_0_39_to_GICSS0_spi_64_103                 
700168ec  DMASS0_INTAGGR_0_intaggr_vintr_pend_120_127_to_R5FSS1_CORE0_intr_8_15         
700168f4  DMASS0_INTAGGR_0_intaggr_vintr_pend_128_135_to_R5FSS1_CORE1_intr_8_15         
700168fc  DMASS0_INTAGGR_0_intaggr_vintr_pend_152_159_to_PRU_ICSSG0_pr1_slv_intr_16_23  
70016904  DMASS0_INTAGGR_0_intaggr_vintr_pend_160_167_to_PRU_ICSSG1_pr1_slv_intr_16_23  
7001690c  DMASS0_INTAGGR_0_intaggr_vintr_pend_168_183_to_MCU_M4FSS0_CORE0_nvic_32_47    
70016914  DMASS0_INTAGGR_0_intaggr_vintr_pend_40_71_to_R5FSS0_CORE0_intr_64_95          
7001691c  DMASS0_INTAGGR_0_intaggr_vintr_pend_40_71_to_R5FSS0_CORE1_intr_64_95          
70016924  DMASS0_INTAGGR_0_intaggr_vintr_pend_72_79_to_R5FSS0_CORE0_intr_8_15           
7001692c  DMASS0_INTAGGR_0_intaggr_vintr_pend_80_87_to_R5FSS0_CORE1_intr_8_15           
70016934  DMASS0_INTAGGR_0_intaggr_vintr_pend_88_119_to_R5FSS1_CORE0_intr_64_95         
7001693c  DMASS0_INTAGGR_0_intaggr_vintr_pend_88_119_to_R5FSS1_CORE1_intr_64_95         
70016944  EPWM0_epwm_synco_o_0_0_to_TIMESYNC_EVENT_INTROUTER0_in_39_39                  
7001694c  EPWM3_epwm_synco_o_0_0_to_TIMESYNC_EVENT_INTROUTER0_in_40_40                  
70016954  EPWM6_epwm_synco_o_0_0_to_TIMESYNC_EVENT_INTROUTER0_in_41_41                  
7001695c  GPIO0_gpio_0_89_to_MAIN_GPIOMUX_INTROUTER0_in_0_89                            
70016964  GPIO0_gpio_bank_90_98_to_MAIN_GPIOMUX_INTROUTER0_in_190_198                   
7001696c  GPIO1_gpio_0_89_to_MAIN_GPIOMUX_INTROUTER0_in_90_179                          
70016974  GPIO1_gpio_bank_90_98_to_MAIN_GPIOMUX_INTROUTER0_in_180_188                   
7001697c  GPMC0_gpmc_sdmareq_0_0_to_DMASS0_INTAGGR_0_intaggr_levi_pend_29_29            
70016984  GTC0_gtc_push_event_0_0_to_TIMESYNC_EVENT_INTROUTER0_in_36_36                 
7001698c  MAIN_GPIOMUX_INTROUTER0_outp_0_15_to_GICSS0_spi_32_47                         
70016994  MAIN_GPIOMUX_INTROUTER0_outp_0_15_to_R5FSS0_CORE0_intr_32_47                  
7001699c  MAIN_GPIOMUX_INTROUTER0_outp_0_15_to_R5FSS0_CORE1_intr_32_47                  
700169a4  MAIN_GPIOMUX_INTROUTER0_outp_0_15_to_R5FSS1_CORE0_intr_32_47                  
700169ac  MAIN_GPIOMUX_INTROUTER0_outp_0_15_to_R5FSS1_CORE1_intr_32_47                  
700169b4  MAIN_GPIOMUX_INTROUTER0_outp_16_17_to_DMASS0_INTAGGR_0_intaggr_levi_pend_24_25
700169bc  MAIN_GPIOMUX_INTROUTER0_outp_18_23_to_PRU_ICSSG0_pr1_iep0_cap_intr_req_4_9    
700169c4  MAIN_GPIOMUX_INTROUTER0_outp_18_23_to_PRU_ICSSG1_pr1_iep0_cap_intr_req_4_9    
700169cc  MAIN_GPIOMUX_INTROUTER0_outp_24_29_to_PRU_ICSSG0_pr1_iep1_cap_intr_req_10_15  
700169d4  MAIN_GPIOMUX_INTROUTER0_outp_24_29_to_PRU_ICSSG1_pr1_iep1_cap_intr_req_10_15  
700169dc  MAIN_GPIOMUX_INTROUTER0_outp_30_37_to_DMASS0_INTAGGR_0_intaggr_levi_pend_16_23
700169e4  MAIN_GPIOMUX_INTROUTER0_outp_38_45_to_PRU_ICSSG0_pr1_slv_intr_46_53           
700169ec  MAIN_GPIOMUX_INTROUTER0_outp_46_53_to_PRU_ICSSG1_pr1_slv_intr_46_53           
700169f4  MCU_GPIO0_gpio_0_29_to_MCU_MCU_GPIOMUX_INTROUTER0_in_0_29                     
700169fc  MCU_GPIO0_gpio_bank_30_31_to_MCU_MCU_GPIOMUX_INTROUTER0_in_30_31              
70016a04  MCU_MCU_GPIOMUX_INTROUTER0_outp_0_3_to_GICSS0_spi_104_107                     
70016a0c  MCU_MCU_GPIOMUX_INTROUTER0_outp_0_3_to_R5FSS0_CORE0_intr_104_107              
70016a14  MCU_MCU_GPIOMUX_INTROUTER0_outp_0_3_to_R5FSS0_CORE1_intr_104_107              
70016a1c  MCU_MCU_GPIOMUX_INTROUTER0_outp_0_3_to_R5FSS1_CORE0_intr_104_107              
70016a24  MCU_MCU_GPIOMUX_INTROUTER0_outp_0_3_to_R5FSS1_CORE1_intr_104_107              
70016a2c  MCU_MCU_GPIOMUX_INTROUTER0_outp_4_7_to_MCU_M4FSS0_CORE0_nvic_0_3              
70016a34  MCU_MCU_GPIOMUX_INTROUTER0_outp_8_11_to_MCU_ESM0_esm_pls_event0_88_91         
70016a3c  MCU_MCU_GPIOMUX_INTROUTER0_outp_8_11_to_MCU_ESM0_esm_pls_event1_92_95         
70016a44  MCU_MCU_GPIOMUX_INTROUTER0_outp_8_11_to_MCU_ESM0_esm_pls_event2_96_99         
70016a4c  PCIE0_pcie_cpts_comp_0_0_to_CMP_EVENT_INTROUTER0_in_81_81                     
70016a54  PCIE0_pcie_cpts_genf0_1_1_to_TIMESYNC_EVENT_INTROUTER0_in_23_23               
70016a5c  PCIE0_pcie_cpts_hw1_push_2_2_to_TIMESYNC_EVENT_INTROUTER0_in_37_37            
70016a64  PCIE0_pcie_cpts_sync_3_3_to_TIMESYNC_EVENT_INTROUTER0_in_33_33                
70016a6c  PCIE0_pcie_ptm_valid_pulse_4_4_to_TIMESYNC_EVENT_INTROUTER0_in_38_38          
70016a74  PRU_ICSSG0_pr1_edc0_sync0_out_0_0_to_TIMESYNC_EVENT_INTROUTER0_in_25_25       
70016a7c  PRU_ICSSG0_pr1_edc0_sync1_out_1_1_to_TIMESYNC_EVENT_INTROUTER0_in_26_26       
70016a84  PRU_ICSSG0_pr1_edc1_sync0_out_2_2_to_TIMESYNC_EVENT_INTROUTER0_in_27_27       
70016a8c  PRU_ICSSG0_pr1_edc1_sync1_out_3_3_to_TIMESYNC_EVENT_INTROUTER0_in_28_28       
70016a94  PRU_ICSSG0_pr1_host_intr_req_4_11_to_CMP_EVENT_INTROUTER0_in_0_7              
70016a9c  PRU_ICSSG0_pr1_iep0_cmp_intr_req_12_27_to_CMP_EVENT_INTROUTER0_in_16_31       
70016aa4  PRU_ICSSG0_pr1_iep1_cmp_intr_req_28_43_to_CMP_EVENT_INTROUTER0_in_32_47       
70016aac  PRU_ICSSG1_pr1_edc0_sync0_out_0_0_to_TIMESYNC_EVENT_INTROUTER0_in_29_29       
70016ab4  PRU_ICSSG1_pr1_edc0_sync1_out_1_1_to_TIMESYNC_EVENT_INTROUTER0_in_30_30       
70016abc  PRU_ICSSG1_pr1_edc1_sync0_out_2_2_to_TIMESYNC_EVENT_INTROUTER0_in_31_31       
70016ac4  PRU_ICSSG1_pr1_edc1_sync1_out_3_3_to_TIMESYNC_EVENT_INTROUTER0_in_32_32       
70016acc  PRU_ICSSG1_pr1_host_intr_req_4_11_to_CMP_EVENT_INTROUTER0_in_8_15             
70016ad4  PRU_ICSSG1_pr1_iep0_cmp_intr_req_12_27_to_CMP_EVENT_INTROUTER0_in_48_63       
70016adc  PRU_ICSSG1_pr1_iep1_cmp_intr_req_28_43_to_CMP_EVENT_INTROUTER0_in_64_79       
70016ae4  TIMER0_timer_pwm_0_0_to_TIMESYNC_EVENT_INTROUTER0_in_0_0                      
70016aec  TIMER1_timer_pwm_0_0_to_TIMESYNC_EVENT_INTROUTER0_in_1_1                      
70016af4  TIMER2_timer_pwm_0_0_to_TIMESYNC_EVENT_INTROUTER0_in_2_2                      
70016afc  TIMER3_timer_pwm_0_0_to_TIMESYNC_EVENT_INTROUTER0_in_3_3                      
70016b04  TIMESYNC_EVENT_INTROUTER0_outl_0_7_to_DMASS0_INTAGGR_0_intaggr_levi_pend_8_15 
70016b0c  TIMESYNC_EVENT_INTROUTER0_outl_10_10_to_PRU_ICSSG0_pr1_edc1_latch0_in_2_2     
70016b14  TIMESYNC_EVENT_INTROUTER0_outl_11_11_to_PRU_ICSSG0_pr1_edc1_latch1_in_3_3     
70016b1c  TIMESYNC_EVENT_INTROUTER0_outl_12_12_to_PRU_ICSSG1_pr1_edc0_latch0_in_0_0     
70016b24  TIMESYNC_EVENT_INTROUTER0_outl_13_13_to_PRU_ICSSG1_pr1_edc0_latch1_in_1_1     
70016b2c  TIMESYNC_EVENT_INTROUTER0_outl_14_14_to_PRU_ICSSG1_pr1_edc1_latch0_in_2_2     
70016b34  TIMESYNC_EVENT_INTROUTER0_outl_15_15_to_PRU_ICSSG1_pr1_edc1_latch1_in_3_3     
70016b3c  TIMESYNC_EVENT_INTROUTER0_outl_16_16_to_CPTS0_cpts_hw1_push_0_0               
70016b44  TIMESYNC_EVENT_INTROUTER0_outl_17_17_to_CPTS0_cpts_hw2_push_1_1               
70016b4c  TIMESYNC_EVENT_INTROUTER0_outl_18_18_to_CPTS0_cpts_hw3_push_2_2               
70016b54  TIMESYNC_EVENT_INTROUTER0_outl_19_19_to_CPTS0_cpts_hw4_push_3_3               
70016b5c  TIMESYNC_EVENT_INTROUTER0_outl_20_20_to_CPTS0_cpts_hw5_push_4_4               
70016b64  TIMESYNC_EVENT_INTROUTER0_outl_21_21_to_CPTS0_cpts_hw6_push_5_5               
70016b6c  TIMESYNC_EVENT_INTROUTER0_outl_22_22_to_CPTS0_cpts_hw7_push_6_6               
70016b74  TIMESYNC_EVENT_INTROUTER0_outl_23_23_to_CPTS0_cpts_hw8_push_7_7               
70016b7c  TIMESYNC_EVENT_INTROUTER0_outl_29_29_to_PCIE0_pcie_cpts_hw2_push_0_0          
70016b84  TIMESYNC_EVENT_INTROUTER0_outl_30_30_to_CPSW0_cpts_hw1_push_0_0               
70016b8c  TIMESYNC_EVENT_INTROUTER0_outl_31_31_to_CPSW0_cpts_hw2_push_1_1               
70016b94  TIMESYNC_EVENT_INTROUTER0_outl_32_32_to_CPSW0_cpts_hw3_push_2_2               
70016b9c  TIMESYNC_EVENT_INTROUTER0_outl_33_33_to_CPSW0_cpts_hw4_push_3_3               
70016ba4  TIMESYNC_EVENT_INTROUTER0_outl_34_34_to_CPSW0_cpts_hw5_push_4_4               
70016bac  TIMESYNC_EVENT_INTROUTER0_outl_35_35_to_CPSW0_cpts_hw6_push_5_5               
70016bb4  TIMESYNC_EVENT_INTROUTER0_outl_36_36_to_CPSW0_cpts_hw7_push_6_6               
70016bbc  TIMESYNC_EVENT_INTROUTER0_outl_37_37_to_CPSW0_cpts_hw8_push_7_7               
70016bc4  TIMESYNC_EVENT_INTROUTER0_outl_8_8_to_PRU_ICSSG0_pr1_edc0_latch0_in_0_0       
70016bcc  TIMESYNC_EVENT_INTROUTER0_outl_9_9_to_PRU_ICSSG0_pr1_edc0_latch1_in_1_1       
70016bd4  tisci_if_GPIO0                                                                
70016bdc  tisci_if_GPIO1                                                                
70016be4  tisci_if_MCU_GPIO0                                                            
70016ca8  gCacheL1dCacheLineSize                                                        
70016cac  gCacheL1pCacheLineSize                                                        
70016cb0  gRmIrqTreeCount                                                               
70016cbc  tisci_if_EPWM0                                                                
70016cc0  tisci_if_EPWM3                                                                
70016cc4  tisci_if_EPWM6                                                                
70016cc8  tisci_if_GPMC0                                                                
70016ccc  tisci_if_GTC0                                                                 
70016cd0  tisci_if_TIMER0                                                               
70016cd4  tisci_if_TIMER1                                                               
70016cd8  tisci_if_TIMER2                                                               
70016cdc  tisci_if_TIMER3                                                               
70050000  __stack                                                                       
70050000  __start___llvm_prf_bits                                                       
70050000  __start___llvm_prf_cnts                                                       
70050000  __stop___llvm_prf_bits                                                        
70050000  __stop___llvm_prf_cnts                                                        
70054000  __BSS_START                                                                   
70054000  __STACK_END                                                                   
70054000  gHwiCtrl                                                                      
700554e8  gClockCtrl                                                                    
7005554c  gI2cHandle                                                                    
70055550  gUartHandle                                                                   
70055558  __BSS_END                                                                     
70055558  __IRQ_STACK_START                                                             
70055658  __FIQ_STACK_START                                                             
70055658  __IRQ_STACK_END                                                               
70055758  __FIQ_STACK_END                                                               
70055758  __SVC_STACK_START                                                             
70056758  __ABORT_STACK_START                                                           
70056758  __SVC_STACK_END                                                               
70056858  __ABORT_STACK_END                                                             
70056858  __UNDEFINED_STACK_START                                                       
70056958  __UNDEFINED_STACK_END                                                         
ffffffff  __TI_pprof_out_hndl                                                           
ffffffff  __TI_prof_data_size                                                           
ffffffff  __TI_prof_data_start                                                          
ffffffff  __binit__                                                                     
ffffffff  binit                                                                         
UNDEFED   __TI_CINIT_Base                                                               
UNDEFED   __TI_CINIT_Limit                                                              
UNDEFED   __TI_Handler_Table_Base                                                       
UNDEFED   __TI_Handler_Table_Limit                                                      
UNDEFED   _system_post_cinit                                                            

[596 symbols]
